Rձ�29 2019 12:21:46

rst:0x1 (POWERON_RESE�ets Jul 29 2019 12:21:46

rst:0x1 (POWERON_RESET),boot:0x13 (SPI_FAST_FLASH_BOOT)
configsip: 0, SPIWP:0xee
clk_drv:0x00,q_drv:0x00,d_drv:0x00,cs0_drv:0x00,hd_drv:0x00,wp_drv:0x00
mode:DIO, clock div:2
load:0x3fff0030,len:7172
load:0x40078000,len:15632
ho 0 tail 12 room 4
load:0x40080400,len:4
load:0x40080404,len:3904
entry 0x40080640
[0;32mI (31) boot: ESP-IDF v5.2.6-224-g72d06017df 2nd stage bootloader[0m
[0;32mI (31) boot: compile time Nov 28 2025 21:50:15[0m
[0;32mI (33) boot: Multicore bootloader[0m
[0;32mI (37) boot: chip revision: v3.1[0m
[0;32mI (41) boot.esp32: SPI Speed      : 40MHz[0m
[0;32mI (45) boot.esp32: SPI Mode       : DIO[0m
[0;32mI (50) boot.esp32: SPI Flash Size : 2MB[0m
[0;32mI (54) boot: Enabling RNG early entropy source...[0m
[0;32mI (60) boot: Partition Table:[0m
[0;32mI (63) boot: ## Label            Usage          Type ST Offset   Length[0m
[0;32mI (71) boot:  0 nvs              WiFi data        01 02 00009000 00006000[0m
[0;32mI (78) boot:  1 phy_init         RF data          01 01 0000f000 00001000[0m
[0;32mI (86) boot:  2 factory          factory app      00 00 00010000 00100000[0m
[0;32mI (93) boot: End of partition table[0m
[0;32mI (97) esp_image: segment 0: paddr=00010020 vaddr=3f400020 size=0b274h ( 45684) map[0m
[0;32mI (121) esp_image: segment 1: paddr=0001b29c vaddr=3ffb0000 size=02320h (  8992) load[0m
[0;32mI (125) esp_image: segment 2: paddr=0001d5c4 vaddr=40080000 size=02a54h ( 10836) load[0m
[0;32mI (131) esp_image: segment 3: paddr=00020020 vaddr=400d0020 size=1150ch ( 70924) map[0m
[0;32mI (160) esp_image: segment 4: paddr=00031534 vaddr=40082a54 size=09f18h ( 40728) load[0m
[0;32mI (182) boot: Loaded app from partition at offset 0x10000[0m
[0;32mI (183) boot: Disabling RNG early entropy source...[0m
[0;32mI (194) cpu_start: Multicore app[0m
[0;32mI (203) cpu_start: Pro cpu start user code[0m
[0;32mI (203) cpu_start: cpu freq: 160000000 Hz[0m
[0;32mI (203) cpu_start: Application information:[0m
[0;32mI (206) cpu_start: Project name:     esp32_robot_firmware[0m
[0;32mI (212) cpu_start: App version:      e18ea92[0m
[0;32mI (217) cpu_start: Compile time:     Dec 12 2025 10:43:53[0m
[0;32mI (223) cpu_start: ELF file SHA256:  c4440ad84...[0m
[0;32mI (229) cpu_start: ESP-IDF:          v5.2.6-224-g72d06017df[0m
[0;32mI (235) cpu_start: Min chip rev:     v0.0[0m
[0;32mI (240) cpu_start: Max chip rev:     v3.99 [0m
[0;32mI (245) cpu_start: Chip rev:         v3.1[0m
[0;32mI (250) heap_init: Initializing. RAM available for dynamic allocation:[0m
[0;32mI (257) heap_init: At 3FFAE6E0 len 00001920 (6 KiB): DRAM[0m
[0;32mI (263) heap_init: At 3FFB2C60 len 0002D3A0 (180 KiB): DRAM[0m
[0;32mI (269) heap_init: At 3FFE0440 len 00003AE0 (14 KiB): D/IRAM[0m
[0;32mI (275) heap_init: At 3FFE4350 len 0001BCB0 (111 KiB): D/IRAM[0m
[0;32mI (282) heap_init: At 4008C96C len 00013694 (77 KiB): IRAM[0m
[0;32mI (289) spi_flash: detected chip: generic[0m
[0;32mI (292) spi_flash: flash io: dio[0m
[0;33mW (296) spi_flash: Detected size(4096k) larger than the size in the binary image header(2048k). Using the size in the binary image header.[0m
[0;32mI (310) main_task: Started on CPU0[0m
[0;32mI (320) main_task: Calling app_main()[0m


========================================
TESTE COMPLETO DE MOTORES - ROBÔ DIFERENCIAL
Com compensação para optoacoplador inversor
========================================

=== INICIANDO CONFIGURAÇÃO DE HARDWARE ===
[0;32mI (330) gpio: GPIO[12]| InputEn: 0| OutputEn: 1| OpenDrain: 0| Pullup: 0| Pulldown: 0| Intr:0 [0m
[0;32mI (340) gpio: GPIO[14]| InputEn: 0| OutputEn: 1| OpenDrain: 0| Pullup: 0| Pulldown: 0| Intr:0 [0m
[0;32mI (350) gpio: GPIO[26]| InputEn: 0| OutputEn: 1| OpenDrain: 0| Pullup: 0| Pulldown: 0| Intr:0 [0m
[0;32mI (360) gpio: GPIO[27]| InputEn: 0| OutputEn: 1| OpenDrain: 0| Pullup: 0| Pulldown: 0| Intr:0 [0m
[0;32mI (370) gpio: GPIO[32]| InputEn: 1| OutputEn: 0| OpenDrain: 0| Pullup: 1| Pulldown: 0| Intr:3 [0m
[0;32mI (380) gpio: GPIO[33]| InputEn: 1| OutputEn: 0| OpenDrain: 0| Pullup: 1| Pulldown: 0| Intr:3 [0m
Hardware configurado com sucesso!
Pinos IN1/IN2/IN3/IN4 configurados como saída
PWM inicializado com duty=1023 (opto bloqueado)


=== MENU DE TESTES ===
1. Teste de pinos (verificação básica)
2. Teste sequencial dos motores
3. Teste de rampa de velocidade
4. Teste de potência máxima (100%)
5. Verificação da lógica do optoacoplador
6. Executar TODOS os testes em sequência
7. Sair

Escolha uma opção (1-7): 
Executando todos os testes em sequência...

=== TESTE 1: VERIFICAÇÃO DOS PINOS DE DIREÇÃO ===

Testando IN1 Esq (GPIO12):
  HIGH -> Nivel medido: 0
  LOW  -> Nivel medido: 0

Testando IN2 Esq (GPIO14):
  HIGH -> Nivel medido: 0
  LOW  -> Nivel medido: 0

Testando IN3 Dir (GPIO27):
  HIGH -> Nivel medido: 0
  LOW  -> Nivel medido: 0

Testando IN4 Dir (GPIO26):
  HIGH -> Nivel medido: 0
  LOW  -> Nivel medido: 0

Se todos os níveis estiverem corretos (1 para HIGH, 0 para LOW):
✅ Conexões dos pinos estão OK!
Se algum mostrar valor errado: problema no hardware ou conexão.

=== TESTE 2: SEQUÊNCIA COMPLETA DOS MOTORES ===
Este teste verifica cada combinação de direção e velocidade.

1. TESTANDO MOTOR ESQUERDO:
   a) FRENTE 30% por 2 segundos...
M0: FRENTE (IN1=1, IN2=0), Power=0.30, DutyESP32=717
   b) PARAR por 1 segundo...
M0: PARAR (IN1=0, IN2=0), Power=0.00, DutyESP32=1023
   c) FRENTE 70% por 2 segundos...
M0: FRENTE (IN1=1, IN2=0), Power=0.70, DutyESP32=307
   d) PARAR por 1 segundo...
M0: PARAR (IN1=0, IN2=0), Power=0.00, DutyESP32=1023
   e) TRÁS 50% por 2 segundos...
M0: TRÁS (IN1=0, IN2=1), Power=0.50, DutyESP32=512
   f) PARAR...
M0: PARAR (IN1=0, IN2=0), Power=0.00, DutyESP32=1023

2. TESTANDO MOTOR DIREITO:
   a) FRENTE 40% por 2 segundos...
M1: FRENTE (IN1=1, IN2=0), Power=0.40, DutyESP32=614
   b) PARAR por 1 segundo...
M1: PARAR (IN1=0, IN2=0), Power=0.00, DutyESP32=1023
   c) TRÁS 60% por 2 segundos...
M1: TRÁS (IN1=0, IN2=1), Power=0.60, DutyESP32=410
   d) PARAR...
M1: PARAR (IN1=0, IN2=0), Power=0.00, DutyESP32=1023

=== TESTE CONCLUÍDO ===

=== TESTE 3: RAMPA DE VELOCIDADE PROGRESSIVA ===
Aumenta gradualmente a velocidade para ver o ponto de partida.

Motor Esquerdo: Rampa de 0% a 100% em frente
  Velocidade 10% por 1.5 segundos...
M0: FRENTE (IN1=1, IN2=0), Power=0.10, DutyESP32=921
  Velocidade 20% por 1.5 segundos...
M0: FRENTE (IN1=1, IN2=0), Power=0.20, DutyESP32=819
  Velocidade 30% por 1.5 segundos...
M0: FRENTE (IN1=1, IN2=0), Power=0.30, DutyESP32=717
  Velocidade 40% por 1.5 segundos...
M0: FRENTE (IN1=1, IN2=0), Power=0.40, DutyESP32=614
  Velocidade 50% por 1.5 segundos...
M0: FRENTE (IN1=1, IN2=0), Power=0.50, DutyESP32=512
  Velocidade 60% por 1.5 segundos...
M0: FRENTE (IN1=1, IN2=0), Power=0.60, DutyESP32=410
  Velocidade 70% por 1.5 segundos...
M0: FRENTE (IN1=1, IN2=0), Power=0.70, DutyESP32=307
  Velocidade 80% por 1.5 segundos...
M0: FRENTE (IN1=1, IN2=0), Power=0.80, DutyESP32=205
  Velocidade 90% por 1.5 segundos...
M0: FRENTE (IN1=1, IN2=0), Power=0.90, DutyESP32=103
  Velocidade 100% por 1.5 segundos...
M0: FRENTE (IN1=1, IN2=0), Power=1.00, DutyESP32=0

Motor Esquerdo: Parando...
M0: PARAR (IN1=0, IN2=0), Power=0.00, DutyESP32=1023

Motor Direito: Rampa de 0% a 100% em frente
  Velocidade 10% por 1.5 segundos...
M1: FRENTE (IN1=1, IN2=0), Power=0.10, DutyESP32=921
  Velocidade 20% por 1.5 segundos...
M1: FRENTE (IN1=1, IN2=0), Power=0.20, DutyESP32=819
  Velocidade 30% por 1.5 segundos...
M1: FRENTE (IN1=1, IN2=0), Power=0.30, DutyESP32=717
  Velocidade 40% por 1.5 segundos...
M1: FRENTE (IN1=1, IN2=0), Power=0.40, DutyESP32=614
  Velocidade 50% por 1.5 segundos...
M1: FRENTE (IN1=1, IN2=0), Power=0.50, DutyESP32=512
  Velocidade 60% por 1.5 segundos...
M1: FRENTE (IN1=1, IN2=0), Power=0.60, DutyESP32=410
  Velocidade 70% por 1.5 segundos...
M1: FRENTE (IN1=1, IN2=0), Power=0.70, DutyESP32=307
  Velocidade 80% por 1.5 segundos...
M1: FRENTE (IN1=1, IN2=0), Power=0.80, DutyESP32=205
  Velocidade 90% por 1.5 segundos...
M1: FRENTE (IN1=1, IN2=0), Power=0.90, DutyESP32=103
  Velocidade 100% por 1.5 segundos...
M1: FRENTE (IN1=1, IN2=0), Power=1.00, DutyESP32=0

Motor Direito: Parando...
M1: PARAR (IN1=0, IN2=0), Power=0.00, DutyESP32=1023

=== OBSERVAÇÕES IMPORTANTES ===
1. Em que velocidade o motor COMEÇOU a girar? ______%
2. A velocidade aumentou SMOOTHLY com o PWM? [S/N]
3. Algum motor esquenta excessivamente? [S/N]

=== TESTE 4: POTÊNCIA MÁXIMA (100%) ===
ATENÇÃO: Este teste aplica 100% de potência!
Certifique-se de que o robô está SEGURO (rodas livres).
Iniciando em 3 segundos...

1. Motor Esquerdo 100% FRENTE por 3 segundos...
M0: FRENTE (IN1=1, IN2=0), Power=1.00, DutyESP32=0
2. Motor Esquerdo PARAR...
M0: PARAR (IN1=0, IN2=0), Power=0.00, DutyESP32=1023

3. Motor Direito 100% FRENTE por 3 segundos...
M1: FRENTE (IN1=1, IN2=0), Power=1.00, DutyESP32=0
4. Motor Direito PARAR...
M1: PARAR (IN1=0, IN2=0), Power=0.00, DutyESP32=1023

=== RESULTADO DO TESTE MÁXIMO ===
Ambos os motores giraram a velocidade máxima? [S/N]
Algum motor apresentou comportamento anormal? [S/N]

=== TESTE 5: VERIFICAÇÃO DA LÓGICA DO OPTOACOPLADOR ===
Este teste mostra os valores de PWM que a ESP32 está enviando.

Tabela de correspondência PWM:
┌─────────────┬─────────────┬───────────────────────┐
│ Potência    │ Duty ESP32  │ Comportamento Esperado│
│ Desejada    │ (0-1023)    │ do Motor             │
├─────────────┼─────────────┼───────────────────────┤
│    0%     │    1023     │ PARADO              │
│    25%     │     768     │ ~25% da velocidade │
│    50%     │     512     │ ~50% da velocidade │
│    75%     │     256     │ ~75% da velocidade │
│    100%     │       0     │ MÁXIMA VELOCIDADE   │
└─────────────┴─────────────┴───────────────────────┘

Verifique se o comportamento do motor corresponde à tabela!


========================================
TODOS OS TESTES CONCLUÍDOS!
========================================

ANÁLISE DOS RESULTADOS:
1. Se os motores NÃO giraram em NENHUM teste:
   → Problema na ponte H, alimentação ou motores
   → Verifique tensão da bateria e conexões

2. Se os motores giraram APENAS no teste 4 (100%):
   → Deadzone muito alta ou problema no PWM
   → Tente aumentar a deadzone no código

3. Se um motor girou mas o outro não:
   → Problema no motor ou ponte H específica
   → Troque os motores de lado para testar

4. Se os motores giraram mas na direção ERRADA:
   → Inverta os fios do motor ou corrija no código

Com base nos testes, qual foi o resultado?
Descreva o comportamento observado:
1. _______________________________________
2. _______________________________________
3. _______________________________________

Testes finalizados. O programa será encerrado.
M0: PARAR (IN1=0, IN2=0), Power=0.00, DutyESP32=1023
M1: PARAR (IN1=0, IN2=0), Power=0.00, DutyESP32=1023
ձ�29 2019 12:21:46

rst:0x1 (POWERON_RESET),boot:0x13 (SPI_FAST_FLASH_BOOT)
configsip: 0, SPIWP:0xee
clk_drv:0x00,q_drv:0x00,d_drv:0x00,cs0_drv:0x00,hd_drv:0x00,wp_drv:0x00
mode:DIO, clock div:2
load:0x3fff0030,len:7172
load:0x40078000,len:15632
ho 0 tail 12 room 4
load:0x40080400,len:4
load:0x40080404,len:3904
entry 0x40080640
[0;32mI (61) boot: ESP-IDF v5.2.6-224-g72d06017df 2nd stage bootloader[0m
[0;32mI (61) boot: compile time Nov 28 2025 21:50:15[0m
[0;32mI (63) boot: Multicore bootloader[0m
[0;32mI (68) boot: chip revision: v3.1[0m
[0;32mI (71) boot.esp32: SPI Speed      : 40MHz[0m
[0;32mI (76) boot.esp32: SPI Mode       : DIO[0m
[0;32mI (80) boot.esp32: SPI Flash Size : 2MB[0m
[0;32mI (85) boot: Enabling RNG early entropy source...[0m
[0;32mI (90) boot: Partition Table:[0m
[0;32mI (94) boot: ## Label            Usage          Type ST Offset   Length[0m
[0;32mI (101) boot:  0 nvs              WiFi data        01 02 00009000 00006000[0m
[0;32mI (109) boot:  1 phy_init         RF data          01 01 0000f000 00001000[0m
[0;32mI (116) boot:  2 factory          factory app      00 00 00010000 00100000[0m
[0;32mI (124) boot: End of partition table[0m
[0;32mI (128) esp_image: segment 0: paddr=00010020 vaddr=3f400020 size=0b274h ( 45684) map[0m
[0;32mI (153) esp_image: segment 1: paddr=0001b29c vaddr=3ffb0000 size=02320h (  8992) load[0m
[0;32mI (156) esp_image: segment 2: paddr=0001d5c4 vaddr=40080000 size=02a54h ( 10836) load[0m
[0;32mI (163) esp_image: segment 3: paddr=00020020 vaddr=400d0020 size=1150ch ( 70924) map[0m
[0;32mI (191) esp_image: segment 4: paddr=00031534 vaddr=40082a54 size=09f18h ( 40728) load[0m
[0;32mI (214) boot: Loaded app from partition at offset 0x10000[0m
[0;32mI (214) boot: Disabling RNG early entropy source...[0m
[0;32mI (225) cpu_start: Multicore app[0m
[0;32mI (234) cpu_start: Pro cpu start user code[0m
[0;32mI (234) cpu_start: cpu freq: 160000000 Hz[0m
[0;32mI (235) cpu_start: Application information:[0m
[0;32mI (237) cpu_start: Project name:     esp32_robot_firmware[0m
[0;32mI (244) cpu_start: App version:      e18ea92[0m
[0;32mI (249) cpu_start: Compile time:     Dec 12 2025 10:43:53[0m
[0;32mI (255) cpu_start: ELF file SHA256:  c4440ad84...[0m
[0;32mI (260) cpu_start: ESP-IDF:          v5.2.6-224-g72d06017df[0m
[0;32mI (266) cpu_start: Min chip rev:     v0.0[0m
[0;32mI (271) cpu_start: Max chip rev:     v3.99 [0m
[0;32mI (276) cpu_start: Chip rev:         v3.1[0m
[0;32mI (281) heap_init: Initializing. RAM available for dynamic allocation:[0m
[0;32mI (288) heap_init: At 3FFAE6E0 len 00001920 (6 KiB): DRAM[0m
[0;32mI (294) heap_init: At 3FFB2C60 len 0002D3A0 (180 KiB): DRAM[0m
[0;32mI (300) heap_init: At 3FFE0440 len 00003AE0 (14 KiB): D/IRAM[0m
[0;32mI (306) heap_init: At 3FFE4350 len 0001BCB0 (111 KiB): D/IRAM[0m
[0;32mI (313) heap_init: At 4008C96C len 00013694 (77 KiB): IRAM[0m
[0;32mI (320) spi_flash: detected chip: generic[0m
[0;32mI (324) spi_flash: flash io: dio[0m
[0;33mW (328) spi_flash: Detected size(4096k) larger than the size in the binary image header(2048k). Using the size in the binary image header.[0m
[0;32mI (341) main_task: Started on CPU0[0m
[0;32mI (351) main_task: Calling app_main()[0m


========================================
TESTE COMPLETO DE MOTORES - ROBÔ DIFERENCIAL
Com compensação para optoacoplador inversor
========================================

=== INICIANDO CONFIGURAÇÃO DE HARDWARE ===
[0;32mI (361) gpio: GPIO[12]| InputEn: 0| OutputEn: 1| OpenDrain: 0| Pullup: 0| Pulldown: 0| Intr:0 [0m
[0;32mI (371) gpio: GPIO[14]| InputEn: 0| OutputEn: 1| OpenDrain: 0| Pullup: 0| Pulldown: 0| Intr:0 [0m
[0;32mI (381) gpio: GPIO[26]| InputEn: 0| OutputEn: 1| OpenDrain: 0| Pullup: 0| Pulldown: 0| Intr:0 [0m
[0;32mI (391) gpio: GPIO[27]| InputEn: 0| OutputEn: 1| OpenDrain: 0| Pullup: 0| Pulldown: 0| Intr:0 [0m
[0;32mI (401) gpio: GPIO[32]| InputEn: 1| OutputEn: 0| OpenDrain: 0| Pullup: 1| Pulldown: 0| Intr:3 [0m
[0;32mI (411) gpio: GPIO[33]| InputEn: 1| OutputEn: 0| OpenDrain: 0| Pullup: 1| Pulldown: 0| Intr:3 [0m
Hardware configurado com sucesso!
Pinos IN1/IN2/IN3/IN4 configurados como saída
PWM inicializado com duty=1023 (opto bloqueado)


=== MENU DE TESTES ===
1. Teste de pinos (verificação básica)
2. Teste sequencial dos motores
3. Teste de rampa de velocidade
4. Teste de potência máxima (100%)
5. Verificação da lógica do optoacoplador
6. Executar TODOS os testes em sequência
7. Sair

Escolha uma opção (1-7): 
Executando todos os testes em sequência...

=== TESTE 1: VERIFICAÇÃO DOS PINOS DE DIREÇÃO ===

Testando IN1 Esq (GPIO12):
  HIGH -> Nivel medido: 0
  LOW  -> Nivel medido: 0

Testando IN2 Esq (GPIO14):
  HIGH -> Nivel medido: 0
  LOW  -> Nivel medido: 0

Testando IN3 Dir (GPIO27):
  HIGH -> Nivel medido: 0
  LOW  -> Nivel medido: 0

Testando IN4 Dir (GPIO26):
  HIGH -> Nivel medido: 0
  LOW  -> Nivel medido: 0

Se todos os níveis estiverem corretos (1 para HIGH, 0 para LOW):
✅ Conexões dos pinos estão OK!
Se algum mostrar valor errado: problema no hardware ou conexão.

=== TESTE 2: SEQUÊNCIA COMPLETA DOS MOTORES ===
Este teste verifica cada combinação de direção e velocidade.

1. TESTANDO MOTOR ESQUERDO:
   a) FRENTE 30% por 2 segundos...
M0: FRENTE (IN1=1, IN2=0), Power=0.30, DutyESP32=717
   b) PARAR por 1 segundo...
M0: PARAR (IN1=0, IN2=0), Power=0.00, DutyESP32=1023
   c) FRENTE 70% por 2 segundos...
M0: FRENTE (IN1=1, IN2=0), Power=0.70, DutyESP32=307
   d) PARAR por 1 segundo...
M0: PARAR (IN1=0, IN2=0), Power=0.00, DutyESP32=1023
   e) TRÁS 50% por 2 segundos...
M0: TRÁS (IN1=0, IN2=1), Power=0.50, DutyESP32=512
   f) PARAR...
M0: PARAR (IN1=0, IN2=0), Power=0.00, DutyESP32=1023

2. TESTANDO MOTOR DIREITO:
   a) FRENTE 40% por 2 segundos...
M1: FRENTE (IN1=1, IN2=0), Power=0.40, DutyESP32=614
   b) PARAR por 1 segundo...
M1: PARAR (IN1=0, IN2=0), Power=0.00, DutyESP32=1023
   c) TRÁS 60% por 2 segundos...
M1: TRÁS (IN1=0, IN2=1), Power=0.60, DutyESP32=410
������Ғ�Ң�j

rst:0x1 (POWERON_RESET),boot:0x13 (SPI_FAST_FLASH_BOOT)
configsip: 0, SPIWP:0xee
clk_drv:0x00,q_drv:0x00,d_drv:0x00,cs0_drv:0x00,hd_drv:0x00,wp_drv:0x00
mode:DIO, clock div:2
load:0x3fff0030,len:7172
load:0x40078000,len:15632
ho 0 tail 12 room 4
load:0x40080400,len:4
load:0x40080404,len:3904
entry 0x40080640
[0;32mI (61) boot: ESP-IDF v5.2.6-224-g72d06017df 2nd stage bootloader[0m
[0;32mI (61) boot: compile time Nov 28 2025 21:50:15[0m
[0;32mI (63) boot: Multicore bootloader[0m
[0;32mI (68) boot: chip revision: v3.1[0m
[0;32mI (71) boot.esp32: SPI Speed      : 40MHz[0m
[0;32mI (76) boot.esp32: SPI Mode       : DIO[0m
[0;32mI (80) boot.esp32: SPI Flash Size : 2MB[0m
[0;32mI (85) boot: Enabling RNG early entropy source...[0m
[0;32mI (90) boot: Partition Table:[0m
[0;32mI (94) boot: ## Label            Usage          Type ST Offset   Length[0m
[0;32mI (101) boot:  0 nvs              WiFi data        01 02 00009000 00006000[0m
[0;32mI (109) boot:  1 phy_init         RF data          01 01 0000f000 00001000[0m
[0;32mI (116) boot:  2 factory          factory app      00 00 00010000 00100000[0m
[0;32mI (124) boot: End of partition table[0m
[0;32mI (128) esp_image: segment 0: paddr=00010020 vaddr=3f400020 size=0b274h ( 45684) map[0m
[0;32mI (153) esp_image: segment 1: paddr=0001b29c vaddr=3ffb0000 size=02320h (  8992) load[0m
[0;32mI (156) esp_image: segment 2: paddr=0001d5c4 vaddr=40080000 size=02a54h ( 10836) load[0m
[0;32mI (163) esp_image: segment 3: paddr=00020020 vaddr=400d0020 size=1150ch ( 70924) map[0m
[0;32mI (191) esp_image: segment 4: paddr=00031534 vaddr=40082a54 size=09f18h ( 40728) load[0m
[0;32mI (214) boot: Loaded app from partition at offset 0x10000[0m
[0;32mI (214) boot: Disabling RNG early entropy source...[0m
[0;32mI (225) cpu_start: Multicore app[0m
[0;32mI (234) cpu_start: Pro cpu start user code[0m
[0;32mI (234) cpu_start: cpu freq: 160000000 Hz[0m
[0;32mI (235) cpu_start: Application information:[0m
[0;32mI (237) cpu_start: Project name:     esp32_robot_firmware[0m
[0;32mI (244) cpu_start: App version:      e18ea92[0m
[0;32mI (249) cpu_start: Compile time:     Dec 12 2025 10:43:53[0m
[0;32mI (255) cpu_start: ELF file SHA256:  c4440ad84...[0m
[0;32mI (260) cpu_start: ESP-IDF:          v5.2.6-224-g72d06017df[0m
[0;32mI (266) cpu_start: Min chip rev:     v0.0[0m
[0;32mI (271) cpu_start: Max chip rev:     v3.99 [0m
[0;32mI (276) cpu_start: Chip rev:         v3.1[0m
[0;32mI (281) heap_init: Initializing. RAM available for dynamic allocation:[0m
[0;32mI (288) heap_init: At 3FFAE6E0 len 00001920 (6 KiB): DRAM[0m
[0;32mI (294) heap_init: At 3FFB2C60 len 0002D3A0 (180 KiB): DRAM[0m
[0;32mI (300) heap_init: At 3FFE0440 len 00003AE0 (14 KiB): D/IRAM[0m
[0;32mI (306) heap_init: At 3FFE4350 len 0001BCB0 (111 KiB): D/IRAM[0m
[0;32mI (313) heap_init: At 4008C96C len 00013694 (77 KiB): IRAM[0m
[0;32mI (320) spi_flash: detected chip: generic[0m
[0;32mI (324) spi_flash: flash io: dio[0m
[0;33mW (328) spi_flash: Detected size(4096k) larger than the size in the binary image header(2048k). Using the size in the binary image header.[0m
[0;32mI (341) main_task: Started on CPU0[0m
[0;32mI (351) main_task: Calling app_main()[0m


========================================
TESTE COMPLETO DE MOTORES - ROBÔ DIFERENCIAL
Com compensação para optoacoplador inversor
========================================

=== INICIANDO CONFIGURAÇÃO DE HARDWARE ===
[0;32mI (361) gpio: GPIO[12]| InputEn: 0| OutputEn: 1| OpenDrain: 0| Pullup: 0| Pulldown: 0| Intr:0 [0m
[0;32mI (371) gpio: GPIO[14]| InputEn: 0| OutputEn: 1| OpenDrain: 0| Pullup: 0| Pulldown: 0| Intr:0 [0m
[0;32mI (381) gpio: GPIO[26]| InputEn: 0| OutputEn: 1| OpenDrain: 0| Pullup: 0| Pulldown: 0| Intr:0 [0m
[0;32mI (391) gpio: GPIO[27]| InputEn: 0| OutputEn: 1| OpenDrain: 0| Pullup: 0| Pulldown: 0| Intr:0 [0m
[0;32mI (401) gpio: GPIO[32]| InputEn: 1| OutputEn: 0| OpenDrain: 0| Pullup: 1| Pulldown: 0| Intr:3 [0m
[0;32mI (411) gpio: GPIO[33]| InputEn: 1| OutputEn: 0| OpenDrain: 0| Pullup: 1| Pulldown: 0| Intr:3 [0m
Hardware configurado com sucesso!
Pinos IN1/IN2/IN3/IN4 configurados como saída
PWM inicializado com duty=1023 (opto bloqueado)


=== MENU DE TESTES ===
1. Teste de pinos (verificação básica)
2. Teste sequencial dos motores
3. Teste de rampa de velocidade
4. Teste de potência máxima (100%)
5. Verificação da lógica do optoacoplador
6. Executar TODOS os testes em sequência
7. Sair

Escolha uma opção (1-7): 
Executando todos os testes em sequência...

=== TESTE 1: VERIFICAÇÃO DOS PINOS DE DIREÇÃO ===

Testando IN1 Esq (GPIO12):
  HIGH -> Nivel medido: 0
  LOW  -> Nivel medido: 0

Testando IN2 Esq (GPIO14):
  HIGH -> Nivel medido: 0
  LOW  -> Nivel medido: 0

Testando IN3 Dir (GPIO27):
  HIGH -> Nivel medido: 0
  LOW  -> Nivel medido: 0

Testando IN4 Dir (GPIO26):
  HIGH -> Nivel medido: 0
  LOW  -> Nivel medido: 0

Se todos os níveis estiverem corretos (1 para HIGH, 0 para LOW):
✅ Conexões dos pinos estão OK!
Se algum mostrar valor errado: problema no hardware ou conexão.

=== TESTE 2: SEQUÊNCIA COMPLETA DOS MOTORES ===
Este teste verifica cada combinação de direção e velocidade.

1. TESTANDO MOTOR ESQUERDO:
   a) FRENTE 30% por 2 segundos...
M0: FRENTE (IN1=1, IN2=0), Power=0.30, DutyESP32=717
