ets Jul 29 2019 12:21:46

rst:0x1 (POWERON�ets Jul 29 2019 12:21:46

rst:0x1 (POWERON_RESET),boot:0x13 (SPI_FAST_FLASH_BOOT)
configsip: 0, SPIWP:0xee
clk_drv:0x00,q_drv:0x00,d_drv:0x00,cs0_drv:0x00,hd_drv:0x00,wp_drv:0x00
mode:DIO, clock div:2
load:0x3fff0030,len:7172
load:0x40078000,len:15632
ho 0 tail 12 room 4
load:0x40080400,len:4
load:0x40080404,len:3904
entry 0x40080640
[0;32mI (31) boot: ESP-IDF v5.2.6-224-g72d06017df 2nd stage bootloader[0m
[0;32mI (31) boot: compile time Nov 28 2025 21:50:15[0m
[0;32mI (33) boot: Multicore bootloader[0m
[0;32mI (37) boot: chip revision: v3.1[0m
[0;32mI (41) boot.esp32: SPI Speed      : 40MHz[0m
[0;32mI (45) boot.esp32: SPI Mode       : DIO[0m
[0;32mI (50) boot.esp32: SPI Flash Size : 2MB[0m
[0;32mI (54) boot: Enabling RNG early entropy source...[0m
[0;32mI (60) boot: Partition Table:[0m
[0;32mI (63) boot: ## Label            Usage          Type ST Offset   Length[0m
[0;32mI (71) boot:  0 nvs              WiFi data        01 02 00009000 00006000[0m
[0;32mI (78) boot:  1 phy_init         RF data          01 01 0000f000 00001000[0m
[0;32mI (86) boot:  2 factory          factory app      00 00 00010000 00100000[0m
[0;32mI (93) boot: End of partition table[0m
[0;32mI (97) esp_image: segment 0: paddr=00010020 vaddr=3f400020 size=1a7a0h (108448) map[0m
[0;32mI (143) esp_image: segment 1: paddr=0002a7c8 vaddr=3ffb0000 size=0465ch ( 18012) load[0m
[0;32mI (150) esp_image: segment 2: paddr=0002ee2c vaddr=40080000 size=011ech (  4588) load[0m
[0;32mI (152) esp_image: segment 3: paddr=00030020 vaddr=400d0020 size=93288h (602760) map[0m
[0;32mI (364) esp_image: segment 4: paddr=000c32b0 vaddr=400811ec size=163cch ( 91084) load[0m
[0;32mI (411) boot: Loaded app from partition at offset 0x10000[0m
[0;32mI (411) boot: Disabling RNG early entropy source...[0m
[0;32mI (423) cpu_start: Multicore app[0m
[0;32mI (432) cpu_start: Pro cpu start user code[0m
[0;32mI (432) cpu_start: cpu freq: 160000000 Hz[0m
[0;32mI (432) cpu_start: Application information:[0m
[0;32mI (435) cpu_start: Project name:     esp32_robot_firmware[0m
[0;32mI (441) cpu_start: App version:      e18ea92[0m
[0;32mI (446) cpu_start: Compile time:     Jan  7 2026 11:36:47[0m
[0;32mI (452) cpu_start: ELF file SHA256:  86062baf2...[0m
[0;32mI (458) cpu_start: ESP-IDF:          v5.2.6-224-g72d06017df[0m
[0;32mI (464) cpu_start: Min chip rev:     v0.0[0m
[0;32mI (469) cpu_start: Max chip rev:     v3.99 [0m
[0;32mI (474) cpu_start: Chip rev:         v3.1[0m
[0;32mI (479) heap_init: Initializing. RAM available for dynamic allocation:[0m
[0;32mI (486) heap_init: At 3FFAE6E0 len 00001920 (6 KiB): DRAM[0m
[0;32mI (492) heap_init: At 3FFBB0F8 len 00024F08 (147 KiB): DRAM[0m
[0;32mI (498) heap_init: At 3FFE0440 len 00003AE0 (14 KiB): D/IRAM[0m
[0;32mI (504) heap_init: At 3FFE4350 len 0001BCB0 (111 KiB): D/IRAM[0m
[0;32mI (511) heap_init: At 400975B8 len 00008A48 (34 KiB): IRAM[0m
[0;32mI (518) spi_flash: detected chip: generic[0m
[0;32mI (521) spi_flash: flash io: dio[0m
[0;33mW (525) spi_flash: Detected size(4096k) larger than the size in the binary image header(2048k). Using the size in the binary image header.[0m
[0;32mI (539) main_task: Started on CPU0[0m
[0;32mI (549) main_task: Calling app_main()[0m
[0;32mI (589) wifi:wifi driver task: 3ffc323c, prio:23, stack:6656, core=0[0m
[0;32mI (599) wifi:wifi firmware version: 82d80cd[0m
[0;32mI (599) wifi:wifi certification version: v7.0[0m
[0;32mI (599) wifi:config NVS flash: enabled[0m
[0;32mI (599) wifi:config nano formating: disabled[0m
[0;32mI (609) wifi:Init data frame dynamic rx buffer num: 32[0m
[0;32mI (609) wifi:Init static rx mgmt buffer num: 5[0m
[0;32mI (619) wifi:Init management short buffer num: 32[0m
[0;32mI (619) wifi:Init dynamic tx buffer num: 32[0m
[0;32mI (619) wifi:Init static rx buffer size: 1600[0m
[0;32mI (629) wifi:Init static rx buffer num: 10[0m
[0;32mI (629) wifi:Init dynamic rx buffer num: 32[0m
[0;32mI (639) wifi_init: rx ba win: 6[0m
[0;32mI (639) wifi_init: tcpip mbox: 32[0m
[0;32mI (639) wifi_init: udp mbox: 6[0m
[0;32mI (649) wifi_init: tcp mbox: 6[0m
[0;32mI (649) wifi_init: tcp tx win: 5760[0m
[0;32mI (659) wifi_init: tcp rx win: 5760[0m
[0;32mI (659) wifi_init: tcp mss: 1440[0m
[0;32mI (659) wifi_init: WiFi IRAM OP enabled[0m
[0;32mI (669) wifi_init: WiFi RX IRAM OP enabled[0m
[0;33mW (669) wifi:Password length matches WPA2 standards, authmode threshold changes from OPEN to WPA2[0m
[0;32mI (679) phy_init: phy_version 4861,b71b5ad,Aug  5 2025,11:16:06[0m
[0;32mI (779) phy_init: Saving new calibration data due to checksum failure or outdated calibration data, mode(0)[0m
[0;32mI (809) wifi:mode : sta (ec:e3:34:48:40:44)[0m
[0;32mI (809) wifi:enable tsf[0m
[0;32mI (809) gpio: GPIO[12]| InputEn: 0| OutputEn: 1| OpenDrain: 0| Pullup: 0| Pulldown: 0| Intr:0 [0m
[0;32mI (809) gpio: GPIO[14]| InputEn: 0| OutputEn: 1| OpenDrain: 0| Pullup: 0| Pulldown: 0| Intr:0 [0m
[0;32mI (829) wifi:new:<1,0>, old:<1,0>, ap:<255,255>, sta:<1,0>, prof:1[0m
[0;32mI (829) wifi:state: init -> auth (b0)[0m
[0;32mI (829) gpio: GPIO[26]| InputEn: 0| OutputEn: 1| OpenDrain: 0| Pullup: 0| Pulldown: 0| Intr:0 [0m
[0;32mI (839) wifi:state: auth -> init (1c0)[0m
[0;32mI (849) gpio: GPIO[27]| InputEn: 0| OutputEn: 1| OpenDrain: 0| Pullup: 0| Pulldown: 0| Intr:0 [0m
[0;32mI (849) gpio: GPIO[32]| InputEn: 1| OutputEn: 0| OpenDrain: 0| Pullup: 1| Pulldown: 0| Intr:1 [0m
[0;32mI (859) wifi:new:<1,0>, old:<1,0>, ap:<255,255>, sta:<1,0>, prof:1[0m
[0;32mI (869) gpio: GPIO[33]| InputEn: 1| OutputEn: 0| OpenDrain: 0| Pullup: 1| Pulldown: 0| Intr:1 [0m
[0;32mI (879) main_task: Returned from app_main()[0m
ets Jul 29 2019 12:21:46

rst:0x1 (POWERON_RESET),boot:0x13 (SPI_FAST_FLASH_BOOT)
configsip: 0, SPIWP:0xee
clk_drv:0x00,q_drv:0x00,d_drv:0x00,cs0_drv:0x00,hd_drv:0x00,wp_drv:0x00
mode:DIO, clock div:2
load:0x3fff0030,len:7172
load:0x40078000,len:15632
ho 0 tail 12 room 4
load:0x40080400,len:4
load:0x40080404,len:3904
entry 0x40080640
[0;32mI (31) boot: ESP-IDF v5.2.6-224-g72d06017df 2nd stage bootloader[0m
[0;32mI (31) boot: compile time Nov 28 2025 21:50:15[0m
[0;32mI (33) boot: Multicore bootloader[0m
[0;32mI (37) boot: chip revision: v3.1[0m
[0;32mI (41) boot.esp32: SPI Speed      : 40MHz[0m
[0;32mI (45) boot.esp32: SPI Mode       : DIO[0m
[0;32mI (50) boot.esp32: SPI Flash Size : 2MB[0m
[0;32mI (54) boot: Enabling RNG early entropy source...[0m
[0;32mI (60) boot: Partition Table:[0m
[0;32mI (63) boot: ## Label            Usage          Type ST Offset   Length[0m
[0;32mI (71) boot:  0 nvs              WiFi data        01 02 00009000 00006000[0m
[0;32mI (78) boot:  1 phy_init         RF data          01 01 0000f000 00001000[0m
[0;32mI (86) boot:  2 factory          factory app      00 00 00010000 00100000[0m
[0;32mI (93) boot: End of partition table[0m
[0;32mI (97) esp_image: segment 0: paddr=00010020 vaddr=3f400020 size=1a7a0h (108448) map[0m
[0;32mI (143) esp_image: segment 1: paddr=0002a7c8 vaddr=3ffb0000 size=0465ch ( 18012) load[0m
[0;32mI (150) esp_image: segment 2: paddr=0002ee2c vaddr=40080000 size=011ech (  4588) load[0m
[0;32mI (152) esp_image: segment 3: paddr=00030020 vaddr=400d0020 size=93288h (602760) map[0m
[0;32mI (364) esp_image: segment 4: paddr=000c32b0 vaddr=400811ec size=163cch ( 91084) load[0m
[0;32mI (411) boot: Loaded app from partition at offset 0x10000[0m
[0;32mI (411) boot: Disabling RNG early entropy source...[0m
[0;32mI (423) cpu_start: Multicore app[0m
[0;32mI (432) cpu_start: Pro cpu start user code[0m
[0;32mI (432) cpu_start: cpu freq: 160000000 Hz[0m
[0;32mI (432) cpu_start: Application information:[0m
[0;32mI (435) cpu_start: Project name:     esp32_robot_firmware[0m
[0;32mI (441) cpu_start: App version:      e18ea92[0m
[0;32mI (446) cpu_start: Compile time:     Jan  7 2026 11:36:47[0m
[0;32mI (452) cpu_start: ELF file SHA256:  86062baf2...[0m
[0;32mI (458) cpu_start: ESP-IDF:          v5.2.6-224-g72d06017df[0m
[0;32mI (464) cpu_start: Min chip rev:     v0.0[0m
[0;32mI (469) cpu_start: Max chip rev:     v3.99 [0m
[0;32mI (474) cpu_start: Chip rev:         v3.1[0m
[0;32mI (479) heap_init: Initializing. RAM available for dynamic allocation:[0m
[0;32mI (486) heap_init: At 3FFAE6E0 len 00001920 (6 KiB): DRAM[0m
[0;32mI (492) heap_init: At 3FFBB0F8 len 00024F08 (147 KiB): DRAM[0m
[0;32mI (498) heap_init: At 3FFE0440 len 00003AE0 (14 KiB): D/IRAM[0m
[0;32mI (504) heap_init: At 3FFE4350 len 0001BCB0 (111 KiB): D/IRAM[0m
[0;32mI (511) heap_init: At 400975B8 len 00008A48 (34 KiB): IRAM[0m
[0;32mI (518) spi_flash: detected chip: generic[0m
[0;32mI (521) spi_flash: flash io: dio[0m
[0;33mW (525) spi_flash: Detected size(4096k) larger than the size in the binary image header(2048k). Using the size in the binary image header.[0m
[0;32mI (539) main_task: Started on CPU0[0m
[0;32mI (549) main_task: Calling app_main()[0m
[0;32mI (589) wifi:wifi driver task: 3ffc323c, prio:23, stack:6656, core=0[0m
[0;32mI (599) wifi:wifi firmware version: 82d80cd[0m
[0;32mI (599) wifi:wifi certification version: v7.0[0m
[0;32mI (599) wifi:config NVS flash: enabled[0m
[0;32mI (599) wifi:config nano formating: disabled[0m
[0;32mI (609) wifi:Init data frame dynamic rx buffer num: 32[0m
[0;32mI (609) wifi:Init static rx mgmt buffer num: 5[0m
[0;32mI (619) wifi:Init management short buffer num: 32[0m
[0;32mI (619) wifi:Init dynamic tx buffer num: 32[0m
[0;32mI (619) wifi:Init static rx buffer size: 1600[0m
[0;32mI (629) wifi:Init static rx buffer num: 10[0m
[0;32mI (629) wifi:Init dynamic rx buffer num: 32[0m
[0;32mI (639) wifi_init: rx ba win: 6[0m
[0;32mI (639) wifi_init: tcpip mbox: 32[0m
[0;32mI (639) wifi_init: udp mbox: 6[0m
[0;32mI (649) wifi_init: tcp mbox: 6[0m
[0;32mI (649) wifi_init: tcp tx win: 5760[0m
[0;32mI (659) wifi_init: tcp rx win: 5760[0m
[0;32mI (659) wifi_init: tcp mss: 1440[0m
[0;32mI (659) wifi_init: WiFi IRAM OP enabled[0m
[0;32mI (669) wifi_init: WiFi RX IRAM OP enabled[0m
[0;33mW (669) wifi:Password length matches WPA2 standards, authmode threshold changes from OPEN to WPA2[0m
[0;32mI (679) phy_init: phy_version 4861,b71b5ad,Aug  5 2025,11:16:06[0m
[0;32mI (779) phy_init: Saving new calibration data due to checksum failure or outdated calibration data, mode(0)[0m
[0;32mI (799) wifi:mode : sta (ec:e3:34:48:40:44)[0m
[0;32mI (799) wifi:enable tsf[0m
[0;32mI (799) gpio: GPIO[12]| InputEn: 0| OutputEn: 1| OpenDrain: 0| Pullup: 0| Pulldown: 0| Intr:0 [0m
[0;32mI (799) gpio: GPIO[14]| InputEn: 0| OutputEn: 1| OpenDrain: 0| Pullup: 0| Pulldown: 0| Intr:0 [0m
[0;32mI (809) wifi:new:<1,0>, old:<1,0>, ap:<255,255>, sta:<1,0>, prof:1[0m
[0;32mI (819) wifi:state: init -> auth (b0)[0m
[0;32mI (819) gpio: GPIO[26]| InputEn: 0| OutputEn: 1| OpenDrain: 0| Pullup: 0| Pulldown: 0| Intr:0 [0m
[0;32mI (829) wifi:state: auth -> assoc (0)[0m
[0;32mI (839) gpio: GPIO[27]| InputEn: 0| OutputEn: 1| OpenDrain: 0| Pullup: 0| Pulldown: 0| Intr:0 [0m
[0;32mI (839) gpio: GPIO[32]| InputEn: 1| OutputEn: 0| OpenDrain: 0| Pullup: 1| Pulldown: 0| Intr:1 [0m
[0;32mI (849) wifi:state: assoc -> run (10)[0m
[0;32mI (859) gpio: GPIO[33]| InputEn: 1| OutputEn: 0| OpenDrain: 0| Pullup: 1| Pulldown: 0| Intr:1 [0m
[0;32mI (869) wifi:connected with Calebe, aid = 4, channel 1, BW20, bssid = 3a:0f:3d:ff:15:3e[0m
[0;32mI (869) wifi:security: WPA2-PSK, phy: bgn, rssi: -37[0m
[0;32mI (879) wifi:pm start, type: 1[0m

[0;32mI (879) wifi:dp: 1, bi: 102400, li: 3, scale listen interval from 307200 us to 307200 us[0m
[0;32mI (889) wifi:dp: 2, bi: 102400, li: 4, scale listen interval from 307200 us to 409600 us[0m
[0;32mI (899) wifi:AP's beacon interval = 102400 us, DTIM period = 2[0m
[0;32mI (909) main_task: Returned from app_main()[0m
[0;32mI (1909) esp_netif_handlers: sta ip: 10.243.102.207, mask: 255.255.255.0, gw: 10.243.102.152[0m
[0;32mI (1949) wifi:<ba-add>idx:0 (ifx:0, 3a:0f:3d:ff:15:3e), tid:0, ssn:3, winSize:64[0m
