ets Jul 29 2019 12:21:46

rst:0x1 (POWERON�ets Jul 29 2019 12:21:46

rst:0x1 (POWERON_RESET),boot:0x13 (SPI_FAST_FLASH_BOOT)
configsip: 0, SPIWP:0xee
clk_drv:0x00,q_drv:0x00,d_drv:0x00,cs0_drv:0x00,hd_drv:0x00,wp_drv:0x00
mode:DIO, clock div:2
load:0x3fff0030,len:7172
load:0x40078000,len:15632
ho 0 tail 12 room 4
load:0x40080400,len:4
load:0x40080404,len:3904
entry 0x40080640
[0;32mI (31) boot: ESP-IDF v5.2.6-224-g72d06017df 2nd stage bootloader[0m
[0;32mI (31) boot: compile time Nov 28 2025 21:50:15[0m
[0;32mI (33) boot: Multicore bootloader[0m
[0;32mI (37) boot: chip revision: v3.1[0m
[0;32mI (41) boot.esp32: SPI Speed      : 40MHz[0m
[0;32mI (45) boot.esp32: SPI Mode       : DIO[0m
[0;32mI (50) boot.esp32: SPI Flash Size : 2MB[0m
[0;32mI (54) boot: Enabling RNG early entropy source...[0m
[0;32mI (60) boot: Partition Table:[0m
[0;32mI (63) boot: ## Label            Usage          Type ST Offset   Length[0m
[0;32mI (71) boot:  0 nvs              WiFi data        01 02 00009000 00006000[0m
[0;32mI (78) boot:  1 phy_init         RF data          01 01 0000f000 00001000[0m
[0;32mI (86) boot:  2 factory          factory app      00 00 00010000 00100000[0m
[0;32mI (93) boot: End of partition table[0m
[0;32mI (97) esp_image: segment 0: paddr=00010020 vaddr=3f400020 size=1ac00h (109568) map[0m
[0;32mI (143) esp_image: segment 1: paddr=0002ac28 vaddr=3ffb0000 size=0466ch ( 18028) load[0m
[0;32mI (150) esp_image: segment 2: paddr=0002f29c vaddr=40080000 size=00d7ch (  3452) load[0m
[0;32mI (152) esp_image: segment 3: paddr=00030020 vaddr=400d0020 size=93ef8h (605944) map[0m
[0;32mI (365) esp_image: segment 4: paddr=000c3f20 vaddr=40080d7c size=16820h ( 92192) load[0m
[0;32mI (413) boot: Loaded app from partition at offset 0x10000[0m
[0;32mI (413) boot: Disabling RNG early entropy source...[0m
[0;32mI (425) cpu_start: Multicore app[0m
[0;32mI (434) cpu_start: Pro cpu start user code[0m
[0;32mI (434) cpu_start: cpu freq: 160000000 Hz[0m
[0;32mI (434) cpu_start: Application information:[0m
[0;32mI (437) cpu_start: Project name:     esp32_robot_firmware[0m
[0;32mI (443) cpu_start: App version:      e18ea92[0m
[0;32mI (448) cpu_start: Compile time:     Dec 24 2025 13:23:00[0m
[0;32mI (454) cpu_start: ELF file SHA256:  e8a38bbb0...[0m
[0;32mI (460) cpu_start: ESP-IDF:          v5.2.6-224-g72d06017df[0m
[0;32mI (466) cpu_start: Min chip rev:     v0.0[0m
[0;32mI (471) cpu_start: Max chip rev:     v3.99 [0m
[0;32mI (475) cpu_start: Chip rev:         v3.1[0m
[0;32mI (480) heap_init: Initializing. RAM available for dynamic allocation:[0m
[0;32mI (488) heap_init: At 3FFAE6E0 len 00001920 (6 KiB): DRAM[0m
[0;32mI (493) heap_init: At 3FFBB440 len 00024BC0 (146 KiB): DRAM[0m
[0;32mI (500) heap_init: At 3FFE0440 len 00003AE0 (14 KiB): D/IRAM[0m
[0;32mI (506) heap_init: At 3FFE4350 len 0001BCB0 (111 KiB): D/IRAM[0m
[0;32mI (513) heap_init: At 4009759C len 00008A64 (34 KiB): IRAM[0m
[0;32mI (520) spi_flash: detected chip: generic[0m
[0;32mI (523) spi_flash: flash io: dio[0m
[0;33mW (527) spi_flash: Detected size(4096k) larger than the size in the binary image header(2048k). Using the size in the binary image header.[0m
[0;32mI (541) main_task: Started on CPU0[0m
[0;32mI (551) main_task: Calling app_main()[0m
[0;32mI (551) gpio: GPIO[12]| InputEn: 0| OutputEn: 1| OpenDrain: 0| Pullup: 0| Pulldown: 0| Intr:0 [0m
[0;32mI (551) gpio: GPIO[14]| InputEn: 0| OutputEn: 1| OpenDrain: 0| Pullup: 0| Pulldown: 0| Intr:0 [0m
[0;32mI (561) gpio: GPIO[26]| InputEn: 0| OutputEn: 1| OpenDrain: 0| Pullup: 0| Pulldown: 0| Intr:0 [0m
[0;32mI (571) gpio: GPIO[27]| InputEn: 0| OutputEn: 1| OpenDrain: 0| Pullup: 0| Pulldown: 0| Intr:0 [0m
[0;32mI (581) gpio: GPIO[32]| InputEn: 1| OutputEn: 0| OpenDrain: 0| Pullup: 1| Pulldown: 0| Intr:3 [0m
[0;32mI (591) gpio: GPIO[33]| InputEn: 1| OutputEn: 0| OpenDrain: 0| Pullup: 1| Pulldown: 0| Intr:3 [0m

=== MODO TESTE (ANTI-ENGASGO) ===
3...
2...
1...
>>> VAI!
V: 0.00 [0.00] | 0.00 [0.00]
V: 0.00 [0.00] | 0.00 [0.00]
V: 0.00 [0.00] | 0.00 [0.00]
V: 0.00 [0.00] | 0.00 [0.00]
V: 0.00 [0.00] | 0.00 [0.00]
V: 0.00 [0.00] | 0.00 [0.00]
V: 0.00 [0.00] | 0.00 [0.00]
V: 0.00 [0.00] | 0.00 [0.00]
V: 0.00 [0.00] | 0.00 [0.00]
V: 0.00 [0.00] | 0.00 [0.00]
V: 0.00 [0.00] | 0.00 [0.00]
V: 0.00 [0.00] | 0.00 [0.00]
V: 0.00 [0.00] | 0.00 [0.00]
V: 0.00 [0.00] | 0.00 [0.00]
V: 0.00 [0.00] | 0.00 [0.00]
V: 0.00 [0.00] | 0.00 [0.00]
V: 0.00 [0.00] | 0.00 [0.00]
V: 0.00 [0.00] | 0.00 [0.00]
V: 0.00 [0.00] | 0.00 [0.00]
V: 0.00 [0.00] | 0.00 [0.00]
>>> PAROU!
Ticks: E=0 D=0 -> 0.00m / 0.00m

[0;32mI (7631) wifi_station_netif: ESP_WIFI_MODE_STA[0m
[0;32mI (7641) wifi:wifi driver task: 3ffc3780, prio:23, stack:6656, core=0[0m
[0;32mI (7651) wifi:wifi firmware version: 82d80cd[0m
[0;32mI (7651) wifi:wifi certification version: v7.0[0m
[0;32mI (7651) wifi:config NVS flash: enabled[0m
[0;32mI (7651) wifi:config nano formating: disabled[0m
[0;32mI (7661) wifi:Init data frame dynamic rx buffer num: 32[0m
[0;32mI (7661) wifi:Init static rx mgmt buffer num: 5[0m
[0;32mI (7671) wifi:Init management short buffer num: 32[0m
[0;32mI (7671) wifi:Init dynamic tx buffer num: 32[0m
[0;32mI (7671) wifi:Init static rx buffer size: 1600[0m
[0;32mI (7681) wifi:Init static rx buffer num: 10[0m
[0;32mI (7681) wifi:Init dynamic rx buffer num: 32[0m
[0;32mI (7691) wifi_init: rx ba win: 6[0m
[0;32mI (7691) wifi_init: tcpip mbox: 32[0m
[0;32mI (7691) wifi_init: udp mbox: 6[0m
[0;32mI (7701) wifi_init: tcp mbox: 6[0m
[0;32mI (7701) wifi_init: tcp tx win: 5760[0m
[0;32mI (7711) wifi_init: tcp rx win: 5760[0m
[0;32mI (7711) wifi_init: tcp mss: 1440[0m
[0;32mI (7711) wifi_init: WiFi IRAM OP enabled[0m
[0;32mI (7721) wifi_init: WiFi RX IRAM OP enabled[0m
[0;33mW (7731) wifi:Password length matches WPA2 standards, authmode threshold changes from OPEN to WPA2[0m
[0;32mI (7731) phy_init: phy_version 4861,b71b5ad,Aug  5 2025,11:16:06[0m
[0;32mI (7821) wifi:mode : sta (ec:e3:34:48:40:44)[0m
[0;32mI (7821) wifi:enable tsf[0m
[0;32mI (7831) wifi_station_netif: wifi_init_sta finished.[0m
[0;32mI (7851) wifi:new:<8,1>, old:<1,0>, ap:<255,255>, sta:<8,1>, prof:1[0m
[0;32mI (7851) wifi:state: init -> auth (b0)[0m
[0;32mI (7861) wifi:state: auth -> assoc (0)[0m
[0;32mI (7871) wifi:state: assoc -> run (10)[0m
[0;32mI (7981) wifi:connected with VP23_Sucupira, aid = 18, channel 8, 40U, bssid = 58:d3:12:8b:3d:10[0m
[0;32mI (7991) wifi:security: WPA2-PSK, phy: bgn, rssi: -58[0m
[0;32mI (7991) wifi:pm start, type: 1[0m

[0;32mI (7991) wifi:dp: 1, bi: 102400, li: 3, scale listen interval from 307200 us to 307200 us[0m
[0;32mI (8091) wifi:AP's beacon interval = 102400 us, DTIM period = 1[0m
[0;32mI (8201) wifi:<ba-add>idx:0 (ifx:0, 58:d3:12:8b:3d:10), tid:0, ssn:3, winSize:64[0m
[0;32mI (9001) esp_netif_handlers: sta ip: 192.168.1.19, mask: 255.255.255.0, gw: 192.168.1.1[0m
[0;32mI (9001) wifi_station_netif: got ip:192.168.1.19[0m
[0;32mI (9001) wifi_station_netif: connected to ap SSID:VP23_Sucupira password:32903766[0m
[0;32mI (9011) wifi:Set ps type: 0, coexist: 0[0m

�́Jul 29 2019 12:21:46

rst:0x1 (POWERON_RESET),boot:0x13 (SPI_FAST_FLASH_BOOT)
configsip: 0, SPIWP:0xee
clk_drv:0x00,q_drv:0x00,d_drv:0x00,cs0_drv:0x00,hd_drv:0x00,wp_drv:0x00
mode:DIO, clock div:2
load:0x3fff0030,len:7172
load:0x40078000,len:15632
ho 0 tail 12 room 4
load:0x40080400,len:4
load:0x40080404,len:3904
entry 0x40080640
[0;32mI (61) boot: ESP-IDF v5.2.6-224-g72d06017df 2nd stage bootloader[0m
[0;32mI (61) boot: compile time Nov 28 2025 21:50:15[0m
[0;32mI (63) boot: Multicore bootloader[0m
[0;32mI (67) boot: chip revision: v3.1[0m
[0;32mI (71) boot.esp32: SPI Speed      : 40MHz[0m
[0;32mI (76) boot.esp32: SPI Mode       : DIO[0m
[0;32mI (80) boot.esp32: SPI Flash Size : 2MB[0m
[0;32mI (85) boot: Enabling RNG early entropy source...[0m
[0;32mI (90) boot: Partition Table:[0m
[0;32mI (94) boot: ## Label            Usage          Type ST Offset   Length[0m
[0;32mI (101) boot:  0 nvs              WiFi data        01 02 00009000 00006000[0m
[0;32mI (109) boot:  1 phy_init         RF data          01 01 0000f000 00001000[0m
[0;32mI (116) boot:  2 factory          factory app      00 00 00010000 00100000[0m
[0;32mI (124) boot: End of partition table[0m
[0;32mI (128) esp_image: segment 0: paddr=00010020 vaddr=3f400020 size=1ac00h (109568) map[0m
[0;32mI (174) esp_image: segment 1: paddr=0002ac28 vaddr=3ffb0000 size=0466ch ( 18028) load[0m
[0;32mI (181) esp_image: segment 2: paddr=0002f29c vaddr=40080000 size=00d7ch (  3452) load[0m
[0;32mI (183) esp_image: segment 3: paddr=00030020 vaddr=400d0020 size=93ef8h (605944) map[0m
[0;32mI (396) esp_image: segment 4: paddr=000c3f20 vaddr=40080d7c size=16820h ( 92192) load[0m
[0;32mI (444) boot: Loaded app from partition at offset 0x10000[0m
[0;32mI (444) boot: Disabling RNG early entropy source...[0m
[0;32mI (456) cpu_start: Multicore app[0m
ets Jul 29 2019 12:21:46

rst:0x10 (RTCWDT_RTC_RESET),boot:0x13 (SPI_FAST_FLASH_BOOT)
configsip: 0, SPIWP:0xee
clk_drv:0x00,q_drv:0x00,d_drv:0x00,cs0_drv:0x00,hd_drv:0x00,wp_drv:0x00
mode:DIO, clock div:2
load:0x3fff0030,len:7172
load:0x40078000,len:15632
ho 0 tail 12 room 4
load:0x40080400,len:4
load:0x40080404,len:3904
entry 0x40080640
[0;32mI (32) boot: ESP-IDF v5.2.6-224-g72d06017df 2nd stage bootloader[0m
[0;32mI (32) boot: compile time Nov 28 2025 21:50:15[0m
[0;32mI (33) boot: Multicore bootloader[0m
[0;32mI (37) boot: chip revision: v3.1[0m
[0;32mI (41) boot.esp32: SPI Speed      : 40MHz[0m
[0;32mI (46) boot.esp32: SPI Mode       : DIO[0m
[0;32mI (50) boot.esp32: SPI Flash Size : 2MB[0m
[0;32mI (55) boot: Enabling RNG early entropy source...[0m
[0;32mI (60) boot: Partition Table:[0m
[0;32mI (64) boot: ## Label            Usage          Type ST Offset   Length[0m
[0;32mI (71) boot:  0 nvs              WiFi data        01 02 00009000 00006000[0m
[0;32mI (78) boot:  1 phy_init         RF data          01 01 0000f000 00001000[0m
[0;32mI (86) boot:  2 factory          factory app      00 00 00010000 00100000[0m
[0;32mI (93) boot: End of partition table[0m
[0;32mI (98) esp_image: segment 0: paddr=00010020 vaddr=3f400020 size=1ac00h (109568) map[0m
[0;32mI (144) esp_image: segment 1: paddr=0002ac28 vaddr=3ffb0000 size=0466ch ( 18028) load[0m
[0;32mI (151) esp_image: segment 2: paddr=0002f29c vaddr=40080000 size=00d7ch (  3452) load[0m
[0;32mI (152) esp_image: segment 3: paddr=00030020 vaddr=400d0020 size=93ef8h (605944) map[0m
[0;32mI (365) esp_image: segment 4: paddr=000c3f20 vaddr=40080d7c size=16820h ( 92192) load[0m
[0;32mI (414) boot: Loaded app from partition at offset 0x10000[0m
[0;32mI (414) boot: Disabling RNG early entropy source...[0m
[0;32mI (425) cpu_start: Multicore app[0m
[0;32mI (434) cpu_start: Pro cpu start user code[0m
[0;32mI (434) cpu_start: cpu freq: 160000000 Hz[0m
[0;32mI (435) cpu_start: Application information:[0m
[0;32mI (438) cpu_start: Project name:     esp32_robot_firmware[0m
[0;32mI (444) cpu_start: App version:      e18ea92[0m
[0;32mI (449) cpu_start: Compile time:     Dec 24 2025 13:23:00[0m
[0;32mI (455) cpu_start: ELF file SHA256:  e8a38bbb0...[0m
[0;32mI (460) cpu_start: ESP-IDF:          v5.2.6-224-g72d06017df[0m
[0;32mI (466) cpu_start: Min chip rev:     v0.0[0m
[0;32mI (471) cpu_start: Max chip rev:     v3.99 [0m
[0;32mI (476) cpu_start: Chip rev:         v3.1[0m
[0;32mI (481) heap_init: Initializing. RAM available for dynamic allocation:[0m
[0;32mI (488) heap_init: At 3FFAE6E0 len 00001920 (6 KiB): DRAM[0m
[0;32mI (494) heap_init: At 3FFBB440 len 00024BC0 (146 KiB): DRAM[0m
[0;32mI (500) heap_init: At 3FFE0440 len 00003AE0 (14 KiB): D/IRAM[0m
[0;32mI (506) heap_init: At 3FFE4350 len 0001BCB0 (111 KiB): D/IRAM[0m
[0;32mI (513) heap_init: At 4009759C len 00008A64 (34 KiB): IRAM[0m
[0;32mI (521) spi_flash: detected chip: generic[0m
[0;32mI (524) spi_flash: flash io: dio[0m
[0;33mW (528) spi_flash: Detected size(4096k) larger than the size in the binary image header(2048k). Using the size in the binary image header.[0m
[0;32mI (542) main_task: Started on CPU0[0m
[0;32mI (552) main_task: Calling app_main()[0m
[0;32mI (552) gpio: GPIO[12]| InputEn: 0| OutputEn: 1| OpenDrain: 0| Pullup: 0| Pulldown: 0| Intr:0 [0m
[0;32mI (552) gpio: GPIO[14]| InputEn: 0| OutputEn: 1| OpenDrain: 0| Pullup: 0| Pulldown: 0| Intr:0 [0m
[0;32mI (562) gpio: GPIO[26]| InputEn: 0| OutputEn: 1| OpenDrain: 0| Pullup: 0| Pulldown: 0| Intr:0 [0m
[0;32mI (572) gpio: GPIO[27]| InputEn: 0| OutputEn: 1| OpenDrain: 0| Pullup: 0| Pulldown: 0| Intr:0 [0m
[0;32mI (582) gpio: GPIO[32]| InputEn: 1| OutputEn: 0| OpenDrain: 0| Pullup: 1| Pulldown: 0| Intr:3 [0m
[0;32mI (592) gpio: GPIO[33]| InputEn: 1| OutputEn: 0| OpenDrain: 0| Pullup: 1| Pulldown: 0| Intr:3 [0m

=== MODO TESTE (ANTI-ENGASGO) ===
3...
2...
1...
>>> VAI!
V: 0.00 [0.00] | 0.00 [0.00]
V: 0.00 [0.00] | 0.00 [0.00]
V: 0.00 [0.00] | 0.00 [0.00]
V: 0.12 [0.30] | 0.12 [0.30]
V: 0.32 [0.61] | 0.32 [0.61]
V: 0.51 [0.81] | 0.55 [0.91]
V: 0.63 [0.81] | 0.66 [0.81]
V: 0.70 [0.81] | 0.72 [0.81]
V: 0.71 [0.71] | 0.76 [0.81]
V: 0.67 [0.61] | 0.70 [0.61]
V: 0.48 [0.20] | 0.50 [0.20]
V: 0.29 [0.00] | 0.30 [0.00]
V: 0.21 [0.10] | 0.22 [0.10]
V: 0.13 [0.00] | 0.17 [0.10]
V: 0.16 [0.20] | 0.14 [0.10]
V: 0.26 [0.41] | 0.25 [0.41]
V: 0.40 [0.61] | 0.39 [0.61]
V: 0.52 [0.71] | 0.56 [0.81]
V: 0.64 [0.81] | 0.66 [0.81]
V: 0.63 [0.61] | 0.68 [0.71]
>>> PAROU!
Ticks: E=87 D=91 -> 0.44m / 0.46m

[0;32mI (7632) wifi_station_netif: ESP_WIFI_MODE_STA[0m
[0;32mI (7642) wifi:wifi driver task: 3ffc3844, prio:23, stack:6656, core=0[0m
[0;32mI (7652) wifi:wifi firmware version: 82d80cd[0m
[0;32mI (7652) wifi:wifi certification version: v7.0[0m
[0;32mI (7652) wifi:config NVS flash: enabled[0m
[0;32mI (7652) wifi:config nano formating: disabled[0m
[0;32mI (7662) wifi:Init data frame dynamic rx buffer num: 32[0m
[0;32mI (7662) wifi:Init static rx mgmt buffer num: 5[0m
[0;32mI (7672) wifi:Init management short buffer num: 32[0m
[0;32mI (7672) wifi:Init dynamic tx buffer num: 32[0m
[0;32mI (7672) wifi:Init static rx buffer size: 1600[0m
[0;32mI (7682) wifi:Init static rx buffer num: 10[0m
[0;32mI (7682) wifi:Init dynamic rx buffer num: 32[0m
[0;32mI (7692) wifi_init: rx ba win: 6[0m
[0;32mI (7692) wifi_init: tcpip mbox: 32[0m
[0;32mI (7692) wifi_init: udp mbox: 6[0m
[0;32mI (7702) wifi_init: tcp mbox: 6[0m
[0;32mI (7702) wifi_init: tcp tx win: 5760[0m
[0;32mI (7712) wifi_init: tcp rx win: 5760[0m
[0;32mI (7712) wifi_init: tcp mss: 1440[0m
[0;32mI (7712) wifi_init: WiFi IRAM OP enabled[0m
[0;32mI (7722) wifi_init: WiFi RX IRAM OP enabled[0m
[0;33mW (7732) wifi:Password length matches WPA2 standards, authmode threshold changes from OPEN to WPA2[0m
[0;32mI (7732) phy_init: phy_version 4861,b71b5ad,Aug  5 2025,11:16:06[0m
[0;32mI (7832) wifi:mode : sta (ec:e3:34:48:40:44)[0m
[0;32mI (7832) wifi:enable tsf[0m
[0;32mI (7832) wifi_station_netif: wifi_init_sta finished.[0m
[0;32mI (7842) wifi:new:<8,1>, old:<1,0>, ap:<255,255>, sta:<8,1>, prof:1[0m
[0;32mI (7842) wifi:state: init -> auth (b0)[0m
[0;32mI (7862) wifi:state: auth -> assoc (0)[0m
[0;32mI (7862) wifi:state: assoc -> run (10)[0m
[0;32mI (7972) wifi:connected with VP23_Sucupira, aid = 18, channel 8, 40U, bssid = 58:d3:12:8b:3d:10[0m
[0;32mI (7972) wifi:security: WPA2-PSK, phy: bgn, rssi: -57[0m
[0;32mI (7982) wifi:pm start, type: 1[0m

[0;32mI (7982) wifi:dp: 1, bi: 102400, li: 3, scale listen interval from 307200 us to 307200 us[0m
[0;32mI (8012) wifi:AP's beacon interval = 102400 us, DTIM period = 1[0m
[0;32mI (10182) wifi:<ba-add>idx:0 (ifx:0, 58:d3:12:8b:3d:10), tid:0, ssn:3, winSize:64[0m
[0;32mI (10992) esp_netif_handlers: sta ip: 192.168.1.19, mask: 255.255.255.0, gw: 192.168.1.1[0m
[0;32mI (10992) wifi_station_netif: got ip:192.168.1.19[0m
[0;32mI (10992) wifi_station_netif: connected to ap SSID:VP23_Sucupira password:32903766[0m
[0;32mI (11002) wifi:Set ps type: 0, coexist: 0[0m

ets Jul 29 2019 12:21:46

rst:0x1 (POWERON_RESET),boot:0x13 (SPI_FAST_FLASH_BOOT)
configsip: 0, SPIWP:0xee
clk_drv:0x00,q_drv:0x00,d_drv:0x00,cs0_drv:0x00,hd_drv:0x00,wp_drv:0x00
mode:DIO, clock div:2
load:0x3fff0030,len:7172
load:0x40078000,len:15632
ho 0 tail 12 room 4
load:0x40080400,len:4
load:0x40080404,len:3904
entry 0x40080640
[0;32mI (31) boot: ESP-IDF v5.2.6-224-g72d06017df 2nd stage bootloader[0m
[0;32mI (31) boot: compile time Nov 28 2025 21:50:15[0m
[0;32mI (33) boot: Multicore bootloader[0m
[0;32mI (37) boot: chip revision: v3.1[0m
[0;32mI (41) boot.esp32: SPI Speed      : 40MHz[0m
[0;32mI (45) boot.esp32: SPI Mode       : DIO[0m
[0;32mI (50) boot.esp32: SPI Flash Size : 2MB[0m
[0;32mI (54) boot: Enabling RNG early entropy source...[0m
[0;32mI (60) boot: Partition Table:[0m
[0;32mI (63) boot: ## Label            Usage          Type ST Offset   Length[0m
[0;32mI (71) boot:  0 nvs              WiFi data        01 02 00009000 00006000[0m
[0;32mI (78) boot:  1 phy_init         RF data          01 01 0000f000 00001000[0m
[0;32mI (86) boot:  2 factory          factory app      00 00 00010000 00100000[0m
[0;32mI (93) boot: End of partition table[0m
[0;32mI (97) esp_image: segment 0: paddr=00010020 vaddr=3f400020 size=1ac00h (109568) map[0m
[0;32mI (143) esp_image: segment 1: paddr=0002ac28 vaddr=3ffb0000 size=0466ch ( 18028) load[0m
[0;32mI (150) esp_image: segment 2: paddr=0002f29c vaddr=40080000 size=00d7ch (  3452) load[0m
[0;32mI (152) esp_image: segment 3: paddr=00030020 vaddr=400d0020 size=93ef8h (605944) map[0m
[0;32mI (365) esp_image: segment 4: paddr=000c3f20 vaddr=40080d7c size=16820h ( 92192) load[0m
[0;32mI (413) boot: Loaded app from partition at offset 0x10000[0m
[0;32mI (413) boot: Disabling RNG early entropy source...[0m
[0;32mI (425) cpu_start: Multicore app[0m
[0;32mI (434) cpu_start: Pro cpu start user code[0m
[0;32mI (434) cpu_start: cpu freq: 160000000 Hz[0m
[0;32mI (434) cpu_start: Application information:[0m
[0;32mI (437) cpu_start: Project name:     esp32_robot_firmware[0m
[0;32mI (443) cpu_start: App version:      e18ea92[0m
[0;32mI (448) cpu_start: Compile time:     Dec 24 2025 13:23:00[0m
[0;32mI (454) cpu_start: ELF file SHA256:  e8a38bbb0...[0m
[0;32mI (460) cpu_start: ESP-IDF:          v5.2.6-224-g72d06017df[0m
[0;32mI (466) cpu_start: Min chip rev:     v0.0[0m
[0;32mI (471) cpu_start: Max chip rev:     v3.99 [0m
[0;32mI (475) cpu_start: Chip rev:         v3.1[0m
[0;32mI (480) heap_init: Initializing. RAM available for dynamic allocation:[0m
[0;32mI (488) heap_init: At 3FFAE6E0 len 00001920 (6 KiB): DRAM[0m
[0;32mI (493) heap_init: At 3FFBB440 len 00024BC0 (146 KiB): DRAM[0m
[0;32mI (500) heap_init: At 3FFE0440 len 00003AE0 (14 KiB): D/IRAM[0m
[0;32mI (506) heap_init: At 3FFE4350 len 0001BCB0 (111 KiB): D/IRAM[0m
[0;32mI (513) heap_init: At 4009759C len 00008A64 (34 KiB): IRAM[0m
[0;32mI (520) spi_flash: detected chip: generic[0m
[0;32mI (523) spi_flash: flash io: dio[0m
[0;33mW (527) spi_flash: Detected size(4096k) larger than the size in the binary image header(2048k). Using the size in the binary image header.[0m
[0;32mI (541) main_task: Started on CPU0[0m
[0;32mI (551) main_task: Calling app_main()[0m
[0;32mI (551) gpio: GPIO[12]| InputEn: 0| OutputEn: 1| OpenDrain: 0| Pullup: 0| Pulldown: 0| Intr:0 [0m
[0;32mI (551) gpio: GPIO[14]| InputEn: 0| OutputEn: 1| OpenDrain: 0| Pullup: 0| Pulldown: 0| Intr:0 [0m
[0;32mI (561) gpio: GPIO[26]| InputEn: 0| OutputEn: 1| OpenDrain: 0| Pullup: 0| Pulldown: 0| Intr:0 [0m
[0;32mI (571) gpio: GPIO[27]| InputEn: 0| OutputEn: 1| OpenDrain: 0| Pullup: 0| Pulldown: 0| Intr:0 [0m
[0;32mI (581) gpio: GPIO[32]| InputEn: 1| OutputEn: 0| OpenDrain: 0| Pullup: 1| Pulldown: 0| Intr:3 [0m
[0;32mI (591) gpio: GPIO[33]| InputEn: 1| OutputEn: 0| OpenDrain: 0| Pullup: 1| Pulldown: 0| Intr:3 [0m

=== MODO TESTE (ANTI-ENGASGO) ===
3...
2...
1...
>>> VAI!
V: 0.00 [0.00] | 0.00 [0.00]
V: 0.00 [0.00] | 0.00 [0.00]
V: 0.16 [0.41] | 0.04 [0.10]
V: 0.18 [0.20] | 0.11 [0.20]
V: 0.31 [0.51] | 0.27 [0.51]
V: 0.47 [0.71] | 0.44 [0.71]
V: 0.57 [0.71] | 0.59 [0.81]
V: 0.62 [0.71] | 0.68 [0.81]
V: 0.58 [0.51] | 0.69 [0.71]
V: 0.51 [0.41] | 0.58 [0.41]
V: 0.35 [0.10] | 0.47 [0.30]
V: 0.25 [0.10] | 0.36 [0.20]
V: 0.19 [0.10] | 0.22 [0.00]
V: 0.24 [0.30] | 0.17 [0.10]
V: 0.34 [0.51] | 0.22 [0.30]
V: 0.41 [0.51] | 0.34 [0.51]
