�.Rձ�29 2019 12:21:46

rst:0x1 (POWERON_RE�ets Jul 29 2019 12:21:46

rst:0x1 (POWERON_RESET),boot:0x13 (SPI_FAST_FLASH_BOOT)
configsip: 0, SPIWP:0xee
clk_drv:0x00,q_drv:0x00,d_drv:0x00,cs0_drv:0x00,hd_drv:0x00,wp_drv:0x00
mode:DIO, clock div:2
load:0x3fff0030,len:7172
load:0x40078000,len:15632
ho 0 tail 12 room 4
load:0x40080400,len:4
load:0x40080404,len:3904
entry 0x40080640
[0;32mI (31) boot: ESP-IDF v5.2.6-224-g72d06017df 2nd stage bootloader[0m
[0;32mI (31) boot: compile time Nov 28 2025 21:50:15[0m
[0;32mI (33) boot: Multicore bootloader[0m
[0;32mI (37) boot: chip revision: v3.1[0m
[0;32mI (41) boot.esp32: SPI Speed      : 40MHz[0m
[0;32mI (45) boot.esp32: SPI Mode       : DIO[0m
[0;32mI (50) boot.esp32: SPI Flash Size : 2MB[0m
[0;32mI (54) boot: Enabling RNG early entropy source...[0m
[0;32mI (60) boot: Partition Table:[0m
[0;32mI (63) boot: ## Label            Usage          Type ST Offset   Length[0m
[0;32mI (71) boot:  0 nvs              WiFi data        01 02 00009000 00006000[0m
[0;32mI (78) boot:  1 phy_init         RF data          01 01 0000f000 00001000[0m
[0;32mI (86) boot:  2 factory          factory app      00 00 00010000 00100000[0m
[0;32mI (93) boot: End of partition table[0m
[0;32mI (97) esp_image: segment 0: paddr=00010020 vaddr=3f400020 size=0f4fch ( 62716) map[0m
[0;32mI (127) esp_image: segment 1: paddr=0001f524 vaddr=3ffb0000 size=00af4h (  2804) load[0m
[0;32mI (129) esp_image: segment 2: paddr=00020020 vaddr=400d0020 size=37ddch (228828) map[0m
[0;32mI (211) esp_image: segment 3: paddr=00057e04 vaddr=3ffb0af4 size=01ae4h (  6884) load[0m
[0;32mI (214) esp_image: segment 4: paddr=000598f0 vaddr=40080000 size=0d860h ( 55392) load[0m
[0;32mI (246) boot: Loaded app from partition at offset 0x10000[0m
[0;32mI (246) boot: Disabling RNG early entropy source...[0m
[0;32mI (257) cpu_start: Multicore app[0m
[0;32mI (267) cpu_start: Pro cpu start user code[0m
[0;32mI (267) cpu_start: cpu freq: 160000000 Hz[0m
[0;32mI (267) cpu_start: Application information:[0m
[0;32mI (270) cpu_start: Project name:     esp32_robot_firmware[0m
[0;32mI (276) cpu_start: App version:      e18ea92[0m
[0;32mI (281) cpu_start: Compile time:     Jan  5 2026 14:24:57[0m
[0;32mI (287) cpu_start: ELF file SHA256:  8157e39f0...[0m
[0;32mI (292) cpu_start: ESP-IDF:          v5.2.6-224-g72d06017df[0m
[0;32mI (298) cpu_start: Min chip rev:     v0.0[0m
[0;32mI (303) cpu_start: Max chip rev:     v3.99 [0m
[0;32mI (308) cpu_start: Chip rev:         v3.1[0m
[0;32mI (313) heap_init: Initializing. RAM available for dynamic allocation:[0m
[0;32mI (320) heap_init: At 3FFAE6E0 len 00001920 (6 KiB): DRAM[0m
[0;32mI (326) heap_init: At 3FFB6150 len 00029EB0 (167 KiB): DRAM[0m
[0;32mI (332) heap_init: At 3FFE0440 len 00003AE0 (14 KiB): D/IRAM[0m
[0;32mI (338) heap_init: At 3FFE4350 len 0001BCB0 (111 KiB): D/IRAM[0m
[0;32mI (345) heap_init: At 4008D860 len 000127A0 (73 KiB): IRAM[0m
[0;32mI (353) spi_flash: detected chip: generic[0m
[0;32mI (356) spi_flash: flash io: dio[0m
[0;33mW (360) spi_flash: Detected size(4096k) larger than the size in the binary image header(2048k). Using the size in the binary image header.[0m
[0;32mI (374) main_task: Started on CPU0[0m
[0;32mI (384) main_task: Calling app_main()[0m
[0;32mI (414) gpio: GPIO[12]| InputEn: 0| OutputEn: 1| OpenDrain: 0| Pullup: 0| Pulldown: 0| Intr:0 [0m
[0;32mI (414) gpio: GPIO[14]| InputEn: 0| OutputEn: 1| OpenDrain: 0| Pullup: 0| Pulldown: 0| Intr:0 [0m
[0;32mI (424) gpio: GPIO[26]| InputEn: 0| OutputEn: 1| OpenDrain: 0| Pullup: 0| Pulldown: 0| Intr:0 [0m
[0;32mI (434) gpio: GPIO[27]| InputEn: 0| OutputEn: 1| OpenDrain: 0| Pullup: 0| Pulldown: 0| Intr:0 [0m
[0;32mI (444) gpio: GPIO[32]| InputEn: 1| OutputEn: 0| OpenDrain: 0| Pullup: 1| Pulldown: 0| Intr:1 [0m
[0;32mI (454) gpio: GPIO[33]| InputEn: 1| OutputEn: 0| OpenDrain: 0| Pullup: 1| Pulldown: 0| Intr:1 [0m
[0;32mI (464) ROS: Aguardando IP do Wi-Fi...[0m
[0;32mI (464) ROS: IP Recebido: 165.165.165.165[0m
[0;32mI (474) main_task: Returned from app_main()[0m
[0;33mW (674) ROS: Tentando pingar Agente em 192.168.18.73...[0m
[0;33mW (1874) ROS: Tentando pingar Agente em 192.168.18.73...[0m
[0;33mW (3074) ROS: Tentando pingar Agente em 192.168.18.73...[0m
[0;33mW (4274) ROS: Tentando pingar Agente em 192.168.18.73...[0m
[0;33mW (5474) ROS: Tentando pingar Agente em 192.168.18.73...[0m
[0;33mW (6674) ROS: Tentando pingar Agente em 192.168.18.73...[0m
[0;33mW (7874) ROS: Tentando pingar Agente em 192.168.18.73...[0m
[0;33mW (9074) ROS: Tentando pingar Agente em 192.168.18.73...[0m
[0;33mW (10274) ROS: Tentando pingar Agente em 192.168.18.73...[0m
[0;33mW (11474) ROS: Tentando pingar Agente em 192.168.18.73...[0m
[0;33mW (12674) ROS: Tentando pingar Agente em 192.168.18.73...[0m
[0;33mW (13874) ROS: Tentando pingar Agente em 192.168.18.73...[0m
[0;33mW (15074) ROS: Tentando pingar Agente em 192.168.18.73...[0m
[0;33mW (16274) ROS: Tentando pingar Agente em 192.168.18.73...[0m
[0;33mW (17474) ROS: Tentando pingar Agente em 192.168.18.73...[0m
[0;33mW (18674) ROS: Tentando pingar Agente em 192.168.18.73...[0m
[0;33mW (19874) ROS: Tentando pingar Agente em 192.168.18.73...[0m
[0;33mW (21074) ROS: Tentando pingar Agente em 192.168.18.73...[0m
[0;33mW (22274) ROS: Tentando pingar Agente em 192.168.18.73...[0m
[0;33mW (23474) ROS: Tentando pingar Agente em 192.168.18.73...[0m
[0;33mW (24674) ROS: Tentando pingar Agente em 192.168.18.73...[0m
[0;33mW (25874) ROS: Tentando pingar Agente em 192.168.18.73...[0m
[0;33mW (27074) ROS: Tentando pingar Agente em 192.168.18.73...[0m
[0;33mW (28274) ROS: Tentando pingar Agente em 192.168.18.73...[0m
[0;33mW (29474) ROS: Tentando pingar Agente em 192.168.18.73...[0m
[0;33mW (30674) ROS: Tentando pingar Agente em 192.168.18.73...[0m
[0;33mW (31874) ROS: Tentando pingar Agente em 192.168.18.73...[0m
[0;33mW (33074) ROS: Tentando pingar Agente em 192.168.18.73...[0m
[0;33mW (34274) ROS: Tentando pingar Agente em 192.168.18.73...[0m
[0;33mW (35474) ROS: Tentando pingar Agente em 192.168.18.73...[0m
[0;33mW (36674) ROS: Tentando pingar Agente em 192.168.18.73...[0m
[0;33mW (37874) ROS: Tentando pingar Agente em 192.168.18.73...[0m
[0;33mW (39074) ROS: Tentando pingar Agente em 192.168.18.73...[0m
[0;33mW (40274) ROS: Tentando pingar Agente em 192.168.18.73...[0m
[0;33mW (41474) ROS: Tentando pingar Agente em 192.168.18.73...[0m
[0;33mW (42674) ROS: Tentando pingar Agente em 192.168.18.73...[0m
[0;33mW (43874) ROS: Tentando pingar Agente em 192.168.18.73...[0m
[0;33mW (45074) ROS: Tentando pingar Agente em 192.168.18.73...[0m
[0;33mW (46274) ROS: Tentando pingar Agente em 192.168.18.73...[0m
[0;33mW (47474) ROS: Tentando pingar Agente em 192.168.18.73...[0m
[0;33mW (48674) ROS: Tentando pingar Agente em 192.168.18.73...[0m
[0;33mW (49874) ROS: Tentando pingar Agente em 192.168.18.73...[0m
[0;33mW (51074) ROS: Tentando pingar Agente em 192.168.18.73...[0m
[0;33mW (52274) ROS: Tentando pingar Agente em 192.168.18.73...[0m
[0;33mW (53474) ROS: Tentando pingar Agente em 192.168.18.73...[0m
[0;33mW (54674) ROS: Tentando pingar Agente em 192.168.18.73...[0m
[0;33mW (55874) ROS: Tentando pingar Agente em 192.168.18.73...[0m
[0;33mW (57074) ROS: Tentando pingar Agente em 192.168.18.73...[0m
[0;33mW (58274) ROS: Tentando pingar Agente em 192.168.18.73...[0m
[0;33mW (59474) ROS: Tentando pingar Agente em 192.168.18.73...[0m
[0;33mW (60674) ROS: Tentando pingar Agente em 192.168.18.73...[0m
[0;33mW (61874) ROS: Tentando pingar Agente em 192.168.18.73...[0m
[0;33mW (63074) ROS: Tentando pingar Agente em 192.168.18.73...[0m
[0;33mW (64274) ROS: Tentando pingar Agente em 192.168.18.73...[0m
[0;33mW (65474) ROS: Tentando pingar Agente em 192.168.18.73...[0m
[0;33mW (66674) ROS: Tentando pingar Agente em 192.168.18.73...[0m
[0;33mW (67874) ROS: Tentando pingar Agente em 192.168.18.73...[0m
[0;33mW (69074) ROS: Tentando pingar Agente em 192.168.18.73...[0m
[0;33mW (70274) ROS: Tentando pingar Agente em 192.168.18.73...[0m
[0;33mW (71474) ROS: Tentando pingar Agente em 192.168.18.73...[0m
[0;33mW (72674) ROS: Tentando pingar Agente em 192.168.18.73...[0m
[0;33mW (73874) ROS: Tentando pingar Agente em 192.168.18.73...[0m
[0;33mW (75074) ROS: Tentando pingar Agente em 192.168.18.73...[0m
[0;33mW (76274) ROS: Tentando pingar Agente em 192.168.18.73...[0m
[0;33mW (77474) ROS: Tentando pingar Agente em 192.168.18.73...[0m
[0;33mW (78674) ROS: Tentando pingar Agente em 192.168.18.73...[0m
[0;33mW (79874) ROS: Tentando pingar Agente em 192.168.18.73...[0m
[0;33mW (81074) ROS: Tentando pingar Agente em 192.168.18.73...[0m
[0;33mW (82274) ROS: Tentando pingar Agente em 192.168.18.73...[0m
[0;33mW (83474) ROS: Tentando pingar Agente em 192.168.18.73...[0m
[0;33mW (84674) ROS: Tentando pingar Agente em 192.168.18.73...[0m
