ձ�29 2019 12:21:46

rst:0x1 (POWERON_RESET�ets Jul 29 2019 12:21:46

rst:0x1 (POWERON_RESET),boot:0x13 (SPI_FAST_FLASH_BOOT)
configsip: 0, SPIWP:0xee
clk_drv:0x00,q_drv:0x00,d_drv:0x00,cs0_drv:0x00,hd_drv:0x00,wp_drv:0x00
mode:DIO, clock div:2
load:0x3fff0030,len:7172
load:0x40078000,len:15632
ho 0 tail 12 room 4
load:0x40080400,len:4
load:0x40080404,len:3904
entry 0x40080640
[0;32mI (31) boot: ESP-IDF v5.2.6-224-g72d06017df 2nd stage bootloader[0m
[0;32mI (31) boot: compile time Nov 28 2025 21:50:15[0m
[0;32mI (33) boot: Multicore bootloader[0m
[0;32mI (37) boot: chip revision: v3.1[0m
[0;32mI (41) boot.esp32: SPI Speed      : 40MHz[0m
[0;32mI (45) boot.esp32: SPI Mode       : DIO[0m
[0;32mI (50) boot.esp32: SPI Flash Size : 2MB[0m
[0;32mI (54) boot: Enabling RNG early entropy source...[0m
[0;32mI (60) boot: Partition Table:[0m
[0;32mI (63) boot: ## Label            Usage          Type ST Offset   Length[0m
[0;32mI (71) boot:  0 nvs              WiFi data        01 02 00009000 00006000[0m
[0;32mI (78) boot:  1 phy_init         RF data          01 01 0000f000 00001000[0m
[0;32mI (86) boot:  2 factory          factory app      00 00 00010000 00100000[0m
[0;32mI (93) boot: End of partition table[0m
[0;32mI (97) esp_image: segment 0: paddr=00010020 vaddr=3f400020 size=1ab70h (109424) map[0m
[0;32mI (143) esp_image: segment 1: paddr=0002ab98 vaddr=3ffb0000 size=0466ch ( 18028) load[0m
[0;32mI (150) esp_image: segment 2: paddr=0002f20c vaddr=40080000 size=00e0ch (  3596) load[0m
[0;32mI (152) esp_image: segment 3: paddr=00030020 vaddr=400d0020 size=93c48h (605256) map[0m
[0;32mI (365) esp_image: segment 4: paddr=000c3c70 vaddr=40080e0c size=16790h ( 92048) load[0m
[0;32mI (413) boot: Loaded app from partition at offset 0x10000[0m
[0;32mI (413) boot: Disabling RNG early entropy source...[0m
[0;32mI (425) cpu_start: Multicore app[0m
[0;32mI (434) cpu_start: Pro cpu start user code[0m
[0;32mI (434) cpu_start: cpu freq: 160000000 Hz[0m
[0;32mI (434) cpu_start: Application information:[0m
[0;32mI (437) cpu_start: Project name:     esp32_robot_firmware[0m
[0;32mI (443) cpu_start: App version:      e18ea92[0m
[0;32mI (448) cpu_start: Compile time:     Dec 24 2025 13:23:00[0m
[0;32mI (454) cpu_start: ELF file SHA256:  884d29b53...[0m
[0;32mI (459) cpu_start: ESP-IDF:          v5.2.6-224-g72d06017df[0m
[0;32mI (466) cpu_start: Min chip rev:     v0.0[0m
[0;32mI (470) cpu_start: Max chip rev:     v3.99 [0m
[0;32mI (475) cpu_start: Chip rev:         v3.1[0m
[0;32mI (480) heap_init: Initializing. RAM available for dynamic allocation:[0m
[0;32mI (487) heap_init: At 3FFAE6E0 len 00001920 (6 KiB): DRAM[0m
[0;32mI (493) heap_init: At 3FFBB440 len 00024BC0 (146 KiB): DRAM[0m
[0;32mI (499) heap_init: At 3FFE0440 len 00003AE0 (14 KiB): D/IRAM[0m
[0;32mI (506) heap_init: At 3FFE4350 len 0001BCB0 (111 KiB): D/IRAM[0m
[0;32mI (512) heap_init: At 4009759C len 00008A64 (34 KiB): IRAM[0m
[0;32mI (520) spi_flash: detected chip: generic[0m
[0;32mI (523) spi_flash: flash io: dio[0m
[0;33mW (527) spi_flash: Detected size(4096k) larger than the size in the binary image header(2048k). Using the size in the binary image header.[0m
[0;32mI (541) main_task: Started on CPU0[0m
[0;32mI (551) main_task: Calling app_main()[0m
[0;32mI (551) gpio: GPIO[12]| InputEn: 0| OutputEn: 1| OpenDrain: 0| Pullup: 0| Pulldown: 0| Intr:0 [0m
[0;32mI (551) gpio: GPIO[14]| InputEn: 0| OutputEn: 1| OpenDrain: 0| Pullup: 0| Pulldown: 0| Intr:0 [0m
[0;32mI (561) gpio: GPIO[26]| InputEn: 0| OutputEn: 1| OpenDrain: 0| Pullup: 0| Pulldown: 0| Intr:0 [0m
[0;32mI (571) gpio: GPIO[27]| InputEn: 0| OutputEn: 1| OpenDrain: 0| Pullup: 0| Pulldown: 0| Intr:0 [0m
[0;32mI (581) gpio: GPIO[32]| InputEn: 1| OutputEn: 0| OpenDrain: 0| Pullup: 1| Pulldown: 0| Intr:3 [0m
[0;32mI (591) gpio: GPIO[33]| InputEn: 1| OutputEn: 0| OpenDrain: 0| Pullup: 1| Pulldown: 0| Intr:3 [0m
[0;32mI (631) wifi_station_netif: ESP_WIFI_MODE_STA[0m
[0;32mI (641) wifi:wifi driver task: 3ffc376c, prio:23, stack:6656, core=0[0m
[0;32mI (651) wifi:wifi firmware version: 82d80cd[0m
[0;32mI (651) wifi:wifi certification version: v7.0[0m
[0;32mI (651) wifi:config NVS flash: enabled[0m
[0;32mI (651) wifi:config nano formating: disabled[0m
[0;32mI (661) wifi:Init data frame dynamic rx buffer num: 32[0m
[0;32mI (661) wifi:Init static rx mgmt buffer num: 5[0m
[0;32mI (671) wifi:Init management short buffer num: 32[0m
[0;32mI (671) wifi:Init dynamic tx buffer num: 32[0m
[0;32mI (671) wifi:Init static rx buffer size: 1600[0m
[0;32mI (681) wifi:Init static rx buffer num: 10[0m
[0;32mI (681) wifi:Init dynamic rx buffer num: 32[0m
[0;32mI (691) wifi_init: rx ba win: 6[0m
[0;32mI (691) wifi_init: tcpip mbox: 32[0m
[0;32mI (691) wifi_init: udp mbox: 6[0m
[0;32mI (701) wifi_init: tcp mbox: 6[0m
[0;32mI (701) wifi_init: tcp tx win: 5760[0m
[0;32mI (711) wifi_init: tcp rx win: 5760[0m
[0;32mI (711) wifi_init: tcp mss: 1440[0m
[0;32mI (711) wifi_init: WiFi IRAM OP enabled[0m
[0;32mI (721) wifi_init: WiFi RX IRAM OP enabled[0m
[0;33mW (721) wifi:Password length matches WPA2 standards, authmode threshold changes from OPEN to WPA2[0m
[0;32mI (731) phy_init: phy_version 4861,b71b5ad,Aug  5 2025,11:16:06[0m
[0;32mI (821) wifi:mode : sta (ec:e3:34:48:40:44)[0m
[0;32mI (821) wifi:enable tsf[0m
[0;32mI (821) wifi_station_netif: wifi_init_sta finished.[0m
[0;32mI (841) wifi:new:<8,1>, old:<1,0>, ap:<255,255>, sta:<8,1>, prof:1[0m
[0;32mI (841) wifi:state: init -> auth (b0)[0m
[0;32mI (861) wifi:state: auth -> assoc (0)[0m
[0;32mI (871) wifi:state: assoc -> run (10)[0m
[0;32mI (991) wifi:connected with VP23_Sucupira, aid = 18, channel 8, 40U, bssid = 58:d3:12:8b:3d:10[0m
[0;32mI (991) wifi:security: WPA2-PSK, phy: bgn, rssi: -55[0m
[0;32mI (991) wifi:pm start, type: 1[0m

[0;32mI (991) wifi:dp: 1, bi: 102400, li: 3, scale listen interval from 307200 us to 307200 us[0m
[0;32mI (1071) wifi:AP's beacon interval = 102400 us, DTIM period = 1[0m
[0;32mI (3231) wifi:<ba-add>idx:0 (ifx:0, 58:d3:12:8b:3d:10), tid:0, ssn:3, winSize:64[0m
[0;32mI (4001) esp_netif_handlers: sta ip: 192.168.1.23, mask: 255.255.255.0, gw: 192.168.1.1[0m
[0;32mI (4001) wifi_station_netif: got ip:192.168.1.23[0m
[0;32mI (4001) wifi_station_netif: connected to ap SSID:VP23_Sucupira password:32903766[0m
[0;32mI (4011) wifi:Set ps type: 0, coexist: 0[0m

��29 2019 12:21:46

rst:0x1 (POWERON_RESET),boot:0x13 (SPI_FAST_FLASH_BOOT)
configsip: 0, SPIWP:0xee
clk_drv:0x00,q_drv:0x00,d_drv:0x00,cs0_drv:0x00,hd_drv:0x00,wp_drv:0x00
mode:DIO, clock div:2
load:0x3fff0030,len:7172
load:0x40078000,len:15632
ho 0 tail 12 room 4
load:0x40080400,len:4
load:0x40080404,len:3904
entry 0x40080640
[0;32mI (61) boot: ESP-IDF v5.2.6-224-g72d06017df 2nd stage bootloader[0m
[0;32mI (61) boot: compile time Nov 28 2025 21:50:15[0m
[0;32mI (63) boot: Multicore bootloader[0m
[0;32mI (68) boot: chip revision: v3.1[0m
[0;32mI (71) boot.esp32: SPI Speed      : 40MHz[0m
[0;32mI (76) boot.esp32: SPI Mode       : DIO[0m
[0;32mI (80) boot.esp32: SPI Flash Size : 2MB[0m
[0;32mI (85) boot: Enabling RNG early entropy source...[0m
[0;32mI (90) boot: Partition Table:[0m
[0;32mI (94) boot: ## Label            Usage          Type ST Offset   Length[0m
[0;32mI (101) boot:  0 nvs              WiFi data        01 02 00009000 00006000[0m
[0;32mI (109) boot:  1 phy_init         RF data          01 01 0000f000 00001000[0m
[0;32mI (116) boot:  2 factory          factory app      00 00 00010000 00100000[0m
[0;32mI (124) boot: End of partition table[0m
[0;32mI (128) esp_image: segment 0: paddr=00010020 vaddr=3f400020 size=1ab70h (109424) map[0m
[0;32mI (174) esp_image: segment 1: paddr=0002ab98 vaddr=3ffb0000 size=0466ch ( 18028) load[0m
[0;32mI (181) esp_image: segment 2: paddr=0002f20c vaddr=40080000 size=00e0ch (  3596) load[0m
[0;32mI (183) esp_image: segment 3: paddr=00030020 vaddr=400d0020 size=93c48h (605256) map[0m
[0;32mI (396) esp_image: segment 4: paddr=000c3c70 vaddr=40080e0c size=16790h ( 92048) load[0m
[0;32mI (444) boot: Loaded app from partition at offset 0x10000[0m
[0;32mI (444) boot: Disabling RNG early entropy source...[0m
[0;32mI (456) cpu_start: Multicore app[0m
[0;32mI (465) cpu_start: Pro cpu start user code[0m
[0;32mI (465) cpu_start: cpu freq: 160000000 Hz[0m
[0;32mI (465) cpu_start: Application information:[0m
[0;32mI (468) cpu_start: Project name:     esp32_robot_firmware[0m
[0;32mI (474) cpu_start: App version:      e18ea92[0m
[0;32mI (479) cpu_start: Compile time:     Dec 24 2025 13:23:00[0m
[0;32mI (485) cpu_start: ELF file SHA256:  884d29b53...[0m
[0;32mI (490) cpu_start: ESP-IDF:          v5.2.6-224-g72d06017df[0m
[0;32mI (497) cpu_start: Min chip rev:     v0.0[0m
[0;32mI (501) cpu_start: Max chip rev:     v3.99 [0m
[0;32mI (506) cpu_start: Chip rev:         v3.1[0m
[0;32mI (511) heap_init: Initializing. RAM available for dynamic allocation:[0m
[0;32mI (518) heap_init: At 3FFAE6E0 len 00001920 (6 KiB): DRAM[0m
[0;32mI (524) heap_init: At 3FFBB440 len 00024BC0 (146 KiB): DRAM[0m
[0;32mI (531) heap_init: At 3FFE0440 len 00003AE0 (14 KiB): D/IRAM[0m
[0;32mI (537) heap_init: At 3FFE4350 len 0001BCB0 (111 KiB): D/IRAM[0m
[0;32mI (543) heap_init: At 4009759C len 00008A64 (34 KiB): IRAM[0m
[0;32mI (551) spi_flash: detected chip: generic[0m
[0;32mI (554) spi_flash: flash io: dio[0m
[0;33mW (558) spi_flash: Detected size(4096k) larger than the size in the binary image header(2048k). Using the size in the binary image header.[0m
[0;32mI (572) main_task: Started on CPU0[0m
[0;32mI (582) main_task: Calling app_main()[0m
[0;32mI (582) gpio: GPIO[12]| InputEn: 0| OutputEn: 1| OpenDrain: 0| Pullup: 0| Pulldown: 0| Intr:0 [0m
[0;32mI (582) gpio: GPIO[14]| InputEn: 0| OutputEn: 1| OpenDrain: 0| Pullup: 0| Pulldown: 0| Intr:0 [0m
[0;32mI (592) gpio: GPIO[26]| InputEn: 0| OutputEn: 1| OpenDrain: 0| Pullup: 0| Pulldown: 0| Intr:0 [0m
[0;32mI (602) gpio: GPIO[27]| InputEn: 0| OutputEn: 1| OpenDrain: 0| Pullup: 0| Pulldown: 0| Intr:0 [0m
[0;32mI (612) gpio: GPIO[32]| InputEn: 1| OutputEn: 0| OpenDrain: 0| Pullup: 1| Pulldown: 0| Intr:3 [0m
[0;32mI (622) gpio: GPIO[33]| InputEn: 1| OutputEn: 0| OpenDrain: 0| Pullup: 1| Pulldown: 0| Intr:3 [0m
[0;32mI (662) wifi_station_netif: ESP_WIFI_MODE_STA[0m
[0;32mI (672) wifi:wifi driver task: 3ffc376c, prio:23, stack:6656, core=0[0m
[0;32mI (682) wifi:wifi firmware version: 82d80cd[0m
[0;32mI (682) wifi:wifi certification version: v7.0[0m
[0;32mI (682) wifi:config NVS flash: enabled[0m
[0;32mI (682) wifi:config nano formating: disabled[0m
[0;32mI (692) wifi:Init data frame dynamic rx buffer num: 32[0m
[0;32mI (692) wifi:Init static rx mgmt buffer num: 5[0m
[0;32mI (702) wifi:Init management short buffer num: 32[0m
[0;32mI (702) wifi:Init dynamic tx buffer num: 32[0m
[0;32mI (702) wifi:Init static rx buffer size: 1600[0m
[0;32mI (712) wifi:Init static rx buffer num: 10[0m
[0;32mI (712) wifi:Init dynamic rx buffer num: 32[0m
[0;32mI (722) wifi_init: rx ba win: 6[0m
[0;32mI (722) wifi_init: tcpip mbox: 32[0m
[0;32mI (722) wifi_init: udp mbox: 6[0m
[0;32mI (732) wifi_init: tcp mbox: 6[0m
[0;32mI (732) wifi_init: tcp tx win: 5760[0m
[0;32mI (742) wifi_init: tcp rx win: 5760[0m
[0;32mI (742) wifi_init: tcp mss: 1440[0m
[0;32mI (742) wifi_init: WiFi IRAM OP enabled[0m
[0;32mI (752) wifi_init: WiFi RX IRAM OP enabled[0m
[0;33mW (752) wifi:Password length matches WPA2 standards, authmode threshold changes from OPEN to WPA2[0m
[0;32mI (762) phy_init: phy_version 4861,b71b5ad,Aug  5 2025,11:16:06[0m
[0;32mI (852) wifi:mode : sta (ec:e3:34:48:40:44)[0m
[0;32mI (852) wifi:enable tsf[0m
[0;32mI (852) wifi_station_netif: wifi_init_sta finished.[0m
[0;32mI (872) wifi:new:<8,1>, old:<1,0>, ap:<255,255>, sta:<8,1>, prof:1[0m
[0;32mI (872) wifi:state: init -> auth (b0)[0m
[0;32mI (882) wifi:state: auth -> assoc (0)[0m
[0;32mI (902) wifi:state: assoc -> run (10)[0m
[0;32mI (1012) wifi:connected with VP23_Sucupira, aid = 18, channel 8, 40U, bssid = 58:d3:12:8b:3d:10[0m
[0;32mI (1012) wifi:security: WPA2-PSK, phy: bgn, rssi: -55[0m
[0;32mI (1012) wifi:pm start, type: 1[0m

[0;32mI (1012) wifi:dp: 1, bi: 102400, li: 3, scale listen interval from 307200 us to 307200 us[0m
[0;32mI (1022) wifi:AP's beacon interval = 102400 us, DTIM period = 1[0m
[0;32mI (3182) wifi:<ba-add>idx:0 (ifx:0, 58:d3:12:8b:3d:10), tid:0, ssn:3, winSize:64[0m
[0;32mI (4032) esp_netif_handlers: sta ip: 192.168.1.23, mask: 255.255.255.0, gw: 192.168.1.1[0m
[0;32mI (4032) wifi_station_netif: got ip:192.168.1.23[0m
[0;32mI (4032) wifi_station_netif: connected to ap SSID:VP23_Sucupira password:32903766[0m
[0;32mI (4042) wifi:Set ps type: 0, coexist: 0[0m

