�Jul 29 2019 12:21:46

rst:0x1 (POWERON_REets Jul 29 2019 12:21:46

rst:0x1 (POWERON_RESET),boot:0x13 (SPI_FAST_FLASH_BOOT)
configsip: 0, SPIWP:0xee
clk_drv:0x00,q_drv:0x00,d_drv:0x00,cs0_drv:0x00,hd_drv:0x00,wp_drv:0x00
mode:DIO, clock div:2
load:0x3fff0030,len:7172
load:0x40078000,len:15632
ho 0 tail 12 room 4
load:0x40080400,len:4
load:0x40080404,len:3904
entry 0x40080640
[0;32mI (31) boot: ESP-IDF v5.2.6-224-g72d06017df 2nd stage bootloader[0m
[0;32mI (31) boot: compile time Nov 28 2025 21:50:15[0m
[0;32mI (33) boot: Multicore bootloader[0m
[0;32mI (37) boot: chip revision: v3.1[0m
[0;32mI (41) boot.esp32: SPI Speed      : 40MHz[0m
[0;32mI (45) boot.esp32: SPI Mode       : DIO[0m
[0;32mI (50) boot.esp32: SPI Flash Size : 2MB[0m
[0;32mI (54) boot: Enabling RNG early entropy source...[0m
[0;32mI (60) boot: Partition Table:[0m
[0;32mI (63) boot: ## Label            Usage          Type ST Offset   Length[0m
[0;32mI (71) boot:  0 nvs              WiFi data        01 02 00009000 00006000[0m
[0;32mI (78) boot:  1 phy_init         RF data          01 01 0000f000 00001000[0m
[0;32mI (86) boot:  2 factory          factory app      00 00 00010000 00100000[0m
[0;32mI (93) boot: End of partition table[0m
[0;32mI (97) esp_image: segment 0: paddr=00010020 vaddr=3f400020 size=1ac50h (109648) map[0m
[0;32mI (143) esp_image: segment 1: paddr=0002ac78 vaddr=3ffb0000 size=046cch ( 18124) load[0m
[0;32mI (150) esp_image: segment 2: paddr=0002f34c vaddr=40080000 size=00ccch (  3276) load[0m
[0;32mI (152) esp_image: segment 3: paddr=00030020 vaddr=400d0020 size=93ca8h (605352) map[0m
[0;32mI (365) esp_image: segment 4: paddr=000c3cd0 vaddr=40080ccc size=16870h ( 92272) load[0m
[0;32mI (413) boot: Loaded app from partition at offset 0x10000[0m
[0;32mI (413) boot: Disabling RNG early entropy source...[0m
[0;32mI (425) cpu_start: Multicore app[0m
[0;32mI (434) cpu_start: Pro cpu start user code[0m
[0;32mI (434) cpu_start: cpu freq: 160000000 Hz[0m
[0;32mI (434) cpu_start: Application information:[0m
[0;32mI (437) cpu_start: Project name:     esp32_robot_firmware[0m
[0;32mI (443) cpu_start: App version:      e18ea92[0m
[0;32mI (448) cpu_start: Compile time:     Dec 12 2025 10:43:53[0m
[0;32mI (454) cpu_start: ELF file SHA256:  aa25e10f1...[0m
[0;32mI (460) cpu_start: ESP-IDF:          v5.2.6-224-g72d06017df[0m
[0;32mI (466) cpu_start: Min chip rev:     v0.0[0m
[0;32mI (470) cpu_start: Max chip rev:     v3.99 [0m
[0;32mI (475) cpu_start: Chip rev:         v3.1[0m
[0;32mI (480) heap_init: Initializing. RAM available for dynamic allocation:[0m
[0;32mI (487) heap_init: At 3FFAE6E0 len 00001920 (6 KiB): DRAM[0m
[0;32mI (493) heap_init: At 3FFBB438 len 00024BC8 (146 KiB): DRAM[0m
[0;32mI (500) heap_init: At 3FFE0440 len 00003AE0 (14 KiB): D/IRAM[0m
[0;32mI (506) heap_init: At 3FFE4350 len 0001BCB0 (111 KiB): D/IRAM[0m
[0;32mI (512) heap_init: At 4009753C len 00008AC4 (34 KiB): IRAM[0m
[0;32mI (520) spi_flash: detected chip: generic[0m
[0;32mI (523) spi_flash: flash io: dio[0m
[0;33mW (527) spi_flash: Detected size(4096k) larger than the size in the binary image header(2048k). Using the size in the binary image header.[0m
[0;32mI (541) main_task: Started on CPU0[0m
[0;32mI (551) main_task: Calling app_main()[0m
[0;32mI (551) gpio: GPIO[12]| InputEn: 0| OutputEn: 1| OpenDrain: 0| Pullup: 0| Pulldown: 0| Intr:0 [0m
[0;32mI (551) gpio: GPIO[14]| InputEn: 0| OutputEn: 1| OpenDrain: 0| Pullup: 0| Pulldown: 0| Intr:0 [0m
[0;32mI (561) gpio: GPIO[26]| InputEn: 0| OutputEn: 1| OpenDrain: 0| Pullup: 0| Pulldown: 0| Intr:0 [0m
[0;32mI (571) gpio: GPIO[27]| InputEn: 0| OutputEn: 1| OpenDrain: 0| Pullup: 0| Pulldown: 0| Intr:0 [0m
[0;32mI (581) gpio: GPIO[32]| InputEn: 1| OutputEn: 0| OpenDrain: 0| Pullup: 1| Pulldown: 0| Intr:3 [0m
[0;32mI (591) gpio: GPIO[33]| InputEn: 1| OutputEn: 0| OpenDrain: 0| Pullup: 1| Pulldown: 0| Intr:3 [0m

=== MODO OPERACIONAL (SEM DEBOUNCE + CONSTANTE CORRIGIDA) ===
Constante atual: 0.00101833 (Valor Físico Real)
[0;32mI (631) wifi_station_netif: ESP_WIFI_MODE_STA[0m
[0;32mI (641) wifi:wifi driver task: 3ffc3798, prio:23, stack:6656, core=0[0m
[0;32mI (651) wifi:wifi firmware version: 82d80cd[0m
[0;32mI (651) wifi:wifi certification version: v7.0[0m
[0;32mI (651) wifi:config NVS flash: enabled[0m
[0;32mI (651) wifi:config nano formating: disabled[0m
[0;32mI (651) wifi:Init data frame dynamic rx buffer num: 32[0m
[0;32mI (661) wifi:Init static rx mgmt buffer num: 5[0m
[0;32mI (661) wifi:Init management short buffer num: 32[0m
[0;32mI (671) wifi:Init dynamic tx buffer num: 32[0m
[0;32mI (671) wifi:Init static rx buffer size: 1600[0m
[0;32mI (671) wifi:Init static rx buffer num: 10[0m
[0;32mI (681) wifi:Init dynamic rx buffer num: 32[0m
[0;32mI (681) wifi_init: rx ba win: 6[0m
[0;32mI (691) wifi_init: tcpip mbox: 32[0m
[0;32mI (691) wifi_init: udp mbox: 6[0m
[0;32mI (691) wifi_init: tcp mbox: 6[0m
[0;32mI (701) wifi_init: tcp tx win: 5760[0m
[0;32mI (701) wifi_init: tcp rx win: 5760[0m
[0;32mI (711) wifi_init: tcp mss: 1440[0m
[0;32mI (711) wifi_init: WiFi IRAM OP enabled[0m
[0;32mI (711) wifi_init: WiFi RX IRAM OP enabled[0m
[0;33mW (721) wifi:Password length matches WPA2 standards, authmode threshold changes from OPEN to WPA2[0m
[0;32mI (731) phy_init: phy_version 4861,b71b5ad,Aug  5 2025,11:16:06[0m
[0;32mI (821) wifi:mode : sta (ec:e3:34:48:40:44)[0m
[0;32mI (821) wifi:enable tsf[0m
[0;32mI (821) wifi_station_netif: wifi_init_sta finished.[0m
[0;32mI (841) wifi:new:<11,0>, old:<1,0>, ap:<255,255>, sta:<11,0>, prof:1[0m
[0;32mI (841) wifi:state: init -> auth (b0)[0m
[0;32mI (1841) wifi:state: auth -> init (200)[0m
[0;32mI (1851) wifi:new:<11,0>, old:<11,0>, ap:<255,255>, sta:<11,0>, prof:1[0m
[0;32mI (1851) wifi_station_netif: retry to connect to the AP[0m
[0;32mI (1851) wifi_station_netif: connect to the AP fail[0m
[0;32mI (4271) wifi_station_netif: retry to connect to the AP[0m
[0;32mI (4271) wifi_station_netif: connect to the AP fail[0m
[0;32mI (4271) wifi:new:<11,0>, old:<11,0>, ap:<255,255>, sta:<11,0>, prof:1[0m
[0;32mI (4271) wifi:state: init -> auth (b0)[0m
[0;32mI (4291) wifi:state: auth -> assoc (0)[0m
[0;32mI (4311) wifi:state: assoc -> run (10)[0m
[0;32mI (4331) wifi:connected with Calebe, aid = 2, channel 11, BW20, bssid = ce:8a:02:0f:1e:58[0m
[0;32mI (4331) wifi:security: WPA2-PSK, phy: bgn, rssi: -36[0m
[0;32mI (4341) wifi:pm start, type: 1[0m

[0;32mI (4341) wifi:dp: 1, bi: 102400, li: 3, scale listen interval from 307200 us to 307200 us[0m
[0;32mI (4411) wifi:dp: 2, bi: 102400, li: 4, scale listen interval from 307200 us to 409600 us[0m
[0;32mI (4411) wifi:AP's beacon interval = 102400 us, DTIM period = 2[0m
[0;32mI (5351) esp_netif_handlers: sta ip: 10.250.183.207, mask: 255.255.255.0, gw: 10.250.183.108[0m
[0;32mI (5351) wifi_station_netif: got ip:10.250.183.207[0m
[0;32mI (5351) wifi_station_netif: connected to ap SSID:Calebe password:88111447[0m
[0;32mI (5361) wifi:Set ps type: 0, coexist: 0[0m

[0;32mI (5381) wifi:<ba-add>idx:0 (ifx:0, ce:8a:02:0f:1e:58), tid:0, ssn:3, winSize:64[0m

=== PRONTO PARA RODAR (0.2 a 1.0 m/s) ===
E: Tgt=0.20 Cur=0.00 PWM=0.70 Ticks=0 | D: Tgt=0.20 Cur=0.00 PWM=0.66 Ticks=0
E: Tgt=0.20 Cur=0.26 PWM=0.60 Ticks=151 | D: Tgt=0.20 Cur=0.24 PWM=0.56 Ticks=131
E: Tgt=0.20 Cur=0.33 PWM=0.53 Ticks=10 | D: Tgt=0.20 Cur=0.31 PWM=0.50 Ticks=10
E: Tgt=0.20 Cur=0.48 PWM=0.46 Ticks=35 | D: Tgt=0.20 Cur=0.46 PWM=0.43 Ticks=34
E: Tgt=0.20 Cur=0.20 PWM=0.60 Ticks=11 | D: Tgt=0.20 Cur=0.18 PWM=0.57 Ticks=7
E: Tgt=0.20 Cur=0.19 PWM=0.61 Ticks=9 | D: Tgt=0.20 Cur=0.17 PWM=0.58 Ticks=9
E: Tgt=0.20 Cur=0.16 PWM=0.62 Ticks=7 | D: Tgt=0.20 Cur=0.15 PWM=0.58 Ticks=8
E: Tgt=0.20 Cur=0.53 PWM=0.44 Ticks=43 | D: Tgt=0.20 Cur=0.48 PWM=0.42 Ticks=39
E: Tgt=0.20 Cur=0.47 PWM=0.46 Ticks=10 | D: Tgt=0.20 Cur=0.42 PWM=0.45 Ticks=7
E: Tgt=0.20 Cur=0.22 PWM=0.59 Ticks=5 | D: Tgt=0.20 Cur=0.20 PWM=0.56 Ticks=6
E: Tgt=0.20 Cur=0.25 PWM=0.57 Ticks=12 | D: Tgt=0.20 Cur=0.24 PWM=0.54 Ticks=11
E: Tgt=0.20 Cur=0.23 PWM=0.58 Ticks=11 | D: Tgt=0.20 Cur=0.21 PWM=0.55 Ticks=12
E: Tgt=0.20 Cur=0.18 PWM=0.61 Ticks=10 | D: Tgt=0.20 Cur=0.17 PWM=0.57 Ticks=11
E: Tgt=0.00 Cur=0.09 PWM=0.00 Ticks=0 | D: Tgt=0.00 Cur=0.08 PWM=0.00 Ticks=0
E: Tgt=0.50 Cur=0.41 PWM=0.80 Ticks=26 | D: Tgt=0.50 Cur=0.34 PWM=0.81 Ticks=19
E: Tgt=0.50 Cur=0.22 PWM=0.89 Ticks=4 | D: Tgt=0.50 Cur=0.22 PWM=0.86 Ticks=5
E: Tgt=0.50 Cur=0.27 PWM=0.87 Ticks=13 | D: Tgt=0.50 Cur=0.25 PWM=0.85 Ticks=12
E: Tgt=0.50 Cur=0.66 PWM=0.67 Ticks=15 | D: Tgt=0.50 Cur=0.58 PWM=0.68 Ticks=11
E: Tgt=0.50 Cur=0.28 PWM=0.86 Ticks=19 | D: Tgt=0.50 Cur=0.25 PWM=0.85 Ticks=16
E: Tgt=0.50 Cur=0.41 PWM=0.79 Ticks=20 | D: Tgt=0.50 Cur=0.37 PWM=0.79 Ticks=18
E: Tgt=0.50 Cur=0.22 PWM=0.89 Ticks=6 | D: Tgt=0.50 Cur=0.20 PWM=0.87 Ticks=6
