��29 2019 12:21:46

rst:0x1 (POWERON_RESET)�ets Jul 29 2019 12:21:46

rst:0x1 (POWERON_RESET),boot:0x13 (SPI_FAST_FLASH_BOOT)
configsip: 0, SPIWP:0xee
clk_drv:0x00,q_drv:0x00,d_drv:0x00,cs0_drv:0x00,hd_drv:0x00,wp_drv:0x00
mode:DIO, clock div:2
load:0x3fff0030,len:7172
load:0x40078000,len:15632
ho 0 tail 12 room 4
load:0x40080400,len:4
load:0x40080404,len:3904
entry 0x40080640
[0;32mI (31) boot: ESP-IDF v5.2.6-224-g72d06017df 2nd stage bootloader[0m
[0;32mI (31) boot: compile time Nov 28 2025 21:50:15[0m
[0;32mI (33) boot: Multicore bootloader[0m
[0;32mI (37) boot: chip revision: v3.1[0m
[0;32mI (41) boot.esp32: SPI Speed      : 40MHz[0m
[0;32mI (45) boot.esp32: SPI Mode       : DIO[0m
[0;32mI (50) boot.esp32: SPI Flash Size : 2MB[0m
[0;32mI (54) boot: Enabling RNG early entropy source...[0m
[0;32mI (60) boot: Partition Table:[0m
[0;32mI (63) boot: ## Label            Usage          Type ST Offset   Length[0m
[0;32mI (71) boot:  0 nvs              WiFi data        01 02 00009000 00006000[0m
[0;32mI (78) boot:  1 phy_init         RF data          01 01 0000f000 00001000[0m
[0;32mI (86) boot:  2 factory          factory app      00 00 00010000 00100000[0m
[0;32mI (93) boot: End of partition table[0m
[0;32mI (97) esp_image: segment 0: paddr=00010020 vaddr=3f400020 size=1ae70h (110192) map[0m
[0;32mI (143) esp_image: segment 1: paddr=0002ae98 vaddr=3ffb0000 size=0466ch ( 18028) load[0m
[0;32mI (150) esp_image: segment 2: paddr=0002f50c vaddr=40080000 size=00b0ch (  2828) load[0m
[0;32mI (152) esp_image: segment 3: paddr=00030020 vaddr=400d0020 size=9400ch (606220) map[0m
[0;32mI (365) esp_image: segment 4: paddr=000c4034 vaddr=40080b0c size=16a90h ( 92816) load[0m
[0;32mI (414) boot: Loaded app from partition at offset 0x10000[0m
[0;32mI (414) boot: Disabling RNG early entropy source...[0m
[0;32mI (425) cpu_start: Multicore app[0m
[0;32mI (435) cpu_start: Pro cpu start user code[0m
[0;32mI (435) cpu_start: cpu freq: 160000000 Hz[0m
[0;32mI (435) cpu_start: Application information:[0m
[0;32mI (438) cpu_start: Project name:     esp32_robot_firmware[0m
[0;32mI (444) cpu_start: App version:      e18ea92[0m
[0;32mI (449) cpu_start: Compile time:     Dec 24 2025 13:23:00[0m
[0;32mI (455) cpu_start: ELF file SHA256:  1390e4f1c...[0m
[0;32mI (460) cpu_start: ESP-IDF:          v5.2.6-224-g72d06017df[0m
[0;32mI (467) cpu_start: Min chip rev:     v0.0[0m
[0;32mI (471) cpu_start: Max chip rev:     v3.99 [0m
[0;32mI (476) cpu_start: Chip rev:         v3.1[0m
[0;32mI (481) heap_init: Initializing. RAM available for dynamic allocation:[0m
[0;32mI (488) heap_init: At 3FFAE6E0 len 00001920 (6 KiB): DRAM[0m
[0;32mI (494) heap_init: At 3FFBB438 len 00024BC8 (146 KiB): DRAM[0m
[0;32mI (500) heap_init: At 3FFE0440 len 00003AE0 (14 KiB): D/IRAM[0m
[0;32mI (507) heap_init: At 3FFE4350 len 0001BCB0 (111 KiB): D/IRAM[0m
[0;32mI (513) heap_init: At 4009759C len 00008A64 (34 KiB): IRAM[0m
[0;32mI (521) spi_flash: detected chip: generic[0m
[0;32mI (524) spi_flash: flash io: dio[0m
[0;33mW (528) spi_flash: Detected size(4096k) larger than the size in the binary image header(2048k). Using the size in the binary image header.[0m
[0;32mI (542) main_task: Started on CPU0[0m
[0;32mI (552) main_task: Calling app_main()[0m
[0;32mI (552) gpio: GPIO[12]| InputEn: 0| OutputEn: 1| OpenDrain: 0| Pullup: 0| Pulldown: 0| Intr:0 [0m
[0;32mI (552) gpio: GPIO[14]| InputEn: 0| OutputEn: 1| OpenDrain: 0| Pullup: 0| Pulldown: 0| Intr:0 [0m
[0;32mI (562) gpio: GPIO[26]| InputEn: 0| OutputEn: 1| OpenDrain: 0| Pullup: 0| Pulldown: 0| Intr:0 [0m
[0;32mI (572) gpio: GPIO[27]| InputEn: 0| OutputEn: 1| OpenDrain: 0| Pullup: 0| Pulldown: 0| Intr:0 [0m
[0;32mI (582) gpio: GPIO[32]| InputEn: 1| OutputEn: 0| OpenDrain: 0| Pullup: 1| Pulldown: 0| Intr:3 [0m
[0;32mI (592) gpio: GPIO[33]| InputEn: 1| OutputEn: 0| OpenDrain: 0| Pullup: 1| Pulldown: 0| Intr:3 [0m


======================================================
=== ATENÇÃO: MODO DE CALIBRAÇÃO ATIVADO ===
O robô vai andar por 1 segundo.
Prepare-se para medir a distância real percorrida.
======================================================

Iniciando em 5...
Iniciando em 4...
Iniciando em 3...
Iniciando em 2...
Iniciando em 1...
>>> EXECUTANDO MOVIMENTO >>>

=== RESULTADOS FINAIS DA CALIBRAÇÃO ===
Ticks Esquerda: 193
Ticks Direita:  201
Média Ticks:    197.00
Dist. Estimada: 0.2009 metros
----------------------------------------
PARA CALIBRAR: Meça a distância REAL no chão.
NOVO VALOR = (DIST_REAL / 197.00)
----------------------------------------

Conectando ao Agente micro-ROS...
[0;32mI (8712) wifi_station_netif: ESP_WIFI_MODE_STA[0m
[0;32mI (8722) wifi:wifi driver task: 3ffc383c, prio:23, stack:6656, core=0[0m
[0;32mI (8732) wifi:wifi firmware version: 82d80cd[0m
[0;32mI (8732) wifi:wifi certification version: v7.0[0m
[0;32mI (8732) wifi:config NVS flash: enabled[0m
[0;32mI (8732) wifi:config nano formating: disabled[0m
[0;32mI (8742) wifi:Init data frame dynamic rx buffer num: 32[0m
[0;32mI (8742) wifi:Init static rx mgmt buffer num: 5[0m
[0;32mI (8752) wifi:Init management short buffer num: 32[0m
[0;32mI (8752) wifi:Init dynamic tx buffer num: 32[0m
[0;32mI (8752) wifi:Init static rx buffer size: 1600[0m
[0;32mI (8762) wifi:Init static rx buffer num: 10[0m
[0;32mI (8762) wifi:Init dynamic rx buffer num: 32[0m
[0;32mI (8772) wifi_init: rx ba win: 6[0m
[0;32mI (8772) wifi_init: tcpip mbox: 32[0m
[0;32mI (8772) wifi_init: udp mbox: 6[0m
[0;32mI (8782) wifi_init: tcp mbox: 6[0m
[0;32mI (8782) wifi_init: tcp tx win: 5760[0m
[0;32mI (8792) wifi_init: tcp rx win: 5760[0m
[0;32mI (8792) wifi_init: tcp mss: 1440[0m
[0;32mI (8792) wifi_init: WiFi IRAM OP enabled[0m
[0;32mI (8802) wifi_init: WiFi RX IRAM OP enabled[0m
[0;33mW (8812) wifi:Password length matches WPA2 standards, authmode threshold changes from OPEN to WPA2[0m
[0;32mI (8812) phy_init: phy_version 4861,b71b5ad,Aug  5 2025,11:16:06[0m
[0;32mI (8902) wifi:mode : sta (ec:e3:34:48:40:44)[0m
[0;32mI (8912) wifi:enable tsf[0m
[0;32mI (8912) wifi_station_netif: wifi_init_sta finished.[0m
[0;32mI (8932) wifi:new:<8,1>, old:<1,0>, ap:<255,255>, sta:<8,1>, prof:1[0m
[0;32mI (8932) wifi:state: init -> auth (b0)[0m
[0;32mI (8942) wifi:state: auth -> assoc (0)[0m
[0;32mI (8952) wifi:state: assoc -> run (10)[0m
[0;32mI (9062) wifi:connected with VP23_Sucupira, aid = 21, channel 8, 40U, bssid = 58:d3:12:8b:3d:10[0m
[0;32mI (9062) wifi:security: WPA2-PSK, phy: bgn, rssi: -62[0m
[0;32mI (9072) wifi:pm start, type: 1[0m

[0;32mI (9072) wifi:dp: 1, bi: 102400, li: 3, scale listen interval from 307200 us to 307200 us[0m
[0;32mI (9132) wifi:AP's beacon interval = 102400 us, DTIM period = 1[0m
[0;32mI (11192) wifi:<ba-add>idx:0 (ifx:0, 58:d3:12:8b:3d:10), tid:0, ssn:3, winSize:64[0m
[0;32mI (12082) esp_netif_handlers: sta ip: 192.168.1.19, mask: 255.255.255.0, gw: 192.168.1.1[0m
[0;32mI (12082) wifi_station_netif: got ip:192.168.1.19[0m
[0;32mI (12082) wifi_station_netif: connected to ap SSID:VP23_Sucupira password:32903766[0m
[0;32mI (12092) wifi:Set ps type: 0, coexist: 0[0m

ROS Conectado! Controle liberado.
E: Alvo=0.000 Real=0.000 PWM=0.74 | D: Alvo=0.000 Real=0.000 PWM=0.74
