H���29 2019 12:21:46

rst:0x1 (POWERON_RESE�ets Jul 29 2019 12:21:46

rst:0x1 (POWERON_RESET),boot:0x13 (SPI_FAST_FLASH_BOOT)
configsip: 0, SPIWP:0xee
clk_drv:0x00,q_drv:0x00,d_drv:0x00,cs0_drv:0x00,hd_drv:0x00,wp_drv:0x00
mode:DIO, clock div:2
load:0x3fff0030,len:7172
load:0x40078000,len:15632
ho 0 tail 12 room 4
load:0x40080400,len:4
load:0x40080404,len:3904
entry 0x40080640
[0;32mI (31) boot: ESP-IDF v5.2.6-224-g72d06017df 2nd stage bootloader[0m
[0;32mI (31) boot: compile time Nov 28 2025 21:50:15[0m
[0;32mI (33) boot: Multicore bootloader[0m
[0;32mI (37) boot: chip revision: v3.1[0m
[0;32mI (41) boot.esp32: SPI Speed      : 40MHz[0m
[0;32mI (45) boot.esp32: SPI Mode       : DIO[0m
[0;32mI (50) boot.esp32: SPI Flash Size : 2MB[0m
[0;32mI (54) boot: Enabling RNG early entropy source...[0m
[0;32mI (60) boot: Partition Table:[0m
[0;32mI (63) boot: ## Label            Usage          Type ST Offset   Length[0m
[0;32mI (71) boot:  0 nvs              WiFi data        01 02 00009000 00006000[0m
[0;32mI (78) boot:  1 phy_init         RF data          01 01 0000f000 00001000[0m
[0;32mI (86) boot:  2 factory          factory app      00 00 00010000 00100000[0m
[0;32mI (93) boot: End of partition table[0m
[0;32mI (97) esp_image: segment 0: paddr=00010020 vaddr=3f400020 size=1a7a0h (108448) map[0m
[0;32mI (143) esp_image: segment 1: paddr=0002a7c8 vaddr=3ffb0000 size=0465ch ( 18012) load[0m
[0;32mI (150) esp_image: segment 2: paddr=0002ee2c vaddr=40080000 size=011ech (  4588) load[0m
[0;32mI (152) esp_image: segment 3: paddr=00030020 vaddr=400d0020 size=9345ch (603228) map[0m
[0;32mI (364) esp_image: segment 4: paddr=000c3484 vaddr=400811ec size=163cch ( 91084) load[0m
[0;32mI (411) boot: Loaded app from partition at offset 0x10000[0m
[0;32mI (412) boot: Disabling RNG early entropy source...[0m
[0;32mI (423) cpu_start: Multicore app[0m
[0;32mI (432) cpu_start: Pro cpu start user code[0m
[0;32mI (432) cpu_start: cpu freq: 160000000 Hz[0m
[0;32mI (432) cpu_start: Application information:[0m
[0;32mI (435) cpu_start: Project name:     esp32_robot_firmware[0m
[0;32mI (442) cpu_start: App version:      a3392a5-dirty[0m
[0;32mI (447) cpu_start: Compile time:     Jan 14 2026 13:13:49[0m
[0;32mI (453) cpu_start: ELF file SHA256:  980b5b504...[0m
[0;32mI (458) cpu_start: ESP-IDF:          v5.2.6-224-g72d06017df[0m
[0;32mI (465) cpu_start: Min chip rev:     v0.0[0m
[0;32mI (469) cpu_start: Max chip rev:     v3.99 [0m
[0;32mI (474) cpu_start: Chip rev:         v3.1[0m
[0;32mI (479) heap_init: Initializing. RAM available for dynamic allocation:[0m
[0;32mI (486) heap_init: At 3FFAE6E0 len 00001920 (6 KiB): DRAM[0m
[0;32mI (492) heap_init: At 3FFBB0F8 len 00024F08 (147 KiB): DRAM[0m
[0;32mI (498) heap_init: At 3FFE0440 len 00003AE0 (14 KiB): D/IRAM[0m
[0;32mI (505) heap_init: At 3FFE4350 len 0001BCB0 (111 KiB): D/IRAM[0m
[0;32mI (511) heap_init: At 400975B8 len 00008A48 (34 KiB): IRAM[0m
[0;32mI (519) spi_flash: detected chip: generic[0m
[0;32mI (522) spi_flash: flash io: dio[0m
[0;33mW (526) spi_flash: Detected size(4096k) larger than the size in the binary image header(2048k). Using the size in the binary image header.[0m
[0;32mI (540) main_task: Started on CPU0[0m
[0;32mI (550) main_task: Calling app_main()[0m
[0;32mI (590) wifi:wifi driver task: 3ffc323c, prio:23, stack:6656, core=0[0m
[0;32mI (600) wifi:wifi firmware version: 82d80cd[0m
[0;32mI (600) wifi:wifi certification version: v7.0[0m
[0;32mI (600) wifi:config NVS flash: enabled[0m
[0;32mI (600) wifi:config nano formating: disabled[0m
[0;32mI (610) wifi:Init data frame dynamic rx buffer num: 32[0m
[0;32mI (610) wifi:Init static rx mgmt buffer num: 5[0m
[0;32mI (620) wifi:Init management short buffer num: 32[0m
[0;32mI (620) wifi:Init dynamic tx buffer num: 32[0m
[0;32mI (620) wifi:Init static rx buffer size: 1600[0m
[0;32mI (630) wifi:Init static rx buffer num: 10[0m
[0;32mI (630) wifi:Init dynamic rx buffer num: 32[0m
[0;32mI (640) wifi_init: rx ba win: 6[0m
[0;32mI (640) wifi_init: tcpip mbox: 32[0m
[0;32mI (640) wifi_init: udp mbox: 6[0m
[0;32mI (650) wifi_init: tcp mbox: 6[0m
[0;32mI (650) wifi_init: tcp tx win: 5760[0m
[0;32mI (660) wifi_init: tcp rx win: 5760[0m
[0;32mI (660) wifi_init: tcp mss: 1440[0m
[0;32mI (660) wifi_init: WiFi IRAM OP enabled[0m
[0;32mI (670) wifi_init: WiFi RX IRAM OP enabled[0m
[0;33mW (670) wifi:Password length matches WPA2 standards, authmode threshold changes from OPEN to WPA2[0m
[0;32mI (700) phy_init: phy_version 4861,b71b5ad,Aug  5 2025,11:16:06[0m
[0;32mI (780) phy_init: Saving new calibration data due to checksum failure or outdated calibration data, mode(0)[0m
[0;32mI (810) wifi:mode : sta (ec:e3:34:48:40:44)[0m
[0;32mI (810) wifi:enable tsf[0m
[0;32mI (810) gpio: GPIO[12]| InputEn: 0| OutputEn: 1| OpenDrain: 0| Pullup: 0| Pulldown: 0| Intr:0 [0m
[0;32mI (810) gpio: GPIO[14]| InputEn: 0| OutputEn: 1| OpenDrain: 0| Pullup: 0| Pulldown: 0| Intr:0 [0m
[0;32mI (830) wifi:new:<11,0>, old:<1,0>, ap:<255,255>, sta:<11,0>, prof:1[0m
[0;32mI (830) wifi:state: init -> auth (b0)[0m
[0;32mI (830) gpio: GPIO[26]| InputEn: 0| OutputEn: 1| OpenDrain: 0| Pullup: 0| Pulldown: 0| Intr:0 [0m
[0;32mI (1340) gpio: GPIO[27]| InputEn: 0| OutputEn: 1| OpenDrain: 0| Pullup: 0| Pulldown: 0| Intr:0 [0m
[0;32mI (1340) gpio: GPIO[32]| InputEn: 1| OutputEn: 0| OpenDrain: 0| Pullup: 1| Pulldown: 0| Intr:1 [0m
[0;32mI (1350) gpio: GPIO[33]| InputEn: 1| OutputEn: 0| OpenDrain: 0| Pullup: 1| Pulldown: 0| Intr:1 [0m
[0;32mI (1760) main_task: Returned from app_main()[0m
[0;32mI (1770) wifi:state: auth -> assoc (0)[0m
[0;32mI (1780) wifi:state: assoc -> run (10)[0m
[0;32mI (1800) wifi:connected with teste, aid = 2, channel 11, BW20, bssid = b8:1e:a4:18:84:ed[0m
[0;32mI (1800) wifi:security: WPA3-SAE, phy: bgn, rssi: -48[0m
[0;32mI (1810) wifi:pm start, type: 1[0m

[0;32mI (1810) wifi:dp: 1, bi: 102400, li: 3, scale listen interval from 307200 us to 307200 us[0m
[0;32mI (1850) wifi:dp: 2, bi: 102400, li: 4, scale listen interval from 307200 us to 409600 us[0m
[0;32mI (1850) wifi:AP's beacon interval = 102400 us, DTIM period = 2[0m
[0;32mI (4940) wifi:<ba-add>idx:0 (ifx:0, b8:1e:a4:18:84:ed), tid:0, ssn:1, winSize:64[0m
[0;32mI (5810) esp_netif_handlers: sta ip: 10.42.0.231, mask: 255.255.255.0, gw: 10.42.0.1[0m
ul 29 2019 12:21:46

rst:0x1 (POWERON_RESET),boot:0x13 (SPI_FAST_FLASH_BOOT)
configsip: 0, SPIWP:0xee
clk_drv:0x00,q_drv:0x00,d_drv:0x00,cs0_drv:0x00,hd_drv:0x00,wp_drv:0x00
mode:DIO, clock div:2
load:0x3fff0030,len:7172
load:0x40078000,len:15632
ho 0 tail 12 room 4
load:0x40080400,len:4
load:0x40080404,len:3904
entry 0x40080640
[0;32mI (61) boot: ESP-IDF v5.2.6-224-g72d06017df 2nd stage bootloader[0m
[0;32mI (61) boot: compile time Nov 28 2025 21:50:15[0m
[0;32mI (63) boot: Multicore bootloader[0m
[0;32mI (68) boot: chip revision: v3.1[0m
[0;32mI (71) boot.esp32: SPI Speed      : 40MHz[0m
[0;32mI (76) boot.esp32: SPI Mode       : DIO[0m
[0;32mI (80) boot.esp32: SPI Flash Size : 2MB[0m
[0;32mI (85) boot: Enabling RNG early entropy source...[0m
[0;32mI (90) boot: Partition Table:[0m
[0;32mI (94) boot: ## Label            Usage          Type ST Offset   Length[0m
[0;32mI (101) boot:  0 nvs              WiFi data        01 02 00009000 00006000[0m
[0;32mI (109) boot:  1 phy_init         RF data          01 01 0000f000 00001000[0m
[0;32mI (116) boot:  2 factory          factory app      00 00 00010000 00100000[0m
[0;32mI (124) boot: End of partition table[0m
[0;32mI (128) esp_image: segment 0: paddr=00010020 vaddr=3f400020 size=1a7a0h (108448) map[0m
[0;32mI (174) esp_image: segment 1: paddr=0002a7c8 vaddr=3ffb0000 size=0465ch ( 18012) load[0m
[0;32mI (181) esp_image: segment 2: paddr=0002ee2c vaddr=40080000 size=011ech (  4588) load[0m
[0;32mI (183) esp_image: segment 3: paddr=00030020 vaddr=400d0020 size=9345ch (603228) map[0m
[0;32mI (395) esp_image: segment 4: paddr=000c3484 vaddr=400811ec size=163cch ( 91084) load[0m
[0;32mI (443) boot: Loaded app from partition at offset 0x10000[0m
[0;32mI (443) boot: Disabling RNG early entropy source...[0m
[0;32mI (454) cpu_start: Multicore app[0m
[0;32mI (464) cpu_start: Pro cpu start user code[0m
[0;32mI (464) cpu_start: cpu freq: 160000000 Hz[0m
[0;32mI (464) cpu_start: Application information:[0m
[0;32mI (467) cpu_start: Project name:     esp32_robot_firmware[0m
[0;32mI (473) cpu_start: App version:      a3392a5-dirty[0m
[0;32mI (478) cpu_start: Compile time:     Jan 14 2026 13:13:49[0m
[0;32mI (484) cpu_start: ELF file SHA256:  980b5b504...[0m
[0;32mI (490) cpu_start: ESP-IDF:          v5.2.6-224-g72d06017df[0m
[0;32mI (496) cpu_start: Min chip rev:     v0.0[0m
[0;32mI (501) cpu_start: Max chip rev:     v3.99 [0m
[0;32mI (505) cpu_start: Chip rev:         v3.1[0m
[0;32mI (510) heap_init: Initializing. RAM available for dynamic allocation:[0m
[0;32mI (518) heap_init: At 3FFAE6E0 len 00001920 (6 KiB): DRAM[0m
[0;32mI (523) heap_init: At 3FFBB0F8 len 00024F08 (147 KiB): DRAM[0m
[0;32mI (530) heap_init: At 3FFE0440 len 00003AE0 (14 KiB): D/IRAM[0m
[0;32mI (536) heap_init: At 3FFE4350 len 0001BCB0 (111 KiB): D/IRAM[0m
[0;32mI (542) heap_init: At 400975B8 len 00008A48 (34 KiB): IRAM[0m
[0;32mI (550) spi_flash: detected chip: generic[0m
[0;32mI (553) spi_flash: flash io: dio[0m
[0;33mW (557) spi_flash: Detected size(4096k) larger than the size in the binary image header(2048k). Using the size in the binary image header.[0m
[0;32mI (571) main_task: Started on CPU0[0m
[0;32mI (581) main_task: Calling app_main()[0m
[0;32mI (621) wifi:wifi driver task: 3ffc323c, prio:23, stack:6656, core=0[0m
[0;32mI (631) wifi:wifi firmware version: 82d80cd[0m
[0;32mI (631) wifi:wifi certification version: v7.0[0m
[0;32mI (631) wifi:config NVS flash: enabled[0m
[0;32mI (631) wifi:config nano formating: disabled[0m
[0;32mI (641) wifi:Init data frame dynamic rx buffer num: 32[0m
[0;32mI (641) wifi:Init static rx mgmt buffer num: 5[0m
[0;32mI (651) wifi:Init management short buffer num: 32[0m
[0;32mI (651) wifi:Init dynamic tx buffer num: 32[0m
[0;32mI (651) wifi:Init static rx buffer size: 1600[0m
[0;32mI (661) wifi:Init static rx buffer num: 10[0m
[0;32mI (661) wifi:Init dynamic rx buffer num: 32[0m
[0;32mI (671) wifi_init: rx ba win: 6[0m
[0;32mI (671) wifi_init: tcpip mbox: 32[0m
[0;32mI (671) wifi_init: udp mbox: 6[0m
[0;32mI (681) wifi_init: tcp mbox: 6[0m
[0;32mI (681) wifi_init: tcp tx win: 5760[0m
[0;32mI (691) wifi_init: tcp rx win: 5760[0m
[0;32mI (691) wifi_init: tcp mss: 1440[0m
[0;32mI (691) wifi_init: WiFi IRAM OP enabled[0m
[0;32mI (701) wifi_init: WiFi RX IRAM OP enabled[0m
[0;33mW (701) wifi:Password length matches WPA2 standards, authmode threshold changes from OPEN to WPA2[0m
[0;32mI (711) phy_init: phy_version 4861,b71b5ad,Aug  5 2025,11:16:06[0m
[0;32mI (801) wifi:mode : sta (ec:e3:34:48:40:44)[0m
[0;32mI (801) wifi:enable tsf[0m
[0;32mI (811) gpio: GPIO[12]| InputEn: 0| OutputEn: 1| OpenDrain: 0| Pullup: 0| Pulldown: 0| Intr:0 [0m
[0;32mI (811) wifi:new:<11,0>, old:<1,0>, ap:<255,255>, sta:<11,0>, prof:1[0m
[0;32mI (821) wifi:state: init -> auth (b0)[0m
[0;32mI (1321) gpio: GPIO[14]| InputEn: 0| OutputEn: 1| OpenDrain: 0| Pullup: 0| Pulldown: 0| Intr:0 [0m
[0;32mI (1331) gpio: GPIO[26]| InputEn: 0| OutputEn: 1| OpenDrain: 0| Pullup: 0| Pulldown: 0| Intr:0 [0m
[0;32mI (1331) gpio: GPIO[27]| InputEn: 0| OutputEn: 1| OpenDrain: 0| Pullup: 0| Pulldown: 0| Intr:0 [0m
[0;32mI (1341) gpio: GPIO[32]| InputEn: 1| OutputEn: 0| OpenDrain: 0| Pullup: 1| Pulldown: 0| Intr:1 [0m
[0;32mI (1351) gpio: GPIO[33]| InputEn: 1| OutputEn: 0| OpenDrain: 0| Pullup: 1| Pulldown: 0| Intr:1 [0m
[0;32mI (1361) main_task: Returned from app_main()[0m
[0;32mI (1921) wifi:state: auth -> assoc (0)[0m
[0;32mI (1981) wifi:Association refused temporarily time 1000, comeback time 1100 (TUs)[0m
[0;32mI (3101) wifi:state: assoc -> auth (b0)[0m
[0;32mI (4041) wifi:state: auth -> assoc (0)[0m
[0;32mI (4111) wifi:state: assoc -> run (10)[0m
[0;32mI (4121) wifi:connected with teste, aid = 2, channel 11, BW20, bssid = b8:1e:a4:18:84:ed[0m
[0;32mI (4121) wifi:security: WPA3-SAE, phy: bgn, rssi: -38[0m
[0;32mI (4131) wifi:pm start, type: 1[0m

[0;32mI (4131) wifi:dp: 1, bi: 102400, li: 3, scale listen interval from 307200 us to 307200 us[0m
[0;32mI (4191) wifi:dp: 2, bi: 102400, li: 4, scale listen interval from 307200 us to 409600 us[0m
[0;32mI (4191) wifi:AP's beacon interval = 102400 us, DTIM period = 2[0m
[0;32mI (5141) esp_netif_handlers: sta ip: 10.42.0.231, mask: 255.255.255.0, gw: 10.42.0.1[0m
[0;32mI (5751) wifi:<ba-add>idx:0 (ifx:0, b8:1e:a4:18:84:ed), tid:0, ssn:1, winSize:64[0m
��j

rst:0x1 (POWERON_RESET),boot:0x13 (SPI_FAST_FLASH_BOOT)
configsip: 0, SPIWP:0xee
clk_drv:0x00,q_drv:0x00,d_drv:0x00,cs0_drv:0x00,hd_drv:0x00,wp_drv:0x00
mode:DIO, clock div:2
load:0x3fff0030,len:7172
load:0x40078000,len:15632
ho 0 tail 12 room 4
load:0x40080400,len:4
load:0x40080404,len:3904
entry 0x40080640
[0;32mI (61) boot: ESP-IDF v5.2.6-224-g72d06017df 2nd stage bootloader[0m
[0;32mI (61) boot: compile time Nov 28 2025 21:50:15[0m
[0;32mI (63) boot: Multicore bootloader[0m
[0;32mI (68) boot: chip revision: v3.1[0m
[0;32mI (71) boot.esp32: SPI Speed      : 40MHz[0m
[0;32mI (76) boot.esp32: SPI Mode       : DIO[0m
[0;32mI (80) boot.esp32: SPI Flash Size : 2MB[0m
[0;32mI (85) boot: Enabling RNG early entropy source...[0m
[0;32mI (90) boot: Partition Table:[0m
[0;32mI (94) boot: ## Label            Usage          Type ST Offset   Length[0m
[0;32mI (101) boot:  0 nvs              WiFi data        01 02 00009000 00006000[0m
[0;32mI (109) boot:  1 phy_init         RF data          01 01 0000f000 00001000[0m
[0;32mI (116) boot:  2 factory          factory app      00 00 00010000 00100000[0m
[0;32mI (124) boot: End of partition table[0m
[0;32mI (128) esp_image: segment 0: paddr=00010020 vaddr=3f400020 size=1a7a0h (108448) map[0m
[0;32mI (174) esp_image: segment 1: paddr=0002a7c8 vaddr=3ffb0000 size=0465ch ( 18012) load[0m
[0;32mI (181) esp_image: segment 2: paddr=0002ee2c vaddr=40080000 size=011ech (  4588) load[0m
[0;32mI (183) esp_image: segment 3: paddr=00030020 vaddr=400d0020 size=9345ch (603228) map[0m
[0;32mI (395) esp_image: segment 4: paddr=000c3484 vaddr=400811ec size=163cch ( 91084) load[0m
[0;32mI (442) boot: Loaded app from partition at offset 0x10000[0m
[0;32mI (442) boot: Disabling RNG early entropy source...[0m
[0;32mI (454) cpu_start: Multicore app[0m
ets Jul 29 2019 12:21:46

rst:0x10 (RTCWDT_RTC_RESET),boot:0x13 (SPI_FAST_FLASH_BOOT)
configsip: 0, SPIWP:0xee
clk_drv:0x00,q_drv:0x00,d_drv:0x00,cs0_drv:0x00,hd_drv:0x00,wp_drv:0x00
mode:DIO, clock div:2
load:0x3fff0030,len:7172
load:0x40078000,len:15632
ho 0 tail 12 room 4
load:0x40080400,len:4
load:0x40080404,len:3904
entry 0x40080640
[0;32mI (32) boot: ESP-IDF v5.2.6-224-g72d06017df 2nd stage bootloader[0m
[0;32mI (32) boot: compile time Nov 28 2025 21:50:15[0m
[0;32mI (33) boot: Multicore bootloader[0m
[0;32mI (37) boot: chip revision: v3.1[0m
[0;32mI (41) boot.esp32: SPI Speed      : 40MHz[0m
[0;32mI (46) boot.esp32: SPI Mode       : DIO[0m
[0;32mI (50) boot.esp32: SPI Flash Size : 2MB[0m
[0;32mI (55) boot: Enabling RNG early entropy source...[0m
[0;32mI (60) boot: Partition Table:[0m
[0;32mI (64) boot: ## Label            Usage          Type ST Offset   Length[0m
[0;32mI (71) boot:  0 nvs              WiFi data        01 02 00009000 00006000[0m
[0;32mI (78) boot:  1 phy_init         RF data          01 01 0000f000 00001000[0m
[0;32mI (86) boot:  2 factory          factory app      00 00 00010000 00100000[0m
[0;32mI (93) boot: End of partition table[0m
[0;32mI (98) esp_image: segment 0: paddr=00010020 vaddr=3f400020 size=1a7a0h (108448) map[0m
[0;32mI (143) esp_image: segment 1: paddr=0002a7c8 vaddr=3ffb0000 size=0465ch ( 18012) load[0m
[0;32mI (150) esp_image: segment 2: paddr=0002ee2c vaddr=40080000 size=011ech (  4588) load[0m
[0;32mI (152) esp_image: segment 3: paddr=00030020 vaddr=400d0020 size=9345ch (603228) map[0m
[0;32mI (364) esp_image: segment 4: paddr=000c3484 vaddr=400811ec size=163cch ( 91084) load[0m
[0;32mI (412) boot: Loaded app from partition at offset 0x10000[0m
[0;32mI (412) boot: Disabling RNG early entropy source...[0m
[0;32mI (423) cpu_start: Multicore app[0m
[0;32mI (433) cpu_start: Pro cpu start user code[0m
[0;32mI (433) cpu_start: cpu freq: 160000000 Hz[0m
[0;32mI (433) cpu_start: Application information:[0m
[0;32mI (436) cpu_start: Project name:     esp32_robot_firmware[0m
[0;32mI (442) cpu_start: App version:      a3392a5-dirty[0m
[0;32mI (447) cpu_start: Compile time:     Jan 14 2026 13:13:49[0m
[0;32mI (453) cpu_start: ELF file SHA256:  980b5b504...[0m
[0;32mI (459) cpu_start: ESP-IDF:          v5.2.6-224-g72d06017df[0m
[0;32mI (465) cpu_start: Min chip rev:     v0.0[0m
[0;32mI (470) cpu_start: Max chip rev:     v3.99 [0m
[0;32mI (475) cpu_start: Chip rev:         v3.1[0m
[0;32mI (480) heap_init: Initializing. RAM available for dynamic allocation:[0m
[0;32mI (487) heap_init: At 3FFAE6E0 len 00001920 (6 KiB): DRAM[0m
[0;32mI (493) heap_init: At 3FFBB0F8 len 00024F08 (147 KiB): DRAM[0m
[0;32mI (499) heap_init: At 3FFE0440 len 00003AE0 (14 KiB): D/IRAM[0m
[0;32mI (505) heap_init: At 3FFE4350 len 0001BCB0 (111 KiB): D/IRAM[0m
[0;32mI (512) heap_init: At 400975B8 len 00008A48 (34 KiB): IRAM[0m
[0;32mI (519) spi_flash: detected chip: generic[0m
[0;32mI (522) spi_flash: flash io: dio[0m
[0;33mW (526) spi_flash: Detected size(4096k) larger than the size in the binary image header(2048k). Using the size in the binary image header.[0m
[0;32mI (540) main_task: Started on CPU0[0m
[0;32mI (550) main_task: Calling app_main()[0m
[0;32mI (590) wifi:wifi driver task: 3ffc323c, prio:23, stack:6656, core=0[0m
[0;32mI (600) wifi:wifi firmware version: 82d80cd[0m
[0;32mI (600) wifi:wifi certification version: v7.0[0m
[0;32mI (600) wifi:config NVS flash: enabled[0m
[0;32mI (600) wifi:config nano formating: disabled[0m
[0;32mI (610) wifi:Init data frame dynamic rx buffer num: 32[0m
[0;32mI (610) wifi:Init static rx mgmt buffer num: 5[0m
[0;32mI (620) wifi:Init management short buffer num: 32[0m
[0;32mI (620) wifi:Init dynamic tx buffer num: 32[0m
[0;32mI (620) wifi:Init static rx buffer size: 1600[0m
[0;32mI (630) wifi:Init static rx buffer num: 10[0m
[0;32mI (630) wifi:Init dynamic rx buffer num: 32[0m
[0;32mI (640) wifi_init: rx ba win: 6[0m
[0;32mI (640) wifi_init: tcpip mbox: 32[0m
[0;32mI (640) wifi_init: udp mbox: 6[0m
[0;32mI (650) wifi_init: tcp mbox: 6[0m
[0;32mI (650) wifi_init: tcp tx win: 5760[0m
[0;32mI (660) wifi_init: tcp rx win: 5760[0m
[0;32mI (660) wifi_init: tcp mss: 1440[0m
[0;32mI (660) wifi_init: WiFi IRAM OP enabled[0m
[0;32mI (670) wifi_init: WiFi RX IRAM OP enabled[0m
[0;33mW (670) wifi:Password length matches WPA2 standards, authmode threshold changes from OPEN to WPA2[0m
[0;32mI (680) phy_init: phy_version 4861,b71b5ad,Aug  5 2025,11:16:06[0m
[0;32mI (770) wifi:mode : sta (ec:e3:34:48:40:44)[0m
[0;32mI (770) wifi:enable tsf[0m
[0;32mI (780) gpio: GPIO[12]| InputEn: 0| OutputEn: 1| OpenDrain: 0| Pullup: 0| Pulldown: 0| Intr:0 [0m
[0;32mI (780) gpio: GPIO[14]| InputEn: 0| OutputEn: 1| OpenDrain: 0| Pullup: 0| Pulldown: 0| Intr:0 [0m
[0;32mI (790) gpio: GPIO[26]| InputEn: 0| OutputEn: 1| OpenDrain: 0| Pullup: 0| Pulldown: 0| Intr:0 [0m
[0;32mI (800) gpio: GPIO[27]| InputEn: 0| OutputEn: 1| OpenDrain: 0| Pullup: 0| Pulldown: 0| Intr:0 [0m
[0;32mI (810) wifi:new:<11,0>, old:<1,0>, ap:<255,255>, sta:<11,0>, prof:1[0m
[0;32mI (810) wifi:state: init -> auth (b0)[0m
[0;32mI (1320) gpio: GPIO[32]| InputEn: 1| OutputEn: 0| OpenDrain: 0| Pullup: 1| Pulldown: 0| Intr:1 [0m
[0;32mI (1320) gpio: GPIO[33]| InputEn: 1| OutputEn: 0| OpenDrain: 0| Pullup: 1| Pulldown: 0| Intr:1 [0m
[0;32mI (1740) main_task: Returned from app_main()[0m
[0;32mI (1740) wifi:state: auth -> assoc (0)[0m
[0;32mI (1750) wifi:Association refused temporarily time 1000, comeback time 1100 (TUs)[0m
[0;32mI (2880) wifi:state: assoc -> auth (b0)[0m
[0;32mI (3800) wifi:state: auth -> assoc (0)[0m
[0;32mI (3880) wifi:state: assoc -> run (10)[0m
[0;32mI (3890) wifi:connected with teste, aid = 2, channel 11, BW20, bssid = b8:1e:a4:18:84:ed[0m
[0;32mI (3890) wifi:security: WPA3-SAE, phy: bgn, rssi: -33[0m
[0;32mI (3900) wifi:pm start, type: 1[0m

[0;32mI (3900) wifi:dp: 1, bi: 102400, li: 3, scale listen interval from 307200 us to 307200 us[0m
[0;32mI (3980) wifi:dp: 2, bi: 102400, li: 4, scale listen interval from 307200 us to 409600 us[0m
[0;32mI (3980) wifi:AP's beacon interval = 102400 us, DTIM period = 2[0m
[0;32mI (4910) esp_netif_handlers: sta ip: 10.42.0.231, mask: 255.255.255.0, gw: 10.42.0.1[0m
[0;32mI (5120) wifi:<ba-add>idx:0 (ifx:0, b8:1e:a4:18:84:ed), tid:0, ssn:1, winSize:64[0m
��j

rst:0x1 (POWERON_RESET),boot:0x13 (SPI_FAST_FLASH_BOOT)
configsip: 0, SPIWP:0xee
clk_drv:0x00,q_drv:0x00,d_drv:0x00,cs0_drv:0x00,hd_drv:0x00,wp_drv:0x00
mode:DIO, clock div:2
load:0x3fff0030,len:7172
load:0x40078000,len:15632
ho 0 tail 12 room 4
load:0x40080400,len:4
load:0x40080404,len:3904
entry 0x40080640
[0;32mI (61) boot: ESP-IDF v5.2.6-224-g72d06017df 2nd stage bootloader[0m
[0;32mI (61) boot: compile time Nov 28 2025 21:50:15[0m
[0;32mI (63) boot: Multicore bootloader[0m
[0;32mI (68) boot: chip revision: v3.1[0m
[0;32mI (71) boot.esp32: SPI Speed      : 40MHz[0m
[0;32mI (76) boot.esp32: SPI Mode       : DIO[0m
[0;32mI (80) boot.esp32: SPI Flash Size : 2MB[0m
[0;32mI (85) boot: Enabling RNG early entropy source...[0m
[0;32mI (90) boot: Partition Table:[0m
[0;32mI (94) boot: ## Label            Usage          Type ST Offset   Length[0m
[0;32mI (101) boot:  0 nvs              WiFi data        01 02 00009000 00006000[0m
[0;32mI (109) boot:  1 phy_init         RF data          01 01 0000f000 00001000[0m
[0;32mI (116) boot:  2 factory          factory app      00 00 00010000 00100000[0m
[0;32mI (124) boot: End of partition table[0m
[0;32mI (128) esp_image: segment 0: paddr=00010020 vaddr=3f400020 size=1a7a0h (108448) map[0m
[0;32mI (174) esp_image: segment 1: paddr=0002a7c8 vaddr=3ffb0000 size=0465ch ( 18012) load[0m
[0;32mI (181) esp_image: segment 2: paddr=0002ee2c vaddr=40080000 size=011ech (  4588) load[0m
[0;32mI (183) esp_image: segment 3: paddr=00030020 vaddr=400d0020 size=9345ch (603228) map[0m
[0;32mI (395) esp_image: segment 4: paddr=000c3484 vaddr=400811ec size=163cch ( 91084) load[0m
[0;32mI (443) boot: Loaded app from partition at offset 0x10000[0m
[0;32mI (443) boot: Disabling RNG early entropy source...[0m
[0;32mI (454) cpu_start: Multicore app[0m
[0;32mI (464) cpu_start: Pro cpu start user code[0m
[0;32mI (464) cpu_start: cpu freq: 160000000 Hz[0m
[0;32mI (464) cpu_start: Application information:[0m
[0;32mI (467) cpu_start: Project name:     esp32_robot_firmware[0m
[0;32mI (473) cpu_start: App version:      a3392a5-dirty[0m
[0;32mI (478) cpu_start: Compile time:     Jan 14 2026 13:13:49[0m
[0;32mI (484) cpu_start: ELF file SHA256:  980b5b504...[0m
[0;32mI (490) cpu_start: ESP-IDF:          v5.2.6-224-g72d06017df[0m
[0;32mI (496) cpu_start: Min chip rev:     v0.0[0m
[0;32mI (501) cpu_start: Max chip rev:     v3.99 [0m
[0;32mI (505) cpu_start: Chip rev:         v3.1[0m
[0;32mI (510) heap_init: Initializing. RAM available for dynamic allocation:[0m
[0;32mI (518) heap_init: At 3FFAE6E0 len 00001920 (6 KiB): DRAM[0m
[0;32mI (523) heap_init: At 3FFBB0F8 len 00024F08 (147 KiB): DRAM[0m
[0;32mI (530) heap_init: At 3FFE0440 len 00003AE0 (14 KiB): D/IRAM[0m
[0;32mI (536) heap_init: At 3FFE4350 len 0001BCB0 (111 KiB): D/IRAM[0m
[0;32mI (542) heap_init: At 400975B8 len 00008A48 (34 KiB): IRAM[0m
[0;32mI (550) spi_flash: detected chip: generic[0m
[0;32mI (553) spi_flash: flash io: dio[0m
[0;33mW (557) spi_flash: Detected size(4096k) larger than the size in the binary image header(2048k). Using the size in the binary image header.[0m
[0;32mI (571) main_task: Started on CPU0[0m
[0;32mI (581) main_task: Calling app_main()[0m
[0;32mI (621) wifi:wifi driver task: 3ffc323c, prio:23, stack:6656, core=0[0m
[0;32mI (631) wifi:wifi firmware version: 82d80cd[0m
[0;32mI (631) wifi:wifi certification version: v7.0[0m
[0;32mI (631) wifi:config NVS flash: enabled[0m
[0;32mI (631) wifi:config nano formating: disabled[0m
[0;32mI (641) wifi:Init data frame dynamic rx buffer num: 32[0m
[0;32mI (641) wifi:Init static rx mgmt buffer num: 5[0m
[0;32mI (651) wifi:Init management short buffer num: 32[0m
[0;32mI (651) wifi:Init dynamic tx buffer num: 32[0m
[0;32mI (651) wifi:Init static rx buffer size: 1600[0m
[0;32mI (661) wifi:Init static rx buffer num: 10[0m
[0;32mI (661) wifi:Init dynamic rx buffer num: 32[0m
[0;32mI (671) wifi_init: rx ba win: 6[0m
[0;32mI (671) wifi_init: tcpip mbox: 32[0m
[0;32mI (671) wifi_init: udp mbox: 6[0m
[0;32mI (681) wifi_init: tcp mbox: 6[0m
[0;32mI (681) wifi_init: tcp tx win: 5760[0m
[0;32mI (691) wifi_init: tcp rx win: 5760[0m
[0;32mI (691) wifi_init: tcp mss: 1440[0m
[0;32mI (691) wifi_init: WiFi IRAM OP enabled[0m
[0;32mI (701) wifi_init: WiFi RX IRAM OP enabled[0m
[0;33mW (701) wifi:Password length matches WPA2 standards, authmode threshold changes from OPEN to WPA2[0m
[0;32mI (711) phy_init: phy_version 4861,b71b5ad,Aug  5 2025,11:16:06[0m
[0;32mI (801) wifi:mode : sta (ec:e3:34:48:40:44)[0m
[0;32mI (801) wifi:enable tsf[0m
[0;32mI (811) gpio: GPIO[12]| InputEn: 0| OutputEn: 1| OpenDrain: 0| Pullup: 0| Pulldown: 0| Intr:0 [0m
[0;32mI (811) gpio: GPIO[14]| InputEn: 0| OutputEn: 1| OpenDrain: 0| Pullup: 0| Pulldown: 0| Intr:0 [0m
[0;32mI (821) gpio: GPIO[26]| InputEn: 0| OutputEn: 1| OpenDrain: 0| Pullup: 0| Pulldown: 0| Intr:0 [0m
[0;32mI (831) gpio: GPIO[27]| InputEn: 0| OutputEn: 1| OpenDrain: 0| Pullup: 0| Pulldown: 0| Intr:0 [0m
[0;32mI (841) gpio: GPIO[32]| InputEn: 1| OutputEn: 0| OpenDrain: 0| Pullup: 1| Pulldown: 0| Intr:1 [0m
[0;32mI (851) gpio: GPIO[33]| InputEn: 1| OutputEn: 0| OpenDrain: 0| Pullup: 1| Pulldown: 0| Intr:1 [0m
[0;32mI (861) main_task: Returned from app_main()[0m
[0;32mI (891) wifi:new:<11,0>, old:<1,0>, ap:<255,255>, sta:<11,0>, prof:1[0m
[0;32mI (891) wifi:state: init -> auth (b0)[0m
[0;32mI (1821) wifi:state: auth -> assoc (0)[0m
[0;32mI (1831) wifi:Association refused temporarily time 1000, comeback time 1100 (TUs)[0m
[0;32mI (2961) wifi:state: assoc -> auth (b0)[0m
[0;32mI (3891) wifi:state: auth -> assoc (0)[0m
[0;32mI (3961) wifi:state: assoc -> run (10)[0m
[0;32mI (3981) wifi:connected with teste, aid = 2, channel 11, BW20, bssid = b8:1e:a4:18:84:ed[0m
[0;32mI (3981) wifi:security: WPA3-SAE, phy: bgn, rssi: -34[0m
[0;32mI (3981) wifi:pm start, type: 1[0m

[0;32mI (3981) wifi:dp: 1, bi: 102400, li: 3, scale listen interval from 307200 us to 307200 us[0m
[0;32mI (4061) wifi:dp: 2, bi: 102400, li: 4, scale listen interval from 307200 us to 409600 us[0m
[0;32mI (4061) wifi:AP's beacon interval = 102400 us, DTIM period = 2[0m
[0;32mI (4071) wifi:<ba-add>idx:0 (ifx:0, b8:1e:a4:18:84:ed), tid:0, ssn:1, winSize:64[0m
[0;32mI (4991) esp_netif_handlers: sta ip: 10.42.0.231, mask: 255.255.255.0, gw: 10.42.0.1[0m
