�Jul 29 2019 12:21:46

rst:0x1 (POWERON_RESets Jul 29 2019 12:21:46

rst:0x1 (POWERON_RESET),boot:0x13 (SPI_FAST_FLASH_BOOT)
configsip: 0, SPIWP:0xee
clk_drv:0x00,q_drv:0x00,d_drv:0x00,cs0_drv:0x00,hd_drv:0x00,wp_drv:0x00
mode:DIO, clock div:2
load:0x3fff0030,len:7172
load:0x40078000,len:15632
ho 0 tail 12 room 4
load:0x40080400,len:4
load:0x40080404,len:3904
entry 0x40080640
[0;32mI (31) boot: ESP-IDF v5.2.6-224-g72d06017df 2nd stage bootloader[0m
[0;32mI (31) boot: compile time Nov 28 2025 21:50:15[0m
[0;32mI (33) boot: Multicore bootloader[0m
[0;32mI (37) boot: chip revision: v3.1[0m
[0;32mI (41) boot.esp32: SPI Speed      : 40MHz[0m
[0;32mI (45) boot.esp32: SPI Mode       : DIO[0m
[0;32mI (50) boot.esp32: SPI Flash Size : 2MB[0m
[0;32mI (54) boot: Enabling RNG early entropy source...[0m
[0;32mI (60) boot: Partition Table:[0m
[0;32mI (63) boot: ## Label            Usage          Type ST Offset   Length[0m
[0;32mI (71) boot:  0 nvs              WiFi data        01 02 00009000 00006000[0m
[0;32mI (78) boot:  1 phy_init         RF data          01 01 0000f000 00001000[0m
[0;32mI (86) boot:  2 factory          factory app      00 00 00010000 00100000[0m
[0;32mI (93) boot: End of partition table[0m
[0;32mI (97) esp_image: segment 0: paddr=00010020 vaddr=3f400020 size=0ae84h ( 44676) map[0m
[0;32mI (121) esp_image: segment 1: paddr=0001aeac vaddr=3ffb0000 size=02320h (  8992) load[0m
[0;32mI (125) esp_image: segment 2: paddr=0001d1d4 vaddr=40080000 size=02e44h ( 11844) load[0m
[0;32mI (132) esp_image: segment 3: paddr=00020020 vaddr=400d0020 size=112c0h ( 70336) map[0m
[0;32mI (159) esp_image: segment 4: paddr=000312e8 vaddr=40082e44 size=09b28h ( 39720) load[0m
[0;32mI (182) boot: Loaded app from partition at offset 0x10000[0m
[0;32mI (182) boot: Disabling RNG early entropy source...[0m
[0;32mI (193) cpu_start: Multicore app[0m
[0;32mI (202) cpu_start: Pro cpu start user code[0m
[0;32mI (202) cpu_start: cpu freq: 160000000 Hz[0m
[0;32mI (202) cpu_start: Application information:[0m
[0;32mI (205) cpu_start: Project name:     esp32_robot_firmware[0m
[0;32mI (211) cpu_start: App version:      e18ea92[0m
[0;32mI (216) cpu_start: Compile time:     Dec 12 2025 10:43:53[0m
[0;32mI (223) cpu_start: ELF file SHA256:  179348efe...[0m
[0;32mI (228) cpu_start: ESP-IDF:          v5.2.6-224-g72d06017df[0m
[0;32mI (234) cpu_start: Min chip rev:     v0.0[0m
[0;32mI (239) cpu_start: Max chip rev:     v3.99 [0m
[0;32mI (244) cpu_start: Chip rev:         v3.1[0m
[0;32mI (249) heap_init: Initializing. RAM available for dynamic allocation:[0m
[0;32mI (256) heap_init: At 3FFAE6E0 len 00001920 (6 KiB): DRAM[0m
[0;32mI (262) heap_init: At 3FFB2C60 len 0002D3A0 (180 KiB): DRAM[0m
[0;32mI (268) heap_init: At 3FFE0440 len 00003AE0 (14 KiB): D/IRAM[0m
[0;32mI (274) heap_init: At 3FFE4350 len 0001BCB0 (111 KiB): D/IRAM[0m
[0;32mI (281) heap_init: At 4008C96C len 00013694 (77 KiB): IRAM[0m
[0;32mI (288) spi_flash: detected chip: generic[0m
[0;32mI (292) spi_flash: flash io: dio[0m
[0;33mW (295) spi_flash: Detected size(4096k) larger than the size in the binary image header(2048k). Using the size in the binary image header.[0m
[0;32mI (309) main_task: Started on CPU0[0m
[0;32mI (319) main_task: Calling app_main()[0m


========================================
DIAGNÓSTICO ESPECÍFICO - MOTOR DIREITO
========================================


=== DIAGNÓSTICO COMPLETO MOTOR DIREITO ===

1. TESTANDO PINOS DE DIREÇÃO (IN3 e IN4):
[0;32mI (329) gpio: GPIO[27]| InputEn: 0| OutputEn: 0| OpenDrain: 0| Pullup: 1| Pulldown: 0| Intr:0 [0m
[0;32mI (339) gpio: GPIO[26]| InputEn: 0| OutputEn: 0| OpenDrain: 0| Pullup: 1| Pulldown: 0| Intr:0 [0m
   Testando GPIO27 (IN3):
     HIGH -> Nivel: 0
     LOW  -> Nivel: 0

   Testando GPIO26 (IN4):
     HIGH -> Nivel: 0
     LOW  -> Nivel: 0

2. TESTANDO PWM (GPIO25):
   PWM configurado no GPIO25, Canal 1

3. TESTE PASSO A PASSO DO MOTOR DIREITO:

   a) Direção FRENTE (IN3=1, IN4=0), PWM=1023 (PARADO):
     Motor DEVE estar parado. Está? [S/N]: 
   b) Direção FRENTE, PWM=512 (50%):
     Duty enviado: 511 (1023 - 512 = 511)
     Motor deve girar para FRENTE. Gira? [S/N]: 
   c) Direção FRENTE, PWM=0 (100%):
     Motor deve girar RÁPIDO para FRENTE. Gira? [S/N]: 
   d) PARANDO motor...

   e) Direção TRÁS (IN3=0, IN4=1), PWM=512 (50%):
     Motor deve girar para TRÁS. Gira? [S/N]: 
   f) PARANDO tudo...

4. TESTE CRUCIAL: TROQUE OS MOTORES DE LADO!
   Desconecte o motor DIREITO e conecte no LADO ESQUERDO da ponte H.
   Desconecte o motor ESQUERDO e conecte no LADO DIREITO da ponte H.
   Depois execute os testes novamente.

   Isso vai nos dizer se o problema é:
   - MOTOR DIREITO (se continuar com problema no lado esquerdo)
   - PONTE H LADO DIREITO (se o problema mudar para motor esquerdo)

=== FIM DO DIAGNÓSTICO ===

RESPOSTAS (me envie):
1. No teste 3a, motor parado? ______
2. No teste 3b, motor girou frente? ______
3. No teste 3c, motor girou rápido? ______
4. No teste 3e, motor girou trás? ______
5. Os pinos mostraram 1 para HIGH e 0 para LOW? ______

=== TESTE DO OPTOACOPLADOR DO MOTOR DIREITO ===
Testando diferentes valores de PWM:
PWM ESP32 | Estado Opto | Motor
----------|-------------|-------
1023      | BLOQUEADO   | PARADO
 800      | PARCIAL     | MÉDIO
 600      | PARCIAL     | MÉDIO
 400      | PARCIAL     | MÉDIO
 200      | PARCIAL     | MÉDIO
   0      | CONDUZINDO  | MÁXIMA

=== VERIFICAÇÃO DE ALIMENTAÇÃO ===

INSTRUÇÕES:
1. Com um multímetro, meça:
   a) Tensão na bateria: ______ V
   b) Tensão nos terminais do motor DIREITO quando girando: ______ V
   c) Tensão no GPIO25 (PWM) quando duty=0: ______ V (deve ser ~3.3V)
   d) Tensão no GPIO25 quando duty=1023: ______ V (deve ser ~0V)

2. Verifique fisicamente:
   a) O jumper do ENB da ponte H está REMOVIDO?
   b) Os fios do motor estão bem conectados?
   c) Há cheiro de queimado na ponte H?
   d) O LED do optoacoplador acende quando o motor gira?


========================================
ANÁLISE DOS PROBLEMAS MAIS COMUNS:
========================================

A. SE O MOTOR NÃO GIRAR DE JEITO NENHUM:
   1. Problema no optoacoplador do lado direito
   2. Ponte H queimada no canal B
   3. Motor queimado
   4. Fio desconectado

B. SE GIRAR APENAS EM UMA DIREÇÃO:
   1. Transistor da ponte H queimado
   2. Pino IN3 ou IN4 com problema

C. SE GIRAR MUITO FRACO:
   1. Alimentação insuficiente
   2. Optoacoplador com ganho baixo
   3. PWM não chegando corretamente

D. SE FAZ BARULHO MAS NÃO GIRA:
   1. Motor travado mecanicamente
   2. Pouca tensão na alimentação

========================================
SOLUÇÕES IMEDIATAS PARA TESTAR:
========================================

1. TROQUE OS MOTORES DE LADO (teste mais importante!)
2. Teste o motor direito DIRETO com uma bateria 9V
3. Verifique se o optoacoplador está recebendo sinal
4. Use um LED para testar o GPIO25 (PWM)

Agora me conte:
1. O que aconteceu em CADA teste acima?
2. Você já trocou os motores de lado? Resultado?
3. Tem multímetro para medir tensões?
���������Ғ�Ң�j

rst:0x1 (POWERON_RESET),boot:0x13 (SPI_FAST_FLASH_BOOT)
configsip: 0, SPIWP:0xee
clk_drv:0x00,q_drv:0x00,d_drv:0x00,cs0_drv:0x00,hd_drv:0x00,wp_drv:0x00
mode:DIO, clock div:2
load:0x3fff0030,len:7172
load:0x40078000,len:15632
ho 0 tail 12 room 4
load:0x40080400,len:4
load:0x40080404,len:3904
entry 0x40080640
[0;32mI (61) boot: ESP-IDF v5.2.6-224-g72d06017df 2nd stage bootloader[0m
[0;32mI (61) boot: compile time Nov 28 2025 21:50:15[0m
[0;32mI (63) boot: Multicore bootloader[0m
[0;32mI (68) boot: chip revision: v3.1[0m
[0;32mI (71) boot.esp32: SPI Speed      : 40MHz[0m
[0;32mI (76) boot.esp32: SPI Mode       : DIO[0m
[0;32mI (80) boot.esp32: SPI Flash Size : 2MB[0m
[0;32mI (85) boot: Enabling RNG early entropy source...[0m
[0;32mI (90) boot: Partition Table:[0m
[0;32mI (94) boot: ## Label            Usage          Type ST Offset   Length[0m
[0;32mI (101) boot:  0 nvs              WiFi data        01 02 00009000 00006000[0m
[0;32mI (109) boot:  1 phy_init         RF data          01 01 0000f000 00001000[0m
[0;32mI (116) boot:  2 factory          factory app      00 00 00010000 00100000[0m
[0;32mI (124) boot: End of partition table[0m
[0;32mI (128) esp_image: segment 0: paddr=00010020 vaddr=3f400020 size=0ae84h ( 44676) map[0m
[0;32mI (152) esp_image: segment 1: paddr=0001aeac vaddr=3ffb0000 size=02320h (  8992) load[0m
[0;32mI (156) esp_image: segment 2: paddr=0001d1d4 vaddr=40080000 size=02e44h ( 11844) load[0m
[0;32mI (163) esp_image: segment 3: paddr=00020020 vaddr=400d0020 size=112c0h ( 70336) map[0m
[0;32mI (191) esp_image: segment 4: paddr=000312e8 vaddr=40082e44 size=09b28h ( 39720) load[0m
[0;32mI (213) boot: Loaded app from partition at offset 0x10000[0m
[0;32mI (213) boot: Disabling RNG early entropy source...[0m
[0;32mI (224) cpu_start: Multicore app[0m
[0;32mI (233) cpu_start: Pro cpu start user code[0m
[0;32mI (234) cpu_start: cpu freq: 160000000 Hz[0m
[0;32mI (234) cpu_start: Application information:[0m
[0;32mI (237) cpu_start: Project name:     esp32_robot_firmware[0m
[0;32mI (243) cpu_start: App version:      e18ea92[0m
[0;32mI (248) cpu_start: Compile time:     Dec 12 2025 10:43:53[0m
[0;32mI (254) cpu_start: ELF file SHA256:  179348efe...[0m
[0;32mI (259) cpu_start: ESP-IDF:          v5.2.6-224-g72d06017df[0m
[0;32mI (265) cpu_start: Min chip rev:     v0.0[0m
[0;32mI (270) cpu_start: Max chip rev:     v3.99 [0m
[0;32mI (275) cpu_start: Chip rev:         v3.1[0m
[0;32mI (280) heap_init: Initializing. RAM available for dynamic allocation:[0m
[0;32mI (287) heap_init: At 3FFAE6E0 len 00001920 (6 KiB): DRAM[0m
[0;32mI (293) heap_init: At 3FFB2C60 len 0002D3A0 (180 KiB): DRAM[0m
[0;32mI (299) heap_init: At 3FFE0440 len 00003AE0 (14 KiB): D/IRAM[0m
[0;32mI (305) heap_init: At 3FFE4350 len 0001BCB0 (111 KiB): D/IRAM[0m
[0;32mI (312) heap_init: At 4008C96C len 00013694 (77 KiB): IRAM[0m
[0;32mI (320) spi_flash: detected chip: generic[0m
[0;32mI (323) spi_flash: flash io: dio[0m
[0;33mW (327) spi_flash: Detected size(4096k) larger than the size in the binary image header(2048k). Using the size in the binary image header.[0m
[0;32mI (340) main_task: Started on CPU0[0m
[0;32mI (350) main_task: Calling app_main()[0m


========================================
DIAGNÓSTICO ESPECÍFICO - MOTOR DIREITO
========================================


=== DIAGNÓSTICO COMPLETO MOTOR DIREITO ===

1. TESTANDO PINOS DE DIREÇÃO (IN3 e IN4):
[0;32mI (360) gpio: GPIO[27]| InputEn: 0| OutputEn: 0| OpenDrain: 0| Pullup: 1| Pulldown: 0| Intr:0 [0m
[0;32mI (370) gpio: GPIO[26]| InputEn: 0| OutputEn: 0| OpenDrain: 0| Pullup: 1| Pulldown: 0| Intr:0 [0m
   Testando GPIO27 (IN3):
     HIGH -> Nivel: 0
     LOW  -> Nivel: 0

   Testando GPIO26 (IN4):
     HIGH -> Nivel: 0
     LOW  -> Nivel: 0

2. TESTANDO PWM (GPIO25):
   PWM configurado no GPIO25, Canal 1

3. TESTE PASSO A PASSO DO MOTOR DIREITO:

   a) Direção FRENTE (IN3=1, IN4=0), PWM=1023 (PARADO):
ets Jul 29 2019 12:21:46

rst:0x1 (POWERON_RESET),boot:0x13 (SPI_FAST_FLASH_BOOT)
configsip: 0, SPIWP:0xee
clk_drv:0x00,q_drv:0x00,d_drv:0x00,cs0_drv:0x00,hd_drv:0x00,wp_drv:0x00
mode:DIO, clock div:2
load:0x3fff0030,len:7172
load:0x40078000,len:15632
ho 0 tail 12 room 4
load:0x40080400,len:4
load:0x40080404,len:3904
entry 0x40080640
[0;32mI (61) boot: ESP-IDF v5.2.6-224-g72d06017df 2nd stage bootloader[0m
[0;32mI (61) boot: compile time Nov 28 2025 21:50:15[0m
[0;32mI (63) boot: Multicore bootloader[0m
[0;32mI (68) boot: chip revision: v3.1[0m
[0;32mI (71) boot.esp32: SPI Speed      : 40MHz[0m
[0;32mI (76) boot.esp32: SPI Mode       : DIO[0m
[0;32mI (80) boot.esp32: SPI Flash Size : 2MB[0m
[0;32mI (85) boot: Enabling RNG early entropy source...[0m
[0;32mI (90) boot: Partition Table:[0m
[0;32mI (94) boot: ## Label            Usage          Type ST Offset   Length[0m
[0;32mI (101) boot:  0 nvs              WiFi data        01 02 00009000 00006000[0m
[0;32mI (109) boot:  1 phy_init         RF data          01 01 0000f000 00001000[0m
[0;32mI (116) boot:  2 factory          factory app      00 00 00010000 00100000[0m
[0;32mI (124) boot: End of partition table[0m
[0;32mI (128) esp_image: segment 0: paddr=00010020 vaddr=3f400020 size=0ae84h ( 44676) map[0m
[0;32mI (152) esp_image: segment 1: paddr=0001aeac vaddr=3ffb0000 size=02320h (  8992) load[0m
[0;32mI (156) esp_image: segment 2: paddr=0001d1d4 vaddr=40080000 size=02e44h ( 11844) load[0m
[0;32mI (163) esp_image: segment 3: paddr=00020020 vaddr=400d0020 size=112c0h ( 70336) map[0m
[0;32mI (190) esp_image: segment 4: paddr=000312e8 vaddr=40082e44 size=09b28h ( 39720) load[0m
[0;32mI (213) boot: Loaded app from partition at offset 0x10000[0m
[0;32mI (213) boot: Disabling RNG early entropy source...[0m
[0;32mI (224) cpu_start: Multicore app[0m
ets Jul 29 2019 12:21:46

rst:0x10 (RTCWDT_RTC_RESET),boot:0x13 (SPI_FAST_FLASH_BOOT)
configsip: 0, SPIWP:0xee
clk_drv:0x00,q_drv:0x00,d_drv:0x00,cs0_drv:0x00,hd_drv:0x00,wp_drv:0x00
mode:DIO, clock div:2
load:0x3fff0030,len:7172
load:0x40078000,len:15632
ho 0 tail 12 room 4
load:0x40080400,len:4
load:0x40080404,len:3904
entry 0x40080640
[0;32mI (32) boot: ESP-IDF v5.2.6-224-g72d06017df 2nd stage bootloader[0m
[0;32mI (32) boot: compile time Nov 28 2025 21:50:15[0m
[0;32mI (33) boot: Multicore bootloader[0m
[0;32mI (37) boot: chip revision: v3.1[0m
[0;32mI (41) boot.esp32: SPI Speed      : 40MHz[0m
[0;32mI (46) boot.esp32: SPI Mode       : DIO[0m
[0;32mI (50) boot.esp32: SPI Flash Size : 2MB[0m
[0;32mI (55) boot: Enabling RNG early entropy source...[0m
[0;32mI (60) boot: Partition Table:[0m
[0;32mI (64) boot: ## Label            Usage          Type ST Offset   Length[0m
[0;32mI (71) boot:  0 nvs              WiFi data        01 02 00009000 00006000[0m
[0;32mI (78) boot:  1 phy_init         RF data          01 01 0000f000 00001000[0m
[0;32mI (86) boot:  2 factory          factory app      00 00 00010000 00100000[0m
[0;32mI (93) boot: End of partition table[0m
[0;32mI (98) esp_image: segment 0: paddr=00010020 vaddr=3f400020 size=0ae84h ( 44676) map[0m
[0;32mI (121) esp_image: segment 1: paddr=0001aeac vaddr=3ffb0000 size=02320h (  8992) load[0m
[0;32mI (125) esp_image: segment 2: paddr=0001d1d4 vaddr=40080000 size=02e44h ( 11844) load[0m
[0;32mI (132) esp_image: segment 3: paddr=00020020 vaddr=400d0020 size=112c0h ( 70336) map[0m
[0;32mI (160) esp_image: segment 4: paddr=000312e8 vaddr=40082e44 size=09b28h ( 39720) load[0m
[0;32mI (182) boot: Loaded app from partition at offset 0x10000[0m
[0;32mI (182) boot: Disabling RNG early entropy source...[0m
[0;32mI (193) cpu_start: Multicore app[0m
[0;32mI (203) cpu_start: Pro cpu start user code[0m
[0;32mI (203) cpu_start: cpu freq: 160000000 Hz[0m
[0;32mI (203) cpu_start: Application information:[0m
[0;32mI (206) cpu_start: Project name:     esp32_robot_firmware[0m
[0;32mI (212) cpu_start: App version:      e18ea92[0m
[0;32mI (217) cpu_start: Compile time:     Dec 12 2025 10:43:53[0m
[0;32mI (223) cpu_start: ELF file SHA256:  179348efe...[0m
[0;32mI (228) cpu_start: ESP-IDF:          v5.2.6-224-g72d06017df[0m
[0;32mI (234) cpu_start: Min chip rev:     v0.0[0m
[0;32mI (239) cpu_start: Max chip rev:     v3.99 [0m
[0;32mI (244) cpu_start: Chip rev:         v3.1[0m
[0;32mI (249) heap_init: Initializing. RAM available for dynamic allocation:[0m
[0;32mI (256) heap_init: At 3FFAE6E0 len 00001920 (6 KiB): DRAM[0m
[0;32mI (262) heap_init: At 3FFB2C60 len 0002D3A0 (180 KiB): DRAM[0m
[0;32mI (268) heap_init: At 3FFE0440 len 00003AE0 (14 KiB): D/IRAM[0m
[0;32mI (275) heap_init: At 3FFE4350 len 0001BCB0 (111 KiB): D/IRAM[0m
[0;32mI (281) heap_init: At 4008C96C len 00013694 (77 KiB): IRAM[0m
[0;32mI (289) spi_flash: detected chip: generic[0m
[0;32mI (292) spi_flash: flash io: dio[0m
[0;33mW (296) spi_flash: Detected size(4096k) larger than the size in the binary image header(2048k). Using the size in the binary image header.[0m
[0;32mI (310) main_task: Started on CPU0[0m
[0;32mI (320) main_task: Calling app_main()[0m


========================================
DIAGNÓSTICO ESPECÍFICO - MOTOR DIREITO
========================================


=== DIAGNÓSTICO COMPLETO MOTOR DIREITO ===

1. TESTANDO PINOS DE DIREÇÃO (IN3 e IN4):
[0;32mI (330) gpio: GPIO[27]| InputEn: 0| OutputEn: 0| OpenDrain: 0| Pullup: 1| Pulldown: 0| Intr:0 [0m
[0;32mI (340) gpio: GPIO[26]| InputEn: 0| OutputEn: 0| OpenDrain: 0| Pullup: 1| Pulldown: 0| Intr:0 [0m
   Testando GPIO27 (IN3):
     HIGH -> Nivel: 0
     LOW  -> Nivel: 0

   Testando GPIO26 (IN4):
     HIGH -> Nivel: 0
     LOW  -> Nivel: 0

2. TESTANDO PWM (GPIO25):
   PWM configurado no GPIO25, Canal 1

3. TESTE PASSO A PASSO DO MOTOR DIREITO:

   a) Direção FRENTE (IN3=1, IN4=0), PWM=1023 (PARADO):
     Motor DEVE estar parado. Está? [S/N]: 
   b) Direção FRENTE, PWM=512 (50%):
     Duty enviado: 511 (1023 - 512 = 511)
     Motor deve girar para FRENTE. Gira? [S/N]: 
   c) Direção FRENTE, PWM=0 (100%):
     Motor deve girar RÁPIDO para FRENTE. Gira? [S/N]: 
   d) PARANDO motor...

   e) Direção TRÁS (IN3=0, IN4=1), PWM=512 (50%):
     Motor deve girar para TRÁS. Gira? [S/N]: 
   f) PARANDO tudo...

4. TESTE CRUCIAL: TROQUE OS MOTORES DE LADO!
   Desconecte o motor DIREITO e conecte no LADO ESQUERDO da ponte H.
   Desconecte o motor ESQUERDO e conecte no LADO DIREITO da ponte H.
   Depois execute os testes novamente.

   Isso vai nos dizer se o problema é:
   - MOTOR DIREITO (se continuar com problema no lado esquerdo)
   - PONTE H LADO DIREITO (se o problema mudar para motor esquerdo)

=== FIM DO DIAGNÓSTICO ===

RESPOSTAS (me envie):
1. No teste 3a, motor parado? ______
2. No teste 3b, motor girou frente? ______
3. No teste 3c, motor girou rápido? ______
4. No teste 3e, motor girou trás? ______
5. Os pinos mostraram 1 para HIGH e 0 para LOW? ______

=== TESTE DO OPTOACOPLADOR DO MOTOR DIREITO ===
Testando diferentes valores de PWM:
PWM ESP32 | Estado Opto | Motor
----------|-------------|-------
1023      | BLOQUEADO   | PARADO
 800      | PARCIAL     | MÉDIO
