R]��������Ғ�Ң�j

rst:0x1 (POWERON_RESETets Jul 29 2019 12:21:46

rst:0x1 (POWERON_RESET),boot:0x13 (SPI_FAST_FLASH_BOOT)
configsip: 0, SPIWP:0xee
clk_drv:0x00,q_drv:0x00,d_drv:0x00,cs0_drv:0x00,hd_drv:0x00,wp_drv:0x00
mode:DIO, clock div:2
load:0x3fff0030,len:7172
load:0x40078000,len:15632
ho 0 tail 12 room 4
load:0x40080400,len:4
load:0x40080404,len:3904
entry 0x40080640
[0;32mI (31) boot: ESP-IDF v5.2.6-224-g72d06017df 2nd stage bootloader[0m
[0;32mI (31) boot: compile time Nov 28 2025 21:50:15[0m
[0;32mI (33) boot: Multicore bootloader[0m
[0;32mI (37) boot: chip revision: v3.1[0m
[0;32mI (41) boot.esp32: SPI Speed      : 40MHz[0m
[0;32mI (45) boot.esp32: SPI Mode       : DIO[0m
[0;32mI (50) boot.esp32: SPI Flash Size : 2MB[0m
[0;32mI (54) boot: Enabling RNG early entropy source...[0m
[0;32mI (60) boot: Partition Table:[0m
[0;32mI (63) boot: ## Label            Usage          Type ST Offset   Length[0m
[0;32mI (71) boot:  0 nvs              WiFi data        01 02 00009000 00006000[0m
[0;32mI (78) boot:  1 phy_init         RF data          01 01 0000f000 00001000[0m
[0;32mI (86) boot:  2 factory          factory app      00 00 00010000 00100000[0m
[0;32mI (93) boot: End of partition table[0m
[0;32mI (97) esp_image: segment 0: paddr=00010020 vaddr=3f400020 size=0ac44h ( 44100) map[0m
[0;32mI (121) esp_image: segment 1: paddr=0001ac6c vaddr=3ffb0000 size=02320h (  8992) load[0m
[0;32mI (124) esp_image: segment 2: paddr=0001cf94 vaddr=40080000 size=03084h ( 12420) load[0m
[0;32mI (132) esp_image: segment 3: paddr=00020020 vaddr=400d0020 size=1184ch ( 71756) map[0m
[0;32mI (160) esp_image: segment 4: paddr=00031874 vaddr=40083084 size=09ad8h ( 39640) load[0m
[0;32mI (182) boot: Loaded app from partition at offset 0x10000[0m
[0;32mI (182) boot: Disabling RNG early entropy source...[0m
[0;32mI (193) cpu_start: Multicore app[0m
[0;32mI (203) cpu_start: Pro cpu start user code[0m
[0;32mI (203) cpu_start: cpu freq: 160000000 Hz[0m
[0;32mI (203) cpu_start: Application information:[0m
[0;32mI (206) cpu_start: Project name:     esp32_robot_firmware[0m
[0;32mI (212) cpu_start: App version:      e18ea92[0m
[0;32mI (217) cpu_start: Compile time:     Jan  5 2026 14:24:57[0m
[0;32mI (223) cpu_start: ELF file SHA256:  946ed8479...[0m
[0;32mI (228) cpu_start: ESP-IDF:          v5.2.6-224-g72d06017df[0m
[0;32mI (234) cpu_start: Min chip rev:     v0.0[0m
[0;32mI (239) cpu_start: Max chip rev:     v3.99 [0m
[0;32mI (244) cpu_start: Chip rev:         v3.1[0m
[0;32mI (249) heap_init: Initializing. RAM available for dynamic allocation:[0m
[0;32mI (256) heap_init: At 3FFAE6E0 len 00001920 (6 KiB): DRAM[0m
[0;32mI (262) heap_init: At 3FFB2C68 len 0002D398 (180 KiB): DRAM[0m
[0;32mI (268) heap_init: At 3FFE0440 len 00003AE0 (14 KiB): D/IRAM[0m
[0;32mI (275) heap_init: At 3FFE4350 len 0001BCB0 (111 KiB): D/IRAM[0m
[0;32mI (281) heap_init: At 4008CB5C len 000134A4 (77 KiB): IRAM[0m
[0;32mI (289) spi_flash: detected chip: generic[0m
[0;32mI (292) spi_flash: flash io: dio[0m
[0;33mW (296) spi_flash: Detected size(4096k) larger than the size in the binary image header(2048k). Using the size in the binary image header.[0m
[0;32mI (310) main_task: Started on CPU0[0m
[0;32mI (320) main_task: Calling app_main()[0m
[0;32mI (320) MAIN: ========================================[0m
[0;32mI (320) MAIN:    VERSÃO FINAL OTIMIZADA[0m
[0;32mI (320) MAIN: ========================================[0m
[0;32mI (330) AJUSTE: ========================================[0m
[0;32mI (330) AJUSTE:    TESTE COMPENSAÇÃO AJUSTADA[0m
[0;32mI (340) AJUSTE: ========================================[0m
[0;32mI (350) gpio: GPIO[32]| InputEn: 1| OutputEn: 0| OpenDrain: 0| Pullup: 1| Pulldown: 0| Intr:1 [0m
[0;32mI (360) gpio: GPIO[33]| InputEn: 1| OutputEn: 0| OpenDrain: 0| Pullup: 1| Pulldown: 0| Intr:1 [0m
[0;32mI (370) gpio: GPIO[12]| InputEn: 0| OutputEn: 1| OpenDrain: 0| Pullup: 0| Pulldown: 0| Intr:0 [0m
[0;32mI (370) gpio: GPIO[14]| InputEn: 0| OutputEn: 1| OpenDrain: 0| Pullup: 0| Pulldown: 0| Intr:0 [0m
[0;32mI (380) gpio: GPIO[26]| InputEn: 0| OutputEn: 1| OpenDrain: 0| Pullup: 0| Pulldown: 0| Intr:0 [0m
[0;32mI (390) gpio: GPIO[27]| InputEn: 0| OutputEn: 1| OpenDrain: 0| Pullup: 0| Pulldown: 0| Intr:0 [0m
[0;32mI (400) AJUSTE: 
--- Teste 1: Original ESQ=30%, DIR=30% ---[0m
[0;32mI (410) AJUSTE: Ajustado: ESQ=40%, DIR=30% (comp=0.77)[0m
[0;32mI (2410) AJUSTE: Resultado: ESQ=213.5/s, DIR=237.5/s[0m
[0;32mI (2410) AJUSTE: Diferença: ±10.6%[0m
[0;32mI (2410) AJUSTE: ✅ BOM[0m
[0;32mI (3410) AJUSTE: 
--- Teste 2: Original ESQ=50%, DIR=50% ---[0m
[0;32mI (3410) AJUSTE: Ajustado: ESQ=50%, DIR=36% (comp=0.72)[0m
[0;32mI (5410) AJUSTE: Resultado: ESQ=258.0/s, DIR=305.5/s[0m
[0;32mI (5410) AJUSTE: Diferença: ±16.9%[0m
[0;32mI (5410) AJUSTE: ⚠️ ACEITÁVEL[0m
[0;32mI (6410) AJUSTE: 
--- Teste 3: Original ESQ=70%, DIR=70% ---[0m
[0;32mI (6410) AJUSTE: Ajustado: ESQ=70%, DIR=47% (comp=0.68)[0m
[0;32mI (8410) AJUSTE: Resultado: ESQ=288.0/s, DIR=363.0/s[0m
[0;32mI (8410) AJUSTE: Diferença: ±23.0%[0m
[0;33mW (8410) AJUSTE: ❌ PRECISA MELHORAR[0m
[0;32mI (9410) AJUSTE: 
--- Teste 4: Original ESQ=40%, DIR=60% ---[0m
[0;32mI (9410) AJUSTE: Ajustado: ESQ=40%, DIR=43% (comp=0.72)[0m
[0;32mI (11410) AJUSTE: Resultado: ESQ=236.5/s, DIR=360.5/s[0m
[0;32mI (11410) AJUSTE: Diferença: ±41.5%[0m
[0;33mW (11410) AJUSTE: ❌ PRECISA MELHORAR[0m
[0;32mI (12410) AJUSTE: 
--- Teste 5: Original ESQ=60%, DIR=40% ---[0m
[0;32mI (12410) AJUSTE: Ajustado: ESQ=60%, DIR=30% (comp=0.77)[0m
[0;32mI (14410) AJUSTE: Resultado: ESQ=268.5/s, DIR=269.0/s[0m
[0;32mI (14410) AJUSTE: Diferença: ±0.2%[0m
[0;32mI (14410) AJUSTE: ✅ EXCELENTE![0m
[0;32mI (15410) MAIN: ========================================[0m
[0;32mI (15410) MAIN:    FUNÇÃO FINAL PARA SEU PROJETO:[0m
[0;32mI (15410) MAIN: ========================================[0m
[0;32mI (15410) MAIN: [0m
[0;32mI (15410) MAIN: // FUNÇÃO COM COMPENSAÇÃO NÃO-LINEAR[0m
[0;32mI (15420) MAIN: // Baseada nos seus testes reais[0m
[0;32mI (15430) MAIN: void mover_robo_final(int vel_esq, int vel_dir) {[0m
[0;32mI (15430) MAIN:     // 1. Limiares mínimos[0m
[0;32mI (15440) MAIN:     if (vel_esq > 0 && vel_esq < 40) vel_esq = 40;[0m
[0;32mI (15440) MAIN:     if (vel_dir > 0 && vel_dir < 30) vel_dir = 30;[0m
[0;32mI (15450) MAIN:     [0m
[0;32mI (15450) MAIN:     // 2. Compensação NÃO-LINEAR[0m
[0;32mI (15460) MAIN:     float compensacao;[0m
[0;32mI (15460) MAIN:     if (vel_dir <= 40) {[0m
[0;32mI (15470) MAIN:         compensacao = 0.77f;  // Baixa velocidade[0m
[0;32mI (15470) MAIN:     } else if (vel_dir <= 60) {[0m
[0;32mI (15480) MAIN:         compensacao = 0.72f;  // Média velocidade[0m
[0;32mI (15490) MAIN:     } else {[0m
[0;32mI (15490) MAIN:         compensacao = 0.68f;  // Alta velocidade[0m
[0;32mI (15500) MAIN:     }[0m
[0;32mI (15500) MAIN:     [0m
[0;32mI (15500) MAIN:     vel_dir = (int)(vel_dir * compensacao);[0m
[0;32mI (15510) MAIN:     [0m
[0;32mI (15510) MAIN:     // 3. Garante mínimo após compensação[0m
[0;32mI (15520) MAIN:     if (vel_dir > 0 && vel_dir < 30) vel_dir = 30;[0m
[0;32mI (15530) MAIN:     [0m
[0;32mI (15530) MAIN:     // 4. Limita máximo[0m
[0;32mI (15530) MAIN:     if (vel_esq > 100) vel_esq = 100;[0m
[0;32mI (15540) MAIN:     if (vel_dir > 100) vel_dir = 100;[0m
[0;32mI (15540) MAIN:     [0m
[0;32mI (15550) MAIN:     // 5. Aplica aos motores[0m
[0;32mI (15550) MAIN:     motor_esquerdo(vel_esq);[0m
[0;32mI (15560) MAIN:     motor_direito(vel_dir);[0m
[0;32mI (15560) MAIN: }[0m
[0;32mI (15560) MAIN: [0m
[0;32mI (15570) MAIN: ========================================[0m
[0;32mI (15570) MAIN: EXEMPLOS PRÁTICOS:[0m
[0;32mI (15580) MAIN: 1. mover_robo_final(30, 30); → ESQ=40%, DIR=23%[0m
[0;32mI (15580) MAIN: 2. mover_robo_final(50, 50); → ESQ=50%, DIR=36%[0m
[0;32mI (15590) MAIN: 3. mover_robo_final(70, 70); → ESQ=70%, DIR=48%[0m
[0;32mI (15600) MAIN: 4. mover_robo_final(40, 60); → ESQ=40%, DIR=43%[0m
[0;32mI (15600) MAIN: 5. mover_robo_final(60, 40); → ESQ=60%, DIR=30%[0m
[0;32mI (15610) MAIN: ========================================[0m
