8��������Ғ�Ң�j

rst:0x1 (POWERON_RESET)�ets Jul 29 2019 12:21:46

rst:0x1 (POWERON_RESET),boot:0x13 (SPI_FAST_FLASH_BOOT)
configsip: 0, SPIWP:0xee
clk_drv:0x00,q_drv:0x00,d_drv:0x00,cs0_drv:0x00,hd_drv:0x00,wp_drv:0x00
mode:DIO, clock div:2
load:0x3fff0030,len:7172
load:0x40078000,len:15632
ho 0 tail 12 room 4
load:0x40080400,len:4
load:0x40080404,len:3904
entry 0x40080640
[0;32mI (31) boot: ESP-IDF v5.2.6-224-g72d06017df 2nd stage bootloader[0m
[0;32mI (31) boot: compile time Nov 28 2025 21:50:15[0m
[0;32mI (33) boot: Multicore bootloader[0m
[0;32mI (37) boot: chip revision: v3.1[0m
[0;32mI (41) boot.esp32: SPI Speed      : 40MHz[0m
[0;32mI (45) boot.esp32: SPI Mode       : DIO[0m
[0;32mI (50) boot.esp32: SPI Flash Size : 2MB[0m
[0;32mI (54) boot: Enabling RNG early entropy source...[0m
[0;32mI (60) boot: Partition Table:[0m
[0;32mI (63) boot: ## Label            Usage          Type ST Offset   Length[0m
[0;32mI (71) boot:  0 nvs              WiFi data        01 02 00009000 00006000[0m
[0;32mI (78) boot:  1 phy_init         RF data          01 01 0000f000 00001000[0m
[0;32mI (86) boot:  2 factory          factory app      00 00 00010000 00100000[0m
[0;32mI (93) boot: End of partition table[0m
[0;32mI (97) esp_image: segment 0: paddr=00010020 vaddr=3f400020 size=1a990h (108944) map[0m
[0;32mI (143) esp_image: segment 1: paddr=0002a9b8 vaddr=3ffb0000 size=0465ch ( 18012) load[0m
[0;32mI (150) esp_image: segment 2: paddr=0002f01c vaddr=40080000 size=00ffch (  4092) load[0m
[0;32mI (152) esp_image: segment 3: paddr=00030020 vaddr=400d0020 size=93420h (603168) map[0m
[0;32mI (364) esp_image: segment 4: paddr=000c3448 vaddr=40080ffc size=1668ch ( 91788) load[0m
[0;32mI (412) boot: Loaded app from partition at offset 0x10000[0m
[0;32mI (412) boot: Disabling RNG early entropy source...[0m
[0;32mI (424) cpu_start: Multicore app[0m
[0;32mI (433) cpu_start: Pro cpu start user code[0m
[0;32mI (433) cpu_start: cpu freq: 160000000 Hz[0m
[0;32mI (433) cpu_start: Application information:[0m
[0;32mI (436) cpu_start: Project name:     esp32_robot_firmware[0m
[0;32mI (442) cpu_start: App version:      e18ea92[0m
[0;32mI (447) cpu_start: Compile time:     Jan  5 2026 14:24:57[0m
[0;32mI (453) cpu_start: ELF file SHA256:  9a0bc4a74...[0m
[0;32mI (458) cpu_start: ESP-IDF:          v5.2.6-224-g72d06017df[0m
[0;32mI (465) cpu_start: Min chip rev:     v0.0[0m
[0;32mI (469) cpu_start: Max chip rev:     v3.99 [0m
[0;32mI (474) cpu_start: Chip rev:         v3.1[0m
[0;32mI (479) heap_init: Initializing. RAM available for dynamic allocation:[0m
[0;32mI (486) heap_init: At 3FFAE6E0 len 00001920 (6 KiB): DRAM[0m
[0;32mI (492) heap_init: At 3FFBB0F8 len 00024F08 (147 KiB): DRAM[0m
[0;32mI (498) heap_init: At 3FFE0440 len 00003AE0 (14 KiB): D/IRAM[0m
[0;32mI (505) heap_init: At 3FFE4350 len 0001BCB0 (111 KiB): D/IRAM[0m
[0;32mI (511) heap_init: At 40097688 len 00008978 (34 KiB): IRAM[0m
[0;32mI (519) spi_flash: detected chip: generic[0m
[0;32mI (522) spi_flash: flash io: dio[0m
[0;33mW (526) spi_flash: Detected size(4096k) larger than the size in the binary image header(2048k). Using the size in the binary image header.[0m
[0;32mI (540) main_task: Started on CPU0[0m
[0;32mI (550) main_task: Calling app_main()[0m
[0;32mI (590) wifi:wifi driver task: 3ffc323c, prio:23, stack:6656, core=0[0m
[0;32mI (600) wifi:wifi firmware version: 82d80cd[0m
[0;32mI (600) wifi:wifi certification version: v7.0[0m
[0;32mI (600) wifi:config NVS flash: enabled[0m
[0;32mI (600) wifi:config nano formating: disabled[0m
[0;32mI (610) wifi:Init data frame dynamic rx buffer num: 32[0m
[0;32mI (610) wifi:Init static rx mgmt buffer num: 5[0m
[0;32mI (620) wifi:Init management short buffer num: 32[0m
[0;32mI (620) wifi:Init dynamic tx buffer num: 32[0m
[0;32mI (620) wifi:Init static rx buffer size: 1600[0m
[0;32mI (630) wifi:Init static rx buffer num: 10[0m
[0;32mI (630) wifi:Init dynamic rx buffer num: 32[0m
[0;32mI (640) wifi_init: rx ba win: 6[0m
[0;32mI (640) wifi_init: tcpip mbox: 32[0m
[0;32mI (640) wifi_init: udp mbox: 6[0m
[0;32mI (650) wifi_init: tcp mbox: 6[0m
[0;32mI (650) wifi_init: tcp tx win: 5760[0m
[0;32mI (660) wifi_init: tcp rx win: 5760[0m
[0;32mI (660) wifi_init: tcp mss: 1440[0m
[0;32mI (660) wifi_init: WiFi IRAM OP enabled[0m
[0;32mI (670) wifi_init: WiFi RX IRAM OP enabled[0m
[0;33mW (670) wifi:Password length matches WPA2 standards, authmode threshold changes from OPEN to WPA2[0m
[0;32mI (680) phy_init: phy_version 4861,b71b5ad,Aug  5 2025,11:16:06[0m
[0;32mI (770) wifi:mode : sta (ec:e3:34:48:40:44)[0m
[0;32mI (770) wifi:enable tsf[0m
[0;32mI (780) gpio: GPIO[12]| InputEn: 0| OutputEn: 1| OpenDrain: 0| Pullup: 0| Pulldown: 0| Intr:0 [0m
[0;32mI (780) gpio: GPIO[14]| InputEn: 0| OutputEn: 1| OpenDrain: 0| Pullup: 0| Pulldown: 0| Intr:0 [0m
[0;32mI (790) wifi:new:<2,0>, old:<1,0>, ap:<255,255>, sta:<2,0>, prof:1[0m
[0;32mI (800) wifi:state: init -> auth (b0)[0m
[0;32mI (800) gpio: GPIO[26]| InputEn: 0| OutputEn: 1| OpenDrain: 0| Pullup: 0| Pulldown: 0| Intr:0 [0m
[0;32mI (810) gpio: GPIO[27]| InputEn: 0| OutputEn: 1| OpenDrain: 0| Pullup: 0| Pulldown: 0| Intr:0 [0m
[0;32mI (810) wifi:state: auth -> assoc (0)[0m
[0;32mI (820) gpio: GPIO[32]| InputEn: 1| OutputEn: 0| OpenDrain: 0| Pullup: 1| Pulldown: 0| Intr:1 [0m
[0;32mI (830) wifi:state: assoc -> run (10)[0m
[0;32mI (830) gpio: GPIO[33]| InputEn: 1| OutputEn: 0| OpenDrain: 0| Pullup: 1| Pulldown: 0| Intr:1 [0m
[0;32mI (840) main_task: Returned from app_main()[0m
[0;32mI (860) wifi:connected with MOB-ALTOS, aid = 98, channel 2, BW20, bssid = a4:7c:c9:85:05:64[0m
[0;32mI (860) wifi:security: WPA2-PSK, phy: bgn, rssi: -59[0m
[0;32mI (860) wifi:pm start, type: 1[0m

[0;32mI (860) wifi:dp: 1, bi: 102400, li: 3, scale listen interval from 307200 us to 307200 us[0m
[0;32mI (870) wifi:AP's beacon interval = 102400 us, DTIM period = 1[0m
[0;32mI (1290) CTRL: Set:0.0 | Vel:0.0/0.1 | Pwr:0/-0 | Ticks:0/0[0m
[0;32mI (1790) CTRL: Set:0.0 | Vel:0.0/0.0 | Pwr:0/-0 | Ticks:0/0[0m
[0;32mI (2290) CTRL: Set:0.0 | Vel:0.0/0.0 | Pwr:0/-0 | Ticks:0/0[0m
[0;32mI (2790) CTRL: Set:0.0 | Vel:0.0/0.0 | Pwr:0/-0 | Ticks:0/0[0m
[0;32mI (3290) CTRL: Set:0.0 | Vel:0.0/0.0 | Pwr:0/-0 | Ticks:0/0[0m
[0;32mI (3790) CTRL: Set:0.0 | Vel:0.0/0.0 | Pwr:0/-0 | Ticks:0/0[0m
[0;32mI (3870) esp_netif_handlers: sta ip: 192.168.18.158, mask: 255.255.255.0, gw: 192.168.18.1[0m
[0;32mI (4110) wifi:<ba-add>idx:0 (ifx:0, a4:7c:c9:85:05:64), tid:0, ssn:5, winSize:64[0m
[0;32mI (4290) CTRL: Set:0.0 | Vel:0.0/0.0 | Pwr:0/-0 | Ticks:0/0[0m
[0;32mI (4790) CTRL: Set:0.0 | Vel:0.0/0.0 | Pwr:0/-0 | Ticks:0/0[0m
[0;32mI (5290) CTRL: Set:0.0 | Vel:0.0/0.0 | Pwr:0/-0 | Ticks:0/0[0m
[0;32mI (5790) CTRL: Set:0.0 | Vel:0.0/0.0 | Pwr:0/-0 | Ticks:0/0[0m
[0;32mI (6290) CTRL: Set:0.0 | Vel:0.0/0.0 | Pwr:0/-0 | Ticks:0/0[0m
[0;32mI (6790) CTRL: Set:0.0 | Vel:0.0/0.0 | Pwr:0/-0 | Ticks:0/0[0m
[0;32mI (7290) CTRL: Set:0.0 | Vel:0.0/0.0 | Pwr:0/-0 | Ticks:0/0[0m
[0;32mI (7790) CTRL: Set:0.0 | Vel:0.0/0.0 | Pwr:0/-0 | Ticks:0/0[0m
[0;32mI (8290) CTRL: Set:0.0 | Vel:0.0/0.0 | Pwr:0/-0 | Ticks:0/0[0m
[0;32mI (8790) CTRL: Set:10.1 | Vel:-15.0/-10.0 | Pwr:130/103 | Ticks:-1/0[0m
[0;32mI (9290) CTRL: Set:10.1 | Vel:22.4/22.5 | Pwr:-52/-55 | Ticks:4/5[0m
[0;32mI (9790) CTRL: Set:10.1 | Vel:-42.7/-15.2 | Pwr:286/139 | Ticks:1/6[0m
[0;32mI (10290) CTRL: Set:10.1 | Vel:-28.8/-17.4 | Pwr:220/160 | Ticks:5/7[0m
[0;32mI (10790) CTRL: Set:10.1 | Vel:-22.2/34.5 | Pwr:193/-98 | Ticks:8/14[0m
[0;32mI (11290) CTRL: Set:10.1 | Vel:41.7/45.2 | Pwr:-128/-143 | Ticks:17/16[0m
[0;32mI (11790) CTRL: Set:10.1 | Vel:-0.2/-0.1 | Pwr:89/101 | Ticks:17/12[0m
[0;32mI (12290) CTRL: Set:10.1 | Vel:-0.0/-0.0 | Pwr:101/113 | Ticks:17/12[0m
[0;32mI (12790) CTRL: Set:10.1 | Vel:-0.0/-0.0 | Pwr:113/126 | Ticks:17/12[0m
[0;32mI (13290) CTRL: Set:10.1 | Vel:-0.0/-