ets Jul 29 2019 12:�ets Jul 29 2019 12:21:46

rst:0x1 (POWERON_RESET),boot:0x13 (SPI_FAST_FLASH_BOOT)
configsip: 0, SPIWP:0xee
clk_drv:0x00,q_drv:0x00,d_drv:0x00,cs0_drv:0x00,hd_drv:0x00,wp_drv:0x00
mode:DIO, clock div:2
load:0x3fff0030,len:7172
load:0x40078000,len:15632
ho 0 tail 12 room 4
load:0x40080400,len:4
load:0x40080404,len:3904
entry 0x40080640
[0;32mI (31) boot: ESP-IDF v5.2.6-224-g72d06017df 2nd stage bootloader[0m
[0;32mI (31) boot: compile time Nov 28 2025 21:50:15[0m
[0;32mI (33) boot: Multicore bootloader[0m
[0;32mI (37) boot: chip revision: v3.1[0m
[0;32mI (41) boot.esp32: SPI Speed      : 40MHz[0m
[0;32mI (45) boot.esp32: SPI Mode       : DIO[0m
[0;32mI (50) boot.esp32: SPI Flash Size : 2MB[0m
[0;32mI (54) boot: Enabling RNG early entropy source...[0m
[0;32mI (60) boot: Partition Table:[0m
[0;32mI (63) boot: ## Label            Usage          Type ST Offset   Length[0m
[0;32mI (71) boot:  0 nvs              WiFi data        01 02 00009000 00006000[0m
[0;32mI (78) boot:  1 phy_init         RF data          01 01 0000f000 00001000[0m
[0;32mI (86) boot:  2 factory          factory app      00 00 00010000 00100000[0m
[0;32mI (93) boot: End of partition table[0m
[0;32mI (97) esp_image: segment 0: paddr=00010020 vaddr=3f400020 size=0a91ch ( 43292) map[0m
[0;32mI (121) esp_image: segment 1: paddr=0001a944 vaddr=3ffb0000 size=02330h (  9008) load[0m
[0;32mI (124) esp_image: segment 2: paddr=0001cc7c vaddr=40080000 size=0339ch ( 13212) load[0m
[0;32mI (132) esp_image: segment 3: paddr=00020020 vaddr=400d0020 size=11398h ( 70552) map[0m
[0;32mI (159) esp_image: segment 4: paddr=000313c0 vaddr=4008339c size=097dch ( 38876) load[0m
[0;32mI (181) boot: Loaded app from partition at offset 0x10000[0m
[0;32mI (181) boot: Disabling RNG early entropy source...[0m
[0;32mI (192) cpu_start: Multicore app[0m
[0;32mI (202) cpu_start: Pro cpu start user code[0m
[0;32mI (202) cpu_start: cpu freq: 160000000 Hz[0m
[0;32mI (202) cpu_start: Application information:[0m
[0;32mI (205) cpu_start: Project name:     esp32_robot_firmware[0m
[0;32mI (211) cpu_start: App version:      e18ea92[0m
[0;32mI (216) cpu_start: Compile time:     Dec 10 2025 10:04:04[0m
[0;32mI (222) cpu_start: ELF file SHA256:  7c1dfd02b...[0m
[0;32mI (227) cpu_start: ESP-IDF:          v5.2.6-224-g72d06017df[0m
[0;32mI (233) cpu_start: Min chip rev:     v0.0[0m
[0;32mI (238) cpu_start: Max chip rev:     v3.99 [0m
[0;32mI (243) cpu_start: Chip rev:         v3.1[0m
[0;32mI (248) heap_init: Initializing. RAM available for dynamic allocation:[0m
[0;32mI (255) heap_init: At 3FFAE6E0 len 00001920 (6 KiB): DRAM[0m
[0;32mI (261) heap_init: At 3FFB2C78 len 0002D388 (180 KiB): DRAM[0m
[0;32mI (267) heap_init: At 3FFE0440 len 00003AE0 (14 KiB): D/IRAM[0m
[0;32mI (274) heap_init: At 3FFE4350 len 0001BCB0 (111 KiB): D/IRAM[0m
[0;32mI (280) heap_init: At 4008CB78 len 00013488 (77 KiB): IRAM[0m
[0;32mI (288) spi_flash: detected chip: generic[0m
[0;32mI (291) spi_flash: flash io: dio[0m
[0;33mW (295) spi_flash: Detected size(4096k) larger than the size in the binary image header(2048k). Using the size in the binary image header.[0m
[0;32mI (309) main_task: Started on CPU0[0m
[0;32mI (319) main_task: Calling app_main()[0m
[0;32mI (319) gpio: GPIO[12]| InputEn: 0| OutputEn: 1| OpenDrain: 0| Pullup: 0| Pulldown: 0| Intr:0 [0m
[0;32mI (319) gpio: GPIO[14]| InputEn: 0| OutputEn: 1| OpenDrain: 0| Pullup: 0| Pulldown: 0| Intr:0 [0m
[0;32mI (329) gpio: GPIO[26]| InputEn: 0| OutputEn: 1| OpenDrain: 0| Pullup: 0| Pulldown: 0| Intr:0 [0m
[0;32mI (339) gpio: GPIO[27]| InputEn: 0| OutputEn: 1| OpenDrain: 0| Pullup: 0| Pulldown: 0| Intr:0 [0m
[0;32mI (349) gpio: GPIO[32]| InputEn: 1| OutputEn: 0| OpenDrain: 0| Pullup: 1| Pulldown: 0| Intr:3 [0m
[0;32mI (359) gpio: GPIO[33]| InputEn: 1| OutputEn: 0| OpenDrain: 0| Pullup: 1| Pulldown: 0| Intr:3 [0m

========================================
ROBÔ ESP32 - CALIBRAÇÃO CONFIRMADA
========================================
Seus dados mostram:
- Motores funcionando CORRETAMENTE
- Diferença pequena até 50% PWM
- Fator de correção: 1.096 (esquerda +9.6%)

Escolha o teste:
1. Calibração otimizada (recomendado)
2. Teste no chão com correção 1.096

Aguardando 3 segundos...


=== TESTE NO CHÃO ===
Coloque o robô no chão, marque linha de partida
Iniciando em 5 segundos...
Usando: CORRECAO_ESQ=1.096, CORRECAO_DIR=1.000
Velocidade: 50% PWM

Andando por 2 segundos...

Verifique se o robô andou reto!
Se virou para DIREITA → Aumente CORRECAO_ESQ
Se virou para ESQUERDA → Diminua CORRECAO_ESQ

Ajuste fino recomendado: ±0.05 no fator

========================================
FIM DOS TESTES
Use no seu código final:
#define CORRECAO_ESQ 1.096f
#define CORRECAO_DIR 1.000f
========================================
