ets Jul 29 2019 12:21:46
�ets Jul 29 2019 12:21:46

rst:0x1 (POWERON_RESET),boot:0x13 (SPI_FAST_FLASH_BOOT)
configsip: 0, SPIWP:0xee
clk_drv:0x00,q_drv:0x00,d_drv:0x00,cs0_drv:0x00,hd_drv:0x00,wp_drv:0x00
mode:DIO, clock div:2
load:0x3fff0030,len:7172
load:0x40078000,len:15632
ho 0 tail 12 room 4
load:0x40080400,len:4
load:0x40080404,len:3904
entry 0x40080640
[0;32mI (31) boot: ESP-IDF v5.2.6-224-g72d06017df 2nd stage bootloader[0m
[0;32mI (31) boot: compile time Nov 28 2025 21:50:15[0m
[0;32mI (33) boot: Multicore bootloader[0m
[0;32mI (37) boot: chip revision: v3.1[0m
[0;32mI (41) boot.esp32: SPI Speed      : 40MHz[0m
[0;32mI (45) boot.esp32: SPI Mode       : DIO[0m
[0;32mI (50) boot.esp32: SPI Flash Size : 2MB[0m
[0;32mI (54) boot: Enabling RNG early entropy source...[0m
[0;32mI (60) boot: Partition Table:[0m
[0;32mI (63) boot: ## Label            Usage          Type ST Offset   Length[0m
[0;32mI (71) boot:  0 nvs              WiFi data        01 02 00009000 00006000[0m
[0;32mI (78) boot:  1 phy_init         RF data          01 01 0000f000 00001000[0m
[0;32mI (86) boot:  2 factory          factory app      00 00 00010000 00100000[0m
[0;32mI (93) boot: End of partition table[0m
[0;32mI (97) esp_image: segment 0: paddr=00010020 vaddr=3f400020 size=0a39ch ( 41884) map[0m
[0;32mI (120) esp_image: segment 1: paddr=0001a3c4 vaddr=3ffb0000 size=02330h (  9008) load[0m
[0;32mI (124) esp_image: segment 2: paddr=0001c6fc vaddr=40080000 size=0391ch ( 14620) load[0m
[0;32mI (132) esp_image: segment 3: paddr=00020020 vaddr=400d0020 size=11380h ( 70528) map[0m
[0;32mI (159) esp_image: segment 4: paddr=000313a8 vaddr=4008391c size=0925ch ( 37468) load[0m
[0;32mI (180) boot: Loaded app from partition at offset 0x10000[0m
[0;32mI (180) boot: Disabling RNG early entropy source...[0m
[0;32mI (191) cpu_start: Multicore app[0m
[0;32mI (201) cpu_start: Pro cpu start user code[0m
[0;32mI (201) cpu_start: cpu freq: 160000000 Hz[0m
[0;32mI (201) cpu_start: Application information:[0m
[0;32mI (204) cpu_start: Project name:     esp32_robot_firmware[0m
[0;32mI (210) cpu_start: App version:      e18ea92[0m
[0;32mI (215) cpu_start: Compile time:     Dec 11 2025 19:41:55[0m
[0;32mI (221) cpu_start: ELF file SHA256:  51d58e411...[0m
[0;32mI (226) cpu_start: ESP-IDF:          v5.2.6-224-g72d06017df[0m
[0;32mI (232) cpu_start: Min chip rev:     v0.0[0m
[0;32mI (237) cpu_start: Max chip rev:     v3.99 [0m
[0;32mI (242) cpu_start: Chip rev:         v3.1[0m
[0;32mI (247) heap_init: Initializing. RAM available for dynamic allocation:[0m
[0;32mI (254) heap_init: At 3FFAE6E0 len 00001920 (6 KiB): DRAM[0m
[0;32mI (260) heap_init: At 3FFB2C78 len 0002D388 (180 KiB): DRAM[0m
[0;32mI (266) heap_init: At 3FFE0440 len 00003AE0 (14 KiB): D/IRAM[0m
[0;32mI (273) heap_init: At 3FFE4350 len 0001BCB0 (111 KiB): D/IRAM[0m
[0;32mI (279) heap_init: At 4008CB78 len 00013488 (77 KiB): IRAM[0m
[0;32mI (287) spi_flash: detected chip: generic[0m
[0;32mI (290) spi_flash: flash io: dio[0m
[0;33mW (294) spi_flash: Detected size(4096k) larger than the size in the binary image header(2048k). Using the size in the binary image header.[0m
[0;32mI (308) main_task: Started on CPU0[0m
[0;32mI (318) main_task: Calling app_main()[0m
[0;32mI (318) gpio: GPIO[12]| InputEn: 0| OutputEn: 1| OpenDrain: 0| Pullup: 0| Pulldown: 0| Intr:0 [0m
[0;32mI (318) gpio: GPIO[14]| InputEn: 0| OutputEn: 1| OpenDrain: 0| Pullup: 0| Pulldown: 0| Intr:0 [0m
[0;32mI (328) gpio: GPIO[26]| InputEn: 0| OutputEn: 1| OpenDrain: 0| Pullup: 0| Pulldown: 0| Intr:0 [0m
[0;32mI (338) gpio: GPIO[27]| InputEn: 0| OutputEn: 1| OpenDrain: 0| Pullup: 0| Pulldown: 0| Intr:0 [0m
[0;32mI (348) gpio: GPIO[32]| InputEn: 1| OutputEn: 0| OpenDrain: 0| Pullup: 1| Pulldown: 0| Intr:3 [0m
[0;32mI (358) gpio: GPIO[33]| InputEn: 1| OutputEn: 0| OpenDrain: 0| Pullup: 1| Pulldown: 0| Intr:3 [0m


=== TESTE DE LEITURA E GIRO ISOLADO ===
ATENCAO: Levante o robo (rodas no ar)!
Iniciando em 2 segundos...

>>> ACELERANDO (30%) POR 3 SEGUNDOS...

--- GIRO COMPLETO (3s) ---
Ticks Esquerda (Giando): 593
Ticks Direita (Girando): 798
--------------------------

>>> MOTORES DESLIGADOS - Lendo por 1 segundo...
--- RUIDO DETECTADO (1s parado) ---
Ticks Esquerda PARADA: 18
Ticks Direita PARADA:  22
===================================

>>> ACELERANDO (30%) POR 3 SEGUNDOS...

--- GIRO COMPLETO (3s) ---
Ticks Esquerda (Giando): 612
Ticks Direita (Girando): 786
--------------------------

>>> MOTORES DESLIGADOS - Lendo por 1 segundo...
--- RUIDO DETECTADO (1s parado) ---
Ticks Esquerda PARADA: 17
Ticks Direita PARADA:  23
===================================

>>> ACELERANDO (30%) POR 3 SEGUNDOS...

--- GIRO COMPLETO (3s) ---
Ticks Esquerda (Giando): 624
Ticks Direita (Girando): 778
--------------------------

>>> MOTORES DESLIGADOS - Lendo por 1 segundo...
--- RUIDO DETECTADO (1s parado) ---
Ticks Esquerda PARADA: 37
Ticks Direita PARADA:  493
===================================

>>> ACELERANDO (30%) POR 3 SEGUNDOS...

--- GIRO COMPLETO (3s) ---
Ticks Esquerda (Giando): 572
Ticks Direita (Girando): 766
--------------------------

>>> MOTORES DESLIGADOS - Lendo por 1 segundo...
--- RUIDO DETECTADO (1s parado) ---
Ticks Esquerda PARADA: 13
Ticks Direita PARADA:  23
===================================

>>> ACELERANDO (30%) POR 3 SEGUNDOS...

--- GIRO COMPLETO (3s) ---
Ticks Esquerda (Giando): 581
Ticks Direita (Girando): 754
--------------------------

>>> MOTORES DESLIGADOS - Lendo por 1 segundo...
--- RUIDO DETECTADO (1s parado) ---
Ticks Esquerda PARADA: 12
Ticks Direita PARADA:  19
===================================

>>> ACELERANDO (30%) POR 3 SEGUNDOS...

--- GIRO COMPLETO (3s) ---
Ticks Esquerda (Giando): 584
Ticks Direita (Girando): 789
--------------------------

>>> MOTORES DESLIGADOS - Lendo por 1 segundo...
--- RUIDO DETECTADO (1s parado) ---
Ticks Esquerda PARADA: 92
Ticks Direita PARADA:  21
===================================

>>> ACELERANDO (30%) POR 3 SEGUNDOS...

--- GIRO COMPLETO (3s) ---
Ticks Esquerda (Giando): 549
Ticks Direita (Girando): 800
--------------------------

>>> MOTORES DESLIGADOS - Lendo por 1 segundo...
--- RUIDO DETECTADO (1s parado) ---
Ticks Esquerda PARADA: 14
Ticks Direita PARADA:  18
===================================

>>> ACELERANDO (30%) POR 3 SEGUNDOS...

--- GIRO COMPLETO (3s) ---
Ticks Esquerda (Giando): 525
Ticks Direita (Girando): 825
--------------------------

>>> MOTORES DESLIGADOS - Lendo por 1 segundo...
--- RUIDO DETECTADO (1s parado) ---
Ticks Esquerda PARADA: 13
Ticks Direita PARADA:  16
===================================

>>> ACELERANDO (30%) POR 3 SEGUNDOS...

--- GIRO COMPLETO (3s) ---
Ticks Esquerda (Giando): 488
Ticks Direita (Girando): 799
--------------------------

>>> MOTORES DESLIGADOS - Lendo por 1 segundo...
--- RUIDO DETECTADO (1s parado) ---
Ticks Esquerda PARADA: 16
Ticks Direita PARADA:  20
===================================

>>> ACELERANDO (30%) POR 3 SEGUNDOS...

--- GIRO COMPLETO (3s) ---
Ticks Esquerda (Giando): 486
Ticks Direita (Girando): 793
--------------------------

>>> MOTORES DESLIGADOS - Lendo por 1 segundo...
--- RUIDO DETECTADO (1s parado) ---
Ticks Esquerda PARADA: 14
Ticks Direita PARADA:  15
===================================

>>> ACELERANDO (30%) POR 3 SEGUNDOS...

--- GIRO COMPLETO (3s) ---
Ticks Esquerda (Giando): 491
Ticks Direita (Girando): 802
--------------------------

>>> MOTORES DESLIGADOS - Lendo por 1 segundo...
--- RUIDO DETECTADO (1s parado) ---
Ticks Esquerda PARADA: 12
Ticks Direita PARADA:  16
===================================
