����������Ң�j

rst:0x1 (POWERON_RESET),bo�ets Jul 29 2019 12:21:46

rst:0x1 (POWERON_RESET),boot:0x13 (SPI_FAST_FLASH_BOOT)
configsip: 0, SPIWP:0xee
clk_drv:0x00,q_drv:0x00,d_drv:0x00,cs0_drv:0x00,hd_drv:0x00,wp_drv:0x00
mode:DIO, clock div:2
load:0x3fff0030,len:7172
load:0x40078000,len:15632
ho 0 tail 12 room 4
load:0x40080400,len:4
load:0x40080404,len:3904
entry 0x40080640
[0;32mI (31) boot: ESP-IDF v5.2.6-224-g72d06017df 2nd stage bootloader[0m
[0;32mI (31) boot: compile time Nov 28 2025 21:50:15[0m
[0;32mI (33) boot: Multicore bootloader[0m
[0;32mI (37) boot: chip revision: v3.1[0m
[0;32mI (41) boot.esp32: SPI Speed      : 40MHz[0m
[0;32mI (45) boot.esp32: SPI Mode       : DIO[0m
[0;32mI (50) boot.esp32: SPI Flash Size : 2MB[0m
[0;32mI (54) boot: Enabling RNG early entropy source...[0m
[0;32mI (60) boot: Partition Table:[0m
[0;32mI (63) boot: ## Label            Usage          Type ST Offset   Length[0m
[0;32mI (71) boot:  0 nvs              WiFi data        01 02 00009000 00006000[0m
[0;32mI (78) boot:  1 phy_init         RF data          01 01 0000f000 00001000[0m
[0;32mI (86) boot:  2 factory          factory app      00 00 00010000 00100000[0m
[0;32mI (93) boot: End of partition table[0m
[0;32mI (97) esp_image: segment 0: paddr=00010020 vaddr=3f400020 size=0b1e4h ( 45540) map[0m
[0;32mI (121) esp_image: segment 1: paddr=0001b20c vaddr=3ffb0000 size=02320h (  8992) load[0m
[0;32mI (125) esp_image: segment 2: paddr=0001d534 vaddr=40080000 size=02ae4h ( 10980) load[0m
[0;32mI (131) esp_image: segment 3: paddr=00020020 vaddr=400d0020 size=11a20h ( 72224) map[0m
[0;32mI (160) esp_image: segment 4: paddr=00031a48 vaddr=40082ae4 size=0a078h ( 41080) load[0m
[0;32mI (183) boot: Loaded app from partition at offset 0x10000[0m
[0;32mI (183) boot: Disabling RNG early entropy source...[0m
[0;32mI (195) cpu_start: Multicore app[0m
[0;32mI (204) cpu_start: Pro cpu start user code[0m
[0;32mI (204) cpu_start: cpu freq: 160000000 Hz[0m
[0;32mI (204) cpu_start: Application information:[0m
[0;32mI (207) cpu_start: Project name:     esp32_robot_firmware[0m
[0;32mI (213) cpu_start: App version:      e18ea92[0m
[0;32mI (218) cpu_start: Compile time:     Jan  5 2026 14:24:57[0m
[0;32mI (224) cpu_start: ELF file SHA256:  4ca2f3501...[0m
[0;32mI (229) cpu_start: ESP-IDF:          v5.2.6-224-g72d06017df[0m
[0;32mI (236) cpu_start: Min chip rev:     v0.0[0m
[0;32mI (240) cpu_start: Max chip rev:     v3.99 [0m
[0;32mI (245) cpu_start: Chip rev:         v3.1[0m
[0;32mI (250) heap_init: Initializing. RAM available for dynamic allocation:[0m
[0;32mI (257) heap_init: At 3FFAE6E0 len 00001920 (6 KiB): DRAM[0m
[0;32mI (263) heap_init: At 3FFB2C68 len 0002D398 (180 KiB): DRAM[0m
[0;32mI (269) heap_init: At 3FFE0440 len 00003AE0 (14 KiB): D/IRAM[0m
[0;32mI (276) heap_init: At 3FFE4350 len 0001BCB0 (111 KiB): D/IRAM[0m
[0;32mI (282) heap_init: At 4008CB5C len 000134A4 (77 KiB): IRAM[0m
[0;32mI (290) spi_flash: detected chip: generic[0m
[0;32mI (293) spi_flash: flash io: dio[0m
[0;33mW (297) spi_flash: Detected size(4096k) larger than the size in the binary image header(2048k). Using the size in the binary image header.[0m
[0;32mI (311) main_task: Started on CPU0[0m
[0;32mI (321) main_task: Calling app_main()[0m
[0;32mI (321) MAIN: ========================================[0m
[0;32mI (321) MAIN:    SISTEMA DE CONTROLE - VERSÃO FINAL[0m
[0;32mI (321) MAIN: ========================================[0m
[0;32mI (331) MAIN: Baseado nos testes bem sucedidos:[0m
[0;32mI (341) MAIN: - Teste 1 (40%): diferença 5.3% - BOM[0m
[0;32mI (341) MAIN: - Teste 2 (50%): diferença 4.8% - PERFEITO[0m
[0;32mI (351) MAIN: - Teste 3 (60%): diferença 3.3% - PERFEITO[0m
[0;32mI (351) TESTE: ========================================[0m
[0;32mI (361) TESTE:    TESTE FINAL - ANDAR RETO[0m
[0;32mI (361) TESTE: ========================================[0m
[0;32mI (371) gpio: GPIO[32]| InputEn: 1| OutputEn: 0| OpenDrain: 0| Pullup: 1| Pulldown: 0| Intr:1 [0m
[0;32mI (381) gpio: GPIO[33]| InputEn: 1| OutputEn: 0| OpenDrain: 0| Pullup: 1| Pulldown: 0| Intr:1 [0m
[0;32mI (391) gpio: GPIO[12]| InputEn: 0| OutputEn: 1| OpenDrain: 0| Pullup: 0| Pulldown: 0| Intr:0 [0m
[0;32mI (401) gpio: GPIO[14]| InputEn: 0| OutputEn: 1| OpenDrain: 0| Pullup: 0| Pulldown: 0| Intr:0 [0m
[0;32mI (411) gpio: GPIO[26]| InputEn: 0| OutputEn: 1| OpenDrain: 0| Pullup: 0| Pulldown: 0| Intr:0 [0m
[0;32mI (421) gpio: GPIO[27]| InputEn: 0| OutputEn: 1| OpenDrain: 0| Pullup: 0| Pulldown: 0| Intr:0 [0m
[0;32mI (431) TESTE: 
Teste 1: Velocidade = 40%[0m
[0;32mI (531) MOVER: ESQ: 40% -> 40%, DIR: 40% -> 28% (fator: 0.70)[0m
[0;32mI (2731) TESTE: Resultado:[0m
[0;32mI (2731) TESTE:   Motor Esquerdo: 239.5 ticks/s[0m
[0;32mI (2731) TESTE:   Motor Direito:  241.5 ticks/s[0m
[0;32mI (2731) TESTE:   Diferença: 0.8%[0m
[0;32mI (2731) TESTE:   ✅ PERFEITO para odometria![0m
[0;32mI (3741) TESTE: 
Teste 2: Velocidade = 50%[0m
[0;32mI (3841) MOVER: ESQ: 50% -> 50%, DIR: 50% -> 32% (fator: 0.65)[0m
[0;32mI (6041) TESTE: Resultado:[0m
[0;32mI (6041) TESTE:   Motor Esquerdo: 259.5 ticks/s[0m
[0;32mI (6041) TESTE:   Motor Direito:  284.0 ticks/s[0m
[0;32mI (6041) TESTE:   Diferença: 9.0%[0m
[0;32mI (6041) TESTE:   ✅ Muito bom[0m
[0;32mI (7051) TESTE: 
Teste 3: Velocidade = 60%[0m
[0;32mI (7151) MOVER: ESQ: 60% -> 60%, DIR: 60% -> 36% (fator: 0.60)[0m
[0;32mI (9351) TESTE: Resultado:[0m
[0;32mI (9351) TESTE:   Motor Esquerdo: 276.5 ticks/s[0m
[0;32mI (9351) TESTE:   Motor Direito:  310.5 ticks/s[0m
[0;32mI (9351) TESTE:   Diferença: 11.6%[0m
[0;33mW (9351) TESTE:   ⚠️ Aceitável[0m
[0;32mI (10361) ODO: ========================================[0m
[0;32mI (10361) ODO:    EXEMPLO DE ODOMETRIA[0m
[0;32mI (10361) ODO: ========================================[0m
[0;32mI (10361) gpio: GPIO[32]| InputEn: 1| OutputEn: 0| OpenDrain: 0| Pullup: 1| Pulldown: 0| Intr:1 [0m
[0;32mI (10371) gpio: GPIO[33]| InputEn: 1| OutputEn: 0| OpenDrain: 0| Pullup: 1| Pulldown: 0| Intr:1 [0m
[0;31mE (10381) gpio: gpio_install_isr_service(508): GPIO isr service already installed[0m
[0;32mI (10391) gpio: GPIO[12]| InputEn: 0| OutputEn: 1| OpenDrain: 0| Pullup: 0| Pulldown: 0| Intr:0 [0m
[0;32mI (10401) gpio: GPIO[14]| InputEn: 0| OutputEn: 1| OpenDrain: 0| Pullup: 0| Pulldown: 0| Intr:0 [0m
[0;32mI (10411) gpio: GPIO[26]| InputEn: 0| OutputEn: 1| OpenDrain: 0| Pullup: 0| Pulldown: 0| Intr:0 [0m
[0;32mI (10421) gpio: GPIO[27]| InputEn: 0| OutputEn: 1| OpenDrain: 0| Pullup: 0| Pulldown: 0| Intr:0 [0m
[0;32mI (10431) ODO: 
Passos para calibração de odometria:[0m
[0;32mI (10431) ODO: 1. Coloque o robô em uma linha reta de 1 metro[0m
[0;32mI (10441) ODO: 2. Use mover_robo(50, 50) por tempo suficiente[0m
[0;32mI (10441) ODO: 3. Conte os ticks dos encoders[0m
[0;32mI (10451) ODO: 4. Calcule: ticks_por_metro = ticks_percorridos / distancia[0m
[0;32mI (10461) ODO: 
Exemplo estimado (baseado nos seus dados):[0m
[0;32mI (10461) ODO: - A 50%: ESQ ~263 ticks/s, DIR ~276 ticks/s[0m
[0;32mI (10471) ODO: - Velocidade média: ~269.5 ticks/s[0m
[0;32mI (10471) ODO: - Se em 1s percorrer ~0.3m (estimado)[0m
[0;32mI (10481) ODO: - Então: ticks_por_metro ≈ 900 ticks/m[0m
[0;32mI (10491) ODO: 
Fórmula para distância percorrida:[0m
[0;32mI (10491) ODO: distancia_esq = ticks_esq / ticks_por_metro[0m
[0;32mI (10501) ODO: distancia_dir = ticks_dir / ticks_por_metro[0m
[0;32mI (10501) ODO: distancia_media = (distancia_esq + distancia_dir) / 2[0m
[0;32mI (10511) MAIN: 
========================================[0m
[0;32mI (10521) MAIN:    RESUMO FINAL[0m
[0;32mI (10521) MAIN: ========================================[0m
[0;32mI (10531) MAIN: SUCESSO! Seu robô está calibrado.[0m
[0;32mI (10531) MAIN: [0m
[0;32mI (10541) MAIN: Use esta função no seu projeto:[0m
[0;32mI (10541) MAIN: [0m
[0;32mI (10541) MAIN: void mover_robo(int vel_esq, int vel_dir) {[0m
[0;32mI (10551) MAIN:     // Compensação para motor direito[0m
[0;32mI (10561) MAIN:     float fator_dir;[0m
[0;32mI (10561) MAIN:     if (vel_dir < 30)      fator_dir = 0.75f;[0m
[0;32mI (10571) MAIN:     else if (vel_dir < 45) fator_dir = 0.70f;[0m
[0;32mI (10571) MAIN:     else if (vel_dir < 60) fator_dir = 0.65f;[0m
[0;32mI (10581) MAIN:     else if (vel_dir < 75) fator_dir = 0.60f;[0m
[0;32mI (10591) MAIN:     else                   fator_dir = 0.55f;[0m
[0;32mI (10591) MAIN:     [0m
[0;32mI (10591) MAIN:     int vel_dir_ajust = (int)(vel_dir * fator_dir);[0m
[0;32mI (10601) MAIN:     [0m
[0;32mI (10601) MAIN:     // Limiares mínimos[0m
[0;32mI (10611) MAIN:     if (vel_esq > 0 && vel_esq < 35) vel_esq = 35;[0m
[0;32mI (10621) MAIN:     if (vel_dir_ajust > 0 && vel_dir_ajust < 25) vel_dir_ajust = 25;[0m
[0;32mI (10621) MAIN:     [0m
[0;32mI (10631) MAIN:     // Aplica aos motores[0m
[0;32mI (10631) MAIN:     motor_esquerdo(vel_esq);[0m
[0;32mI (10641) MAIN:     motor_direito(vel_dir_ajust);[0m
[0;32mI (10641) MAIN: }[0m
[0;32mI (10641) MAIN: 
Para andar reto, use valores IGUAIS:[0m
[0;32mI (10651) MAIN: mover_robo(50, 50);  // Anda reto a 50%[0m
[0;32mI (10661) MAIN: mover_robo(40, 40);  // Anda reto a 40%[0m
[0;32mI (10661) MAIN: mover_robo(60, 60);  // Anda reto a 60%[0m
[0;32mI (10671) MAIN: 
Para curvas, use valores DIFERENTES:[0m
[0;32mI (10671) MAIN: mover_robo(60, 40);  // Curva para DIREITA[0m
[0;32mI (10681) MAIN: mover_robo(40, 60);  // Curva para ESQUERDA[0m
[0;32mI (10691) MAIN: 
========================================[0m
[0;32mI (10691) MAIN: Próximos passos no seu projeto:[0m
[0;32mI (10701) MAIN: 1. Integre a função mover_robo()[0m
[0;32mI (10701) MAIN: 2. Calibre a odometria (ticks por metro)[0m
[0;32mI (10711) MAIN: 3. Implemente navegação por encoders[0m
[0;32mI (10721) MAIN: 4. Teste movimentos reais[0m
[0;32mI (10721) MAIN: ========================================[0m
