Jul 29 2019 12:21:46

rst:0x1 (POWERON_RESE�ets Jul 29 2019 12:21:46

rst:0x1 (POWERON_RESET),boot:0x13 (SPI_FAST_FLASH_BOOT)
configsip: 0, SPIWP:0xee
clk_drv:0x00,q_drv:0x00,d_drv:0x00,cs0_drv:0x00,hd_drv:0x00,wp_drv:0x00
mode:DIO, clock div:2
load:0x3fff0030,len:7172
load:0x40078000,len:15632
ho 0 tail 12 room 4
load:0x40080400,len:4
load:0x40080404,len:3904
entry 0x40080640
[0;32mI (31) boot: ESP-IDF v5.2.6-224-g72d06017df 2nd stage bootloader[0m
[0;32mI (31) boot: compile time Nov 28 2025 21:50:15[0m
[0;32mI (33) boot: Multicore bootloader[0m
[0;32mI (37) boot: chip revision: v3.1[0m
[0;32mI (41) boot.esp32: SPI Speed      : 40MHz[0m
[0;32mI (45) boot.esp32: SPI Mode       : DIO[0m
[0;32mI (50) boot.esp32: SPI Flash Size : 2MB[0m
[0;32mI (54) boot: Enabling RNG early entropy source...[0m
[0;32mI (60) boot: Partition Table:[0m
[0;32mI (63) boot: ## Label            Usage          Type ST Offset   Length[0m
[0;32mI (71) boot:  0 nvs              WiFi data        01 02 00009000 00006000[0m
[0;32mI (78) boot:  1 phy_init         RF data          01 01 0000f000 00001000[0m
[0;32mI (86) boot:  2 factory          factory app      00 00 00010000 00100000[0m
[0;32mI (93) boot: End of partition table[0m
[0;32mI (97) esp_image: segment 0: paddr=00010020 vaddr=3f400020 size=0a2cch ( 41676) map[0m
[0;32mI (120) esp_image: segment 1: paddr=0001a2f4 vaddr=3ffb0000 size=02330h (  9008) load[0m
[0;32mI (124) esp_image: segment 2: paddr=0001c62c vaddr=40080000 size=039ech ( 14828) load[0m
[0;32mI (132) esp_image: segment 3: paddr=00020020 vaddr=400d0020 size=1126ch ( 70252) map[0m
[0;32mI (158) esp_image: segment 4: paddr=00031294 vaddr=400839ec size=0918ch ( 37260) load[0m
[0;32mI (180) boot: Loaded app from partition at offset 0x10000[0m
[0;32mI (180) boot: Disabling RNG early entropy source...[0m
[0;32mI (191) cpu_start: Multicore app[0m
[0;32mI (200) cpu_start: Pro cpu start user code[0m
[0;32mI (200) cpu_start: cpu freq: 160000000 Hz[0m
[0;32mI (200) cpu_start: Application information:[0m
[0;32mI (203) cpu_start: Project name:     esp32_robot_firmware[0m
[0;32mI (210) cpu_start: App version:      e18ea92[0m
[0;32mI (214) cpu_start: Compile time:     Dec 12 2025 10:43:53[0m
[0;32mI (221) cpu_start: ELF file SHA256:  98423dcf4...[0m
[0;32mI (226) cpu_start: ESP-IDF:          v5.2.6-224-g72d06017df[0m
[0;32mI (232) cpu_start: Min chip rev:     v0.0[0m
[0;32mI (237) cpu_start: Max chip rev:     v3.99 [0m
[0;32mI (242) cpu_start: Chip rev:         v3.1[0m
[0;32mI (247) heap_init: Initializing. RAM available for dynamic allocation:[0m
[0;32mI (254) heap_init: At 3FFAE6E0 len 00001920 (6 KiB): DRAM[0m
[0;32mI (260) heap_init: At 3FFB2C78 len 0002D388 (180 KiB): DRAM[0m
[0;32mI (266) heap_init: At 3FFE0440 len 00003AE0 (14 KiB): D/IRAM[0m
[0;32mI (272) heap_init: At 3FFE4350 len 0001BCB0 (111 KiB): D/IRAM[0m
[0;32mI (279) heap_init: At 4008CB78 len 00013488 (77 KiB): IRAM[0m
[0;32mI (286) spi_flash: detected chip: generic[0m
[0;32mI (290) spi_flash: flash io: dio[0m
[0;33mW (294) spi_flash: Detected size(4096k) larger than the size in the binary image header(2048k). Using the size in the binary image header.[0m
[0;32mI (307) main_task: Started on CPU0[0m
[0;32mI (317) main_task: Calling app_main()[0m

=== TESTE BRUTO: CONFIGURACAO TROCADA ===
>> Canal A = DIREITA | Canal B = ESQUERDA <<
[0;32mI (317) gpio: GPIO[12]| InputEn: 0| OutputEn: 1| OpenDrain: 0| Pullup: 0| Pulldown: 0| Intr:0 [0m
[0;32mI (327) gpio: GPIO[14]| InputEn: 0| OutputEn: 1| OpenDrain: 0| Pullup: 0| Pulldown: 0| Intr:0 [0m
[0;32mI (337) gpio: GPIO[26]| InputEn: 0| OutputEn: 1| OpenDrain: 0| Pullup: 0| Pulldown: 0| Intr:0 [0m
[0;32mI (347) gpio: GPIO[27]| InputEn: 0| OutputEn: 1| OpenDrain: 0| Pullup: 0| Pulldown: 0| Intr:0 [0m
[0;32mI (357) gpio: GPIO[32]| InputEn: 1| OutputEn: 0| OpenDrain: 0| Pullup: 1| Pulldown: 0| Intr:3 [0m
[0;32mI (367) gpio: GPIO[33]| InputEn: 1| OutputEn: 0| OpenDrain: 0| Pullup: 1| Pulldown: 0| Intr:3 [0m
>>> Ligando motores em 2 segundos...
>>> APLICANDO FORCA MAXIMA (Duty 0 = 100%)
ESQUERDA (Ch B): 86 (d=86) | DIREITA (Ch A): 131 (d=131)
ESQUERDA (Ch B): 215 (d=129) | DIREITA (Ch A): 256 (d=125)
ESQUERDA (Ch B): 339 (d=124) | DIREITA (Ch A): 375 (d=119)
ESQUERDA (Ch B): 469 (d=130) | DIREITA (Ch A): 501 (d=126)
ESQUERDA (Ch B): 597 (d=128) | DIREITA (Ch A): 621 (d=120)
ESQUERDA (Ch B): 722 (d=125) | DIREITA (Ch A): 736 (d=115)
ESQUERDA (Ch B): 835 (d=113) | DIREITA (Ch A): 863 (d=127)
ESQUERDA (Ch B): 954 (d=119) | DIREITA (Ch A): 984 (d=121)
ESQUERDA (Ch B): 1070 (d=116) | DIREITA (Ch A): 1104 (d=120)
ESQUERDA (Ch B): 1183 (d=113) | DIREITA (Ch A): 1227 (d=123)
ESQUERDA (Ch B): 1298 (d=115) | DIREITA (Ch A): 1346 (d=119)
ESQUERDA (Ch B): 1413 (d=115) | DIREITA (Ch A): 1460 (d=114)
ESQUERDA (Ch B): 1534 (d=121) | DIREITA (Ch A): 1569 (d=109)
ESQUERDA (Ch B): 1649 (d=115) | DIREITA (Ch A): 1689 (d=120)
ESQUERDA (Ch B): 1764 (d=115) | DIREITA (Ch A): 1810 (d=121)
ESQUERDA (Ch B): 1883 (d=119) | DIREITA (Ch A): 1931 (d=121)
ESQUERDA (Ch B): 1998 (d=115) | DIREITA (Ch A): 2044 (d=113)
ESQUERDA (Ch B): 2104 (d=106) | DIREITA (Ch A): 2161 (d=117)
ESQUERDA (Ch B): 2207 (d=103) | DIREITA (Ch A): 2278 (d=117)
ESQUERDA (Ch B): 2329 (d=122) | DIREITA (Ch A): 2402 (d=124)
ESQUERDA (Ch B): 2428 (d=99) | DIREITA (Ch A): 2521 (d=119)
ESQUERDA (Ch B): 2549 (d=121) | DIREITA (Ch A): 2636 (d=115)
ESQUERDA (Ch B): 2669 (d=120) | DIREITA (Ch A): 2748 (d=112)
ESQUERDA (Ch B): 2790 (d=121) | DIREITA (Ch A): 2867 (d=119)
ESQUERDA (Ch B): 2908 (d=118) | DIREITA (Ch A): 2982 (d=115)
ESQUERDA (Ch B): 3005 (d=97) | DIREITA (Ch A): 3101 (d=119)
ESQUERDA (Ch B): 3111 (d=106) | DIREITA (Ch A): 3223 (d=122)
ESQUERDA (Ch B): 3220 (d=109) | DIREITA (Ch A): 3343 (d=120)
ESQUERDA (Ch B): 3316 (d=96) | DIREITA (Ch A): 3461 (d=118)
ESQUERDA (Ch B): 3407 (d=91) | DIREITA (Ch A): 3579 (d=118)
ESQUERDA (Ch B): 3512 (d=105) | DIREITA (Ch A): 3694 (d=115)
ESQUERDA (Ch B): 3611 (d=99) | DIREITA (Ch A): 3814 (d=120)
ESQUERDA (Ch B): 3732 (d=121) | DIREITA (Ch A): 3932 (d=118)
ESQUERDA (Ch B): 3850 (d=118) | DIREITA (Ch A): 4051 (d=119)
ESQUERDA (Ch B): 3972 (d=122) | DIREITA (Ch A): 4173 (d=122)
ESQUERDA (Ch B): 4084 (d=112) | DIREITA (Ch A): 4299 (d=126)
ESQUERDA (Ch B): 4210 (d=126) | DIREITA (Ch A): 4419 (d=120)
ESQUERDA (Ch B): 4330 (d=120) | DIREITA (Ch A): 4538 (d=119)
ESQUERDA (Ch B): 4372 (d=42) | DIREITA (Ch A): 4660 (d=122)
ESQUERDA (Ch B): 4376 (d=4) | DIREITA (Ch A): 4779 (d=119)
ESQUERDA (Ch B): 4387 (d=11) | DIREITA (Ch A): 4898 (d=119)
ESQUERDA (Ch B): 4387 (d=0) | DIREITA (Ch A): 5021 (d=123)
ESQUERDA (Ch B): 4387 (d=0) | DIREITA (Ch A): 5144 (d=123)
ESQUERDA (Ch B): 4387 (d=0) | DIREITA (Ch A): 5268 (d=124)
ESQUERDA (Ch B): 4455 (d=68) | DIREITA (Ch A): 5389 (d=121)
ESQUERDA (Ch B): 4544 (d=89) | DIREITA (Ch A): 5511 (d=122)
ESQUERDA (Ch B): 4633 (d=89) | DIREITA (Ch A): 5633 (d=122)
ESQUERDA (Ch B): 4746 (d=113) | DIREITA (Ch A): 5755 (d=122)
ESQUERDA (Ch B): 4877 (d=131) | DIREITA (Ch A): 5876 (d=121)
ESQUERDA (Ch B): 5013 (d=136) | DIREITA (Ch A): 5998 (d=122)
ESQUERDA (Ch B): 5160 (d=147) | DIREITA (Ch A): 6116 (d=118)
ESQUERDA (Ch B): 5316 (d=156) | DIREITA (Ch A): 6237 (d=121)
ESQUERDA (Ch B): 5465 (d=149) | DIREITA (Ch A): 6355 (d=118)
ESQUERDA (Ch B): 5611 (d=146) | DIREITA (Ch A): 6475 (d=120)
ESQUERDA (Ch B): 5748 (d=137) | DIREITA (Ch A): 6595 (d=120)
ESQUERDA (Ch B): 5896 (d=148) | DIREITA (Ch A): 6710 (d=115)
ESQUERDA (Ch B): 6043 (d=147) | DIREITA (Ch A): 6823 (d=113)
ESQUERDA (Ch B): 6191 (d=148) | DIREITA (Ch A): 6944 (d=121)
ESQUERDA (Ch B): 6338 (d=147) | DIREITA (Ch A): 7057 (d=113)
ESQUERDA (Ch B): 6479 (d=141) | DIREITA (Ch A): 7175 (d=118)
ESQUERDA (Ch B): 6630 (d=151) | DIREITA (Ch A): 7292 (d=117)
ESQUERDA (Ch B): 6781 (d=151) | DIREITA (Ch A): 7410 (d=118)
ESQUERDA (Ch B): 6931 (d=150) | DIREITA (Ch A): 7531 (d=121)
ESQUERDA (Ch B): 7076 (d=145) | DIREITA (Ch A): 7652 (d=121)
ESQUERDA (Ch B): 7228 (d=152) | DIREITA (Ch A): 7762 (d=110)
ESQUERDA (Ch B): 7377 (d=149) | DIREITA (Ch A): 7887 (d=125)
ESQUERDA (Ch B): 7515 (d=138) | DIREITA (Ch A): 8008 (d=121)
ESQUERDA (Ch B): 7655 (d=140) | DIREITA (Ch A): 8128 (d=120)
l 29 2019 12:21:46

rst:0x1 (POWERON_RESET),boot:0x13 (SPI_FAST_FLASH_BOOT)
configsip: 0, SPIWP:0xee
clk_drv:0x00,q_drv:0x00,d_drv:0x00,cs0_drv:0x00,hd_drv:0x00,wp_drv:0x00
mode:DIO, clock div:2
load:0x3fff0030,len:7172
load:0x40078000,len:15632
ho 0 tail 12 room 4
load:0x40080400,len:4
load:0x40080404,len:3904
entry 0x40080640
[0;32mI (61) boot: ESP-IDF v5.2.6-224-g72d06017df 2nd stage bootloader[0m
[0;32mI (61) boot: compile time Nov 28 2025 21:50:15[0m
[0;32mI (63) boot: Multicore bootloader[0m
[0;32mI (68) boot: chip revision: v3.1[0m
[0;32mI (71) boot.esp32: SPI Speed      : 40MHz[0m
[0;32mI (76) boot.esp32: SPI Mode       : DIO[0m
[0;32mI (80) boot.esp32: SPI Flash Size : 2MB[0m
[0;32mI (85) boot: Enabling RNG early entropy source...[0m
[0;32mI (90) boot: Partition Table:[0m
[0;32mI (94) boot: ## Label            Usage          Type ST Offset   Length[0m
[0;32mI (101) boot:  0 nvs              WiFi data        01 02 00009000 00006000[0m
[0;32mI (109) boot:  1 phy_init         RF data          01 01 0000f000 00001000[0m
[0;32mI (116) boot:  2 factory          factory app      00 00 00010000 00100000[0m
[0;32mI (124) boot: End of partition table[0m
[0;32mI (128) esp_image: segment 0: paddr=00010020 vaddr=3f400020 size=0a2cch ( 41676) map[0m
[0;32mI (151) esp_image: segment 1: paddr=0001a2f4 vaddr=3ffb0000 size=02330h (  9008) load[0m
[0;32mI (155) esp_image: segment 2: paddr=0001c62c vaddr=40080000 size=039ech ( 14828) load[0m
[0;32mI (163) esp_image: segment 3: paddr=00020020 vaddr=400d0020 size=1126ch ( 70252) map[0m
[0;32mI (189) esp_image: segment 4: paddr=00031294 vaddr=400839ec size=0918ch ( 37260) load[0m
[0;32mI (211) boot: Loaded app from partition at offset 0x10000[0m
[0;32mI (211) boot: Disabling RNG early entropy source...[0m
[0;32mI (222) cpu_start: Multicore app[0m
[0;32mI (231) cpu_start: Pro cpu start user code[0m
[0;32mI (232) cpu_start: cpu freq: 160000000 Hz[0m
[0;32mI (232) cpu_start: Application information:[0m
[0;32mI (235) cpu_start: Project name:     esp32_robot_firmware[0m
[0;32mI (241) cpu_start: App version:      e18ea92[0m
[0;32mI (246) cpu_start: Compile time:     Dec 12 2025 10:43:53[0m
[0;32mI (252) cpu_start: ELF file SHA256:  98423dcf4...[0m
[0;32mI (257) cpu_start: ESP-IDF:          v5.2.6-224-g72d06017df[0m
[0;32mI (263) cpu_start: Min chip rev:     v0.0[0m
[0;32mI (268) cpu_start: Max chip rev:     v3.99 [0m
[0;32mI (273) cpu_start: Chip rev:         v3.1[0m
[0;32mI (278) heap_init: Initializing. RAM available for dynamic allocation:[0m
[0;32mI (285) heap_init: At 3FFAE6E0 len 00001920 (6 KiB): DRAM[0m
[0;32mI (291) heap_init: At 3FFB2C78 len 0002D388 (180 KiB): DRAM[0m
[0;32mI (297) heap_init: At 3FFE0440 len 00003AE0 (14 KiB): D/IRAM[0m
[0;32mI (303) heap_init: At 3FFE4350 len 0001BCB0 (111 KiB): D/IRAM[0m
[0;32mI (310) heap_init: At 4008CB78 len 00013488 (77 KiB): IRAM[0m
[0;32mI (318) spi_flash: detected chip: generic[0m
[0;32mI (321) spi_flash: flash io: dio[0m
[0;33mW (325) spi_flash: Detected size(4096k) larger than the size in the binary image header(2048k). Using the size in the binary image header.[0m
[0;32mI (339) main_task: Started on CPU0[0m
[0;32mI (349) main_task: Calling app_main()[0m

=== TESTE BRUTO: CONFIGURACAO TROCADA ===
>> Canal A = DIREITA | Canal B = ESQUERDA <<
[0;32mI (349) gpio: GPIO[12]| InputEn: 0| OutputEn: 1| OpenDrain: 0| Pullup: 0| Pulldown: 0| Intr:0 [0m
[0;32mI (359) gpio: GPIO[14]| InputEn: 0| OutputEn: 1| OpenDrain: 0| Pullup: 0| Pulldown: 0| Intr:0 [0m
[0;32mI (369) gpio: GPIO[26]| InputEn: 0| OutputEn: 1| OpenDrain: 0| Pullup: 0| Pulldown: 0| Intr:0 [0m
[0;32mI (379) gpio: GPIO[27]| InputEn: 0| OutputEn: 1| OpenDrain: 0| Pullup: 0| Pulldown: 0| Intr:0 [0m
[0;32mI (389) gpio: GPIO[32]| InputEn: 1| OutputEn: 0| OpenDrain: 0| Pullup: 1| Pulldown: 0| Intr:3 [0m
[0;32mI (399) gpio: GPIO[33]| InputEn: 1| OutputEn: 0| OpenDrain: 0| Pullup: 1| Pulldown: 0| Intr:3 [0m
>>> Ligando motores em 2 segundos...
>>> APLICANDO FORCA MAXIMA (Duty 0 = 100%)
ESQUERDA (Ch B): 124 (d=124) | DIREITA (Ch A): 110 (d=110)
ESQUERDA (Ch B): 265 (d=141) | DIREITA (Ch A): 229 (d=119)
ESQUERDA (Ch B): 401 (d=136) | DIREITA (Ch A): 350 (d=121)
ESQUERDA (Ch B): 545 (d=144) | DIREITA (Ch A): 465 (d=115)
ESQUERDA (Ch B): 685 (d=140) | DIREITA (Ch A): 581 (d=116)
ESQUERDA (Ch B): 821 (d=136) | DIREITA (Ch A): 698 (d=117)
ESQUERDA (Ch B): 962 (d=141) | DIREITA (Ch A): 813 (d=115)
ESQUERDA (Ch B): 1100 (d=138) | DIREITA (Ch A): 932 (d=119)
ESQUERDA (Ch B): 1233 (d=133) | DIREITA (Ch A): 1053 (d=121)
ESQUERDA (Ch B): 1367 (d=134) | DIREITA (Ch A): 1169 (d=116)
ESQUERDA (Ch B): 1500 (d=133) | DIREITA (Ch A): 1291 (d=122)
ESQUERDA (Ch B): 1636 (d=136) | DIREITA (Ch A): 1409 (d=118)
ESQUERDA (Ch B): 1770 (d=134) | DIREITA (Ch A): 1529 (d=120)
ESQUERDA (Ch B): 1903 (d=133) | DIREITA (Ch A): 1650 (d=121)
ESQUERDA (Ch B): 2036 (d=133) | DIREITA (Ch A): 1769 (d=119)
ESQUERDA (Ch B): 2169 (d=133) | DIREITA (Ch A): 1887 (d=118)
ESQUERDA (Ch B): 2302 (d=133) | DIREITA (Ch A): 2007 (d=120)
ESQUERDA (Ch B): 2435 (d=133) | DIREITA (Ch A): 2130 (d=123)
ESQUERDA (Ch B): 2566 (d=131) | DIREITA (Ch A): 2245 (d=115)
ESQUERDA (Ch B): 2696 (d=130) | DIREITA (Ch A): 2355 (d=110)
ESQUERDA (Ch B): 2831 (d=135) | DIREITA (Ch A): 2470 (d=115)
ESQUERDA (Ch B): 2957 (d=126) | DIREITA (Ch A): 2588 (d=118)
ESQUERDA (Ch B): 3089 (d=132) | DIREITA (Ch A): 2710 (d=122)
ESQUERDA (Ch B): 3227 (d=138) | DIREITA (Ch A): 2824 (d=114)
ESQUERDA (Ch B): 3354 (d=127) | DIREITA (Ch A): 2943 (d=119)
ESQUERDA (Ch B): 3488 (d=134) | DIREITA (Ch A): 3066 (d=123)
ESQUERDA (Ch B): 3618 (d=130) | DIREITA (Ch A): 3185 (d=119)
ESQUERDA (Ch B): 3746 (d=128) | DIREITA (Ch A): 3300 (d=115)
ESQUERDA (Ch B): 3880 (d=134) | DIREITA (Ch A): 3422 (d=122)
ESQUERDA (Ch B): 4011 (d=131) | DIREITA (Ch A): 3547 (d=125)
ESQUERDA (Ch B): 4141 (d=130) | DIREITA (Ch A): 3663 (d=116)
ESQUERDA (Ch B): 4273 (d=132) | DIREITA (Ch A): 3784 (d=121)
ESQUERDA (Ch B): 4401 (d=128) | DIREITA (Ch A): 3901 (d=117)
ESQUERDA (Ch B): 4530 (d=129) | DIREITA (Ch A): 4015 (d=114)
ESQUERDA (Ch B): 4659 (d=129) | DIREITA (Ch A): 4133 (d=118)
ESQUERDA (Ch B): 4785 (d=126) | DIREITA (Ch A): 4248 (d=115)
ESQUERDA (Ch B): 4915 (d=130) | DIREITA (Ch A): 4364 (d=116)
ESQUERDA (Ch B): 5044 (d=129) | DIREITA (Ch A): 4483 (d=119)
ESQUERDA (Ch B): 5170 (d=126) | DIREITA (Ch A): 4598 (d=115)
ESQUERDA (Ch B): 5295 (d=125) | DIREITA (Ch A): 4717 (d=119)
ESQUERDA (Ch B): 5423 (d=128) | DIREITA (Ch A): 4839 (d=122)
ESQUERDA (Ch B): 5552 (d=129) | DIREITA (Ch A): 4955 (d=116)
ESQUERDA (Ch B): 5679 (d=127) | DIREITA (Ch A): 5071 (d=116)
ESQUERDA (Ch B): 5815 (d=136) | DIREITA (Ch A): 5189 (d=118)
ESQUERDA (Ch B): 5945 (d=130) | DIREITA (Ch A): 5308 (d=119)
ESQUERDA (Ch B): 6080 (d=135) | DIREITA (Ch A): 5431 (d=123)
ESQUERDA (Ch B): 6213 (d=133) | DIREITA (Ch A): 5550 (d=119)
