ets Jul 29 2019 12:21:46ets Jul 29 2019 12:21:46

rst:0x1 (POWERON_RESET),boot:0x13 (SPI_FAST_FLASH_BOOT)
configsip: 0, SPIWP:0xee
clk_drv:0x00,q_drv:0x00,d_drv:0x00,cs0_drv:0x00,hd_drv:0x00,wp_drv:0x00
mode:DIO, clock div:2
load:0x3fff0030,len:7172
load:0x40078000,len:15632
ho 0 tail 12 room 4
load:0x40080400,len:4
load:0x40080404,len:3904
entry 0x40080640
[0;32mI (31) boot: ESP-IDF v5.2.6-224-g72d06017df 2nd stage bootloader[0m
[0;32mI (31) boot: compile time Nov 28 2025 21:50:15[0m
[0;32mI (33) boot: Multicore bootloader[0m
[0;32mI (37) boot: chip revision: v3.1[0m
[0;32mI (41) boot.esp32: SPI Speed      : 40MHz[0m
[0;32mI (45) boot.esp32: SPI Mode       : DIO[0m
[0;32mI (50) boot.esp32: SPI Flash Size : 2MB[0m
[0;32mI (54) boot: Enabling RNG early entropy source...[0m
[0;32mI (60) boot: Partition Table:[0m
[0;32mI (63) boot: ## Label            Usage          Type ST Offset   Length[0m
[0;32mI (71) boot:  0 nvs              WiFi data        01 02 00009000 00006000[0m
[0;32mI (78) boot:  1 phy_init         RF data          01 01 0000f000 00001000[0m
[0;32mI (86) boot:  2 factory          factory app      00 00 00010000 00100000[0m
[0;32mI (93) boot: End of partition table[0m
[0;32mI (97) esp_image: segment 0: paddr=00010020 vaddr=3f400020 size=1b388h (111496) map[0m
[0;32mI (144) esp_image: segment 1: paddr=0002b3b0 vaddr=3ffb0000 size=0465ch ( 18012) load[0m
[0;32mI (151) esp_image: segment 2: paddr=0002fa14 vaddr=40080000 size=00604h (  1540) load[0m
[0;32mI (152) esp_image: segment 3: paddr=00030020 vaddr=400d0020 size=938c4h (604356) map[0m
[0;32mI (365) esp_image: segment 4: paddr=000c38ec vaddr=40080604 size=16f88h ( 94088) load[0m
[0;32mI (414) boot: Loaded app from partition at offset 0x10000[0m
[0;32mI (414) boot: Disabling RNG early entropy source...[0m
[0;32mI (426) cpu_start: Multicore app[0m
[0;32mI (435) cpu_start: Pro cpu start user code[0m
[0;32mI (435) cpu_start: cpu freq: 160000000 Hz[0m
[0;32mI (435) cpu_start: Application information:[0m
[0;32mI (438) cpu_start: Project name:     esp32_robot_firmware[0m
[0;32mI (444) cpu_start: App version:      e18ea92[0m
[0;32mI (449) cpu_start: Compile time:     Jan  5 2026 14:24:57[0m
[0;32mI (455) cpu_start: ELF file SHA256:  8194440c4...[0m
[0;32mI (461) cpu_start: ESP-IDF:          v5.2.6-224-g72d06017df[0m
[0;32mI (467) cpu_start: Min chip rev:     v0.0[0m
[0;32mI (471) cpu_start: Max chip rev:     v3.99 [0m
[0;32mI (476) cpu_start: Chip rev:         v3.1[0m
[0;32mI (481) heap_init: Initializing. RAM available for dynamic allocation:[0m
[0;32mI (488) heap_init: At 3FFAE6E0 len 00001920 (6 KiB): DRAM[0m
[0;32mI (494) heap_init: At 3FFBB430 len 00024BD0 (146 KiB): DRAM[0m
[0;32mI (501) heap_init: At 3FFE0440 len 00003AE0 (14 KiB): D/IRAM[0m
[0;32mI (507) heap_init: At 3FFE4350 len 0001BCB0 (111 KiB): D/IRAM[0m
[0;32mI (513) heap_init: At 4009758C len 00008A74 (34 KiB): IRAM[0m
[0;32mI (521) spi_flash: detected chip: generic[0m
[0;32mI (524) spi_flash: flash io: dio[0m
[0;33mW (528) spi_flash: Detected size(4096k) larger than the size in the binary image header(2048k). Using the size in the binary image header.[0m
[0;32mI (542) main_task: Started on CPU0[0m
[0;32mI (552) main_task: Calling app_main()[0m
[0;32mI (552) MAIN: === ROBO INICIALIZANDO (MODO INCREMENTAL) ===[0m
[0;32mI (552) HW: Configurando hardware (modo incremental simples)...[0m
[0;32mI (562) gpio: GPIO[12]| InputEn: 0| OutputEn: 1| OpenDrain: 0| Pullup: 0| Pulldown: 0| Intr:0 [0m
[0;32mI (562) gpio: GPIO[14]| InputEn: 0| OutputEn: 1| OpenDrain: 0| Pullup: 0| Pulldown: 0| Intr:0 [0m
[0;32mI (572) gpio: GPIO[26]| InputEn: 0| OutputEn: 1| OpenDrain: 0| Pullup: 0| Pulldown: 0| Intr:0 [0m
[0;32mI (582) gpio: GPIO[27]| InputEn: 0| OutputEn: 1| OpenDrain: 0| Pullup: 0| Pulldown: 0| Intr:0 [0m
[0;32mI (592) gpio: GPIO[32]| InputEn: 1| OutputEn: 0| OpenDrain: 0| Pullup: 1| Pulldown: 0| Intr:1 [0m
[0;32mI (602) gpio: GPIO[33]| InputEn: 1| OutputEn: 0| OpenDrain: 0| Pullup: 1| Pulldown: 0| Intr:1 [0m
[0;32mI (612) HW: Hardware configurado. Modo incremental simples.[0m
[0;32mI (622) MAIN: Teste rápido dos encoders...[0m
[0;32mI (622) MAIN: Gire cada roda manualmente e verifique se os ticks aumentam[0m
[0;32mI (632) MAIN: Aguardando 5 segundos...[0m
[0;32mI (1632) MAIN: Ticks: ESQ=0 (+0), DIR=0 (+0)[0m
[0;32mI (2632) MAIN: Ticks: ESQ=0 (+0), DIR=0 (+0)[0m
[0;32mI (3632) MAIN: Ticks: ESQ=0 (+0), DIR=0 (+0)[0m
[0;32mI (4632) MAIN: Ticks: ESQ=0 (+0), DIR=0 (+0)[0m
[0;32mI (5632) MAIN: Ticks: ESQ=0 (+0), DIR=0 (+0)[0m
[0;32mI (5632) MAIN: Iniciando Micro-ROS...[0m
[0;32mI (5662) wifi_station_netif: ESP_WIFI_MODE_STA[0m
[0;32mI (5672) wifi:wifi driver task: 3ffc375c, prio:23, stack:6656, core=0[0m
[0;32mI (5682) wifi:wifi firmware version: 82d80cd[0m
[0;32mI (5682) wifi:wifi certification version: v7.0[0m
[0;32mI (5682) wifi:config NVS flash: enabled[0m
[0;32mI (5682) wifi:config nano formating: disabled[0m
[0;32mI (5692) wifi:Init data frame dynamic rx buffer num: 32[0m
[0;32mI (5692) wifi:Init static rx mgmt buffer num: 5[0m
[0;32mI (5702) wifi:Init management short buffer num: 32[0m
[0;32mI (5702) wifi:Init dynamic tx buffer num: 32[0m
[0;32mI (5702) wifi:Init static rx buffer size: 1600[0m
[0;32mI (5712) wifi:Init static rx buffer num: 10[0m
[0;32mI (5712) wifi:Init dynamic rx buffer num: 32[0m
[0;32mI (5722) wifi_init: rx ba win: 6[0m
[0;32mI (5722) wifi_init: tcpip mbox: 32[0m
[0;32mI (5722) wifi_init: udp mbox: 6[0m
[0;32mI (5732) wifi_init: tcp mbox: 6[0m
[0;32mI (5732) wifi_init: tcp tx win: 5760[0m
[0;32mI (5742) wifi_init: tcp rx win: 5760[0m
[0;32mI (5742) wifi_init: tcp mss: 1440[0m
[0;32mI (5742) wifi_init: WiFi IRAM OP enabled[0m
[0;32mI (5752) wifi_init: WiFi RX IRAM OP enabled[0m
[0;33mW (5762) wifi:Password length matches WPA2 standards, authmode threshold changes from OPEN to WPA2[0m
[0;32mI (5762) phy_init: phy_version 4861,b71b5ad,Aug  5 2025,11:16:06[0m
[0;32mI (5852) phy_init: Saving new calibration data due to checksum failure or outdated calibration data, mode(0)[0m
[0;32mI (5872) wifi:mode : sta (ec:e3:34:48:40:44)[0m
[0;32mI (5872) wifi:enable tsf[0m
[0;32mI (5872) wifi_station_netif: wifi_init_sta finished.[0m
[0;32mI (5882) wifi:new:<2,0>, old:<1,0>, ap:<255,255>, sta:<2,0>, prof:1[0m
[0;32mI (5882) wifi:state: init -> auth (b0)[0m
[0;32mI (5892) wifi:state: auth -> assoc (0)[0m
[0;32mI (5892) wifi:state: assoc -> init (4a0)[0m
[0;32mI (5902) wifi:new:<2,0>, old:<2,0>, ap:<255,255>, sta:<2,0>, prof:1[0m
[0;32mI (5902) wifi_station_netif: retry to connect to the AP[0m
[0;32mI (5902) wifi_station_netif: connect to the AP fail[0m
[0;32mI (8312) wifi_station_netif: retry to connect to the AP[0m
[0;32mI (8312) wifi_station_netif: connect to the AP fail[0m
[0;32mI (8322) wifi:new:<2,0>, old:<2,0>, ap:<255,255>, sta:<2,0>, prof:1[0m
[0;32mI (8322) wifi:state: init -> auth (b0)[0m
[0;32mI (8342) wifi:state: auth -> assoc (0)[0m
[0;32mI (8352) wifi:state: assoc -> run (10)[0m
[0;32mI (8502) wifi:connected with MOB-ALTOS, aid = 68, channel 2, BW20, bssid = a4:7c:c9:85:05:64[0m
[0;32mI (8502) wifi:security: WPA2-PSK, phy: bgn, rssi: -62[0m
[0;32mI (8502) wifi:pm start, type: 1[0m

[0;32mI (8502) wifi:dp: 1, bi: 102400, li: 3, scale listen interval from 307200 us to 307200 us[0m
[0;32mI (8512) wifi:AP's beacon interval = 102400 us, DTIM period = 1[0m
[0;32mI (11522) esp_netif_handlers: sta ip: 192.168.18.158, mask: 255.255.255.0, gw: 192.168.18.1[0m
[0;32mI (11522) wifi_station_netif: got ip:192.168.18.158[0m
[0;32mI (11522) wifi_station_netif: connected to ap SSID:MOB-ALTOS password:mob3876150[0m
[0;32mI (11532) wifi:Set ps type: 0, coexist: 0[0m

[0;32mI (11532) MAIN: Esperando conexão com agente Micro-ROS...[0m
[0;32mI (11612) MAIN: Agente Micro-ROS encontrado![0m
[0;32mI (11682) wifi:<ba-add>idx:0 (ifx:0, a4:7c:c9:85:05:64), tid:0, ssn:4, winSize:64[0m
[0;32mI (11772) MAIN: Robô inicializado com sucesso![0m
[0;32mI (11772) MAIN: Pronto para receber comandos /cmd_vel[0m
[0;32mI (11772) MAIN: Publicando odometria em /odom[0m
�SH�HH���0x1 (POWERON_RESET),boot:0x13 (SPI_FAST_FLASH_BOOT)
configsip: 0, SPIWP:0xee
clk_drv:0x00,q_drv:0x00,d_drv:0x00,cs0_drv:0x00,hd_drv:0x00,wp_drv:0x00
mode:DIO, clock div:2
load:0x3fff0030,len:7172
load:0x40078000,len:15632
ho 0 tail 12 room 4
load:0x40080400,len:4
load:0x40080404,len:3904
entry 0x40080640
[0;32mI (61) boot: ESP-IDF v5.2.6-224-g72d06017df 2nd stage bootloader[0m
[0;32mI (61) boot: compile time Nov 28 2025 21:50:15[0m
[0;32mI (63) boot: Multicore bootloader[0m
[0;32mI (68) boot: chip revision: v3.1[0m
[0;32mI (71) boot.esp32: SPI Speed      : 40MHz[0m
[0;32mI (76) boot.esp32: SPI Mode       : DIO[0m
[0;32mI (80) boot.esp32: SPI Flash Size : 2MB[0m
[0;32mI (85) boot: Enabling RNG early entropy source...[0m
[0;32mI (90) boot: Partition Table:[0m
[0;32mI (94) boot: ## Label            Usage          Type ST Offset   Length[0m
[0;32mI (101) boot:  0 nvs              WiFi data        01 02 00009000 00006000[0m
[0;32mI (109) boot:  1 phy_init         RF data          01 01 0000f000 00001000[0m
[0;32mI (116) boot:  2 factory          factory app      00 00 00010000 00100000[0m
[0;32mI (124) boot: End of partition table[0m
[0;32mI (128) esp_image: segment 0: paddr=00010020 vaddr=3f400020 size=1b388h (111496) map[0m
[0;32mI (175) esp_image: segment 1: paddr=0002b3b0 vaddr=3ffb0000 size=0465ch ( 18012) load[0m
[0;32mI (182) esp_image: segment 2: paddr=0002fa14 vaddr=40080000 size=00604h (  1540) load[0m
[0;32mI (183) esp_image: segment 3: paddr=00030020 vaddr=400d0020 size=938c4h (604356) map[0m
[0;32mI (396) esp_image: segment 4: paddr=000c38ec vaddr=40080604 size=16f88h ( 94088) load[0m
[0;32mI (445) boot: Loaded app from partition at offset 0x10000[0m
[0;32mI (445) boot: Disabling RNG early entropy source...[0m
[0;32mI (457) cpu_start: Multicore app[0m
[0;32mI (466) cpu_start: Pro cpu start user code[0m
[0;32mI (466) cpu_start: cpu freq: 160000000 Hz[0m
[0;32mI (466) cpu_start: Application information:[0m
[0;32mI (469) cpu_start: Project name:     esp32_robot_firmware[0m
[0;32mI (475) cpu_start: App version:      e18ea92[0m
[0;32mI (480) cpu_start: Compile time:     Jan  5 2026 14:24:57[0m
[0;32mI (486) cpu_start: ELF file SHA256:  8194440c4...[0m
[0;32mI (492) cpu_start: ESP-IDF:          v5.2.6-224-g72d06017df[0m
[0;32mI (498) cpu_start: Min chip rev:     v0.0[0m
[0;32mI (503) cpu_start: Max chip rev:     v3.99 [0m
[0;32mI (507) cpu_start: Chip rev:         v3.1[0m
[0;32mI (512) heap_init: Initializing. RAM available for dynamic allocation:[0m
[0;32mI (520) heap_init: At 3FFAE6E0 len 00001920 (6 KiB): DRAM[0m
[0;32mI (525) heap_init: At 3FFBB430 len 00024BD0 (146 KiB): DRAM[0m
[0;32mI (532) heap_init: At 3FFE0440 len 00003AE0 (14 KiB): D/IRAM[0m
[0;32mI (538) heap_init: At 3FFE4350 len 0001BCB0 (111 KiB): D/IRAM[0m
[0;32mI (545) heap_init: At 4009758C len 00008A74 (34 KiB): IRAM[0m
[0;32mI (552) spi_flash: detected chip: generic[0m
[0;32mI (555) spi_flash: flash io: dio[0m
[0;33mW (559) spi_flash: Detected size(4096k) larger than the size in the binary image header(2048k). Using the size in the binary image header.[0m
[0;32mI (573) main_task: Started on CPU0[0m
[0;32mI (583) main_task: Calling app_main()[0m
[0;32mI (583) MAIN: === ROBO INICIALIZANDO (MODO INCREMENTAL) ===[0m
[0;32mI (583) HW: Configurando hardware (modo incremental simples)...[0m
[0;32mI (593) gpio: GPIO[12]| InputEn: 0| OutputEn: 1| OpenDrain: 0| Pullup: 0| Pulldown: 0| Intr:0 [0m
[0;32mI (593) gpio: GPIO[14]| InputEn: 0| OutputEn: 1| OpenDrain: 0| Pullup: 0| Pulldown: 0| Intr:0 [0m
[0;32mI (603) gpio: GPIO[26]| InputEn: 0| OutputEn: 1| OpenDrain: 0| Pullup: 0| Pulldown: 0| Intr:0 [0m
[0;32mI (613) gpio: GPIO[27]| InputEn: 0| OutputEn: 1| OpenDrain: 0| Pullup: 0| Pulldown: 0| Intr:0 [0m
[0;32mI (623) gpio: GPIO[32]| InputEn: 1| OutputEn: 0| OpenDrain: 0| Pullup: 1| Pulldown: 0| Intr:1 [0m
[0;32mI (633) gpio: GPIO[33]| InputEn: 1| OutputEn: 0| OpenDrain: 0| Pullup: 1| Pulldown: 0| Intr:1 [0m
[0;32mI (643) HW: Hardware configurado. Modo incremental simples.[0m
[0;32mI (653) MAIN: Teste rápido dos encoders...[0m
[0;32mI (653) MAIN: Gire cada roda manualmente e verifique se os ticks aumentam[0m
[0;32mI (663) MAIN: Aguardando 5 segundos...[0m
[0;32mI (1663) MAIN: Ticks: ESQ=0 (+0), DIR=0 (+0)[0m
[0;32mI (2663) MAIN: Ticks: ESQ=0 (+0), DIR=0 (+0)[0m
[0;32mI (3663) MAIN: Ticks: ESQ=0 (+0), DIR=0 (+0)[0m
[0;32mI (4663) MAIN: Ticks: ESQ=0 (+0), DIR=0 (+0)[0m
[0;32mI (5663) MAIN: Ticks: ESQ=0 (+0), DIR=0 (+0)[0m
[0;32mI (5663) MAIN: Iniciando Micro-ROS...[0m
[0;32mI (5693) wifi_station_netif: ESP_WIFI_MODE_STA[0m
[0;32mI (5703) wifi:wifi driver task: 3ffc375c, prio:23, stack:6656, core=0[0m
[0;32mI (5713) wifi:wifi firmware version: 82d80cd[0m
[0;32mI (5713) wifi:wifi certification version: v7.0[0m
[0;32mI (5713) wifi:config NVS flash: enabled[0m
[0;32mI (5713) wifi:config nano formating: disabled[0m
[0;32mI (5723) wifi:Init data frame dynamic rx buffer num: 32[0m
[0;32mI (5723) wifi:Init static rx mgmt buffer num: 5[0m
[0;32mI (5733) wifi:Init management short buffer num: 32[0m
[0;32mI (5733) wifi:Init dynamic tx buffer num: 32[0m
[0;32mI (5733) wifi:Init static rx buffer size: 1600[0m
[0;32mI (5743) wifi:Init static rx buffer num: 10[0m
[0;32mI (5743) wifi:Init dynamic rx buffer num: 32[0m
[0;32mI (5753) wifi_init: rx ba win: 6[0m
[0;32mI (5753) wifi_init: tcpip mbox: 32[0m
[0;32mI (5753) wifi_init: udp mbox: 6[0m
[0;32mI (5763) wifi_init: tcp mbox: 6[0m
[0;32mI (5763) wifi_init: tcp tx win: 5760[0m
[0;32mI (5773) wifi_init: tcp rx win: 5760[0m
[0;32mI (5773) wifi_init: tcp mss: 1440[0m
[0;32mI (5773) wifi_init: WiFi IRAM OP enabled[0m
[0;32mI (5783) wifi_init: WiFi RX IRAM OP enabled[0m
[0;33mW (5793) wifi:Password length matches WPA2 standards, authmode threshold changes from OPEN to WPA2[0m
[0;32mI (5793) phy_init: phy_version 4861,b71b5ad,Aug  5 2025,11:16:06[0m
[0;32mI (5883) phy_init: Saving new calibration data due to checksum failure or outdated calibration data, mode(0)[0m
[0;32mI (5903) wifi:mode : sta (ec:e3:34:48:40:44)[0m
[0;32mI (5913) wifi:enable tsf[0m
[0;32mI (5913) wifi_station_netif: wifi_init_sta finished.[0m
[0;32mI (5933) wifi:new:<2,0>, old:<1,0>, ap:<255,255>, sta:<2,0>, prof:1[0m
[0;32mI (5933) wifi:state: init -> auth (b0)[0m
[0;32mI (5933) wifi:state: auth -> assoc (0)[0m
[0;32mI (5943) wifi:state: assoc -> init (4a0)[0m
[0;32mI (5953) wifi:new:<2,0>, old:<2,0>, ap:<255,255>, sta:<2,0>, prof:1[0m
[0;32mI (5953) wifi_station_netif: retry to connect to the AP[0m
[0;32mI (5953) wifi_station_netif: connect to the AP fail[0m
��j

rst:0x1 (POWERON_RESET),boot:0x13 (SPI_FAST_FLASH_BOOT)
configsip: 0, SPIWP:0xee
clk_drv:0x00,q_drv:0x00,d_drv:0x00,cs0_drv:0x00,hd_drv:0x00,wp_drv:0x00
mode:DIO, clock div:2
load:0x3fff0030,len:7172
load:0x40078000,len:15632
ho 0 tail 12 room 4
load:0x40080400,len:4
load:0x40080404,len:3904
entry 0x40080640
[0;32mI (61) boot: ESP-IDF v5.2.6-224-g72d06017df 2nd stage bootloader[0m
[0;32mI (61) boot: compile time Nov 28 2025 21:50:15[0m
[0;32mI (63) boot: Multicore bootloader[0m
[0;32mI (68) boot: chip revision: v3.1[0m
[0;32mI (71) boot.esp32: SPI Speed      : 40MHz[0m
[0;32mI (76) boot.esp32: SPI Mode       : DIO[0m
[0;32mI (80) boot.esp32: SPI Flash Size : 2MB[0m
[0;32mI (85) boot: Enabling RNG early entropy source...[0m
[0;32mI (90) boot: Partition Table:[0m
[0;32mI (94) boot: ## Label            Usage          Type ST Offset   Length[0m
[0;32mI (101) boot:  0 nvs              WiFi data        01 02 00009000 00006000[0m
[0;32mI (109) boot:  1 phy_init         RF data          01 01 0000f000 00001000[0m
[0;32mI (116) boot:  2 factory          factory app      00 00 00010000 00100000[0m
[0;32mI (124) boot: End of partition table[0m
[0;32mI (128) esp_image: segment 0: paddr=00010020 vaddr=3f400020 size=1b388h (111496) map[0m
[0;32mI (175) esp_image: segment 1: paddr=0002b3b0 vaddr=3ffb0000 size=0465ch ( 18012) load[0m
[0;32mI (182) esp_image: segment 2: paddr=0002fa14 vaddr=40080000 size=00604h (  1540) load[0m
[0;32mI (183) esp_image: segment 3: paddr=00030020 vaddr=400d0020 size=938c4h (604356) map[0m
[0;32mI (396) esp_image: segment 4: paddr=000c38ec vaddr=40080604 size=16f88h ( 94088) load[0m
[0;32mI (445) boot: Loaded app from partition at offset 0x10000[0m
[0;32mI (445) boot: Disabling RNG early entropy source...[0m
[0;32mI (457) cpu_start: Multicore app[0m
[0;32mI (466) cpu_start: Pro cpu start user code[0m
[0;32mI (466) cpu_start: cpu freq: 160000000 Hz[0m
[0;32mI (466) cpu_start: Application information:[0m
[0;32mI (469) cpu_start: Project name:     esp32_robot_firmware[0m
[0;32mI (475) cpu_start: App version:      e18ea92[0m
[0;32mI (480) cpu_start: Compile time:     Jan  5 2026 14:24:57[0m
[0;32mI (486) cpu_start: ELF file SHA256:  8194440c4...[0m
[0;32mI (492) cpu_start: ESP-IDF:          v5.2.6-224-g72d06017df[0m
[0;32mI (498) cpu_start: Min chip rev:     v0.0[0m
[0;32mI (503) cpu_start: Max chip rev:     v3.99 [0m
[0;32mI (507) cpu_start: Chip rev:         v3.1[0m
[0;32mI (512) heap_init: Initializing. RAM available for dynamic allocation:[0m
[0;32mI (520) heap_init: At 3FFAE6E0 len 00001920 (6 KiB): DRAM[0m
[0;32mI (525) heap_init: At 3FFBB430 len 00024BD0 (146 KiB): DRAM[0m
[0;32mI (532) heap_init: At 3FFE0440 len 00003AE0 (14 KiB): D/IRAM[0m
[0;32mI (538) heap_init: At 3FFE4350 len 0001BCB0 (111 KiB): D/IRAM[0m
[0;32mI (545) heap_init: At 4009758C len 00008A74 (34 KiB): IRAM[0m
[0;32mI (552) spi_flash: detected chip: generic[0m
[0;32mI (555) spi_flash: flash io: dio[0m
[0;33mW (559) spi_flash: Detected size(4096k) larger than the size in the binary image header(2048k). Using the size in the binary image header.[0m
[0;32mI (573) main_task: Started on CPU0[0m
[0;32mI (583) main_task: Calling app_main()[0m
[0;32mI (583) MAIN: === ROBO INICIALIZANDO (MODO INCREMENTAL) ===[0m
[0;32mI (583) HW: Configurando hardware (modo incremental simples)...[0m
[0;32mI (593) gpio: GPIO[12]| InputEn: 0| OutputEn: 1| OpenDrain: 0| Pullup: 0| Pulldown: 0| Intr:0 [0m
[0;32mI (593) gpio: GPIO[14]| InputEn: 0| OutputEn: 1| OpenDrain: 0| Pullup: 0| Pulldown: 0| Intr:0 [0m
[0;32mI (603) gpio: GPIO[26]| InputEn: 0| OutputEn: 1| OpenDrain: 0| Pullup: 0| Pulldown: 0| Intr:0 [0m
[0;32mI (613) gpio: GPIO[27]| InputEn: 0| OutputEn: 1| OpenDrain: 0| Pullup: 0| Pulldown: 0| Intr:0 [0m
[0;32mI (623) gpio: GPIO[32]| InputEn: 1| OutputEn: 0| OpenDrain: 0| Pullup: 1| Pulldown: 0| Intr:1 [0m
[0;32mI (633) gpio: GPIO[33]| InputEn: 1| OutputEn: 0| OpenDrain: 0| Pullup: 1| Pulldown: 0| Intr:1 [0m
[0;32mI (643) HW: Hardware configurado. Modo incremental simples.[0m
[0;32mI (653) MAIN: Teste rápido dos encoders...[0m
[0;32mI (653) MAIN: Gire cada roda manualmente e verifique se os ticks aumentam[0m
[0;32mI (663) MAIN: Aguardando 5 segundos...[0m
[0;32mI (1663) MAIN: Ticks: ESQ=0 (+0), DIR=0 (+0)[0m
[0;32mI (2663) MAIN: Ticks: ESQ=0 (+0), DIR=0 (+0)[0m
[0;32mI (3663) MAIN: Ticks: ESQ=0 (+0), DIR=0 (+0)[0m
 2019 12:21:46

rst:0x1 (POWERON_RESET),boot:0x13 (SPI_FAST_FLASH_BOOT)
configsip: 0, SPIWP:0xee
clk_drv:0x00,q_drv:0x00,d_drv:0x00,cs0_drv:0x00,hd_drv:0x00,wp_drv:0x00
mode:DIO, clock div:2
load:0x3fff0030,len:7172
load:0x40078000,len:15632
ho 0 tail 12 room 4
load:0x40080400,len:4
load:0x40080404,len:3904
entry 0x40080640
[0;32mI (61) boot: ESP-IDF v5.2.6-224-g72d06017df 2nd stage bootloader[0m
[0;32mI (61) boot: compile time Nov 28 2025 21:50:15[0m
[0;32mI (63) boot: Multicore bootloader[0m
[0;32mI (68) boot: chip revision: v3.1[0m
[0;32mI (71) boot.esp32: SPI Speed      : 40MHz[0m
[0;32mI (76) boot.esp32: SPI Mode       : DIO[0m
[0;32mI (80) boot.esp32: SPI Flash Size : 2MB[0m
[0;32mI (85) boot: Enabling RNG early entropy source...[0m
[0;32mI (90) boot: Partition Table:[0m
[0;32mI (94) boot: ## Label            Usage          Type ST Offset   Length[0m
[0;32mI (101) boot:  0 nvs              WiFi data        01 02 00009000 00006000[0m
[0;32mI (109) boot:  1 phy_init         RF data          01 01 0000f000 00001000[0m
[0;32mI (116) boot:  2 factory          factory app      00 00 00010000 00100000[0m
[0;32mI (124) boot: End of partition table[0m
[0;32mI (128) esp_image: segment 0: paddr=00010020 vaddr=3f400020 size=1b388h (111496) map[0m
[0;32mI (175) esp_image: segment 1: paddr=0002b3b0 vaddr=3ffb0000 size=0465ch ( 18012) load[0m
[0;32mI (182) esp_image: segment 2: paddr=0002fa14 vaddr=40080000 size=00604h (  1540) load[0m
[0;32mI (183) esp_image: segment 3: paddr=00030020 vaddr=400d0020 size=938c4h (604356) map[0m
[0;32mI (396) esp_image: segment 4: paddr=000c38ec vaddr=40080604 size=16f88h ( 94088) load[0m
[0;32mI (445) boot: Loaded app from partition at offset 0x10000[0m
[0;32mI (445) boot: Disabling RNG early entropy source...[0m
[0;32mI (457) cpu_start: Multicore app[0m
[0;32mI (1632) MAIN: Ticks: ESQ=0 (+0), DIR=4 (+2)[0m
[0;32mI (2632) MAIN: Ticks: ESQ=0 (+0), DIR=4 (+2)[0m
[0;32mI (3632) MAIN: Ticks: ESQ=0 (+0), DIR=4 (+2)[0m
[0;32mI (4632) MAIN: Ticks: ESQ=0 (+0), DIR=5 (+3)[0m
[0;32mI (5632) MAIN: Ticks: ESQ=10 (+10), DIR=5 (+3)[0m
[0;32mI (5632) MAIN: Iniciando Micro-ROS...[0m
[0;32mI (5662) wifi_station_netif: ESP_WIFI_MODE_STA[0m
[0;32mI (5672) wifi:wifi driver task: 3ffc375c, prio:23, stack:6656, core=0[0m
[0;32mI (5682) wifi:wifi firmware version: 82d80cd[0m
[0;32mI (5682) wifi:wifi certification version: v7.0[0m
[0;32mI (5682) wifi:config NVS flash: enabled[0m
[0;32mI (5682) wifi:config nano formating: disabled[0m
[0;32mI (5692) wifi:Init data frame dynamic rx buffer num: 32[0m
[0;32mI (5692) wifi:Init static rx mgmt buffer num: 5[0m
[0;32mI (5702) wifi:Init management short buffer num: 32[0m
[0;32mI (5702) wifi:Init dynamic tx buffer num: 32[0m
[0;32mI (5702) wifi:Init static rx buffer size: 1600[0m
[0;32mI (5712) wifi:Init static rx buffer num: 10[0m
[0;32mI (5712) wifi:Init dynamic rx buffer num: 32[0m
[0;32mI (5722) wifi_init: rx ba win: 6[0m
[0;32mI (5722) wifi_init: tcpip mbox: 32[0m
[0;32mI (5722) wifi_init: udp mbox: 6[0m
[0;32mI (5732) wifi_init: tcp mbox: 6[0m
[0;32mI (5732) wifi_init: tcp tx win: 5760[0m
[0;32mI (5742) wifi_init: tcp rx win: 5760[0m
[0;32mI (5742) wifi_init: tcp mss: 1440[0m
[0;32mI (5742) wifi_init: WiFi IRAM OP enabled[0m
[0;32mI (5752) wifi_init: WiFi RX IRAM OP enabled[0m
[0;33mW (5762) wifi:Password length matches WPA2 standards, authmode threshold changes from OPEN to WPA2[0m
[0;32mI (5762) phy_init: phy_version 4861,b71b5ad,Aug  5 2025,11:16:06[0m
[0;32mI (5852) wifi:mode : sta (ec:e3:34:48:40:44)[0m
[0;32mI (5862) wifi:enable tsf[0m
[0;32mI (5862) wifi_station_netif: wifi_init_sta finished.[0m
[0;32mI (5872) wifi:new:<2,0>, old:<1,0>, ap:<255,255>, sta:<2,0>, prof:1[0m
[0;32mI (5872) wifi:state: init -> auth (b0)[0m
[0;32mI (5882) wifi:state: auth -> assoc (0)[0m
[0;32mI (5882) wifi:state: assoc -> init (4a0)[0m
[0;32mI (5892) wifi:new:<2,0>, old:<2,0>, ap:<255,255>, sta:<2,0>, prof:1[0m
[0;32mI (5892) wifi_station_netif: retry to connect to the AP[0m
[0;32mI (5892) wifi_station_netif: connect to the AP fail[0m
[0;32mI (8312) wifi_station_netif: retry to connect to the AP[0m
[0;32mI (8312) wifi_station_netif: connect to the AP fail[0m
[0;32mI (8312) wifi:new:<2,0>, old:<2,0>, ap:<255,255>, sta:<2,0>, prof:1[0m
[0;32mI (8312) wifi:state: init -> auth (b0)[0m
[0;32mI (8332) wifi:state: auth -> assoc (0)[0m
[0;32mI (8342) wifi:state: assoc -> run (10)[0m
[0;32mI (8372) wifi:connected with MOB-ALTOS, aid = 79, channel 2, BW20, bssid = a4:7c:c9:85:05:64[0m
[0;32mI (8372) wifi:security: WPA2-PSK, phy: bgn, rssi: -61[0m
[0;32mI (8372) wifi:pm start, type: 1[0m

[0;32mI (8372) wifi:dp: 1, bi: 102400, li: 3, scale listen interval from 307200 us to 307200 us[0m
[0;32mI (8382) wifi:AP's beacon interval = 102400 us, DTIM period = 1[0m
[0;32mI (11382) esp_netif_handlers: sta ip: 192.168.18.158, mask: 255.255.255.0, gw: 192.168.18.1[0m
[0;32mI (11382) wifi_station_netif: got ip:192.168.18.158[0m
[0;32mI (11382) wifi_station_netif: connected to ap SSID:MOB-ALTOS password:mob3876150[0m
[0;32mI (11392) wifi:Set ps type: 0, coexist: 0[0m

[0;32mI (11392) MAIN: Esperando conexão com agente Micro-ROS...[0m
[0;32mI (11472) MAIN: Agente Micro-ROS encontrado![0m
[0;32mI (11572) wifi:<ba-add>idx:0 (ifx:0, a4:7c:c9:85:05:64), tid:0, ssn:5, winSize:64[0m
[0;32mI (11692) MAIN: Robô inicializado com sucesso![0m
[0;32mI (11692) MAIN: Pronto para receber comandos /cmd_vel[0m
[0;32mI (11692) MAIN: Publicando odometria em /odom[0m
[0;32mI (33092) ODOM: Ticks: ESQ=536 (+536), DIR=5 (+5) | PWM: E=0.10, D=0.10 | Vel: E=0.000, D=0.255[0m
[0;32mI (38132) ODOM: Ticks: ESQ=545 (+0), DIR=622 (+3) | PWM: E=0.31, D=0.16 | Vel: E=0.030, D=0.266[0m
[0;32mI (44132) ODOM: Ticks: ESQ=569 (+0), DIR=1132 (+0) | PWM: E=0.32, D=0.14 | Vel: E=0.004, D=0.149[0m
[0;32mI (50102) ODOM: Ticks: ESQ=575 (+0), DIR=1496 (+0) | PWM: E=0.33, D=0.25 | Vel: E=0.002, D=0.069[0m
[0;32mI (56112) ODOM: Ticks: ESQ=615 (+2), DIR=2190 (+2) | PWM: E=0.26, D=0.21 | Vel: E=0.139, D=0.155[0m
[0;32mI (64102) ODOM: Ticks: ESQ=765 (+0), DIR=2915 (+81) | PWM: E=0.34, D=0.23 | Vel: E=0.001, D=0.115[0m
