��������Ғ�Ң�j

rst:0x1 (POWERON_RESET)�ets Jul 29 2019 12:21:46

rst:0x1 (POWERON_RESET),boot:0x13 (SPI_FAST_FLASH_BOOT)
configsip: 0, SPIWP:0xee
clk_drv:0x00,q_drv:0x00,d_drv:0x00,cs0_drv:0x00,hd_drv:0x00,wp_drv:0x00
mode:DIO, clock div:2
load:0x3fff0030,len:7172
load:0x40078000,len:15632
ho 0 tail 12 room 4
load:0x40080400,len:4
load:0x40080404,len:3904
entry 0x40080640
[0;32mI (31) boot: ESP-IDF v5.2.6-224-g72d06017df 2nd stage bootloader[0m
[0;32mI (31) boot: compile time Nov 28 2025 21:50:15[0m
[0;32mI (33) boot: Multicore bootloader[0m
[0;32mI (37) boot: chip revision: v3.1[0m
[0;32mI (41) boot.esp32: SPI Speed      : 40MHz[0m
[0;32mI (45) boot.esp32: SPI Mode       : DIO[0m
[0;32mI (50) boot.esp32: SPI Flash Size : 2MB[0m
[0;32mI (54) boot: Enabling RNG early entropy source...[0m
[0;32mI (60) boot: Partition Table:[0m
[0;32mI (63) boot: ## Label            Usage          Type ST Offset   Length[0m
[0;32mI (71) boot:  0 nvs              WiFi data        01 02 00009000 00006000[0m
[0;32mI (78) boot:  1 phy_init         RF data          01 01 0000f000 00001000[0m
[0;32mI (86) boot:  2 factory          factory app      00 00 00010000 00100000[0m
[0;32mI (93) boot: End of partition table[0m
[0;32mI (97) esp_image: segment 0: paddr=00010020 vaddr=3f400020 size=0ad34h ( 44340) map[0m
[0;32mI (121) esp_image: segment 1: paddr=0001ad5c vaddr=3ffb0000 size=02320h (  8992) load[0m
[0;32mI (124) esp_image: segment 2: paddr=0001d084 vaddr=40080000 size=02f94h ( 12180) load[0m
[0;32mI (132) esp_image: segment 3: paddr=00020020 vaddr=400d0020 size=11b08h ( 72456) map[0m
[0;32mI (160) esp_image: segment 4: paddr=00031b30 vaddr=40082f94 size=09bc8h ( 39880) load[0m
[0;32mI (182) boot: Loaded app from partition at offset 0x10000[0m
[0;32mI (182) boot: Disabling RNG early entropy source...[0m
[0;32mI (194) cpu_start: Multicore app[0m
[0;32mI (203) cpu_start: Pro cpu start user code[0m
[0;32mI (203) cpu_start: cpu freq: 160000000 Hz[0m
[0;32mI (203) cpu_start: Application information:[0m
[0;32mI (206) cpu_start: Project name:     esp32_robot_firmware[0m
[0;32mI (212) cpu_start: App version:      e18ea92[0m
[0;32mI (217) cpu_start: Compile time:     Jan  5 2026 14:24:57[0m
[0;32mI (223) cpu_start: ELF file SHA256:  bf29e53a1...[0m
[0;32mI (229) cpu_start: ESP-IDF:          v5.2.6-224-g72d06017df[0m
[0;32mI (235) cpu_start: Min chip rev:     v0.0[0m
[0;32mI (240) cpu_start: Max chip rev:     v3.99 [0m
[0;32mI (244) cpu_start: Chip rev:         v3.1[0m
[0;32mI (249) heap_init: Initializing. RAM available for dynamic allocation:[0m
[0;32mI (257) heap_init: At 3FFAE6E0 len 00001920 (6 KiB): DRAM[0m
[0;32mI (262) heap_init: At 3FFB2C68 len 0002D398 (180 KiB): DRAM[0m
[0;32mI (269) heap_init: At 3FFE0440 len 00003AE0 (14 KiB): D/IRAM[0m
[0;32mI (275) heap_init: At 3FFE4350 len 0001BCB0 (111 KiB): D/IRAM[0m
[0;32mI (281) heap_init: At 4008CB5C len 000134A4 (77 KiB): IRAM[0m
[0;32mI (289) spi_flash: detected chip: generic[0m
[0;32mI (292) spi_flash: flash io: dio[0m
[0;33mW (296) spi_flash: Detected size(4096k) larger than the size in the binary image header(2048k). Using the size in the binary image header.[0m
[0;32mI (310) main_task: Started on CPU0[0m
[0;32mI (320) main_task: Calling app_main()[0m
[0;32mI (320) MAIN: ========================================[0m
[0;32mI (320) MAIN:    SISTEMA DE CONTROLE DE MOTORES[0m
[0;32mI (320) MAIN: ========================================[0m
[0;32mI (330) CAL: ========================================[0m
[0;32mI (340) CAL:    CALIBRAÇÃO RÁPIDA[0m
[0;32mI (340) CAL: ========================================[0m
[0;32mI (350) gpio: GPIO[32]| InputEn: 1| OutputEn: 0| OpenDrain: 0| Pullup: 1| Pulldown: 0| Intr:1 [0m
[0;32mI (350) gpio: GPIO[33]| InputEn: 1| OutputEn: 0| OpenDrain: 0| Pullup: 1| Pulldown: 0| Intr:1 [0m
[0;32mI (360) gpio: GPIO[12]| InputEn: 0| OutputEn: 1| OpenDrain: 0| Pullup: 0| Pulldown: 0| Intr:0 [0m
[0;32mI (370) gpio: GPIO[14]| InputEn: 0| OutputEn: 1| OpenDrain: 0| Pullup: 0| Pulldown: 0| Intr:0 [0m
[0;32mI (380) gpio: GPIO[26]| InputEn: 0| OutputEn: 1| OpenDrain: 0| Pullup: 0| Pulldown: 0| Intr:0 [0m
[0;32mI (390) gpio: GPIO[27]| InputEn: 0| OutputEn: 1| OpenDrain: 0| Pullup: 0| Pulldown: 0| Intr:0 [0m
[0;32mI (1400) CAL: Velocidade ESQ: 234.0 ticks/s[0m
[0;32mI (1400) CAL: Velocidade DIR: 321.0 ticks/s[0m
[0;32mI (1400) CAL: Relação DIR/ESQ: 1.372[0m
[0;32mI (1400) CAL: Fator correção ideal: 0.729[0m
[0;32mI (1400) CAL: Correção sugerida: 27%[0m
[0;32mI (3410) TESTE: ========================================[0m
[0;32mI (3410) TESTE:    TESTE FINAL COM COMPENSAÇÃO PRECISA[0m
[0;32mI (3410) TESTE: ========================================[0m
[0;32mI (3410) gpio: GPIO[32]| InputEn: 1| OutputEn: 0| OpenDrain: 0| Pullup: 1| Pulldown: 0| Intr:1 [0m
[0;32mI (3420) gpio: GPIO[33]| InputEn: 1| OutputEn: 0| OpenDrain: 0| Pullup: 1| Pulldown: 0| Intr:1 [0m
[0;31mE (3430) gpio: gpio_install_isr_service(508): GPIO isr service already installed[0m
[0;32mI (3440) gpio: GPIO[12]| InputEn: 0| OutputEn: 1| OpenDrain: 0| Pullup: 0| Pulldown: 0| Intr:0 [0m
[0;32mI (3450) gpio: GPIO[14]| InputEn: 0| OutputEn: 1| OpenDrain: 0| Pullup: 0| Pulldown: 0| Intr:0 [0m
[0;32mI (3460) gpio: GPIO[26]| InputEn: 0| OutputEn: 1| OpenDrain: 0| Pullup: 0| Pulldown: 0| Intr:0 [0m
[0;32mI (3470) gpio: GPIO[27]| InputEn: 0| OutputEn: 1| OpenDrain: 0| Pullup: 0| Pulldown: 0| Intr:0 [0m
[0;32mI (3480) TESTE: 
--- TESTE ANDAR RETO ---[0m
[0;32mI (3480) TESTE: 
Teste 1: [0m
[0;32mI (3480) COMP: Original: ESQ=40%, DIR=40%[0m
[0;32mI (3490) COMP: Ajustado: ESQ=40%, DIR=26% (fator=0.66)[0m
[0;32mI (5500) TESTE: Resultado: ESQ=205.0/s, DIR=219.0/s[0m
[0;32mI (5500) TESTE: Diferença: 6.6%[0m
[0;32mI (5500) TESTE: ✅ BOM[0m
[0;32mI (6500) TESTE: 
Teste 2: [0m
[0;32mI (6500) COMP: Original: ESQ=50%, DIR=50%[0m
[0;32mI (6500) COMP: Ajustado: ESQ=50%, DIR=33% (fator=0.66)[0m
[0;32mI (8500) TESTE: Resultado: ESQ=234.5/s, DIR=281.0/s[0m
[0;32mI (8500) TESTE: Diferença: 18.0%[0m
[0;33mW (8500) TESTE: ❌ PRECISA AJUSTAR[0m
[0;32mI (9500) TESTE: 
Teste 3: [0m
[0;32mI (9500) COMP: Original: ESQ=60%, DIR=60%[0m
[0;32mI (9500) COMP: Ajustado: ESQ=60%, DIR=39% (fator=0.66)[0m
[0;32mI (11500) TESTE: Resultado: ESQ=255.5/s, DIR=342.5/s[0m
[0;32mI (11500) TESTE: Diferença: 29.1%[0m
[0;33mW (11500) TESTE: ❌ PRECISA AJUSTAR[0m
[0;32mI (12500) TESTE: 
Teste 4: [0m
[0;32mI (12500) COMP: Original: ESQ=70%, DIR=70%[0m
[0;32mI (12500) COMP: Ajustado: ESQ=70%, DIR=46% (fator=0.66)[0m
[0;32mI (14500) TESTE: Resultado: ESQ=285.0/s, DIR=347.5/s[0m
[0;32mI (14500) TESTE: Diferença: 19.8%[0m
[0;33mW (14500) TESTE: ❌ PRECISA AJUSTAR[0m
[0;32mI (15500) TESTE: 
Teste 5: [0m
[0;32mI (15500) COMP: Original: ESQ=80%, DIR=80%[0m
[0;32mI (15500) COMP: Ajustado: ESQ=80%, DIR=52% (fator=0.66)[0m
[0;32mI (17500) TESTE: Resultado: ESQ=311.5/s, DIR=371.0/s[0m
[0;32mI (17500) TESTE: Diferença: 17.4%[0m
[0;33mW (17500) TESTE: ❌ PRECISA AJUSTAR[0m
[0;32mI (18500) TESTE: 
--- TESTE CURVAS ---[0m
[0;32mI (18500) TESTE: 
Curva 1: [0m
[0;32mI (18500) COMP: Original: ESQ=60%, DIR=40%[0m
[0;32mI (18500) COMP: Ajustado: ESQ=60%, DIR=26% (fator=0.66)[0m
[0;32mI (20500) TESTE: Resultado: ESQ=271.0/s, DIR=223.5/s[0m
[0;32mI (20500) TESTE: Razão DIR/ESQ: 0.82[0m
[0;32mI (20500) TESTE: ✅ CURVA CORRETA[0m
[0;32mI (21500) TESTE: 
Curva 2: [0m
[0;32mI (21500) COMP: Original: ESQ=40%, DIR=60%[0m
[0;32mI (21500) COMP: Ajustado: ESQ=40%, DIR=39% (fator=0.66)[0m
[0;32mI (23500) TESTE: Resultado: ESQ=213.0/s, DIR=316.0/s[0m
[0;32mI (23500) TESTE: Razão DIR/ESQ: 1.48[0m
[0;32mI (23500) TESTE: ✅ CURVA CORRETA[0m
[0;32mI (24500) TESTE: 
Curva 3: [0m
[0;32mI (24500) COMP: Original: ESQ=70%, DIR=50%[0m
[0;32mI (24500) COMP: Ajustado: ESQ=70%, DIR=33% (fator=0.66)[0m
[0;32mI (26500) TESTE: Resultado: ESQ=275.5/s, DIR=274.5/s[0m
[0;32mI (26500) TESTE: Razão DIR/ESQ: 1.00[0m
[0;33mW (26500) TESTE: ⚠️ CURVA IMPRECISA[0m
[0;32mI (27500) TESTE: 
Curva 4: [0m
[0;32mI (27500) COMP: Original: ESQ=50%, DIR=70%[0m
[0;32mI (27500) COMP: Ajustado: ESQ=50%, DIR=46% (fator=0.66)[0m
[0;32mI (29500) TESTE: Resultado: ESQ=243.0/s, DIR=352.0/s[0m
[0;32mI (29500) TESTE: Razão DIR/ESQ: 1.45[0m
[0;32mI (29500) TESTE: ✅ CURVA CORRETA[0m
[0;32mI (30500) MAIN: 
========================================[0m
[0;32mI (30500) MAIN:    FUNÇÃO FINAL PARA SEU CÓDIGO:[0m
[0;32mI (30500) MAIN: ========================================[0m
[0;32mI (30500) MAIN: [0m
[0;32mI (30500) MAIN: // FUNÇÃO OTIMIZADA BASEADA NA CALIBRAÇÃO[0m
[0;32mI (30510) MAIN: // Motor direito é ~1.5x mais rápido que o esquerdo[0m
[0;32mI (30520) MAIN: void mover_robo(int vel_esq, int vel_dir) {[0m
[0;32mI (30520) MAIN:     // Fator de correção: motor direito 50% mais rápido[0m
[0;32mI (30530) MAIN:     float fator_correcao_dir = 0.66f;  // 1 / 1.5[0m
[0;32mI (30540) MAIN:     [0m
[0;32mI (30540) MAIN:     // Aplica correção[0m
[0;32mI (30550) MAIN:     int vel_dir_ajustada = (int)(vel_dir * fator_correcao_dir);[0m
[0;32mI (30550) MAIN:     [0m
[0;32mI (30560) MAIN:     // Limiares mínimos (diferentes por motor)[0m
[0;32mI (30560) MAIN:     if (vel_esq > 0 && vel_esq < 40) vel_esq = 40;[0m
[0;32mI (30570) MAIN:     if (vel_dir_ajustada > 0 && vel_dir_ajustada < 25) vel_dir_ajustada = 25;[0m
[0;32mI (30580) MAIN:     [0m
[0;32mI (30580) MAIN:     // Aplica aos motores[0m
[0;32mI (30590) MAIN:     motor_esquerdo(vel_esq);[0m
[0;32mI (30590) MAIN:     motor_direito(vel_dir_ajustada);[0m
[0;32mI (30600) MAIN: }[0m
[0;32mI (30600) MAIN: [0m
[0;32mI (30600) MAIN: ========================================[0m
[0;32mI (30610) MAIN: EXEMPLOS:[0m
[0;32mI (30610) MAIN: - Para andar reto a 50%: mover_robo(50, 50)[0m
[0;32mI (30620) MAIN:   → ESQ=50%, DIR=33%[0m
[0;32mI (30620) MAIN: - Curva direita: mover_robo(60, 40)[0m
[0;32mI (30630) MAIN:   → ESQ=60%, DIR=26%[0m
[0;32mI (30630) MAIN: - Curva esquerda: mover_robo(40, 60)[0m
[0;32mI (30640) MAIN:   → ESQ=40%, DIR=40%[0m
[0;32mI (30640) MAIN: ========================================[0m
