xձ�29 2019 12:21:46

rst:0x1 (POWERON_RESET�ets Jul 29 2019 12:21:46

rst:0x1 (POWERON_RESET),boot:0x13 (SPI_FAST_FLASH_BOOT)
configsip: 0, SPIWP:0xee
clk_drv:0x00,q_drv:0x00,d_drv:0x00,cs0_drv:0x00,hd_drv:0x00,wp_drv:0x00
mode:DIO, clock div:2
load:0x3fff0030,len:7172
load:0x40078000,len:15632
ho 0 tail 12 room 4
load:0x40080400,len:4
load:0x40080404,len:3904
entry 0x40080640
[0;32mI (31) boot: ESP-IDF v5.2.6-224-g72d06017df 2nd stage bootloader[0m
[0;32mI (31) boot: compile time Nov 28 2025 21:50:15[0m
[0;32mI (33) boot: Multicore bootloader[0m
[0;32mI (37) boot: chip revision: v3.1[0m
[0;32mI (41) boot.esp32: SPI Speed      : 40MHz[0m
[0;32mI (45) boot.esp32: SPI Mode       : DIO[0m
[0;32mI (50) boot.esp32: SPI Flash Size : 2MB[0m
[0;32mI (54) boot: Enabling RNG early entropy source...[0m
[0;32mI (60) boot: Partition Table:[0m
[0;32mI (63) boot: ## Label            Usage          Type ST Offset   Length[0m
[0;32mI (71) boot:  0 nvs              WiFi data        01 02 00009000 00006000[0m
[0;32mI (78) boot:  1 phy_init         RF data          01 01 0000f000 00001000[0m
[0;32mI (86) boot:  2 factory          factory app      00 00 00010000 00100000[0m
[0;32mI (93) boot: End of partition table[0m
[0;32mI (97) esp_image: segment 0: paddr=00010020 vaddr=3f400020 size=1a3f4h (107508) map[0m
[0;32mI (143) esp_image: segment 1: paddr=0002a41c vaddr=3ffb0000 size=03fbch ( 16316) load[0m
[0;32mI (149) esp_image: segment 2: paddr=0002e3e0 vaddr=40080000 size=01c38h (  7224) load[0m
[0;32mI (152) esp_image: segment 3: paddr=00030020 vaddr=400d0020 size=8fc20h (588832) map[0m
[0;32mI (359) esp_image: segment 4: paddr=000bfc48 vaddr=40081c38 size=15980h ( 88448) load[0m
[0;32mI (405) boot: Loaded app from partition at offset 0x10000[0m
[0;32mI (405) boot: Disabling RNG early entropy source...[0m
[0;32mI (417) cpu_start: Multicore app[0m
[0;32mI (426) cpu_start: Pro cpu start user code[0m
[0;32mI (426) cpu_start: cpu freq: 160000000 Hz[0m
[0;32mI (426) cpu_start: Application information:[0m
[0;32mI (429) cpu_start: Project name:     esp32_robot_firmware[0m
[0;32mI (435) cpu_start: App version:      e18ea92[0m
[0;32mI (440) cpu_start: Compile time:     Jan  5 2026 14:24:57[0m
[0;32mI (446) cpu_start: ELF file SHA256:  94f49331d...[0m
[0;32mI (452) cpu_start: ESP-IDF:          v5.2.6-224-g72d06017df[0m
[0;32mI (458) cpu_start: Min chip rev:     v0.0[0m
[0;32mI (462) cpu_start: Max chip rev:     v3.99 [0m
[0;32mI (467) cpu_start: Chip rev:         v3.1[0m
[0;32mI (472) heap_init: Initializing. RAM available for dynamic allocation:[0m
[0;32mI (479) heap_init: At 3FFAE6E0 len 00001920 (6 KiB): DRAM[0m
[0;32mI (485) heap_init: At 3FFBA9D8 len 00025628 (149 KiB): DRAM[0m
[0;32mI (492) heap_init: At 3FFE0440 len 00003AE0 (14 KiB): D/IRAM[0m
[0;32mI (498) heap_init: At 3FFE4350 len 0001BCB0 (111 KiB): D/IRAM[0m
[0;32mI (504) heap_init: At 400975B8 len 00008A48 (34 KiB): IRAM[0m
[0;32mI (512) spi_flash: detected chip: generic[0m
[0;32mI (515) spi_flash: flash io: dio[0m
[0;33mW (519) spi_flash: Detected size(4096k) larger than the size in the binary image header(2048k). Using the size in the binary image header.[0m
[0;32mI (533) main_task: Started on CPU0[0m
[0;32mI (543) main_task: Calling app_main()[0m
[0;32mI (583) wifi:wifi driver task: 3ffc2b1c, prio:23, stack:6656, core=0[0m
[0;32mI (593) wifi:wifi firmware version: 82d80cd[0m
[0;32mI (593) wifi:wifi certification version: v7.0[0m
[0;32mI (593) wifi:config NVS flash: enabled[0m
[0;32mI (593) wifi:config nano formating: disabled[0m
[0;32mI (603) wifi:Init data frame dynamic rx buffer num: 32[0m
[0;32mI (603) wifi:Init static rx mgmt buffer num: 5[0m
[0;32mI (613) wifi:Init management short buffer num: 32[0m
[0;32mI (613) wifi:Init dynamic tx buffer num: 32[0m
[0;32mI (613) wifi:Init static rx buffer size: 1600[0m
[0;32mI (623) wifi:Init static rx buffer num: 10[0m
[0;32mI (623) wifi:Init dynamic rx buffer num: 32[0m
[0;32mI (633) wifi_init: rx ba win: 6[0m
[0;32mI (633) wifi_init: tcpip mbox: 32[0m
[0;32mI (633) wifi_init: udp mbox: 6[0m
[0;32mI (643) wifi_init: tcp mbox: 6[0m
[0;32mI (643) wifi_init: tcp tx win: 5760[0m
[0;32mI (653) wifi_init: tcp rx win: 5760[0m
[0;32mI (653) wifi_init: tcp mss: 1440[0m
[0;32mI (653) wifi_init: WiFi IRAM OP enabled[0m
[0;32mI (663) wifi_init: WiFi RX IRAM OP enabled[0m
[0;33mW (663) wifi:Password length matches WPA2 standards, authmode threshold changes from OPEN to WPA2[0m
[0;32mI (673) phy_init: phy_version 4861,b71b5ad,Aug  5 2025,11:16:06[0m
[0;32mI (763) wifi:mode : sta (ec:e3:34:48:40:44)[0m
[0;32mI (763) wifi:enable tsf[0m
[0;32mI (773) gpio: GPIO[12]| InputEn: 0| OutputEn: 1| OpenDrain: 0| Pullup: 0| Pulldown: 0| Intr:0 [0m
[0;32mI (773) gpio: GPIO[14]| InputEn: 0| OutputEn: 1| OpenDrain: 0| Pullup: 0| Pulldown: 0| Intr:0 [0m
[0;32mI (783) wifi:new:<2,0>, old:<1,0>, ap:<255,255>, sta:<2,0>, prof:1[0m
[0;32mI (793) wifi:state: init -> auth (b0)[0m
[0;32mI (793) gpio: GPIO[26]| InputEn: 0| OutputEn: 1| OpenDrain: 0| Pullup: 0| Pulldown: 0| Intr:0 [0m
[0;32mI (793) wifi:state: auth -> assoc (0)[0m
[0;32mI (803) wifi:state: assoc -> init (4a0)[0m
[0;32mI (813) gpio: GPIO[27]| InputEn: 0| OutputEn: 1| OpenDrain: 0| Pullup: 0| Pulldown: 0| Intr:0 [0m
[0;32mI (813) gpio: GPIO[32]| InputEn: 1| OutputEn: 0| OpenDrain: 0| Pullup: 1| Pulldown: 0| Intr:1 [0m
[0;32mI (823) wifi:new:<2,0>, old:<2,0>, ap:<255,255>, sta:<2,0>, prof:1[0m
[0;32mI (833) gpio: GPIO[33]| InputEn: 1| OutputEn: 0| OpenDrain: 0| Pullup: 1| Pulldown: 0| Intr:1 [0m
[0;33mW (833) ROBOT_CORE: Tentando reconectar ao Wi-Fi...[0m
[0;32mI (853) ROBOT_CORE: Iniciando micro-ROS Task...[0m
[0;32mI (853) main_task: Returned from app_main()[0m
[0;33mW (3253) ROBOT_CORE: Tentando reconectar ao Wi-Fi...[0m
[0;32mI (3263) wifi:new:<2,0>, old:<2,0>, ap:<255,255>, sta:<2,0>, prof:1[0m
[0;32mI (3263) wifi:state: init -> auth (b0)[0m
[0;32mI (3273) wifi:state: auth -> assoc (0)[0m
[0;32mI (3283) wifi:state: assoc -> run (10)[0m
[0;32mI (3303) wifi:connected with MOB-ALTOS, aid = 95, channel 2, BW20, bssid = a4:7c:c9:85:05:64[0m
[0;32mI (3303) wifi:security: WPA2-PSK, phy: bgn, rssi: -51[0m
[0;32mI (3313) wifi:pm start, type: 1[0m

[0;32mI (3313) wifi:dp: 1, bi: 102400, li: 3, scale listen interval from 307200 us to 307200 us[0m
[0;32mI (3373) wifi:AP's beacon interval = 102400 us, DTIM period = 1[0m
[0;32mI (6323) esp_netif_handlers: sta ip: 192.168.18.158, mask: 255.255.255.0, gw: 192.168.18.1[0m
[0;32mI (6323) ROBOT_CORE: Conectado! IP obtido: 192.168.18.158[0m
[0;32mI (6353) ROBOT_CORE: Conectado ao Agente![0m
[0;32mI (6433) wifi:<ba-add>idx:0 (ifx:0, a4:7c:c9:85:05:64), tid:0, ssn:5, winSize:64[0m
���������Ғ�Ң�j

rst:0x1 (POWERON_RESET),boot:0x13 (SPI_FAST_FLASH_BOOT)
configsip: 0, SPIWP:0xee
clk_drv:0x00,q_drv:0x00,d_drv:0x00,cs0_drv:0x00,hd_drv:0x00,wp_drv:0x00
mode:DIO, clock div:2
load:0x3fff0030,len:7172
load:0x40078000,len:15632
ho 0 tail 12 room 4
load:0x40080400,len:4
load:0x40080404,len:3904
entry 0x40080640
[0;32mI (61) boot: ESP-IDF v5.2.6-224-g72d06017df 2nd stage bootloader[0m
[0;32mI (61) boot: compile time Nov 28 2025 21:50:15[0m
[0;32mI (63) boot: Multicore bootloader[0m
[0;32mI (68) boot: chip revision: v3.1[0m
[0;32mI (71) boot.esp32: SPI Speed      : 40MHz[0m
[0;32mI (76) boot.esp32: SPI Mode       : DIO[0m
[0;32mI (80) boot.esp32: SPI Flash Size : 2MB[0m
[0;32mI (85) boot: Enabling RNG early entropy source...[0m
[0;32mI (90) boot: Partition Table:[0m
[0;32mI (94) boot: ## Label            Usage          Type ST Offset   Length[0m
[0;32mI (101) boot:  0 nvs              WiFi data        01 02 00009000 00006000[0m
[0;32mI (109) boot:  1 phy_init         RF data          01 01 0000f000 00001000[0m
[0;32mI (116) boot:  2 factory          factory app      00 00 00010000 00100000[0m
[0;32mI (124) boot: End of partition table[0m
[0;32mI (128) esp_image: segment 0: paddr=00010020 vaddr=3f400020 size=1a3f4h (107508) map[0m
[0;32mI (174) esp_image: segment 1: paddr=0002a41c vaddr=3ffb0000 size=03fbch ( 16316) load[0m
[0;32mI (180) esp_image: segment 2: paddr=0002e3e0 vaddr=40080000 size=01c38h (  7224) load[0m
[0;32mI (183) esp_image: segment 3: paddr=00030020 vaddr=400d0020 size=8fc20h (588832) map[0m
[0;32mI (390) esp_image: segment 4: paddr=000bfc48 vaddr=40081c38 size=15980h ( 88448) load[0m
[0;32mI (436) boot: Loaded app from partition at offset 0x10000[0m
[0;32mI (436) boot: Disabling RNG early entropy source...[0m
[0;32mI (448) cpu_start: Multicore app[0m
[0;32mI (457) cpu_start: Pro cpu start user code[0m
[0;32mI (457) cpu_start: cpu freq: 160000000 Hz[0m
[0;32mI (457) cpu_start: Application information:[0m
[0;32mI (460) cpu_start: Project name:     esp32_robot_firmware[0m
[0;32mI (466) cpu_start: App version:      e18ea92[0m
[0;32mI (471) cpu_start: Compile time:     Jan  5 2026 14:24:57[0m
[0;32mI (477) cpu_start: ELF file SHA256:  94f49331d...[0m
[0;32mI (483) cpu_start: ESP-IDF:          v5.2.6-224-g72d06017df[0m
[0;32mI (489) cpu_start: Min chip rev:     v0.0[0m
[0;32mI (494) cpu_start: Max chip rev:     v3.99 [0m
[0;32mI (498) cpu_start: Chip rev:         v3.1[0m
[0;32mI (504) heap_init: Initializing. RAM available for dynamic allocation:[0m
[0;32mI (511) heap_init: At 3FFAE6E0 len 00001920 (6 KiB): DRAM[0m
[0;32mI (517) heap_init: At 3FFBA9D8 len 00025628 (149 KiB): DRAM[0m
[0;32mI (523) heap_init: At 3FFE0440 len 00003AE0 (14 KiB): D/IRAM[0m
[0;32mI (529) heap_init: At 3FFE4350 len 0001BCB0 (111 KiB): D/IRAM[0m
[0;32mI (536) heap_init: At 400975B8 len 00008A48 (34 KiB): IRAM[0m
[0;32mI (543) spi_flash: detected chip: generic[0m
[0;32mI (546) spi_flash: flash io: dio[0m
[0;33mW (550) spi_flash: Detected size(4096k) larger than the size in the binary image header(2048k). Using the size in the binary image header.[0m
[0;32mI (564) main_task: Started on CPU0[0m
[0;32mI (574) main_task: Calling app_main()[0m
[0;32mI (614) wifi:wifi driver task: 3ffc2b1c, prio:23, stack:6656, core=0[0m
[0;32mI (624) wifi:wifi firmware version: 82d80cd[0m
[0;32mI (624) wifi:wifi certification version: v7.0[0m
[0;32mI (624) wifi:config NVS flash: enabled[0m
[0;32mI (624) wifi:config nano formating: disabled[0m
[0;32mI (634) wifi:Init data frame dynamic rx buffer num: 32[0m
[0;32mI (634) wifi:Init static rx mgmt buffer num: 5[0m
[0;32mI (644) wifi:Init management short buffer num: 32[0m
[0;32mI (644) wifi:Init dynamic tx buffer num: 32[0m
[0;32mI (644) wifi:Init static rx buffer size: 1600[0m
[0;32mI (654) wifi:Init static rx buffer num: 10[0m
[0;32mI (654) wifi:Init dynamic rx buffer num: 32[0m
[0;32mI (664) wifi_init: rx ba win: 6[0m
[0;32mI (664) wifi_init: tcpip mbox: 32[0m
[0;32mI (664) wifi_init: udp mbox: 6[0m
[0;32mI (674) wifi_init: tcp mbox: 6[0m
[0;32mI (674) wifi_init: tcp tx win: 5760[0m
[0;32mI (684) wifi_init: tcp rx win: 5760[0m
[0;32mI (684) wifi_init: tcp mss: 1440[0m
[0;32mI (684) wifi_init: WiFi IRAM OP enabled[0m
[0;32mI (694) wifi_init: WiFi RX IRAM OP enabled[0m
[0;33mW (694) wifi:Password length matches WPA2 standards, authmode threshold changes from OPEN to WPA2[0m
[0;32mI (704) phy_init: phy_version 4861,b71b5ad,Aug  5 2025,11:16:06[0m
[0;32mI (794) wifi:mode : sta (ec:e3:34:48:40:44)[0m
[0;32mI (794) wifi:enable tsf[0m
[0;32mI (804) gpio: GPIO[12]| InputEn: 0| OutputEn: 1| OpenDrain: 0| Pullup: 0| Pulldown: 0| Intr:0 [0m
[0;32mI (804) gpio: GPIO[14]| InputEn: 0| OutputEn: 1| OpenDrain: 0| Pullup: 0| Pulldown: 0| Intr:0 [0m
[0;32mI (814) wifi:new:<2,0>, old:<1,0>, ap:<255,255>, sta:<2,0>, prof:1[0m
[0;32mI (814) wifi:state: init -> auth (b0)[0m
[0;32mI (824) gpio: GPIO[26]| InputEn: 0| OutputEn: 1| OpenDrain: 0| Pullup: 0| Pulldown: 0| Intr:0 [0m
[0;32mI (824) wifi:state: auth -> assoc (0)[0m
[0;32mI (834) wifi:state: assoc -> init (4a0)[0m
[0;32mI (834) gpio: GPIO[27]| InputEn: 0| OutputEn: 1| OpenDrain: 0| Pullup: 0| Pulldown: 0| Intr:0 [0m
[0;32mI (844) wifi:new:<2,0>, old:<2,0>, ap:<255,255>, sta:<2,0>, prof:1[0m
[0;33mW (854) ROBOT_CORE: Tentando reconectar ao Wi-Fi...[0m
[0;32mI (854) gpio: GPIO[32]| InputEn: 1| OutputEn: 0| OpenDrain: 0| Pullup: 1| Pulldown: 0| Intr:1 [0m
[0;32mI (864) gpio: GPIO[33]| InputEn: 1| OutputEn: 0| OpenDrain: 0| Pullup: 1| Pulldown: 0| Intr:1 [0m
[0;32mI (874) ROBOT_CORE: Iniciando micro-ROS Task...[0m
[0;32mI (884) main_task: Returned from app_main()[0m
[0;33mW (3274) ROBOT_CORE: Tentando reconectar ao Wi-Fi...[0m
[0;32mI (3374) wifi:new:<2,0>, old:<2,0>, ap:<255,255>, sta:<2,0>, prof:1[0m
[0;32mI (3374) wifi:state: init -> auth (b0)[0m
[0;32mI (3384) wifi:state: auth -> assoc (0)[0m
[0;32mI (3384) wifi:state: assoc -> run (10)[0m
[0;32mI (3414) wifi:connected with MOB-ALTOS, aid = 98, channel 2, BW20, bssid = a4:7c:c9:85:05:64[0m
[0;32mI (3414) wifi:security: WPA2-PSK, phy: bgn, rssi: -52[0m
[0;32mI (3424) wifi:pm start, type: 1[0m

[0;32mI (3424) wifi:dp: 1, bi: 102400, li: 3, scale listen interval from 307200 us to 307200 us[0m
[0;32mI (3474) wifi:AP's beacon interval = 102400 us, DTIM period = 1[0m
[0;32mI (6434) esp_netif_handlers: sta ip: 192.168.18.158, mask: 255.255.255.0, gw: 192.168.18.1[0m
[0;32mI (6434) ROBOT_CORE: Conectado! IP obtido: 192.168.18.158[0m
[0;32mI (6614) ROBOT_CORE: Conectado ao Agente![0m
[0;32mI (6714) wifi:<ba-add>idx:0 (ifx:0, a4:7c:c9:85:05:64), tid:0, ssn:5, winSize:64[0m
[0;32mI (787274) wifi:<ba-add>idx:1 (ifx:0, a4:7c:c9:85:05:64), tid:6, ssn:5, winSize:64[0m
