�Jul 29 2019 12:21:46

rst:0x1 (POWERON_R�ets Jul 29 2019 12:21:46

rst:0x1 (POWERON_RESET),boot:0x13 (SPI_FAST_FLASH_BOOT)
configsip: 0, SPIWP:0xee
clk_drv:0x00,q_drv:0x00,d_drv:0x00,cs0_drv:0x00,hd_drv:0x00,wp_drv:0x00
mode:DIO, clock div:2
load:0x3fff0030,len:7172
load:0x40078000,len:15632
ho 0 tail 12 room 4
load:0x40080400,len:4
load:0x40080404,len:3904
entry 0x40080640
[0;32mI (31) boot: ESP-IDF v5.2.6-224-g72d06017df 2nd stage bootloader[0m
[0;32mI (31) boot: compile time Nov 28 2025 21:50:15[0m
[0;32mI (33) boot: Multicore bootloader[0m
[0;32mI (37) boot: chip revision: v3.1[0m
[0;32mI (41) boot.esp32: SPI Speed      : 40MHz[0m
[0;32mI (45) boot.esp32: SPI Mode       : DIO[0m
[0;32mI (50) boot.esp32: SPI Flash Size : 2MB[0m
[0;32mI (54) boot: Enabling RNG early entropy source...[0m
[0;32mI (60) boot: Partition Table:[0m
[0;32mI (63) boot: ## Label            Usage          Type ST Offset   Length[0m
[0;32mI (71) boot:  0 nvs              WiFi data        01 02 00009000 00006000[0m
[0;32mI (78) boot:  1 phy_init         RF data          01 01 0000f000 00001000[0m
[0;32mI (86) boot:  2 factory          factory app      00 00 00010000 00100000[0m
[0;32mI (93) boot: End of partition table[0m
[0;32mI (97) esp_image: segment 0: paddr=00010020 vaddr=3f400020 size=1a2a8h (107176) map[0m
[0;32mI (142) esp_image: segment 1: paddr=0002a2d0 vaddr=3ffb0000 size=0403ch ( 16444) load[0m
[0;32mI (149) esp_image: segment 2: paddr=0002e314 vaddr=40080000 size=01d04h (  7428) load[0m
[0;32mI (152) esp_image: segment 3: paddr=00030020 vaddr=400d0020 size=905d0h (591312) map[0m
[0;32mI (359) esp_image: segment 4: paddr=000c05f8 vaddr=40081d04 size=15808h ( 88072) load[0m
[0;32mI (406) boot: Loaded app from partition at offset 0x10000[0m
[0;32mI (406) boot: Disabling RNG early entropy source...[0m
[0;32mI (417) cpu_start: Multicore app[0m
[0;32mI (427) cpu_start: Pro cpu start user code[0m
[0;32mI (427) cpu_start: cpu freq: 160000000 Hz[0m
[0;32mI (427) cpu_start: Application information:[0m
[0;32mI (430) cpu_start: Project name:     esp32_robot_firmware[0m
[0;32mI (436) cpu_start: App version:      e18ea92[0m
[0;32mI (441) cpu_start: Compile time:     Jan  7 2026 11:36:47[0m
[0;32mI (447) cpu_start: ELF file SHA256:  63ceccc1d...[0m
[0;32mI (452) cpu_start: ESP-IDF:          v5.2.6-224-g72d06017df[0m
[0;32mI (458) cpu_start: Min chip rev:     v0.0[0m
[0;32mI (463) cpu_start: Max chip rev:     v3.99 [0m
[0;32mI (468) cpu_start: Chip rev:         v3.1[0m
[0;32mI (473) heap_init: Initializing. RAM available for dynamic allocation:[0m
[0;32mI (480) heap_init: At 3FFAE6E0 len 00001920 (6 KiB): DRAM[0m
[0;32mI (486) heap_init: At 3FFBAA80 len 00025580 (149 KiB): DRAM[0m
[0;32mI (492) heap_init: At 3FFE0440 len 00003AE0 (14 KiB): D/IRAM[0m
[0;32mI (499) heap_init: At 3FFE4350 len 0001BCB0 (111 KiB): D/IRAM[0m
[0;32mI (505) heap_init: At 4009750C len 00008AF4 (34 KiB): IRAM[0m
[0;32mI (513) spi_flash: detected chip: generic[0m
[0;32mI (516) spi_flash: flash io: dio[0m
[0;33mW (520) spi_flash: Detected size(4096k) larger than the size in the binary image header(2048k). Using the size in the binary image header.[0m
[0;32mI (534) main_task: Started on CPU0[0m
[0;32mI (544) main_task: Calling app_main()[0m
[0;32mI (574) gpio: GPIO[12]| InputEn: 0| OutputEn: 1| OpenDrain: 0| Pullup: 0| Pulldown: 0| Intr:0 [0m
[0;32mI (574) gpio: GPIO[14]| InputEn: 0| OutputEn: 1| OpenDrain: 0| Pullup: 0| Pulldown: 0| Intr:0 [0m
[0;32mI (584) gpio: GPIO[26]| InputEn: 0| OutputEn: 1| OpenDrain: 0| Pullup: 0| Pulldown: 0| Intr:0 [0m
[0;32mI (594) gpio: GPIO[27]| InputEn: 0| OutputEn: 1| OpenDrain: 0| Pullup: 0| Pulldown: 0| Intr:0 [0m
[0;32mI (594) gpio: GPIO[32]| InputEn: 1| OutputEn: 0| OpenDrain: 0| Pullup: 1| Pulldown: 0| Intr:1 [0m
[0;32mI (604) gpio: GPIO[33]| InputEn: 1| OutputEn: 0| OpenDrain: 0| Pullup: 1| Pulldown: 0| Intr:1 [0m
[0;32mI (624) main_task: Returned from app_main()[0m
[0;32mI (634) wifi:wifi driver task: 3ffc6860, prio:23, stack:6656, core=0[0m
[0;32mI (644) wifi:wifi firmware version: 82d80cd[0m
[0;32mI (644) wifi:wifi certification version: v7.0[0m
[0;32mI (644) wifi:config NVS flash: enabled[0m
[0;32mI (644) wifi:config nano formating: disabled[0m
[0;32mI (654) wifi:Init data frame dynamic rx buffer num: 32[0m
[0;32mI (654) wifi:Init static rx mgmt buffer num: 5[0m
[0;32mI (664) wifi:Init management short buffer num: 32[0m
[0;32mI (664) wifi:Init dynamic tx buffer num: 32[0m
[0;32mI (664) wifi:Init static rx buffer size: 1600[0m
[0;32mI (674) wifi:Init static rx buffer num: 10[0m
[0;32mI (674) wifi:Init dynamic rx buffer num: 32[0m
[0;32mI (684) wifi_init: rx ba win: 6[0m
[0;32mI (684) wifi_init: tcpip mbox: 32[0m
[0;32mI (684) wifi_init: udp mbox: 6[0m
[0;32mI (694) wifi_init: tcp mbox: 6[0m
[0;32mI (694) wifi_init: tcp tx win: 5760[0m
[0;32mI (704) wifi_init: tcp rx win: 5760[0m
[0;32mI (704) wifi_init: tcp mss: 1440[0m
[0;32mI (704) wifi_init: WiFi IRAM OP enabled[0m
[0;32mI (714) wifi_init: WiFi RX IRAM OP enabled[0m
[0;33mW (714) wifi:Password length matches WPA2 standards, authmode threshold changes from OPEN to WPA2[0m
[0;32mI (724) phy_init: phy_version 4861,b71b5ad,Aug  5 2025,11:16:06[0m
[0;32mI (814) phy_init: Saving new calibration data due to checksum failure or outdated calibration data, mode(0)[0m
[0;32mI (844) wifi:mode : sta (ec:e3:34:48:40:44)[0m
[0;32mI (844) wifi:enable tsf[0m
[0;32mI (934) wifi:new:<1,0>, old:<1,0>, ap:<255,255>, sta:<1,0>, prof:1[0m
[0;32mI (934) wifi:state: init -> auth (b0)[0m
[0;32mI (944) wifi:state: auth -> init (1c0)[0m
[0;32mI (954) wifi:new:<1,0>, old:<1,0>, ap:<255,255>, sta:<1,0>, prof:1[0m
[0;32mI (3374) wifi:new:<1,0>, old:<1,0>, ap:<255,255>, sta:<1,0>, prof:1[0m
[0;32mI (3384) wifi:state: init -> auth (b0)[0m
[0;32mI (3394) wifi:state: auth -> assoc (0)[0m
[0;32mI (3434) wifi:state: assoc -> run (10)[0m
[0;32mI (3454) wifi:connected with Calebe, aid = 7, channel 1, BW20, bssid = c2:02:6a:73:4f:09[0m
[0;32mI (3454) wifi:security: WPA2-PSK, phy: bgn, rssi: -34[0m
[0;32mI (3454) wifi:pm start, type: 1[0m

[0;32mI (3454) wifi:dp: 1, bi: 102400, li: 3, scale listen interval from 307200 us to 307200 us[0m
[0;32mI (3494) wifi:dp: 2, bi: 102400, li: 4, scale listen interval from 307200 us to 409600 us[0m
[0;32mI (3494) wifi:AP's beacon interval = 102400 us, DTIM period = 2[0m
[0;32mI (4464) esp_netif_handlers: sta ip: 10.243.102.207, mask: 255.255.255.0, gw: 10.243.102.152[0m
[0;32mI (4484) wifi:<ba-add>idx:0 (ifx:0, c2:02:6a:73:4f:09), tid:0, ssn:3, winSize:64[0m
