ets Jul 29 2019 12:21:46

rst:0x1 (POWERO�ets Jul 29 2019 12:21:46

rst:0x1 (POWERON_RESET),boot:0x13 (SPI_FAST_FLASH_BOOT)
configsip: 0, SPIWP:0xee
clk_drv:0x00,q_drv:0x00,d_drv:0x00,cs0_drv:0x00,hd_drv:0x00,wp_drv:0x00
mode:DIO, clock div:2
load:0x3fff0030,len:7172
load:0x40078000,len:15632
ho 0 tail 12 room 4
load:0x40080400,len:4
load:0x40080404,len:3904
entry 0x40080640
[0;32mI (31) boot: ESP-IDF v5.2.6-224-g72d06017df 2nd stage bootloader[0m
[0;32mI (31) boot: compile time Nov 28 2025 21:50:15[0m
[0;32mI (33) boot: Multicore bootloader[0m
[0;32mI (37) boot: chip revision: v3.1[0m
[0;32mI (41) boot.esp32: SPI Speed      : 40MHz[0m
[0;32mI (45) boot.esp32: SPI Mode       : DIO[0m
[0;32mI (50) boot.esp32: SPI Flash Size : 2MB[0m
[0;32mI (54) boot: Enabling RNG early entropy source...[0m
[0;32mI (60) boot: Partition Table:[0m
[0;32mI (63) boot: ## Label            Usage          Type ST Offset   Length[0m
[0;32mI (71) boot:  0 nvs              WiFi data        01 02 00009000 00006000[0m
[0;32mI (78) boot:  1 phy_init         RF data          01 01 0000f000 00001000[0m
[0;32mI (86) boot:  2 factory          factory app      00 00 00010000 00100000[0m
[0;32mI (93) boot: End of partition table[0m
[0;32mI (97) esp_image: segment 0: paddr=00010020 vaddr=3f400020 size=0e5a8h ( 58792) map[0m
[0;32mI (126) esp_image: segment 1: paddr=0001e5d0 vaddr=3ffb0000 size=01a48h (  6728) load[0m
[0;32mI (129) esp_image: segment 2: paddr=00020020 vaddr=400d0020 size=30bcch (199628) map[0m
[0;32mI (200) esp_image: segment 3: paddr=00050bf4 vaddr=3ffb1a48 size=00aa8h (  2728) load[0m
[0;32mI (201) esp_image: segment 4: paddr=000516a4 vaddr=40080000 size=0cf08h ( 53000) load[0m
[0;32mI (233) boot: Loaded app from partition at offset 0x10000[0m
[0;32mI (233) boot: Disabling RNG early entropy source...[0m
[0;32mI (245) cpu_start: Multicore app[0m
[0;32mI (254) cpu_start: Pro cpu start user code[0m
[0;32mI (254) cpu_start: cpu freq: 160000000 Hz[0m
[0;32mI (254) cpu_start: Application information:[0m
[0;32mI (257) cpu_start: Project name:     esp32_robot_firmware[0m
[0;32mI (263) cpu_start: App version:      e18ea92[0m
[0;32mI (268) cpu_start: Compile time:     Jan  5 2026 14:24:57[0m
[0;32mI (274) cpu_start: ELF file SHA256:  257341fa7...[0m
[0;32mI (280) cpu_start: ESP-IDF:          v5.2.6-224-g72d06017df[0m
[0;32mI (286) cpu_start: Min chip rev:     v0.0[0m
[0;32mI (290) cpu_start: Max chip rev:     v3.99 [0m
[0;32mI (295) cpu_start: Chip rev:         v3.1[0m
[0;32mI (300) heap_init: Initializing. RAM available for dynamic allocation:[0m
[0;32mI (307) heap_init: At 3FFAE6E0 len 00001920 (6 KiB): DRAM[0m
[0;32mI (313) heap_init: At 3FFB5D98 len 0002A268 (168 KiB): DRAM[0m
[0;32mI (320) heap_init: At 3FFE0440 len 00003AE0 (14 KiB): D/IRAM[0m
[0;32mI (326) heap_init: At 3FFE4350 len 0001BCB0 (111 KiB): D/IRAM[0m
[0;32mI (332) heap_init: At 4008CF08 len 000130F8 (76 KiB): IRAM[0m
[0;32mI (340) spi_flash: detected chip: generic[0m
[0;32mI (343) spi_flash: flash io: dio[0m
[0;33mW (347) spi_flash: Detected size(4096k) larger than the size in the binary image header(2048k). Using the size in the binary image header.[0m
[0;32mI (361) main_task: Started on CPU0[0m
[0;32mI (371) main_task: Calling app_main()[0m
[0;32mI (371) gpio: GPIO[12]| InputEn: 0| OutputEn: 1| OpenDrain: 0| Pullup: 0| Pulldown: 0| Intr:0 [0m
[0;32mI (371) gpio: GPIO[14]| InputEn: 0| OutputEn: 1| OpenDrain: 0| Pullup: 0| Pulldown: 0| Intr:0 [0m
[0;32mI (381) gpio: GPIO[26]| InputEn: 0| OutputEn: 1| OpenDrain: 0| Pullup: 0| Pulldown: 0| Intr:0 [0m
[0;32mI (391) gpio: GPIO[27]| InputEn: 0| OutputEn: 1| OpenDrain: 0| Pullup: 0| Pulldown: 0| Intr:0 [0m
[0;32mI (401) gpio: GPIO[32]| InputEn: 1| OutputEn: 0| OpenDrain: 0| Pullup: 1| Pulldown: 0| Intr:1 [0m
[0;32mI (411) gpio: GPIO[33]| InputEn: 1| OutputEn: 0| OpenDrain: 0| Pullup: 1| Pulldown: 0| Intr:1 [0m
[0;32mI (421) main_task: Returned from app_main()[0m
[0;32mI (5421) ROS: Iniciando transporte customizado...[0m

assert failed: tcpip_send_msg_wait_sem /IDF/components/lwip/lwip/src/api/tcpip.c:449 (Invalid mbox)


Backtrace: 0x40081762:0x3ffbc250 0x40085e49:0x3ffbc270 0x4008b941:0x3ffbc290 0x400e867f:0x3ffbc3b0 0x400f3f45:0x3ffbc3e0 0x400f3fd5:0x3ffbc400 0x400e84ca:0x3ffbc450 0x400d6715:0x3ffbc470 0x400d98f8:0x3ffbc490 0x400d9223:0x3ffbc4b0 0x400d91c0:0x3ffbc4d0 0x400d68c9:0x3ffbc790 0x400867d9:0x3ffbc8c0




ELF file SHA256: 257341fa7

Rebooting...
ets Jul 29 2019 12:21:46

rst:0xc (SW_CPU_RESET),boot:0x13 (SPI_FAST_FLASH_BOOT)
configsip: 0, SPIWP:0xee
clk_drv:0x00,q_drv:0x00,d_drv:0x00,cs0_drv:0x00,hd_drv:0x00,wp_drv:0x00
mode:DIO, clock div:2
load:0x3fff0030,len:7172
load:0x40078000,len:15632
ho 0 tail 12 room 4
load:0x40080400,len:4
load:0x40080404,len:3904
entry 0x40080640
[0;32mI (31) boot: ESP-IDF v5.2.6-224-g72d06017df 2nd stage bootloader[0m
[0;32mI (31) boot: compile time Nov 28 2025 21:50:15[0m
[0;32mI (33) boot: Multicore bootloader[0m
[0;32mI (37) boot: chip revision: v3.1[0m
[0;32mI (40) boot.esp32: SPI Speed      : 40MHz[0m
[0;32mI (45) boot.esp32: SPI Mode       : DIO[0m
[0;32mI (50) boot.esp32: SPI Flash Size : 2MB[0m
[0;32mI (54) boot: Enabling RNG early entropy source...[0m
[0;32mI (60) boot: Partition Table:[0m
[0;32mI (63) boot: ## Label            Usage          Type ST Offset   Length[0m
[0;32mI (71) boot:  0 nvs              WiFi data        01 02 00009000 00006000[0m
[0;32mI (78) boot:  1 phy_init         RF data          01 01 0000f000 00001000[0m
[0;32mI (85) boot:  2 factory          factory app      00 00 00010000 00100000[0m
[0;32mI (93) boot: End of partition table[0m
[0;32mI (97) esp_image: segment 0: paddr=00010020 vaddr=3f400020 size=0e5a8h ( 58792) map[0m
[0;32mI (126) esp_image: segment 1: paddr=0001e5d0 vaddr=3ffb0000 size=01a48h (  6728) load[0m
[0;32mI (129) esp_image: segment 2: paddr=00020020 vaddr=400d0020 size=30bcch (199628) map[0m
[0;32mI (200) esp_image: segment 3: paddr=00050bf4 vaddr=3ffb1a48 size=00aa8h (  2728) load[0m
[0;32mI (201) esp_image: segment 4: paddr=000516a4 vaddr=40080000 size=0cf08h ( 53000) load[0m
[0;32mI (233) boot: Loaded app from partition at offset 0x10000[0m
[0;32mI (233) boot: Disabling RNG early entropy source...[0m
[0;32mI (245) cpu_start: Multicore app[0m
[0;32mI (254) cpu_start: Pro cpu start user code[0m
[0;32mI (254) cpu_start: cpu freq: 160000000 Hz[0m
[0;32mI (254) cpu_start: Application information:[0m
[0;32mI (257) cpu_start: Project name:     esp32_robot_firmware[0m
[0;32mI (263) cpu_start: App version:      e18ea92[0m
[0;32mI (268) cpu_start: Compile time:     Jan  5 2026 14:24:57[0m
[0;32mI (274) cpu_start: ELF file SHA256:  257341fa7...[0m
[0;32mI (279) cpu_start: ESP-IDF:          v5.2.6-224-g72d06017df[0m
[0;32mI (286) cpu_start: Min chip rev:     v0.0[0m
[0;32mI (290) cpu_start: Max chip rev:     v3.99 [0m
[0;32mI (295) cpu_start: Chip rev:         v3.1[0m
[0;32mI (300) heap_init: Initializing. RAM available for dynamic allocation:[0m
[0;32mI (307) heap_init: At 3FFAE6E0 len 00001920 (6 KiB): DRAM[0m
[0;32mI (313) heap_init: At 3FFB5D98 len 0002A268 (168 KiB): DRAM[0m
[0;32mI (319) heap_init: At 3FFE0440 len 00003AE0 (14 KiB): D/IRAM[0m
[0;32mI (326) heap_init: At 3FFE4350 len 0001BCB0 (111 KiB): D/IRAM[0m
[0;32mI (332) heap_init: At 4008CF08 len 000130F8 (76 KiB): IRAM[0m
[0;32mI (340) spi_flash: detected chip: generic[0m
[0;32mI (343) spi_flash: flash io: dio[0m
[0;33mW (347) spi_flash: Detected size(4096k) larger than the size in the binary image header(2048k). Using the size in the binary image header.[0m
[0;32mI (361) main_task: Started on CPU0[0m
[0;32mI (371) main_task: Calling app_main()[0m
[0;32mI (371) gpio: GPIO[12]| InputEn: 0| OutputEn: 1| OpenDrain: 0| Pullup: 0| Pulldown: 0| Intr:0 [0m
[0;32mI (371) gpio: GPIO[14]| InputEn: 0| OutputEn: 1| OpenDrain: 0| Pullup: 0| Pulldown: 0| Intr:0 [0m
[0;32mI (381) gpio: GPIO[26]| InputEn: 0| OutputEn: 1| OpenDrain: 0| Pullup: 0| Pulldown: 0| Intr:0 [0m
[0;32mI (391) gpio: GPIO[27]| InputEn: 0| OutputEn: 1| OpenDrain: 0| Pullup: 0| Pulldown: 0| Intr:0 [0m
[0;32mI (401) gpio: GPIO[32]| InputEn: 1| OutputEn: 0| OpenDrain: 0| Pullup: 1| Pulldown: 0| Intr:1 [0m
[0;32mI (411) gpio: GPIO[33]| InputEn: 1| OutputEn: 0| OpenDrain: 0| Pullup: 1| Pulldown: 0| Intr:1 [0m
[0;32mI (421) main_task: Returned from app_main()[0m
[0;32mI (5421) ROS: Iniciando transporte customizado...[0m

assert failed: tcpip_send_msg_wait_sem /IDF/components/lwip/lwip/src/api/tcpip.c:449 (Invalid mbox)


Backtrace: 0x40081762:0x3ffbc250 0x40085e49:0x3ffbc270 0x4008b941:0x3ffbc290 0x400e867f:0x3ffbc3b0 0x400f3f45:0x3ffbc3e0 0x400f3fd5:0x3ffbc400 0x400e84ca:0x3ffbc450 0x400d6715:0x3ffbc470 0x400d98f8:0x3ffbc490 0x400d9223:0x3ffbc4b0 0x400d91c0:0x3ffbc4d0 0x400d68c9:0x3ffbc790 0x400867d9:0x3ffbc8c0




ELF file SHA256: 257341fa7

Rebooting...
ets Jul 29 2019 12:21:46

rst:0xc (SW_CPU_RESET),boot:0x13 (SPI_FAST_FLASH_BOOT)
configsip: 0, SPIWP:0xee
clk_drv:0x00,q_drv:0x00,d_drv:0x00,cs0_drv:0x00,hd_drv:0x00,wp_drv:0x00
mode:DIO, clock div:2
load:0x3fff0030,len:7172
load:0x40078000,len:15632
ho 0 tail 12 room 4
load:0x40080400,len:4
load:0x40080404,len:3904
entry 0x40080640
[0;32mI (31) boot: ESP-IDF v5.2.6-224-g72d06017df 2nd stage bootloader[0m
[0;32mI (31) boot: compile time Nov 28 2025 21:50:15[0m
[0;32mI (33) boot: Multicore bootloader[0m
[0;32mI (37) boot: chip revision: v3.1[0m
[0;32mI (40) boot.esp32: SPI Speed      : 40MHz[0m
[0;32mI (45) boot.esp32: SPI Mode       : DIO[0m
[0;32mI (50) boot.esp32: SPI Flash Size : 2MB[0m
[0;32mI (54) boot: Enabling RNG early entropy source...[0m
[0;32mI (60) boot: Partition Table:[0m
[0;32mI (63) boot: ## Label            Usage          Type ST Offset   Length[0m
[0;32mI (71) boot:  0 nvs              WiFi data        01 02 00009000 00006000[0m
[0;32mI (78) boot:  1 phy_init         RF data          01 01 0000f000 00001000[0m
[0;32mI (85) boot:  2 factory          factory app      00 00 00010000 00100000[0m
[0;32mI (93) boot: End of partition table[0m
[0;32mI (97) esp_image: segment 0: paddr=00010020 vaddr=3f400020 size=0e5a8h ( 58792) map[0m
[0;32mI (126) esp_image: segment 1: paddr=0001e5d0 vaddr=3ffb0000 size=01a48h (  6728) load[0m
[0;32mI (129) esp_image: segment 2: paddr=00020020 vaddr=400d0020 size=30bcch (199628) map[0m
[0;32mI (200) esp_image: segment 3: paddr=00050bf4 vaddr=3ffb1a48 size=00aa8h (  2728) load[0m
[0;32mI (201) esp_image: segment 4: paddr=000516a4 vaddr=40080000 size=0cf08h ( 53000) load[0m
[0;32mI (233) boot: Loaded app from partition at offset 0x10000[0m
[0;32mI (233) boot: Disabling RNG early entropy source...[0m
[0;32mI (245) cpu_start: Multicore app[0m
[0;32mI (254) cpu_start: Pro cpu start user code[0m
[0;32mI (254) cpu_start: cpu freq: 160000000 Hz[0m
[0;32mI (254) cpu_start: Application information:[0m
[0;32mI (257) cpu_start: Project name:     esp32_robot_firmware[0m
[0;32mI (263) cpu_start: App version:      e18ea92[0m
[0;32mI (268) cpu_start: Compile time:     Jan  5 2026 14:24:57[0m
[0;32mI (274) cpu_start: ELF file SHA256:  257341fa7...[0m
[0;32mI (279) cpu_start: ESP-IDF:          v5.2.6-224-g72d06017df[0m
[0;32mI (286) cpu_start: Min chip rev:     v0.0[0m
[0;32mI (290) cpu_start: Max chip rev:     v3.99 [0m
[0;32mI (295) cpu_start: Chip rev:         v3.1[0m
[0;32mI (300) heap_init: Initializing. RAM available for dynamic allocation:[0m
[0;32mI (307) heap_init: At 3FFAE6E0 len 00001920 (6 KiB): DRAM[0m
[0;32mI (313) heap_init: At 3FFB5D98 len 0002A268 (168 KiB): DRAM[0m
[0;32mI (319) heap_init: At 3FFE0440 len 00003AE0 (14 KiB): D/IRAM[0m
[0;32mI (326) heap_init: At 3FFE4350 len 0001BCB0 (111 KiB): D/IRAM[0m
[0;32mI (332) heap_init: At 4008CF08 len 000130F8 (76 KiB): IRAM[0m
[0;32mI (340) spi_flash: detected chip: generic[0m
[0;32mI (343) spi_flash: flash io: dio[0m
[0;33mW (347) spi_flash: Detected size(4096k) larger than the size in the binary image header(2048k). Using the size in the binary image header.[0m
[0;32mI (361) main_task: Started on CPU0[0m
[0;32mI (371) main_task: Calling app_main()[0m
[0;32mI (371) gpio: GPIO[12]| InputEn: 0| OutputEn: 1| OpenDrain: 0| Pullup: 0| Pulldown: 0| Intr:0 [0m
[0;32mI (371) gpio: GPIO[14]| InputEn: 0| OutputEn: 1| OpenDrain: 0| Pullup: 0| Pulldown: 0| Intr:0 [0m
[0;32mI (381) gpio: GPIO[26]| InputEn: 0| OutputEn: 1| OpenDrain: 0| Pullup: 0| Pulldown: 0| Intr:0 [0m
[0;32mI (391) gpio: GPIO[27]| InputEn: 0| OutputEn: 1| OpenDrain: 0| Pullup: 0| Pulldown: 0| Intr:0 [0m
[0;32mI (401) gpio: GPIO[32]| InputEn: 1| OutputEn: 0| OpenDrain: 0| Pullup: 1| Pulldown: 0| Intr:1 [0m
[0;32mI (411) gpio: GPIO[33]| InputEn: 1| OutputEn: 0| OpenDrain: 0| Pullup: 1| Pulldown: 0| Intr:1 [0m
[0;32mI (421) main_task: Returned from app_main()[0m
