Rձ�29 2019 12:21:46

rst:0x1 (POWERON_RES�ets Jul 29 2019 12:21:46

rst:0x1 (POWERON_RESET),boot:0x13 (SPI_FAST_FLASH_BOOT)
configsip: 0, SPIWP:0xee
clk_drv:0x00,q_drv:0x00,d_drv:0x00,cs0_drv:0x00,hd_drv:0x00,wp_drv:0x00
mode:DIO, clock div:2
load:0x3fff0030,len:7172
load:0x40078000,len:15632
ho 0 tail 12 room 4
load:0x40080400,len:4
load:0x40080404,len:3904
entry 0x40080640
[0;32mI (31) boot: ESP-IDF v5.2.6-224-g72d06017df 2nd stage bootloader[0m
[0;32mI (31) boot: compile time Nov 28 2025 21:50:15[0m
[0;32mI (33) boot: Multicore bootloader[0m
[0;32mI (37) boot: chip revision: v3.1[0m
[0;32mI (41) boot.esp32: SPI Speed      : 40MHz[0m
[0;32mI (45) boot.esp32: SPI Mode       : DIO[0m
[0;32mI (50) boot.esp32: SPI Flash Size : 2MB[0m
[0;32mI (54) boot: Enabling RNG early entropy source...[0m
[0;32mI (60) boot: Partition Table:[0m
[0;32mI (63) boot: ## Label            Usage          Type ST Offset   Length[0m
[0;32mI (71) boot:  0 nvs              WiFi data        01 02 00009000 00006000[0m
[0;32mI (78) boot:  1 phy_init         RF data          01 01 0000f000 00001000[0m
[0;32mI (86) boot:  2 factory          factory app      00 00 00010000 00100000[0m
[0;32mI (93) boot: End of partition table[0m
[0;32mI (97) esp_image: segment 0: paddr=00010020 vaddr=3f400020 size=1ad10h (109840) map[0m
[0;32mI (143) esp_image: segment 1: paddr=0002ad38 vaddr=3ffb0000 size=046bch ( 18108) load[0m
[0;32mI (150) esp_image: segment 2: paddr=0002f3fc vaddr=40080000 size=00c1ch (  3100) load[0m
[0;32mI (152) esp_image: segment 3: paddr=00030020 vaddr=400d0020 size=93cf0h (605424) map[0m
[0;32mI (365) esp_image: segment 4: paddr=000c3d18 vaddr=40080c1c size=16920h ( 92448) load[0m
[0;32mI (413) boot: Loaded app from partition at offset 0x10000[0m
[0;32mI (413) boot: Disabling RNG early entropy source...[0m
[0;32mI (425) cpu_start: Multicore app[0m
[0;32mI (434) cpu_start: Pro cpu start user code[0m
[0;32mI (434) cpu_start: cpu freq: 160000000 Hz[0m
[0;32mI (434) cpu_start: Application information:[0m
[0;32mI (437) cpu_start: Project name:     esp32_robot_firmware[0m
[0;32mI (443) cpu_start: App version:      e18ea92[0m
[0;32mI (448) cpu_start: Compile time:     Dec 12 2025 10:43:53[0m
[0;32mI (454) cpu_start: ELF file SHA256:  177e0b62d...[0m
[0;32mI (460) cpu_start: ESP-IDF:          v5.2.6-224-g72d06017df[0m
[0;32mI (466) cpu_start: Min chip rev:     v0.0[0m
[0;32mI (471) cpu_start: Max chip rev:     v3.99 [0m
[0;32mI (476) cpu_start: Chip rev:         v3.1[0m
[0;32mI (481) heap_init: Initializing. RAM available for dynamic allocation:[0m
[0;32mI (488) heap_init: At 3FFAE6E0 len 00001920 (6 KiB): DRAM[0m
[0;32mI (494) heap_init: At 3FFBB428 len 00024BD8 (146 KiB): DRAM[0m
[0;32mI (500) heap_init: At 3FFE0440 len 00003AE0 (14 KiB): D/IRAM[0m
[0;32mI (506) heap_init: At 3FFE4350 len 0001BCB0 (111 KiB): D/IRAM[0m
[0;32mI (513) heap_init: At 4009753C len 00008AC4 (34 KiB): IRAM[0m
[0;32mI (520) spi_flash: detected chip: generic[0m
[0;32mI (523) spi_flash: flash io: dio[0m
[0;33mW (527) spi_flash: Detected size(4096k) larger than the size in the binary image header(2048k). Using the size in the binary image header.[0m
[0;32mI (541) main_task: Started on CPU0[0m
[0;32mI (551) main_task: Calling app_main()[0m
[0;32mI (551) gpio: GPIO[12]| InputEn: 0| OutputEn: 1| OpenDrain: 0| Pullup: 0| Pulldown: 0| Intr:0 [0m
[0;32mI (551) gpio: GPIO[14]| InputEn: 0| OutputEn: 1| OpenDrain: 0| Pullup: 0| Pulldown: 0| Intr:0 [0m
[0;32mI (561) gpio: GPIO[26]| InputEn: 0| OutputEn: 1| OpenDrain: 0| Pullup: 0| Pulldown: 0| Intr:0 [0m
[0;32mI (571) gpio: GPIO[27]| InputEn: 0| OutputEn: 1| OpenDrain: 0| Pullup: 0| Pulldown: 0| Intr:0 [0m
[0;32mI (581) gpio: GPIO[32]| InputEn: 1| OutputEn: 0| OpenDrain: 0| Pullup: 1| Pulldown: 0| Intr:3 [0m
[0;32mI (591) gpio: GPIO[33]| InputEn: 1| OutputEn: 0| OpenDrain: 0| Pullup: 1| Pulldown: 0| Intr:3 [0m
[0;32mI (621) wifi_station_netif: ESP_WIFI_MODE_STA[0m
[0;32mI (631) wifi:wifi driver task: 3ffc36b0, prio:23, stack:6656, core=0[0m
[0;32mI (641) wifi:wifi firmware version: 82d80cd[0m
[0;32mI (641) wifi:wifi certification version: v7.0[0m
[0;32mI (641) wifi:config NVS flash: enabled[0m
[0;32mI (641) wifi:config nano formating: disabled[0m
[0;32mI (641) wifi:Init data frame dynamic rx buffer num: 32[0m
[0;32mI (651) wifi:Init static rx mgmt buffer num: 5[0m
[0;32mI (651) wifi:Init management short buffer num: 32[0m
[0;32mI (661) wifi:Init dynamic tx buffer num: 32[0m
[0;32mI (661) wifi:Init static rx buffer size: 1600[0m
[0;32mI (661) wifi:Init static rx buffer num: 10[0m
[0;32mI (671) wifi:Init dynamic rx buffer num: 32[0m
[0;32mI (671) wifi_init: rx ba win: 6[0m
[0;32mI (681) wifi_init: tcpip mbox: 32[0m
[0;32mI (681) wifi_init: udp mbox: 6[0m
[0;32mI (681) wifi_init: tcp mbox: 6[0m
[0;32mI (691) wifi_init: tcp tx win: 5760[0m
[0;32mI (691) wifi_init: tcp rx win: 5760[0m
[0;32mI (701) wifi_init: tcp mss: 1440[0m
[0;32mI (701) wifi_init: WiFi IRAM OP enabled[0m
[0;32mI (701) wifi_init: WiFi RX IRAM OP enabled[0m
[0;33mW (711) wifi:Password length matches WPA2 standards, authmode threshold changes from OPEN to WPA2[0m
[0;32mI (721) phy_init: phy_version 4861,b71b5ad,Aug  5 2025,11:16:06[0m
[0;32mI (811) wifi:mode : sta (ec:e3:34:48:40:44)[0m
[0;32mI (811) wifi:enable tsf[0m
[0;32mI (811) wifi_station_netif: wifi_init_sta finished.[0m
[0;32mI (841) wifi:new:<1,0>, old:<1,0>, ap:<255,255>, sta:<1,0>, prof:1[0m
[0;32mI (841) wifi:state: init -> auth (b0)[0m
[0;32mI (851) wifi:state: auth -> init (1c0)[0m
[0;32mI (861) wifi:new:<1,0>, old:<1,0>, ap:<255,255>, sta:<1,0>, prof:1[0m
[0;32mI (861) wifi_station_netif: retry to connect to the AP[0m
[0;32mI (861) wifi_station_netif: connect to the AP fail[0m
[0;32mI (3281) wifi_station_netif: retry to connect to the AP[0m
[0;32mI (3281) wifi_station_netif: connect to the AP fail[0m
[0;32mI (3281) wifi:new:<1,0>, old:<1,0>, ap:<255,255>, sta:<1,0>, prof:1[0m
[0;32mI (3281) wifi:state: init -> auth (b0)[0m
[0;32mI (3301) wifi:state: auth -> assoc (0)[0m
[0;32mI (3311) wifi:state: assoc -> run (10)[0m
[0;32mI (3331) wifi:connected with Calebe, aid = 3, channel 1, BW20, bssid = aa:9f:5d:96:29:6b[0m
[0;32mI (3331) wifi:security: WPA2-PSK, phy: bgn, rssi: -36[0m
[0;32mI (3331) wifi:pm start, type: 1[0m

[0;32mI (3331) wifi:dp: 1, bi: 102400, li: 3, scale listen interval from 307200 us to 307200 us[0m
[0;32mI (3401) wifi:dp: 2, bi: 102400, li: 4, scale listen interval from 307200 us to 409600 us[0m
[0;32mI (3401) wifi:AP's beacon interval = 102400 us, DTIM period = 2[0m
[0;32mI (4341) esp_netif_handlers: sta ip: 10.250.183.207, mask: 255.255.255.0, gw: 10.250.183.108[0m
[0;32mI (4341) wifi_station_netif: got ip:10.250.183.207[0m
[0;32mI (4341) wifi_station_netif: connected to ap SSID:Calebe password:88111447[0m
[0;32mI (4351) wifi:Set ps type: 0, coexist: 0[0m

[0;32mI (4381) wifi:<ba-add>idx:0 (ifx:0, aa:9f:5d:96:29:6b), tid:0, ssn:3, winSize:64[0m


=== SISTEMA PRONTO: ROS 2 + PID AJUSTADO ===
Ganhos ajustados:
  Motor ESQ: KP=0.8
  Motor DIR: KP=0.6
  KI=0.3, KD=0.05

Envie comandos Twist para 'cmd_vel'

=== TESTE DE VELOCIDADE FIXA ===
Envie comandos via ROS ou use esta função para testar

=== STATUS PID ===
Motor ESQ: Tgt=0.00 Cur=0.00 Err=0.00 PWM=0.00 Int=0.00
Motor DIR: Tgt=0.00 Cur=0.00 Err=0.00 PWM=0.00 Int=0.00
===================

=== STATUS PID ===
Motor ESQ: Tgt=0.50 Cur=-0.04 Err=0.54 PWM=1.00 Int=0.21
Motor DIR: Tgt=0.50 Cur=0.10 Err=0.40 PWM=0.21 Int=0.24
===================

=== STATUS PID ===
Motor ESQ: Tgt=0.50 Cur=0.00 Err=0.50 PWM=0.57 Int=0.58
Motor DIR: Tgt=0.50 Cur=0.00 Err=0.50 PWM=0.43 Int=0.44
===================

=== STATUS PID ===
Motor ESQ: Tgt=0.50 Cur=0.00 Err=0.50 PWM=0.84 Int=0.92
Motor DIR: Tgt=0.50 Cur=0.00 Err=0.50 PWM=0.72 Int=0.92
===================

=== STATUS PID ===
Motor ESQ: Tgt=0.50 Cur=0.00 Err=0.50 PWM=0.91 Int=1.35
Motor DIR: Tgt=0.50 Cur=0.00 Err=0.50 PWM=0.76 Int=1.27
===================

=== STATUS PID ===
Motor ESQ: Tgt=0.50 Cur=0.00 Err=0.50 PWM=1.00 Int=1.73
Motor DIR: Tgt=0.50 Cur=0.00 Err=0.50 PWM=0.99 Int=1.61
===================

=== STATUS PID ===
Motor ESQ: Tgt=0.50 Cur=0.14 Err=0.36 PWM=0.99 Int=2.00
Motor DIR: Tgt=0.50 Cur=0.12 Err=0.38 PWM=0.91 Int=1.95
===================

=== STATUS PID ===
Motor ESQ: Tgt=0.50 Cur=0.00 Err=0.50 PWM=1.00 Int=1.95
Motor DIR: Tgt=0.50 Cur=0.12 Err=0.38 PWM=0.70 Int=2.00
===================

=== STATUS PID ===
Motor ESQ: Tgt=0.27 Cur=0.26 Err=0.01 PWM=0.44 Int=2.00
Motor DIR: Tgt=0.33 Cur=0.24 Err=0.08 PWM=0.49 Int=2.00
===================

=== STATUS PID ===
Motor ESQ: Tgt=0.27 Cur=0.10 Err=0.17 PWM=0.82 Int=2.00
Motor DIR: Tgt=0.33 Cur=0.08 Err=0.25 PWM=0.87 Int=2.00
===================

=== STATUS PID ===
Motor ESQ: Tgt=0.27 Cur=0.00 Err=0.27 PWM=1.00 Int=2.00
Motor DIR: Tgt=0.33 Cur=0.00 Err=0.33 PWM=1.00 Int=2.00
===================

=== STATUS PID ===
Motor ESQ: Tgt=0.27 Cur=0.00 Err=0.27 PWM=0.82 Int=2.00
Motor DIR: Tgt=0.33 Cur=0.00 Err=0.33 PWM=0.80 Int=2.00
===================

=== STATUS PID ===
Motor ESQ: Tgt=0.27 Cur=0.24 Err=0.03 PWM=0.37 Int=1.98
Motor DIR: Tgt=0.33 Cur=0.16 Err=0.17 PWM=0.54 Int=2.00
===================
