ձ�29 2019 12:21:46

rst:0x1 (POWERON_RESET�ets Jul 29 2019 12:21:46

rst:0x1 (POWERON_RESET),boot:0x13 (SPI_FAST_FLASH_BOOT)
configsip: 0, SPIWP:0xee
clk_drv:0x00,q_drv:0x00,d_drv:0x00,cs0_drv:0x00,hd_drv:0x00,wp_drv:0x00
mode:DIO, clock div:2
load:0x3fff0030,len:7172
load:0x40078000,len:15632
ho 0 tail 12 room 4
load:0x40080400,len:4
load:0x40080404,len:3904
entry 0x40080640
[0;32mI (31) boot: ESP-IDF v5.2.6-224-g72d06017df 2nd stage bootloader[0m
[0;32mI (31) boot: compile time Nov 28 2025 21:50:15[0m
[0;32mI (33) boot: Multicore bootloader[0m
[0;32mI (37) boot: chip revision: v3.1[0m
[0;32mI (41) boot.esp32: SPI Speed      : 40MHz[0m
[0;32mI (45) boot.esp32: SPI Mode       : DIO[0m
[0;32mI (50) boot.esp32: SPI Flash Size : 2MB[0m
[0;32mI (54) boot: Enabling RNG early entropy source...[0m
[0;32mI (60) boot: Partition Table:[0m
[0;32mI (63) boot: ## Label            Usage          Type ST Offset   Length[0m
[0;32mI (71) boot:  0 nvs              WiFi data        01 02 00009000 00006000[0m
[0;32mI (78) boot:  1 phy_init         RF data          01 01 0000f000 00001000[0m
[0;32mI (86) boot:  2 factory          factory app      00 00 00010000 00100000[0m
[0;32mI (93) boot: End of partition table[0m
[0;32mI (97) esp_image: segment 0: paddr=00010020 vaddr=3f400020 size=0b0a4h ( 45220) map[0m
[0;32mI (121) esp_image: segment 1: paddr=0001b0cc vaddr=3ffb0000 size=02320h (  8992) load[0m
[0;32mI (125) esp_image: segment 2: paddr=0001d3f4 vaddr=40080000 size=02c24h ( 11300) load[0m
[0;32mI (131) esp_image: segment 3: paddr=00020020 vaddr=400d0020 size=11c40h ( 72768) map[0m
[0;32mI (160) esp_image: segment 4: paddr=00031c68 vaddr=40082c24 size=09fc0h ( 40896) load[0m
[0;32mI (183) boot: Loaded app from partition at offset 0x10000[0m
[0;32mI (183) boot: Disabling RNG early entropy source...[0m
[0;32mI (195) cpu_start: Multicore app[0m
[0;32mI (204) cpu_start: Pro cpu start user code[0m
[0;32mI (204) cpu_start: cpu freq: 160000000 Hz[0m
[0;32mI (204) cpu_start: Application information:[0m
[0;32mI (207) cpu_start: Project name:     esp32_robot_firmware[0m
[0;32mI (213) cpu_start: App version:      e18ea92[0m
[0;32mI (218) cpu_start: Compile time:     Jan  5 2026 14:24:57[0m
[0;32mI (224) cpu_start: ELF file SHA256:  4e9fa931f...[0m
[0;32mI (229) cpu_start: ESP-IDF:          v5.2.6-224-g72d06017df[0m
[0;32mI (236) cpu_start: Min chip rev:     v0.0[0m
[0;32mI (240) cpu_start: Max chip rev:     v3.99 [0m
[0;32mI (245) cpu_start: Chip rev:         v3.1[0m
[0;32mI (250) heap_init: Initializing. RAM available for dynamic allocation:[0m
[0;32mI (257) heap_init: At 3FFAE6E0 len 00001920 (6 KiB): DRAM[0m
[0;32mI (263) heap_init: At 3FFB2C78 len 0002D388 (180 KiB): DRAM[0m
[0;32mI (269) heap_init: At 3FFE0440 len 00003AE0 (14 KiB): D/IRAM[0m
[0;32mI (276) heap_init: At 3FFE4350 len 0001BCB0 (111 KiB): D/IRAM[0m
[0;32mI (282) heap_init: At 4008CBE4 len 0001341C (77 KiB): IRAM[0m
[0;32mI (290) spi_flash: detected chip: generic[0m
[0;32mI (293) spi_flash: flash io: dio[0m
[0;33mW (297) spi_flash: Detected size(4096k) larger than the size in the binary image header(2048k). Using the size in the binary image header.[0m
[0;32mI (311) main_task: Started on CPU0[0m
[0;32mI (321) main_task: Calling app_main()[0m
[0;32mI (321) MAIN: =========================================[0m
[0;32mI (321) MAIN: === CALIBRAÇÃO PRECISA - AMBOS MOTORES ===[0m
[0;32mI (321) MAIN: =========================================[0m
[0;32mI (331) HW: === CONFIGURACAO PARA CALIBRACAO PRECISA ===[0m
[0;32mI (341) gpio: GPIO[32]| InputEn: 1| OutputEn: 0| OpenDrain: 0| Pullup: 1| Pulldown: 0| Intr:1 [0m
[0;32mI (351) gpio: GPIO[33]| InputEn: 1| OutputEn: 0| OpenDrain: 0| Pullup: 1| Pulldown: 0| Intr:1 [0m
[0;32mI (361) gpio: GPIO[12]| InputEn: 0| OutputEn: 1| OpenDrain: 0| Pullup: 0| Pulldown: 0| Intr:0 [0m
[0;32mI (361) gpio: GPIO[14]| InputEn: 0| OutputEn: 1| OpenDrain: 0| Pullup: 0| Pulldown: 0| Intr:0 [0m
[0;32mI (371) gpio: GPIO[26]| InputEn: 0| OutputEn: 1| OpenDrain: 0| Pullup: 0| Pulldown: 0| Intr:0 [0m
[0;32mI (381) gpio: GPIO[27]| InputEn: 0| OutputEn: 1| OpenDrain: 0| Pullup: 0| Pulldown: 0| Intr:0 [0m
[0;32mI (391) CAL: =========================================[0m
[0;32mI (401) CAL: === PASSO 1: TICKS POR SEGUNDO ===[0m
[0;32mI (401) CAL: =========================================[0m
[0;32mI (411) CAL: LEVANTE O ROBO (rodas livres)[0m
[0;32mI (411) CAL: Iniciando em 5...[0m
[0;32mI (1421) CAL: Iniciando em 4...[0m
[0;32mI (2421) CAL: Iniciando em 3...[0m
[0;32mI (3421) CAL: Iniciando em 2...[0m
[0;32mI (4421) CAL: Iniciando em 1...[0m
[0;32mI (5421) CAL: === Teste 1: 20% PWM ===[0m
[0;32mI (12421) CAL: ESQ: 0 ticks (0.0/s)[0m
[0;32mI (12421) CAL: DIR: 0 ticks (0.0/s)[0m
[0;32mI (12421) CAL: Relação DIR/ESQ: nan[0m
[0;32mI (14421) CAL: === Teste 2: 30% PWM ===[0m
[0;32mI (21421) CAL: ESQ: 0 ticks (0.0/s)[0m
[0;32mI (21421) CAL: DIR: 0 ticks (0.0/s)[0m
[0;32mI (21421) CAL: Relação DIR/ESQ: nan[0m
[0;32mI (23421) CAL: === Teste 3: 40% PWM ===[0m
[0;32mI (30421) CAL: ESQ: 0 ticks (0.0/s)[0m
[0;32mI (30421) CAL: DIR: 0 ticks (0.0/s)[0m
[0;32mI (30421) CAL: Relação DIR/ESQ: nan[0m
[0;32mI (32421) CAL: === RESULTADOS FINAIS ===[0m
[0;32mI (32421) CAL: Média ESQ: 0.0 ticks/s[0m
[0;32mI (32421) CAL: Média DIR: 0.0 ticks/s[0m
[0;32mI (32421) CAL: Relação média DIR/ESQ: nan[0m
[0;32mI (34421) CAL: =========================================[0m
[0;32mI (34421) CAL: === PASSO 2: MEDIR DIÂMETRO DA RODA ===[0m
[0;32mI (34421) CAL: =========================================[0m
[0;32mI (34421) CAL: 1. Use uma régua para medir o DIÂMETRO da roda[0m
[0;32mI (34431) CAL: 2. Meça de uma borda à borda oposta[0m
[0;32mI (34431) CAL: 3. Anote em MILÍMETROS (ex: 65mm)[0m
[0;32mI (34441) CAL: 4. Calcule: Circunferência = π × diâmetro[0m
[0;32mI (34451) CAL:    Exemplo: 65mm → 3.1416 × 65 = 204.2mm = 0.204m[0m
[0;32mI (34451) CAL: === FÓRMULAS ===[0m
[0;32mI (34461) CAL: METROS_POR_TICK = circunferência / ticks_por_volta[0m
[0;32mI (34461) CAL: ticks_por_volta = ticks_por_segundo × tempo_por_volta[0m
[0;32mI (34471) CAL: Aguardando 10 segundos para medição...[0m
[0;32mI (46481) CAL: =========================================[0m
[0;32mI (46481) CAL: === PASSO 3: DISTÂNCIA NO CHÃO ===[0m
[0;32mI (46481) CAL: =========================================[0m
[0;32mI (46481) CAL: 1. COLOQUE O ROBO NO CHÃO[0m
[0;32mI (46491) CAL: 2. Marque a posição INICIAL com fita[0m
[0;32mI (46491) CAL: 3. Vamos andar por 2 segundos[0m
[0;32mI (46501) CAL: 4. Meça a distância REAL percorrida[0m
[0;32mI (46501) CAL: Iniciando em 10...[0m
[0;32mI (47511) CAL: Iniciando em 9...[0m
[0;32mI (48511) CAL: Iniciando em 8...[0m
[0;32mI (49511) CAL: Iniciando em 7...[0m
[0;32mI (50511) CAL: Iniciando em 6...[0m
[0;32mI (51511) CAL: Iniciando em 5...[0m
[0;32mI (52511) CAL: Iniciando em 4...[0m
[0;32mI (53511) CAL: Iniciando em 3...[0m
[0;32mI (54511) CAL: Iniciando em 2...[0m
[0;32mI (55511) CAL: Iniciando em 1...[0m
[0;32mI (56511) CAL: === INICIANDO ===[0m
[0;32mI (58511) CAL: === RESULTADOS BRUTOS ===[0m
[0;32mI (58511) CAL: Ticks ESQ: 0[0m
[0;32mI (58511) CAL: Ticks DIR: 0[0m
[0;32mI (58511) CAL: Ticks MÉDIO: 0[0m
[0;32mI (58511) CAL: === AGORA MEDIR ===[0m
[0;32mI (58511) CAL: 1. Meça a distância REAL percorrida (em metros)[0m
[0;32mI (58521) CAL: 2. Calcule METROS_POR_TICK = distancia / ticks_medio[0m
[0;32mI (58531) CAL: 3. Exemplo: 0.5m / 250 ticks = 0.002 m/tick[0m
[0;32mI (58531) CAL: === VALORES ESTIMADOS (use como referência) ===[0m
[0;32mI (58541) CAL: Se 0.5m → METROS_POR_TICK = inff[0m
[0;32mI (58551) CAL: Se 0.6m → METROS_POR_TICK = inff[0m
[0;32mI (58551) CAL: Se 0.7m → METROS_POR_TICK = inff[0m
[0;32mI (60561) CAL: =========================================[0m
[0;32mI (60561) CAL: === PASSO 4: TESTE COMPENSAÇÃO ===[0m
[0;32mI (60561) CAL: =========================================[0m
[0;32mI (60561) CAL: Compensação: DIR=0.850, ESQ=1.000[0m
[0;32mI (60571) CAL: LEVANTE O ROBO (rodas livres)[0m
[0;32mI (63571) CAL: PWM aplicado: DIR=25%, ESQ=30%[0m
[0;32mI (66571) CAL: === RESULTADO ===[0m
[0;32mI (66571) CAL: Ticks ESQ: 39 (13.0/s)[0m
[0;32mI (66571) CAL: Ticks DIR: 254 (84.7/s)[0m
[0;32mI (66571) CAL: Relação DIR/ESQ: 6.513[0m
[0;32mI (66571) CAL: ⚠️  Direita ainda mais rápida. Reduzir COMPENSACAO_DIR[0m
[0;32mI (68581) CAL: =========================================[0m
[0;32mI (68581) CAL: === PASSO 4: TESTE COMPENSAÇÃO ===[0m
[0;32mI (68581) CAL: =========================================[0m
[0;32mI (68581) CAL: Compensação: DIR=0.900, ESQ=1.000[0m
[0;32mI (68591) CAL: LEVANTE O ROBO (rodas livres)[0m
[0;32mI (71591) CAL: PWM aplicado: DIR=27%, ESQ=30%[0m
[0;32mI (74591) CAL: === RESULTADO ===[0m
[0;32mI (74591) CAL: Ticks ESQ: 479 (159.7/s)[0m
[0;32mI (74591) CAL: Ticks DIR: 436 (145.3/s)[0m
[0;32mI (74591) CAL: Relação DIR/ESQ: 0.910[0m
[0;32mI (74591) CAL: ⚠️  Esquerda ainda mais rápida. Reduzir COMPENSACAO_ESQ[0m
[0;32mI (76601) CAL: =========================================[0m
[0;32mI (76601) CAL: === PASSO 4: TESTE COMPENSAÇÃO ===[0m
[0;32mI (76601) CAL: =========================================[0m
[0;32mI (76601) CAL: Compensação: DIR=0.800, ESQ=1.000[0m
[0;32mI (76611) CAL: LEVANTE O ROBO (rodas livres)[0m
[0;32mI (79611) CAL: PWM aplicado: DIR=24%, ESQ=30%[0m
ets Jul 29 2019 12:21:46

rst:0x1 (POWERON_RESET),boot:0x13 (SPI_FAST_FLASH_BOOT)
configsip: 0, SPIWP:0xee
clk_drv:0x00,q_drv:0x00,d_drv:0x00,cs0_drv:0x00,hd_drv:0x00,wp_drv:0x00
mode:DIO, clock div:2
load:0x3fff0030,len:7172
load:0x40078000,len:15632
ho 0 tail 12 room 4
load:0x40080400,len:4
load:0x40080404,len:3904
entry 0x40080640
[0;32mI (31) boot: ESP-IDF v5.2.6-224-g72d06017df 2nd stage bootloader[0m
[0;32mI (31) boot: compile time Nov 28 2025 21:50:15[0m
[0;32mI (33) boot: Multicore bootloader[0m
[0;32mI (37) boot: chip revision: v3.1[0m
[0;32mI (41) boot.esp32: SPI Speed      : 40MHz[0m
[0;32mI (45) boot.esp32: SPI Mode       : DIO[0m
[0;32mI (50) boot.esp32: SPI Flash Size : 2MB[0m
[0;32mI (54) boot: Enabling RNG early entropy source...[0m
[0;32mI (60) boot: Partition Table:[0m
[0;32mI (63) boot: ## Label            Usage          Type ST Offset   Length[0m
[0;32mI (71) boot:  0 nvs              WiFi data        01 02 00009000 00006000[0m
[0;32mI (78) boot:  1 phy_init         RF data          01 01 0000f000 00001000[0m
[0;32mI (86) boot:  2 factory          factory app      00 00 00010000 00100000[0m
[0;32mI (93) boot: End of partition table[0m
[0;32mI (97) esp_image: segment 0: paddr=00010020 vaddr=3f400020 size=0b0a4h ( 45220) map[0m
[0;32mI (121) esp_image: segment 1: paddr=0001b0cc vaddr=3ffb0000 size=02320h (  8992) load[0m
[0;32mI (125) esp_image: segment 2: paddr=0001d3f4 vaddr=40080000 size=02c24h ( 11300) load[0m
[0;32mI (131) esp_image: segment 3: paddr=00020020 vaddr=400d0020 size=11c40h ( 72768) map[0m
[0;32mI (160) esp_image: segment 4: paddr=00031c68 vaddr=40082c24 size=09fc0h ( 40896) load[0m
[0;32mI (183) boot: Loaded app from partition at offset 0x10000[0m
[0;32mI (183) boot: Disabling RNG early entropy source...[0m
[0;32mI (195) cpu_start: Multicore app[0m
[0;32mI (204) cpu_start: Pro cpu start user code[0m
[0;32mI (204) cpu_start: cpu freq: 160000000 Hz[0m
[0;32mI (204) cpu_start: Application information:[0m
[0;32mI (207) cpu_start: Project name:     esp32_robot_firmware[0m
[0;32mI (213) cpu_start: App version:      e18ea92[0m
[0;32mI (218) cpu_start: Compile time:     Jan  5 2026 14:24:57[0m
[0;32mI (224) cpu_start: ELF file SHA256:  4e9fa931f...[0m
[0;32mI (229) cpu_start: ESP-IDF:          v5.2.6-224-g72d06017df[0m
[0;32mI (236) cpu_start: Min chip rev:     v0.0[0m
[0;32mI (240) cpu_start: Max chip rev:     v3.99 [0m
[0;32mI (245) cpu_start: Chip rev:         v3.1[0m
[0;32mI (250) heap_init: Initializing. RAM available for dynamic allocation:[0m
[0;32mI (257) heap_init: At 3FFAE6E0 len 00001920 (6 KiB): DRAM[0m
[0;32mI (263) heap_init: At 3FFB2C78 len 0002D388 (180 KiB): DRAM[0m
[0;32mI (269) heap_init: At 3FFE0440 len 00003AE0 (14 KiB): D/IRAM[0m
[0;32mI (276) heap_init: At 3FFE4350 len 0001BCB0 (111 KiB): D/IRAM[0m
[0;32mI (282) heap_init: At 4008CBE4 len 0001341C (77 KiB): IRAM[0m
[0;32mI (290) spi_flash: detected chip: generic[0m
[0;32mI (293) spi_flash: flash io: dio[0m
[0;33mW (297) spi_flash: Detected size(4096k) larger than the size in the binary image header(2048k). Using the size in the binary image header.[0m
[0;32mI (311) main_task: Started on CPU0[0m
[0;32mI (321) main_task: Calling app_main()[0m
[0;32mI (321) MAIN: =========================================[0m
[0;32mI (321) MAIN: === CALIBRAÇÃO PRECISA - AMBOS MOTORES ===[0m
[0;32mI (321) MAIN: =========================================[0m
[0;32mI (331) HW: === CONFIGURACAO PARA CALIBRACAO PRECISA ===[0m
[0;32mI (341) gpio: GPIO[32]| InputEn: 1| OutputEn: 0| OpenDrain: 0| Pullup: 1| Pulldown: 0| Intr:1 [0m
[0;32mI (351) gpio: GPIO[33]| InputEn: 1| OutputEn: 0| OpenDrain: 0| Pullup: 1| Pulldown: 0| Intr:1 [0m
[0;32mI (361) gpio: GPIO[12]| InputEn: 0| OutputEn: 1| OpenDrain: 0| Pullup: 0| Pulldown: 0| Intr:0 [0m
[0;32mI (361) gpio: GPIO[14]| InputEn: 0| OutputEn: 1| OpenDrain: 0| Pullup: 0| Pulldown: 0| Intr:0 [0m
[0;32mI (371) gpio: GPIO[26]| InputEn: 0| OutputEn: 1| OpenDrain: 0| Pullup: 0| Pulldown: 0| Intr:0 [0m
[0;32mI (381) gpio: GPIO[27]| InputEn: 0| OutputEn: 1| OpenDrain: 0| Pullup: 0| Pulldown: 0| Intr:0 [0m
[0;32mI (391) CAL: =========================================[0m
[0;32mI (401) CAL: === PASSO 1: TICKS POR SEGUNDO ===[0m
[0;32mI (401) CAL: =========================================[0m
[0;32mI (411) CAL: LEVANTE O ROBO (rodas livres)[0m
[0;32mI (411) CAL: Iniciando em 5...[0m
[0;32mI (1421) CAL: Iniciando em 4...[0m
[0;32mI (2421) CAL: Iniciando em 3...[0m
[0;32mI (3421) CAL: Iniciando em 2...[0m
[0;32mI (4421) CAL: Iniciando em 1...[0m
[0;32mI (5421) CAL: === Teste 1: 20% PWM ===[0m
[0;32mI (12421) CAL: ESQ: 494 ticks (164.7/s)[0m
[0;32mI (12421) CAL: DIR: 0 ticks (0.0/s)[0m
[0;32mI (12421) CAL: Relação DIR/ESQ: 0.000[0m
[0;32mI (14421) CAL: === Teste 2: 30% PWM ===[0m
[0;32mI (21421) CAL: ESQ: 595 ticks (198.3/s)[0m
[0;32mI (21421) CAL: DIR: 408 ticks (136.0/s)[0m
[0;32mI (21421) CAL: Relação DIR/ESQ: 0.686[0m
[0;32mI (23421) CAL: === Teste 3: 40% PWM ===[0m
ets Jul 29 2019 12:21:46

rst:0x1 (POWERON_RESET),boot:0x13 (SPI_FAST_FLASH_BOOT)
configsip: 0, SPIWP:0xee
clk_drv:0x00,q_drv:0x00,d_drv:0x00,cs0_drv:0x00,hd_drv:0x00,wp_drv:0x00
mode:DIO, clock div:2
load:0x3fff0030,len:7172
load:0x40078000,len:15632
ho 0 tail 12 room 4
load:0x40080400,len:4
load:0x40080404,len:3904
entry 0x40080640
[0;32mI (31) boot: ESP-IDF v5.2.6-224-g72d06017df 2nd stage bootloader[0m
[0;32mI (31) boot: compile time Nov 28 2025 21:50:15[0m
[0;32mI (33) boot: Multicore bootloader[0m
[0;32mI (37) boot: chip revision: v3.1[0m
[0;32mI (41) boot.esp32: SPI Speed      : 40MHz[0m
[0;32mI (45) boot.esp32: SPI Mode       : DIO[0m
[0;32mI (50) boot.esp32: SPI Flash Size : 2MB[0m
[0;32mI (54) boot: Enabling RNG early entropy source...[0m
[0;32mI (60) boot: Partition Table:[0m
[0;32mI (63) boot: ## Label            Usage          Type ST Offset   Length[0m
[0;32mI (71) boot:  0 nvs              WiFi data        01 02 00009000 00006000[0m
[0;32mI (78) boot:  1 phy_init         RF data          01 01 0000f000 00001000[0m
[0;32mI (86) boot:  2 factory          factory app      00 00 00010000 00100000[0m
[0;32mI (93) boot: End of partition table[0m
[0;32mI (97) esp_image: segment 0: paddr=00010020 vaddr=3f400020 size=0b0a4h ( 45220) map[0m
[0;32mI (121) esp_image: segment 1: paddr=0001b0cc vaddr=3ffb0000 size=02320h (  8992) load[0m
[0;32mI (125) esp_image: segment 2: paddr=0001d3f4 vaddr=40080000 size=02c24h ( 11300) load[0m
[0;32mI (131) esp_image: segment 3: paddr=00020020 vaddr=400d0020 size=11c40h ( 72768) map[0m
[0;32mI (160) esp_image: segment 4: paddr=00031c68 vaddr=40082c24 size=09fc0h ( 40896) load[0m
[0;32mI (183) boot: Loaded app from partition at offset 0x10000[0m
[0;32mI (183) boot: Disabling RNG early entropy source...[0m
[0;32mI (195) cpu_start: Multicore app[0m
[0;32mI (204) cpu_start: Pro cpu start user code[0m
[0;32mI (204) cpu_start: cpu freq: 160000000 Hz[0m
[0;32mI (204) cpu_start: Application information:[0m
[0;32mI (207) cpu_start: Project name:     esp32_robot_firmware[0m
[0;32mI (213) cpu_start: App version:      e18ea92[0m
[0;32mI (218) cpu_start: Compile time:     Jan  5 2026 14:24:57[0m
[0;32mI (224) cpu_start: ELF file SHA256:  4e9fa931f...[0m
[0;32mI (229) cpu_start: ESP-IDF:          v5.2.6-224-g72d06017df[0m
[0;32mI (236) cpu_start: Min chip rev:     v0.0[0m
[0;32mI (240) cpu_start: Max chip rev:     v3.99 [0m
[0;32mI (245) cpu_start: Chip rev:         v3.1[0m
[0;32mI (250) heap_init: Initializing. RAM available for dynamic allocation:[0m
[0;32mI (257) heap_init: At 3FFAE6E0 len 00001920 (6 KiB): DRAM[0m
[0;32mI (263) heap_init: At 3FFB2C78 len 0002D388 (180 KiB): DRAM[0m
[0;32mI (269) heap_init: At 3FFE0440 len 00003AE0 (14 KiB): D/IRAM[0m
[0;32mI (276) heap_init: At 3FFE4350 len 0001BCB0 (111 KiB): D/IRAM[0m
[0;32mI (282) heap_init: At 4008CBE4 len 0001341C (77 KiB): IRAM[0m
[0;32mI (290) spi_flash: detected chip: generic[0m
[0;32mI (293) spi_flash: flash io: dio[0m
[0;33mW (297) spi_flash: Detected size(4096k) larger than the size in the binary image header(2048k). Using the size in the binary image header.[0m
[0;32mI (311) main_task: Started on CPU0[0m
[0;32mI (321) main_task: Calling app_main()[0m
[0;32mI (321) MAIN: =========================================[0m
[0;32mI (321) MAIN: === CALIBRAÇÃO PRECISA - AMBOS MOTORES ===[0m
[0;32mI (321) MAIN: =========================================[0m
[0;32mI (331) HW: === CONFIGURACAO PARA CALIBRACAO PRECISA ===[0m
[0;32mI (341) gpio: GPIO[32]| InputEn: 1| OutputEn: 0| OpenDrain: 0| Pullup: 1| Pulldown: 0| Intr:1 [0m
[0;32mI (351) gpio: GPIO[33]| InputEn: 1| OutputEn: 0| OpenDrain: 0| Pullup: 1| Pulldown: 0| Intr:1 [0m
[0;32mI (361) gpio: GPIO[12]| InputEn: 0| OutputEn: 1| OpenDrain: 0| Pullup: 0| Pulldown: 0| Intr:0 [0m
[0;32mI (361) gpio: GPIO[14]| InputEn: 0| OutputEn: 1| OpenDrain: 0| Pullup: 0| Pulldown: 0| Intr:0 [0m
[0;32mI (371) gpio: GPIO[26]| InputEn: 0| OutputEn: 1| OpenDrain: 0| Pullup: 0| Pulldown: 0| Intr:0 [0m
[0;32mI (381) gpio: GPIO[27]| InputEn: 0| OutputEn: 1| OpenDrain: 0| Pullup: 0| Pulldown: 0| Intr:0 [0m
[0;32mI (391) CAL: =========================================[0m
[0;32mI (401) CAL: === PASSO 1: TICKS POR SEGUNDO ===[0m
[0;32mI (401) CAL: =========================================[0m
[0;32mI (411) CAL: LEVANTE O ROBO (rodas livres)[0m
[0;32mI (411) CAL: Iniciando em 5...[0m
[0;32mI (1421) CAL: Iniciando em 4...[0m
[0;32mI (2421) CAL: Iniciando em 3...[0m
[0;32mI (3421) CAL: Iniciando em 2...[0m
[0;32mI (4421) CAL: Iniciando em 1...[0m
[0;32mI (5421) CAL: === Teste 1: 20% PWM ===[0m
[0;32mI (12421) CAL: ESQ: 409 ticks (136.3/s)[0m
[0;32mI (12421) CAL: DIR: 465 ticks (155.0/s)[0m
[0;32mI (12421) CAL: Relação DIR/ESQ: 1.137[0m
[0;32mI (14421) CAL: === Teste 2: 30% PWM ===[0m
[0;32mI (21421) CAL: ESQ: 542 ticks (180.7/s)[0m
[0;32mI (21421) CAL: DIR: 540 ticks (180.0/s)[0m
[0;32mI (21421) CAL: Relação DIR/ESQ: 0.996[0m
ets Jul 29 2019 12:21:46

rst:0x1 (POWERON_RESET),boot:0x13 (SPI_FAST_FLASH_BOOT)
configsip: 0, SPIWP:0xee
clk_drv:0x00,q_drv:0x00,d_drv:0x00,cs0_drv:0x00,hd_drv:0x00,wp_drv:0x00
mode:DIO, clock div:2
load:0x3fff0030,len:7172
load:0x40078000,len:15632
ho 0 tail 12 room 4
load:0x40080400,len:4
load:0x40080404,len:3904
entry 0x40080640
[0;32mI (31) boot: ESP-IDF v5.2.6-224-g72d06017df 2nd stage bootloader[0m
[0;32mI (31) boot: compile time Nov 28 2025 21:50:15[0m
[0;32mI (33) boot: Multicore bootloader[0m
[0;32mI (37) boot: chip revision: v3.1[0m
[0;32mI (41) boot.esp32: SPI Speed      : 40MHz[0m
[0;32mI (45) boot.esp32: SPI Mode       : DIO[0m
[0;32mI (50) boot.esp32: SPI Flash Size : 2MB[0m
[0;32mI (54) boot: Enabling RNG early entropy source...[0m
[0;32mI (60) boot: Partition Table:[0m
[0;32mI (63) boot: ## Label            Usage          Type ST Offset   Length[0m
[0;32mI (71) boot:  0 nvs              WiFi data        01 02 00009000 00006000[0m
[0;32mI (78) boot:  1 phy_init         RF data          01 01 0000f000 00001000[0m
[0;32mI (86) boot:  2 factory          factory app      00 00 00010000 00100000[0m
[0;32mI (93) boot: End of partition table[0m
[0;32mI (97) esp_image: segment 0: paddr=00010020 vaddr=3f400020 size=0b0a4h ( 45220) map[0m
[0;32mI (121) esp_image: segment 1: paddr=0001b0cc vaddr=3ffb0000 size=02320h (  8992) load[0m
[0;32mI (125) esp_image: segment 2: paddr=0001d3f4 vaddr=40080000 size=02c24h ( 11300) load[0m
[0;32mI (131) esp_image: segment 3: paddr=00020020 vaddr=400d0020 size=11c40h ( 72768) map[0m
[0;32mI (160) esp_image: segment 4: paddr=00031c68 vaddr=40082c24 size=09fc0h ( 40896) load[0m
[0;32mI (183) boot: Loaded app from partition at offset 0x10000[0m
[0;32mI (183) boot: Disabling RNG early entropy source...[0m
[0;32mI (195) cpu_start: Multicore app[0m
[0;32mI (204) cpu_start: Pro cpu start user code[0m
[0;32mI (204) cpu_start: cpu freq: 160000000 Hz[0m
[0;32mI (204) cpu_start: Application information:[0m
[0;32mI (207) cpu_start: Project name:     esp32_robot_firmware[0m
[0;32mI (213) cpu_start: App version:      e18ea92[0m
[0;32mI (218) cpu_start: Compile time:     Jan  5 2026 14:24:57[0m
[0;32mI (224) cpu_start: ELF file SHA256:  4e9fa931f...[0m
[0;32mI (229) cpu_start: ESP-IDF:          v5.2.6-224-g72d06017df[0m
[0;32mI (236) cpu_start: Min chip rev:     v0.0[0m
[0;32mI (240) cpu_start: Max chip rev:     v3.99 [0m
[0;32mI (245) cpu_start: Chip rev:         v3.1[0m
[0;32mI (250) heap_init: Initializing. RAM available for dynamic allocation:[0m
[0;32mI (257) heap_init: At 3FFAE6E0 len 00001920 (6 KiB): DRAM[0m
[0;32mI (263) heap_init: At 3FFB2C78 len 0002D388 (180 KiB): DRAM[0m
[0;32mI (269) heap_init: At 3FFE0440 len 00003AE0 (14 KiB): D/IRAM[0m
[0;32mI (276) heap_init: At 3FFE4350 len 0001BCB0 (111 KiB): D/IRAM[0m
[0;32mI (282) heap_init: At 4008CBE4 len 0001341C (77 KiB): IRAM[0m
[0;32mI (290) spi_flash: detected chip: generic[0m
[0;32mI (293) spi_flash: flash io: dio[0m
[0;33mW (297) spi_flash: Detected size(4096k) larger than the size in the binary image header(2048k). Using the size in the binary image header.[0m
[0;32mI (311) main_task: Started on CPU0[0m
[0;32mI (321) main_task: Calling app_main()[0m
[0;32mI (321) MAIN: =========================================[0m
[0;32mI (321) MAIN: === CALIBRAÇÃO PRECISA - AMBOS MOTORES ===[0m
[0;32mI (321) MAIN: =========================================[0m
[0;32mI (331) HW: === CONFIGURACAO PARA CALIBRACAO PRECISA ===[0m
[0;32mI (341) gpio: GPIO[32]| InputEn: 1| OutputEn: 0| OpenDrain: 0| Pullup: 1| Pulldown: 0| Intr:1 [0m
[0;32mI (351) gpio: GPIO[33]| InputEn: 1| OutputEn: 0| OpenDrain: 0| Pullup: 1| Pulldown: 0| Intr:1 [0m
[0;32mI (361) gpio: GPIO[12]| InputEn: 0| OutputEn: 1| OpenDrain: 0| Pullup: 0| Pulldown: 0| Intr:0 [0m
[0;32mI (361) gpio: GPIO[14]| InputEn: 0| OutputEn: 1| OpenDrain: 0| Pullup: 0| Pulldown: 0| Intr:0 [0m
[0;32mI (371) gpio: GPIO[26]| InputEn: 0| OutputEn: 1| OpenDrain: 0| Pullup: 0| Pulldown: 0| Intr:0 [0m
[0;32mI (381) gpio: GPIO[27]| InputEn: 0| OutputEn: 1| OpenDrain: 0| Pullup: 0| Pulldown: 0| Intr:0 [0m
[0;32mI (391) CAL: =========================================[0m
[0;32mI (401) CAL: === PASSO 1: TICKS POR SEGUNDO ===[0m
[0;32mI (401) CAL: =========================================[0m
[0;32mI (411) CAL: LEVANTE O ROBO (rodas livres)[0m
[0;32mI (411) CAL: Iniciando em 5...[0m
[0;32mI (1421) CAL: Iniciando em 4...[0m
[0;32mI (2421) CAL: Iniciando em 3...[0m
[0;32mI (3421) CAL: Iniciando em 2...[0m
[0;32mI (4421) CAL: Iniciando em 1...[0m
[0;32mI (5421) CAL: === Teste 1: 20% PWM ===[0m
[0;32mI (12421) CAL: ESQ: 500 ticks (166.7/s)[0m
[0;32mI (12421) CAL: DIR: 460 ticks (153.3/s)[0m
[0;32mI (12421) CAL: Relação DIR/ESQ: 0.920[0m
[0;32mI (14421) CAL: === Teste 2: 30% PWM ===[0m
[0;32mI (21421) CAL: ESQ: 0 ticks (0.0/s)[0m
[0;32mI (21421) CAL: DIR: 514 ticks (171.3/s)[0m
[0;32mI (21421) CAL: Relação DIR/ESQ: inf[0m
[0;32mI (23421) CAL: === Teste 3: 40% PWM ===[0m
[0;32mI (30421) CAL: ESQ: 661 ticks (220.3/s)[0m
[0;32mI (30421) CAL: DIR: 536 ticks (178.7/s)[0m
[0;32mI (30421) CAL: Relação DIR/ESQ: 0.811[0m
[0;32mI (32421) CAL: === RESULTADOS FINAIS ===[0m
[0;32mI (32421) CAL: Média ESQ: 129.0 ticks/s[0m
[0;32mI (32421) CAL: Média DIR: 167.8 ticks/s[0m
[0;32mI (32421) CAL: Relação média DIR/ESQ: 1.301[0m
[0;32mI (32421) CAL: SUGESTÃO de compensação:[0m
[0;32mI (32431) CAL: #define COMPENSACAO_DIR 0.769f[0m
[0;32mI (32431) CAL: #define COMPENSACAO_ESQ 1.000f[0m
[0;32mI (34441) CAL: =========================================[0m
[0;32mI (34441) CAL: === PASSO 2: MEDIR DIÂMETRO DA RODA ===[0m
[0;32mI (34441) CAL: =========================================[0m
[0;32mI (34441) CAL: 1. Use uma régua para medir o DIÂMETRO da roda[0m
[0;32mI (34451) CAL: 2. Meça de uma borda à borda oposta[0m
[0;32mI (34451) CAL: 3. Anote em MILÍMETROS (ex: 65mm)[0m
[0;32mI (34461) CAL: 4. Calcule: Circunferência = π × diâmetro[0m
[0;32mI (34471) CAL:    Exemplo: 65mm → 3.1416 × 65 = 204.2mm = 0.204m[0m
[0;32mI (34471) CAL: === FÓRMULAS ===[0m
[0;32mI (34481) CAL: METROS_POR_TICK = circunferência / ticks_por_volta[0m
[0;32mI (34481) CAL: ticks_por_volta = ticks_por_segundo × tempo_por_volta[0m
[0;32mI (34491) CAL: Aguardando 10 segundos para medição...[0m
