ets Jul 29 2019 12:2ets Jul 29 2019 12:21:46

rst:0x1 (POWERON_RESET),boot:0x13 (SPI_FAST_FLASH_BOOT)
configsip: 0, SPIWP:0xee
clk_drv:0x00,q_drv:0x00,d_drv:0x00,cs0_drv:0x00,hd_drv:0x00,wp_drv:0x00
mode:DIO, clock div:2
load:0x3fff0030,len:7172
load:0x40078000,len:15632
ho 0 tail 12 room 4
load:0x40080400,len:4
load:0x40080404,len:3904
entry 0x40080640
[0;32mI (31) boot: ESP-IDF v5.2.6-224-g72d06017df 2nd stage bootloader[0m
[0;32mI (31) boot: compile time Nov 28 2025 21:50:15[0m
[0;32mI (33) boot: Multicore bootloader[0m
[0;32mI (37) boot: chip revision: v3.1[0m
[0;32mI (41) boot.esp32: SPI Speed      : 40MHz[0m
[0;32mI (45) boot.esp32: SPI Mode       : DIO[0m
[0;32mI (50) boot.esp32: SPI Flash Size : 2MB[0m
[0;32mI (54) boot: Enabling RNG early entropy source...[0m
[0;32mI (60) boot: Partition Table:[0m
[0;32mI (63) boot: ## Label            Usage          Type ST Offset   Length[0m
[0;32mI (71) boot:  0 nvs              WiFi data        01 02 00009000 00006000[0m
[0;32mI (78) boot:  1 phy_init         RF data          01 01 0000f000 00001000[0m
[0;32mI (86) boot:  2 factory          factory app      00 00 00010000 00100000[0m
[0;32mI (93) boot: End of partition table[0m
[0;32mI (97) esp_image: segment 0: paddr=00010020 vaddr=3f400020 size=0a3dch ( 41948) map[0m
[0;32mI (120) esp_image: segment 1: paddr=0001a404 vaddr=3ffb0000 size=02330h (  9008) load[0m
[0;32mI (124) esp_image: segment 2: paddr=0001c73c vaddr=40080000 size=038dch ( 14556) load[0m
[0;32mI (132) esp_image: segment 3: paddr=00020020 vaddr=400d0020 size=113c8h ( 70600) map[0m
[0;32mI (159) esp_image: segment 4: paddr=000313f0 vaddr=400838dc size=0929ch ( 37532) load[0m
[0;32mI (180) boot: Loaded app from partition at offset 0x10000[0m
[0;32mI (180) boot: Disabling RNG early entropy source...[0m
[0;32mI (191) cpu_start: Multicore app[0m
[0;32mI (201) cpu_start: Pro cpu start user code[0m
[0;32mI (201) cpu_start: cpu freq: 160000000 Hz[0m
[0;32mI (201) cpu_start: Application information:[0m
[0;32mI (204) cpu_start: Project name:     esp32_robot_firmware[0m
[0;32mI (210) cpu_start: App version:      e18ea92[0m
[0;32mI (215) cpu_start: Compile time:     Dec 10 2025 10:04:04[0m
[0;32mI (221) cpu_start: ELF file SHA256:  7dcba2707...[0m
[0;32mI (226) cpu_start: ESP-IDF:          v5.2.6-224-g72d06017df[0m
[0;32mI (233) cpu_start: Min chip rev:     v0.0[0m
[0;32mI (237) cpu_start: Max chip rev:     v3.99 [0m
[0;32mI (242) cpu_start: Chip rev:         v3.1[0m
[0;32mI (247) heap_init: Initializing. RAM available for dynamic allocation:[0m
[0;32mI (254) heap_init: At 3FFAE6E0 len 00001920 (6 KiB): DRAM[0m
[0;32mI (260) heap_init: At 3FFB2C78 len 0002D388 (180 KiB): DRAM[0m
[0;32mI (266) heap_init: At 3FFE0440 len 00003AE0 (14 KiB): D/IRAM[0m
[0;32mI (273) heap_init: At 3FFE4350 len 0001BCB0 (111 KiB): D/IRAM[0m
[0;32mI (279) heap_init: At 4008CB78 len 00013488 (77 KiB): IRAM[0m
[0;32mI (287) spi_flash: detected chip: generic[0m
[0;32mI (290) spi_flash: flash io: dio[0m
[0;33mW (294) spi_flash: Detected size(4096k) larger than the size in the binary image header(2048k). Using the size in the binary image header.[0m
[0;32mI (308) main_task: Started on CPU0[0m
[0;32mI (318) main_task: Calling app_main()[0m
[0;32mI (318) gpio: GPIO[12]| InputEn: 0| OutputEn: 1| OpenDrain: 0| Pullup: 0| Pulldown: 0| Intr:0 [0m
[0;32mI (318) gpio: GPIO[14]| InputEn: 0| OutputEn: 1| OpenDrain: 0| Pullup: 0| Pulldown: 0| Intr:0 [0m
[0;32mI (328) gpio: GPIO[26]| InputEn: 0| OutputEn: 1| OpenDrain: 0| Pullup: 0| Pulldown: 0| Intr:0 [0m
[0;32mI (338) gpio: GPIO[27]| InputEn: 0| OutputEn: 1| OpenDrain: 0| Pullup: 0| Pulldown: 0| Intr:0 [0m
[0;32mI (348) gpio: GPIO[32]| InputEn: 1| OutputEn: 0| OpenDrain: 0| Pullup: 1| Pulldown: 0| Intr:3 [0m
[0;32mI (358) gpio: GPIO[33]| InputEn: 1| OutputEn: 0| OpenDrain: 0| Pullup: 1| Pulldown: 0| Intr:3 [0m


=== TESTE DE BALANCEAMENTO DE MOTORES ===
ATENCAO: Levante o robo (rodas no ar)!
Iniciando em 3 segundos...
>>> ACELERANDO (100%) POR 3 SEGUNDOS...

--- RESULTADO ---
Ticks Esquerda: 0
Ticks Direita:  0
>> DIREITA mais rapida.
>> Para alinhar, use no codigo final: #define CORRECAO_DIR_FIXA nanf
>> (Mantenha CORRECAO_ESQ_FIXA 1.0f)
-----------------

>>> ACELERANDO (100%) POR 3 SEGUNDOS...

--- RESULTADO ---
Ticks Esquerda: 62
Ticks Direita:  28
>> ESQUERDA mais rapida.
>> Para alinhar, use no codigo final: #define CORRECAO_ESQ_FIXA 0.452f
>> (Mantenha CORRECAO_DIR_FIXA 1.0f)
-----------------

>>> ACELERANDO (100%) POR 3 SEGUNDOS...

--- RESULTADO ---
Ticks Esquerda: 1218
Ticks Direita:  27
>> ESQUERDA mais rapida.
>> Para alinhar, use no codigo final: #define CORRECAO_ESQ_FIXA 0.022f
>> (Mantenha CORRECAO_DIR_FIXA 1.0f)
-----------------

>>> ACELERANDO (100%) POR 3 SEGUNDOS...

--- RESULTADO ---
Ticks Esquerda: 64
Ticks Direita:  23
>> ESQUERDA mais rapida.
>> Para alinhar, use no codigo final: #define CORRECAO_ESQ_FIXA 0.359f
>> (Mantenha CORRECAO_DIR_FIXA 1.0f)
-----------------

>>> ACELERANDO (100%) POR 3 SEGUNDOS...

--- RESULTADO ---
Ticks Esquerda: 67
Ticks Direita:  24
>> ESQUERDA mais rapida.
>> Para alinhar, use no codigo final: #define CORRECAO_ESQ_FIXA 0.358f
>> (Mantenha CORRECAO_DIR_FIXA 1.0f)
-----------------

>>> ACELERANDO (100%) POR 3 SEGUNDOS...

--- RESULTADO ---
Ticks Esquerda: 68
Ticks Direita:  26
>> ESQUERDA mais rapida.
>> Para alinhar, use no codigo final: #define CORRECAO_ESQ_FIXA 0.382f
>> (Mantenha CORRECAO_DIR_FIXA 1.0f)
-----------------

>>> ACELERANDO (100%) POR 3 SEGUNDOS...

--- RESULTADO ---
Ticks Esquerda: 71
Ticks Direita:  31
>> ESQUERDA mais rapida.
>> Para alinhar, use no codigo final: #define CORRECAO_ESQ_FIXA 0.437f
>> (Mantenha CORRECAO_DIR_FIXA 1.0f)
-----------------

>>> ACELERANDO (100%) POR 3 SEGUNDOS...
������Ғ�Ң�j

rst:0x1 (POWERON_RESET),boot:0x13 (SPI_FAST_FLASH_BOOT)
configsip: 0, SPIWP:0xee
clk_drv:0x00,q_drv:0x00,d_drv:0x00,cs0_drv:0x00,hd_drv:0x00,wp_drv:0x00
mode:DIO, clock div:2
load:0x3fff0030,len:7172
load:0x40078000,len:15632
ho 0 tail 12 room 4
load:0x40080400,len:4
load:0x40080404,len:3904
entry 0x40080640
[0;32mI (61) boot: ESP-IDF v5.2.6-224-g72d06017df 2nd stage bootloader[0m
[0;32mI (61) boot: compile time Nov 28 2025 21:50:15[0m
[0;32mI (63) boot: Multicore bootloader[0m
[0;32mI (68) boot: chip revision: v3.1[0m
[0;32mI (71) boot.esp32: SPI Speed      : 40MHz[0m
[0;32mI (76) boot.esp32: SPI Mode       : DIO[0m
[0;32mI (80) boot.esp32: SPI Flash Size : 2MB[0m
[0;32mI (85) boot: Enabling RNG early entropy source...[0m
[0;32mI (90) boot: Partition Table:[0m
[0;32mI (94) boot: ## Label            Usage          Type ST Offset   Length[0m
[0;32mI (101) boot:  0 nvs              WiFi data        01 02 00009000 00006000[0m
[0;32mI (109) boot:  1 phy_init         RF data          01 01 0000f000 00001000[0m
[0;32mI (116) boot:  2 factory          factory app      00 00 00010000 00100000[0m
[0;32mI (124) boot: End of partition table[0m
[0;32mI (128) esp_image: segment 0: paddr=00010020 vaddr=3f400020 size=0a3dch ( 41948) map[0m
[0;32mI (151) esp_image: segment 1: paddr=0001a404 vaddr=3ffb0000 size=02330h (  9008) load[0m
[0;32mI (155) esp_image: segment 2: paddr=0001c73c vaddr=40080000 size=038dch ( 14556) load[0m
[0;32mI (163) esp_image: segment 3: paddr=00020020 vaddr=400d0020 size=113c8h ( 70600) map[0m
[0;32mI (190) esp_image: segment 4: paddr=000313f0 vaddr=400838dc size=0929ch ( 37532) load[0m
[0;32mI (211) boot: Loaded app from partition at offset 0x10000[0m
[0;32mI (211) boot: Disabling RNG early entropy source...[0m
[0;32mI (223) cpu_start: Multicore app[0m
ets Jul 29 2019 12:21:46

rst:0x10 (RTCWDT_RTC_RESET),boot:0x13 (SPI_FAST_FLASH_BOOT)
configsip: 0, SPIWP:0xee
clk_drv:0x00,q_drv:0x00,d_drv:0x00,cs0_drv:0x00,hd_drv:0x00,wp_drv:0x00
mode:DIO, clock div:2
load:0x3fff0030,len:7172
load:0x40078000,len:15632
ho 0 tail 12 room 4
load:0x40080400,len:4
load:0x40080404,len:3904
entry 0x40080640
[0;32mI (32) boot: ESP-IDF v5.2.6-224-g72d06017df 2nd stage bootloader[0m
[0;32mI (32) boot: compile time Nov 28 2025 21:50:15[0m
[0;32mI (33) boot: Multicore bootloader[0m
[0;32mI (37) boot: chip revision: v3.1[0m
[0;32mI (41) boot.esp32: SPI Speed      : 40MHz[0m
[0;32mI (46) boot.esp32: SPI Mode       : DIO[0m
[0;32mI (50) boot.esp32: SPI Flash Size : 2MB[0m
[0;32mI (55) boot: Enabling RNG early entropy source...[0m
[0;32mI (60) boot: Partition Table:[0m
[0;32mI (64) boot: ## Label            Usage          Type ST Offset   Length[0m
[0;32mI (71) boot:  0 nvs              WiFi data        01 02 00009000 00006000[0m
[0;32mI (78) boot:  1 phy_init         RF data          01 01 0000f000 00001000[0m
[0;32mI (86) boot:  2 factory          factory app      00 00 00010000 00100000[0m
[0;32mI (93) boot: End of partition table[0m
[0;32mI (98) esp_image: segment 0: paddr=00010020 vaddr=3f400020 size=0a3dch ( 41948) map[0m
[0;32mI (120) esp_image: segment 1: paddr=0001a404 vaddr=3ffb0000 size=02330h (  9008) load[0m
[0;32mI (124) esp_image: segment 2: paddr=0001c73c vaddr=40080000 size=038dch ( 14556) load[0m
[0;32mI (132) esp_image: segment 3: paddr=00020020 vaddr=400d0020 size=113c8h ( 70600) map[0m
[0;32mI (159) esp_image: segment 4: paddr=000313f0 vaddr=400838dc size=0929ch ( 37532) load[0m
[0;32mI (180) boot: Loaded app from partition at offset 0x10000[0m
[0;32mI (180) boot: Disabling RNG early entropy source...[0m
[0;32mI (192) cpu_start: Multicore app[0m
[0;32mI (201) cpu_start: Pro cpu start user code[0m
[0;32mI (201) cpu_start: cpu freq: 160000000 Hz[0m
[0;32mI (201) cpu_start: Application information:[0m
[0;32mI (204) cpu_start: Project name:     esp32_robot_firmware[0m
[0;32mI (210) cpu_start: App version:      e18ea92[0m
[0;32mI (215) cpu_start: Compile time:     Dec 10 2025 10:04:04[0m
[0;32mI (221) cpu_start: ELF file SHA256:  7dcba2707...[0m
[0;32mI (227) cpu_start: ESP-IDF:          v5.2.6-224-g72d06017df[0m
[0;32mI (233) cpu_start: Min chip rev:     v0.0[0m
[0;32mI (238) cpu_start: Max chip rev:     v3.99 [0m
[0;32mI (242) cpu_start: Chip rev:         v3.1[0m
[0;32mI (247) heap_init: Initializing. RAM available for dynamic allocation:[0m
[0;32mI (254) heap_init: At 3FFAE6E0 len 00001920 (6 KiB): DRAM[0m
[0;32mI (260) heap_init: At 3FFB2C78 len 0002D388 (180 KiB): DRAM[0m
[0;32mI (267) heap_init: At 3FFE0440 len 00003AE0 (14 KiB): D/IRAM[0m
[0;32mI (273) heap_init: At 3FFE4350 len 0001BCB0 (111 KiB): D/IRAM[0m
[0;32mI (279) heap_init: At 4008CB78 len 00013488 (77 KiB): IRAM[0m
[0;32mI (287) spi_flash: detected chip: generic[0m
[0;32mI (290) spi_flash: flash io: dio[0m
[0;33mW (294) spi_flash: Detected size(4096k) larger than the size in the binary image header(2048k). Using the size in the binary image header.[0m
[0;32mI (308) main_task: Started on CPU0[0m
[0;32mI (318) main_task: Calling app_main()[0m
[0;32mI (318) gpio: GPIO[12]| InputEn: 0| OutputEn: 1| OpenDrain: 0| Pullup: 0| Pulldown: 0| Intr:0 [0m
[0;32mI (318) gpio: GPIO[14]| InputEn: 0| OutputEn: 1| OpenDrain: 0| Pullup: 0| Pulldown: 0| Intr:0 [0m
[0;32mI (328) gpio: GPIO[26]| InputEn: 0| OutputEn: 1| OpenDrain: 0| Pullup: 0| Pulldown: 0| Intr:0 [0m
[0;32mI (338) gpio: GPIO[27]| InputEn: 0| OutputEn: 1| OpenDrain: 0| Pullup: 0| Pulldown: 0| Intr:0 [0m
[0;32mI (348) gpio: GPIO[32]| InputEn: 1| OutputEn: 0| OpenDrain: 0| Pullup: 1| Pulldown: 0| Intr:3 [0m
[0;32mI (358) gpio: GPIO[33]| InputEn: 1| OutputEn: 0| OpenDrain: 0| Pullup: 1| Pulldown: 0| Intr:3 [0m


=== TESTE DE BALANCEAMENTO DE MOTORES ===
ATENCAO: Levante o robo (rodas no ar)!
Iniciando em 3 segundos...
>>> ACELERANDO (100%) POR 3 SEGUNDOS...

--- RESULTADO ---
Ticks Esquerda: 0
Ticks Direita:  0
>> DIREITA mais rapida.
>> Para alinhar, use no codigo final: #define CORRECAO_DIR_FIXA nanf
>> (Mantenha CORRECAO_ESQ_FIXA 1.0f)
-----------------

>>> ACELERANDO (100%) POR 3 SEGUNDOS...

--- RESULTADO ---
Ticks Esquerda: 66
Ticks Direita:  21
>> ESQUERDA mais rapida.
>> Para alinhar, use no codigo final: #define CORRECAO_ESQ_FIXA 0.318f
>> (Mantenha CORRECAO_DIR_FIXA 1.0f)
-----------------

>>> ACELERANDO (100%) POR 3 SEGUNDOS...
ets Jul 29 2019 12:21:46

rst:0x1 (POWERON_RESET),boot:0x13 (SPI_FAST_FLASH_BOOT)
configsip: 0, SPIWP:0xee
clk_drv:0x00,q_drv:0x00,d_drv:0x00,cs0_drv:0x00,hd_drv:0x00,wp_drv:0x00
mode:DIO, clock div:2
load:0x3fff0030,len:7172
load:0x40078000,len:15632
ho 0 tail 12 room 4
load:0x40080400,len:4
load:0x40080404,len:3904
entry 0x40080640
[0;32mI (61) boot: ESP-IDF v5.2.6-224-g72d06017df 2nd stage bootloader[0m
[0;32mI (61) boot: compile time Nov 28 2025 21:50:15[0m
[0;32mI (63) boot: Multicore bootloader[0m
[0;32mI (68) boot: chip revision: v3.1[0m
[0;32mI (71) boot.esp32: SPI Speed      : 40MHz[0m
[0;32mI (76) boot.esp32: SPI Mode       : DIO[0m
[0;32mI (80) boot.esp32: SPI Flash Size : 2MB[0m
[0;32mI (85) boot: Enabling RNG early entropy source...[0m
[0;32mI (90) boot: Partition Table:[0m
[0;32mI (94) boot: ## Label            Usage          Type ST Offset   Length[0m
[0;32mI (101) boot:  0 nvs              WiFi data        01 02 00009000 00006000[0m
[0;32mI (109) boot:  1 phy_init         RF data          01 01 0000f000 00001000[0m
[0;32mI (116) boot:  2 factory          factory app      00 00 00010000 00100000[0m
[0;32mI (124) boot: End of partition table[0m
[0;32mI (128) esp_image: segment 0: paddr=00010020 vaddr=3f400020 size=0a3dch ( 41948) map[0m
[0;32mI (151) esp_image: segment 1: paddr=0001a404 vaddr=3ffb0000 size=02330h (  9008) load[0m
[0;32mI (155) esp_image: segment 2: paddr=0001c73c vaddr=40080000 size=038dch ( 14556) load[0m
[0;32mI (163) esp_image: segment 3: paddr=00020020 vaddr=400d0020 size=113c8h ( 70600) map[0m
[0;32mI (190) esp_image: segment 4: paddr=000313f0 vaddr=400838dc size=0929ch ( 37532) load[0m
[0;32mI (211) boot: Loaded app from partition at offset 0x10000[0m
[0;32mI (211) boot: Disabling RNG early entropy source...[0m
[0;32mI (223) cpu_start: Multicore app[0m
[0;32mI (232) cpu_start: Pro cpu start user code[0m
[0;32mI (232) cpu_start: cpu freq: 160000000 Hz[0m
[0;32mI (232) cpu_start: Application information:[0m
[0;32mI (235) cpu_start: Project name:     esp32_robot_firmware[0m
[0;32mI (241) cpu_start: App version:      e18ea92[0m
[0;32mI (246) cpu_start: Compile time:     Dec 10 2025 10:04:04[0m
[0;32mI (252) cpu_start: ELF file SHA256:  7dcba2707...[0m
[0;32mI (257) cpu_start: ESP-IDF:          v5.2.6-224-g72d06017df[0m
[0;32mI (264) cpu_start: Min chip rev:     v0.0[0m
[0;32mI (268) cpu_start: Max chip rev:     v3.99 [0m
[0;32mI (273) cpu_start: Chip rev:         v3.1[0m
[0;32mI (278) heap_init: Initializing. RAM available for dynamic allocation:[0m
[0;32mI (285) heap_init: At 3FFAE6E0 len 00001920 (6 KiB): DRAM[0m
[0;32mI (291) heap_init: At 3FFB2C78 len 0002D388 (180 KiB): DRAM[0m
[0;32mI (297) heap_init: At 3FFE0440 len 00003AE0 (14 KiB): D/IRAM[0m
[0;32mI (304) heap_init: At 3FFE4350 len 0001BCB0 (111 KiB): D/IRAM[0m
[0;32mI (310) heap_init: At 4008CB78 len 00013488 (77 KiB): IRAM[0m
[0;32mI (318) spi_flash: detected chip: generic[0m
[0;32mI (321) spi_flash: flash io: dio[0m
[0;33mW (325) spi_flash: Detected size(4096k) larger than the size in the binary image header(2048k). Using the size in the binary image header.[0m
[0;32mI (339) main_task: Started on CPU0[0m
[0;32mI (349) main_task: Calling app_main()[0m
[0;32mI (349) gpio: GPIO[12]| InputEn: 0| OutputEn: 1| OpenDrain: 0| Pullup: 0| Pulldown: 0| Intr:0 [0m
[0;32mI (349) gpio: GPIO[14]| InputEn: 0| OutputEn: 1| OpenDrain: 0| Pullup: 0| Pulldown: 0| Intr:0 [0m
[0;32mI (359) gpio: GPIO[26]| InputEn: 0| OutputEn: 1| OpenDrain: 0| Pullup: 0| Pulldown: 0| Intr:0 [0m
[0;32mI (369) gpio: GPIO[27]| InputEn: 0| OutputEn: 1| OpenDrain: 0| Pullup: 0| Pulldown: 0| Intr:0 [0m
[0;32mI (379) gpio: GPIO[32]| InputEn: 1| OutputEn: 0| OpenDrain: 0| Pullup: 1| Pulldown: 0| Intr:3 [0m
[0;32mI (389) gpio: GPIO[33]| InputEn: 1| OutputEn: 0| OpenDrain: 0| Pullup: 1| Pulldown: 0| Intr:3 [0m


=== TESTE DE BALANCEAMENTO DE MOTORES ===
ATENCAO: Levante o robo (rodas no ar)!
Iniciando em 3 segundos...
>>> ACELERANDO (100%) POR 3 SEGUNDOS...

--- RESULTADO ---
Ticks Esquerda: 0
Ticks Direita:  0
>> DIREITA mais rapida.
>> Para alinhar, use no codigo final: #define CORRECAO_DIR_FIXA nanf
>> (Mantenha CORRECAO_ESQ_FIXA 1.0f)
-----------------

>>> ACELERANDO (100%) POR 3 SEGUNDOS...

--- RESULTADO ---
Ticks Esquerda: 70
Ticks Direita:  17
>> ESQUERDA mais rapida.
>> Para alinhar, use no codigo final: #define CORRECAO_ESQ_FIXA 0.243f
>> (Mantenha CORRECAO_DIR_FIXA 1.0f)
-----------------

>>> ACELERANDO (100%) POR 3 SEGUNDOS...

--- RESULTADO ---
Ticks Esquerda: 69
Ticks Direita:  18
>> ESQUERDA mais rapida.
>> Para alinhar, use no codigo final: #define CORRECAO_ESQ_FIXA 0.261f
>> (Mantenha CORRECAO_DIR_FIXA 1.0f)
-----------------

>>> ACELERANDO (100%) POR 3 SEGUNDOS...

--- RESULTADO ---
Ticks Esquerda: 129
Ticks Direita:  24
>> ESQUERDA mais rapida.
>> Para alinhar, use no codigo final: #define CORRECAO_ESQ_FIXA 0.186f
>> (Mantenha CORRECAO_DIR_FIXA 1.0f)
-----------------

>>> ACELERANDO (100%) POR 3 SEGUNDOS...

--- RESULTADO ---
Ticks Esquerda: 86
Ticks Direita:  66
>> ESQUERDA mais rapida.
>> Para alinhar, use no codigo final: #define CORRECAO_ESQ_FIXA 0.767f
>> (Mantenha CORRECAO_DIR_FIXA 1.0f)
-----------------

>>> ACELERANDO (100%) POR 3 SEGUNDOS...

--- RESULTADO ---
Ticks Esquerda: 71
Ticks Direita:  22
>> ESQUERDA mais rapida.
>> Para alinhar, use no codigo final: #define CORRECAO_ESQ_FIXA 0.310f
>> (Mantenha CORRECAO_DIR_FIXA 1.0f)
-----------------

>>> ACELERANDO (100%) POR 3 SEGUNDOS...

--- RESULTADO ---
Ticks Esquerda: 71
Ticks Direita:  18
>> ESQUERDA mais rapida.
>> Para alinhar, use no codigo final: #define CORRECAO_ESQ_FIXA 0.254f
>> (Mantenha CORRECAO_DIR_FIXA 1.0f)
-----------------

>>> ACELERANDO (100%) POR 3 SEGUNDOS...

--- RESULTADO ---
Ticks Esquerda: 63
Ticks Direita:  21
>> ESQUERDA mais rapida.
>> Para alinhar, use no codigo final: #define CORRECAO_ESQ_FIXA 0.333f
>> (Mantenha CORRECAO_DIR_FIXA 1.0f)
-----------------

>>> ACELERANDO (100%) POR 3 SEGUNDOS...

--- RESULTADO ---
Ticks Esquerda: 60
Ticks Direita:  1019
>> DIREITA mais rapida.
>> Para alinhar, use no codigo final: #define CORRECAO_DIR_FIXA 0.059f
>> (Mantenha CORRECAO_ESQ_FIXA 1.0f)
-----------------

>>> ACELERANDO (100%) POR 3 SEGUNDOS...

--- RESULTADO ---
Ticks Esquerda: 58
Ticks Direita:  17
>> ESQUERDA mais rapida.
>> Para alinhar, use no codigo final: #define CORRECAO_ESQ_FIXA 0.293f
>> (Mantenha CORRECAO_DIR_FIXA 1.0f)
-----------------

>>> ACELERANDO (100%) POR 3 SEGUNDOS...

--- RESULTADO ---
Ticks Esquerda: 61
Ticks Direita:  19
>> ESQUERDA mais rapida.
>> Para alinhar, use no codigo final: #define CORRECAO_ESQ_FIXA 0.311f
>> (Mantenha CORRECAO_DIR_FIXA 1.0f)
-----------------

>>> ACELERANDO (100%) POR 3 SEGUNDOS...
ets Jul 29 2019 12:21:46

rst:0x1 (POWERON_RESET),boot:0x13 (SPI_FAST_FLASH_BOOT)
configsip: 0, SPIWP:0xee
clk_drv:0x00,q_drv:0x00,d_drv:0x00,cs0_drv:0x00,hd_drv:0x00,wp_drv:0x00
mode:DIO, clock div:2
load:0x3fff0030,len:7172
load:0x40078000,len:15632
ho 0 tail 12 room 4
load:0x40080400,len:4
load:0x40080404,len:3904
entry 0x40080640
[0;32mI (61) boot: ESP-IDF v5.2.6-224-g72d06017df 2nd stage bootloader[0m
[0;32mI (61) boot: compile time Nov 28 2025 21:50:15[0m
[0;32mI (63) boot: Multicore bootloader[0m
[0;32mI (68) boot: chip revision: v3.1[0m
[0;32mI (71) boot.esp32: SPI Speed      : 40MHz[0m
[0;32mI (76) boot.esp32: SPI Mode       : DIO[0m
[0;32mI (80) boot.esp32: SPI Flash Size : 2MB[0m
[0;32mI (85) boot: Enabling RNG early entropy source...[0m
[0;32mI (90) boot: Partition Table:[0m
[0;32mI (94) boot: ## Label            Usage          Type ST Offset   Length[0m
[0;32mI (101) boot:  0 nvs              WiFi data        01 02 00009000 00006000[0m
[0;32mI (109) boot:  1 phy_init         RF data          01 01 0000f000 00001000[0m
[0;32mI (116) boot:  2 factory          factory app      00 00 00010000 00100000[0m
[0;32mI (124) boot: End of partition table[0m
[0;32mI (128) esp_image: segment 0: paddr=00010020 vaddr=3f400020 size=0a3dch ( 41948) map[0m
[0;32mI (151) esp_image: segment 1: paddr=0001a404 vaddr=3ffb0000 size=02330h (  9008) load[0m
[0;32mI (155) esp_image: segment 2: paddr=0001c73c vaddr=40080000 size=038dch ( 14556) load[0m
[0;32mI (163) esp_image: segment 3: paddr=00020020 vaddr=400d0020 size=113c8h ( 70600) map[0m
[0;32mI (190) esp_image: segment 4: paddr=000313f0 vaddr=400838dc size=0929ch ( 37532) load[0m
[0;32mI (211) boot: Loaded app from partition at offset 0x10000[0m
[0;32mI (211) boot: Disabling RNG early entropy source...[0m
[0;32mI (223) cpu_start: Multicore app[0m
ets Jul 29 2019 12:21:46

rst:0x10 (RTCWDT_RTC_RESET),boot:0x13 (SPI_FAST_FLASH_BOOT)
configsip: 0, SPIWP:0xee
clk_drv:0x00,q_drv:0x00,d_drv:0x00,cs0_drv:0x00,hd_drv:0x00,wp_drv:0x00
mode:DIO, clock div:2
load:0x3fff0030,len:7172
load:0x40078000,len:15632
ho 0 tail 12 room 4
load:0x40080400,len:4
load:0x40080404,len:3904
entry 0x40080640
[0;32mI (32) boot: ESP-IDF v5.2.6-224-g72d06017df 2nd stage bootloader[0m
[0;32mI (32) boot: compile time Nov 28 2025 21:50:15[0m
[0;32mI (33) boot: Multicore bootloader[0m
[0;32mI (37) boot: chip revision: v3.1[0m
[0;32mI (41) boot.esp32: SPI Speed      : 40MHz[0m
[0;32mI (46) boot.esp32: SPI Mode       : DIO[0m
[0;32mI (50) boot.esp32: SPI Flash Size : 2MB[0m
[0;32mI (55) boot: Enabling RNG early entropy source...[0m
[0;32mI (60) boot: Partition Table:[0m
[0;32mI (64) boot: ## Label            Usage          Type ST Offset   Length[0m
[0;32mI (71) boot:  0 nvs              WiFi data        01 02 00009000 00006000[0m
[0;32mI (78) boot:  1 phy_init         RF data          01 01 0000f000 00001000[0m
[0;32mI (86) boot:  2 factory          factory app      00 00 00010000 00100000[0m
[0;32mI (93) boot: End of partition table[0m
[0;32mI (98) esp_image: segment 0: paddr=00010020 vaddr=3f400020 size=0a3dch ( 41948) map[0m
[0;32mI (120) esp_image: segment 1: paddr=0001a404 vaddr=3ffb0000 size=02330h (  9008) load[0m
[0;32mI (124) esp_image: segment 2: paddr=0001c73c vaddr=40080000 size=038dch ( 14556) load[0m
[0;32mI (132) esp_image: segment 3: paddr=00020020 vaddr=400d0020 size=113c8h ( 70600) map[0m
[0;32mI (159) esp_image: segment 4: paddr=000313f0 vaddr=400838dc size=0929ch ( 37532) load[0m
[0;32mI (180) boot: Loaded app from partition at offset 0x10000[0m
[0;32mI (180) boot: Disabling RNG early entropy source...[0m
[0;32mI (192) cpu_start: Multicore app[0m
[0;32mI (201) cpu_start: Pro cpu start user code[0m
[0;32mI (201) cpu_start: cpu freq: 160000000 Hz[0m
[0;32mI (201) cpu_start: Application information:[0m
[0;32mI (204) cpu_start: Project name:     esp32_robot_firmware[0m
[0;32mI (210) cpu_start: App version:      e18ea92[0m
[0;32mI (215) cpu_start: Compile time:     Dec 10 2025 10:04:04[0m
[0;32mI (221) cpu_start: ELF file SHA256:  7dcba2707...[0m
[0;32mI (227) cpu_start: ESP-IDF:          v5.2.6-224-g72d06017df[0m
[0;32mI (233) cpu_start: Min chip rev:     v0.0[0m
[0;32mI (238) cpu_start: Max chip rev:     v3.99 [0m
[0;32mI (242) cpu_start: Chip rev:         v3.1[0m
[0;32mI (247) heap_init: Initializing. RAM available for dynamic allocation:[0m
[0;32mI (254) heap_init: At 3FFAE6E0 len 00001920 (6 KiB): DRAM[0m
[0;32mI (260) heap_init: At 3FFB2C78 len 0002D388 (180 KiB): DRAM[0m
[0;32mI (267) heap_init: At 3FFE0440 len 00003AE0 (14 KiB): D/IRAM[0m
[0;32mI (273) heap_init: At 3FFE4350 len 0001BCB0 (111 KiB): D/IRAM[0m
[0;32mI (279) heap_init: At 4008CB78 len 00013488 (77 KiB): IRAM[0m
[0;32mI (287) spi_flash: detected chip: generic[0m
[0;32mI (290) spi_flash: flash io: dio[0m
[0;33mW (294) spi_flash: Detected size(4096k) larger than the size in the binary image header(2048k). Using the size in the binary image header.[0m
[0;32mI (308) main_task: Started on CPU0[0m
[0;32mI (318) main_task: Calling app_main()[0m
[0;32mI (318) gpio: GPIO[12]| InputEn: 0| OutputEn: 1| OpenDrain: 0| Pullup: 0| Pulldown: 0| Intr:0 [0m
[0;32mI (318) gpio: GPIO[14]| InputEn: 0| OutputEn: 1| OpenDrain: 0| Pullup: 0| Pulldown: 0| Intr:0 [0m
[0;32mI (328) gpio: GPIO[26]| InputEn: 0| OutputEn: 1| OpenDrain: 0| Pullup: 0| Pulldown: 0| Intr:0 [0m
[0;32mI (338) gpio: GPIO[27]| InputEn: 0| OutputEn: 1| OpenDrain: 0| Pullup: 0| Pulldown: 0| Intr:0 [0m
[0;32mI (348) gpio: GPIO[32]| InputEn: 1| OutputEn: 0| OpenDrain: 0| Pullup: 1| Pulldown: 0| Intr:3 [0m
[0;32mI (358) gpio: GPIO[33]| InputEn: 1| OutputEn: 0| OpenDrain: 0| Pullup: 1| Pulldown: 0| Intr:3 [0m


=== TESTE DE BALANCEAMENTO DE MOTORES ===
ATENCAO: Levante o robo (rodas no ar)!
Iniciando em 3 segundos...
>>> ACELERANDO (100%) POR 3 SEGUNDOS...

--- RESULTADO ---
Ticks Esquerda: 0
Ticks Direita:  0
>> DIREITA mais rapida.
>> Para alinhar, use no codigo final: #define CORRECAO_DIR_FIXA nanf
>> (Mantenha CORRECAO_ESQ_FIXA 1.0f)
-----------------

>>> ACELERANDO (100%) POR 3 SEGUNDOS...

--- RESULTADO ---
Ticks Esquerda: 63
Ticks Direita:  75
>> DIREITA mais rapida.
>> Para alinhar, use no codigo final: #define CORRECAO_DIR_FIXA 0.840f
>> (Mantenha CORRECAO_ESQ_FIXA 1.0f)
-----------------

>>> ACELERANDO (100%) POR 3 SEGUNDOS...

--- RESULTADO ---
Ticks Esquerda: 63
Ticks Direita:  29
>> ESQUERDA mais rapida.
>> Para alinhar, use no codigo final: #define CORRECAO_ESQ_FIXA 0.460f
>> (Mantenha CORRECAO_DIR_FIXA 1.0f)
-----------------

>>> ACELERANDO (100%) POR 3 SEGUNDOS...

--- RESULTADO ---
Ticks Esquerda: 65
Ticks Direita:  25
>> ESQUERDA mais rapida.
>> Para alinhar, use no codigo final: #define CORRECAO_ESQ_FIXA 0.385f
>> (Mantenha CORRECAO_DIR_FIXA 1.0f)
-----------------

>>> ACELERANDO (100%) POR 3 SEGUNDOS...

--- RESULTADO ---
Ticks Esquerda: 65
Ticks Direita:  27
>> ESQUERDA mais rapida.
>> Para alinhar, use no codigo final: #define CORRECAO_ESQ_FIXA 0.415f
>> (Mantenha CORRECAO_DIR_FIXA 1.0f)
-----------------

>>> ACELERANDO (100%) POR 3 SEGUNDOS...

--- RESULTADO ---
Ticks Esquerda: 836
Ticks Direita:  27
>> ESQUERDA mais rapida.
>> Para alinhar, use no codigo final: #define CORRECAO_ESQ_FIXA 0.032f
>> (Mantenha CORRECAO_DIR_FIXA 1.0f)
-----------------

