������Ғ�Ң�j

rst:0x1 (POWERON_RESET),boo�ets Jul 29 2019 12:21:46

rst:0x1 (POWERON_RESET),boot:0x13 (SPI_FAST_FLASH_BOOT)
configsip: 0, SPIWP:0xee
clk_drv:0x00,q_drv:0x00,d_drv:0x00,cs0_drv:0x00,hd_drv:0x00,wp_drv:0x00
mode:DIO, clock div:2
load:0x3fff0030,len:7172
load:0x40078000,len:15632
ho 0 tail 12 room 4
load:0x40080400,len:4
load:0x40080404,len:3904
entry 0x40080640
[0;32mI (31) boot: ESP-IDF v5.2.6-224-g72d06017df 2nd stage bootloader[0m
[0;32mI (31) boot: compile time Nov 28 2025 21:50:15[0m
[0;32mI (33) boot: Multicore bootloader[0m
[0;32mI (37) boot: chip revision: v3.1[0m
[0;32mI (41) boot.esp32: SPI Speed      : 40MHz[0m
[0;32mI (45) boot.esp32: SPI Mode       : DIO[0m
[0;32mI (50) boot.esp32: SPI Flash Size : 2MB[0m
[0;32mI (54) boot: Enabling RNG early entropy source...[0m
[0;32mI (60) boot: Partition Table:[0m
[0;32mI (63) boot: ## Label            Usage          Type ST Offset   Length[0m
[0;32mI (71) boot:  0 nvs              WiFi data        01 02 00009000 00006000[0m
[0;32mI (78) boot:  1 phy_init         RF data          01 01 0000f000 00001000[0m
[0;32mI (86) boot:  2 factory          factory app      00 00 00010000 00100000[0m
[0;32mI (93) boot: End of partition table[0m
[0;32mI (97) esp_image: segment 0: paddr=00010020 vaddr=3f400020 size=0a2ech ( 41708) map[0m
[0;32mI (120) esp_image: segment 1: paddr=0001a314 vaddr=3ffb0000 size=02320h (  8992) load[0m
[0;32mI (124) esp_image: segment 2: paddr=0001c63c vaddr=40080000 size=039dch ( 14812) load[0m
[0;32mI (132) esp_image: segment 3: paddr=00020020 vaddr=400d0020 size=10d30h ( 68912) map[0m
[0;32mI (158) esp_image: segment 4: paddr=00030d58 vaddr=400839dc size=08f90h ( 36752) load[0m
[0;32mI (179) boot: Loaded app from partition at offset 0x10000[0m
[0;32mI (179) boot: Disabling RNG early entropy source...[0m
[0;32mI (190) cpu_start: Multicore app[0m
[0;32mI (200) cpu_start: Pro cpu start user code[0m
[0;32mI (200) cpu_start: cpu freq: 160000000 Hz[0m
[0;32mI (200) cpu_start: Application information:[0m
[0;32mI (203) cpu_start: Project name:     esp32_robot_firmware[0m
[0;32mI (209) cpu_start: App version:      e18ea92[0m
[0;32mI (214) cpu_start: Compile time:     Jan  5 2026 14:24:57[0m
[0;32mI (220) cpu_start: ELF file SHA256:  93291649a...[0m
[0;32mI (225) cpu_start: ESP-IDF:          v5.2.6-224-g72d06017df[0m
[0;32mI (231) cpu_start: Min chip rev:     v0.0[0m
[0;32mI (236) cpu_start: Max chip rev:     v3.99 [0m
[0;32mI (241) cpu_start: Chip rev:         v3.1[0m
[0;32mI (246) heap_init: Initializing. RAM available for dynamic allocation:[0m
[0;32mI (253) heap_init: At 3FFAE6E0 len 00001920 (6 KiB): DRAM[0m
[0;32mI (259) heap_init: At 3FFB2C60 len 0002D3A0 (180 KiB): DRAM[0m
[0;32mI (265) heap_init: At 3FFE0440 len 00003AE0 (14 KiB): D/IRAM[0m
[0;32mI (272) heap_init: At 3FFE4350 len 0001BCB0 (111 KiB): D/IRAM[0m
[0;32mI (278) heap_init: At 4008C96C len 00013694 (77 KiB): IRAM[0m
[0;32mI (286) spi_flash: detected chip: generic[0m
[0;32mI (289) spi_flash: flash io: dio[0m
[0;33mW (293) spi_flash: Detected size(4096k) larger than the size in the binary image header(2048k). Using the size in the binary image header.[0m
[0;32mI (307) main_task: Started on CPU0[0m
[0;32mI (317) main_task: Calling app_main()[0m
[0;32mI (317) TESTE: === TESTE CANAL B (ESQUERDO) L298N ===[0m
[0;32mI (317) gpio: GPIO[26]| InputEn: 0| OutputEn: 1| OpenDrain: 0| Pullup: 0| Pulldown: 0| Intr:0 [0m
[0;32mI (327) gpio: GPIO[27]| InputEn: 0| OutputEn: 1| OpenDrain: 0| Pullup: 0| Pulldown: 0| Intr:0 [0m
[0;32mI (337) TESTE: === TESTE 1: IN3=0, IN4=1 (para frente) ===[0m
[0;32mI (357) TESTE: Motor deve girar AGORA![0m
[0;32mI (357) TESTE: Aguardando 3 segundos...[0m
[0;32mI (3357) TESTE: === TESTE 2: IN3=1, IN4=0 (para trás) ===[0m
[0;32mI (3357) TESTE: Motor deve girar no sentido contrario![0m
[0;32mI (3357) TESTE: Aguardando 3 segundos...[0m
[0;32mI (6357) TESTE: === RESULTADO? ===[0m
[0;32mI (6357) TESTE: 1. Girou em ALGUM sentido?[0m
[0;32mI (6357) TESTE: 2. Verifique: JUMPER no ENB do L298N?[0m
[0;32mI (6357) TESTE: 3. Verifique: Cabos do motor bem conectados?[0m
ets Jul 29 2019 12:21:46

rst:0x1 (POWERON_RESET),boot:0x13 (SPI_FAST_FLASH_BOOT)
configsip: 0, SPIWP:0xee
clk_drv:0x00,q_drv:0x00,d_drv:0x00,cs0_drv:0x00,hd_drv:0x00,wp_drv:0x00
mode:DIO, clock div:2
load:0x3fff0030,len:7172
load:0x40078000,len:15632
ho 0 tail 12 room 4
load:0x40080400,len:4
load:0x40080404,len:3904
entry 0x40080640
[0;32mI (31) boot: ESP-IDF v5.2.6-224-g72d06017df 2nd stage bootloader[0m
[0;32mI (31) boot: compile time Nov 28 2025 21:50:15[0m
[0;32mI (33) boot: Multicore bootloader[0m
[0;32mI (37) boot: chip revision: v3.1[0m
[0;32mI (41) boot.esp32: SPI Speed      : 40MHz[0m
[0;32mI (45) boot.esp32: SPI Mode       : DIO[0m
[0;32mI (50) boot.esp32: SPI Flash Size : 2MB[0m
[0;32mI (54) boot: Enabling RNG early entropy source...[0m
[0;32mI (60) boot: Partition Table:[0m
[0;32mI (63) boot: ## Label            Usage          Type ST Offset   Length[0m
[0;32mI (71) boot:  0 nvs              WiFi data        01 02 00009000 00006000[0m
[0;32mI (78) boot:  1 phy_init         RF data          01 01 0000f000 00001000[0m
[0;32mI (86) boot:  2 factory          factory app      00 00 00010000 00100000[0m
[0;32mI (93) boot: End of partition table[0m
[0;32mI (97) esp_image: segment 0: paddr=00010020 vaddr=3f400020 size=0a2ech ( 41708) map[0m
[0;32mI (120) esp_image: segment 1: paddr=0001a314 vaddr=3ffb0000 size=02320h (  8992) load[0m
[0;32mI (124) esp_image: segment 2: paddr=0001c63c vaddr=40080000 size=039dch ( 14812) load[0m
[0;32mI (132) esp_image: segment 3: paddr=00020020 vaddr=400d0020 size=10d30h ( 68912) map[0m
[0;32mI (158) esp_image: segment 4: paddr=00030d58 vaddr=400839dc size=08f90h ( 36752) load[0m
[0;32mI (179) boot: Loaded app from partition at offset 0x10000[0m
[0;32mI (179) boot: Disabling RNG early entropy source...[0m
[0;32mI (190) cpu_start: Multicore app[0m
[0;32mI (200) cpu_start: Pro cpu start user code[0m
[0;32mI (200) cpu_start: cpu freq: 160000000 Hz[0m
[0;32mI (200) cpu_start: Application information:[0m
[0;32mI (203) cpu_start: Project name:     esp32_robot_firmware[0m
[0;32mI (209) cpu_start: App version:      e18ea92[0m
[0;32mI (214) cpu_start: Compile time:     Jan  5 2026 14:24:57[0m
[0;32mI (220) cpu_start: ELF file SHA256:  93291649a...[0m
[0;32mI (225) cpu_start: ESP-IDF:          v5.2.6-224-g72d06017df[0m
[0;32mI (231) cpu_start: Min chip rev:     v0.0[0m
[0;32mI (236) cpu_start: Max chip rev:     v3.99 [0m
[0;32mI (241) cpu_start: Chip rev:         v3.1[0m
[0;32mI (246) heap_init: Initializing. RAM available for dynamic allocation:[0m
[0;32mI (253) heap_init: At 3FFAE6E0 len 00001920 (6 KiB): DRAM[0m
[0;32mI (259) heap_init: At 3FFB2C60 len 0002D3A0 (180 KiB): DRAM[0m
[0;32mI (265) heap_init: At 3FFE0440 len 00003AE0 (14 KiB): D/IRAM[0m
[0;32mI (272) heap_init: At 3FFE4350 len 0001BCB0 (111 KiB): D/IRAM[0m
[0;32mI (278) heap_init: At 4008C96C len 00013694 (77 KiB): IRAM[0m
[0;32mI (286) spi_flash: detected chip: generic[0m
[0;32mI (289) spi_flash: flash io: dio[0m
[0;33mW (293) spi_flash: Detected size(4096k) larger than the size in the binary image header(2048k). Using the size in the binary image header.[0m
[0;32mI (307) main_task: Started on CPU0[0m
[0;32mI (317) main_task: Calling app_main()[0m
[0;32mI (317) TESTE: === TESTE CANAL B (ESQUERDO) L298N ===[0m
[0;32mI (317) gpio: GPIO[26]| InputEn: 0| OutputEn: 1| OpenDrain: 0| Pullup: 0| Pulldown: 0| Intr:0 [0m
[0;32mI (327) gpio: GPIO[27]| InputEn: 0| OutputEn: 1| OpenDrain: 0| Pullup: 0| Pulldown: 0| Intr:0 [0m
[0;32mI (337) TESTE: === TESTE 1: IN3=0, IN4=1 (para frente) ===[0m
[0;32mI (357) TESTE: Motor deve girar AGORA![0m
[0;32mI (357) TESTE: Aguardando 3 segundos...[0m
[0;32mI (3357) TESTE: === TESTE 2: IN3=1, IN4=0 (para trás) ===[0m
[0;32mI (3357) TESTE: Motor deve girar no sentido contrario![0m
[0;32mI (3357) TESTE: Aguardando 3 segundos...[0m
[0;32mI (6357) TESTE: === RESULTADO? ===[0m
[0;32mI (6357) TESTE: 1. Girou em ALGUM sentido?[0m
[0;32mI (6357) TESTE: 2. Verifique: JUMPER no ENB do L298N?[0m
[0;32mI (6357) TESTE: 3. Verifique: Cabos do motor bem conectados?[0m
Jul 29 2019 12:21:46

rst:0x1 (POWERON_RESET),boot:0x13 (SPI_FAST_FLASH_BOOT)
configsip: 0, SPIWP:0xee
clk_drv:0x00,q_drv:0x00,d_drv:0x00,cs0_drv:0x00,hd_drv:0x00,wp_drv:0x00
mode:DIO, clock div:2
load:0x3fff0030,len:7172
load:0x40078000,len:15632
ho 0 tail 12 room 4
load:0x40080400,len:4
load:0x40080404,len:3904
entry 0x40080640
[0;32mI (61) boot: ESP-IDF v5.2.6-224-g72d06017df 2nd stage bootloader[0m
[0;32mI (61) boot: compile time Nov 28 2025 21:50:15[0m
[0;32mI (63) boot: Multicore bootloader[0m
[0;32mI (68) boot: chip revision: v3.1[0m
[0;32mI (71) boot.esp32: SPI Speed      : 40MHz[0m
[0;32mI (76) boot.esp32: SPI Mode       : DIO[0m
[0;32mI (80) boot.esp32: SPI Flash Size : 2MB[0m
[0;32mI (85) boot: Enabling RNG early entropy source...[0m
[0;32mI (90) boot: Partition Table:[0m
[0;32mI (94) boot: ## Label            Usage          Type ST Offset   Length[0m
[0;32mI (101) boot:  0 nvs              WiFi data        01 02 00009000 00006000[0m
[0;32mI (109) boot:  1 phy_init         RF data          01 01 0000f000 00001000[0m
[0;32mI (116) boot:  2 factory          factory app      00 00 00010000 00100000[0m
[0;32mI (124) boot: End of partition table[0m
[0;32mI (128) esp_image: segment 0: paddr=00010020 vaddr=3f400020 size=0a2ech ( 41708) map[0m
[0;32mI (151) esp_image: segment 1: paddr=0001a314 vaddr=3ffb0000 size=02320h (  8992) load[0m
[0;32mI (155) esp_image: segment 2: paddr=0001c63c vaddr=40080000 size=039dch ( 14812) load[0m
[0;32mI (163) esp_image: segment 3: paddr=00020020 vaddr=400d0020 size=10d30h ( 68912) map[0m
[0;32mI (189) esp_image: segment 4: paddr=00030d58 vaddr=400839dc size=08f90h ( 36752) load[0m
[0;32mI (210) boot: Loaded app from partition at offset 0x10000[0m
[0;32mI (210) boot: Disabling RNG early entropy source...[0m
[0;32mI (222) cpu_start: Multicore app[0m
[0;32mI (231) cpu_start: Pro cpu start user code[0m
[0;32mI (231) cpu_start: cpu freq: 160000000 Hz[0m
[0;32mI (231) cpu_start: Application information:[0m
[0;32mI (234) cpu_start: Project name:     esp32_robot_firmware[0m
[0;32mI (240) cpu_start: App version:      e18ea92[0m
[0;32mI (245) cpu_start: Compile time:     Jan  5 2026 14:24:57[0m
[0;32mI (251) cpu_start: ELF file SHA256:  93291649a...[0m
[0;32mI (256) cpu_start: ESP-IDF:          v5.2.6-224-g72d06017df[0m
[0;32mI (263) cpu_start: Min chip rev:     v0.0[0m
[0;32mI (267) cpu_start: Max chip rev:     v3.99 [0m
[0;32mI (272) cpu_start: Chip rev:         v3.1[0m
[0;32mI (277) heap_init: Initializing. RAM available for dynamic allocation:[0m
[0;32mI (284) heap_init: At 3FFAE6E0 len 00001920 (6 KiB): DRAM[0m
[0;32mI (290) heap_init: At 3FFB2C60 len 0002D3A0 (180 KiB): DRAM[0m
[0;32mI (296) heap_init: At 3FFE0440 len 00003AE0 (14 KiB): D/IRAM[0m
[0;32mI (303) heap_init: At 3FFE4350 len 0001BCB0 (111 KiB): D/IRAM[0m
[0;32mI (309) heap_init: At 4008C96C len 00013694 (77 KiB): IRAM[0m
[0;32mI (317) spi_flash: detected chip: generic[0m
[0;32mI (320) spi_flash: flash io: dio[0m
[0;33mW (324) spi_flash: Detected size(4096k) larger than the size in the binary image header(2048k). Using the size in the binary image header.[0m
[0;32mI (338) main_task: Started on CPU0[0m
[0;32mI (348) main_task: Calling app_main()[0m
[0;32mI (348) TESTE: === TESTE CANAL B (ESQUERDO) L298N ===[0m
[0;32mI (348) gpio: GPIO[26]| InputEn: 0| OutputEn: 1| OpenDrain: 0| Pullup: 0| Pulldown: 0| Intr:0 [0m
[0;32mI (358) gpio: GPIO[27]| InputEn: 0| OutputEn: 1| OpenDrain: 0| Pullup: 0| Pulldown: 0| Intr:0 [0m
[0;32mI (368) TESTE: === TESTE 1: IN3=0, IN4=1 (para frente) ===[0m
[0;32mI (388) TESTE: Motor deve girar AGORA![0m
[0;32mI (388) TESTE: Aguardando 3 segundos...[0m
[0;32mI (3388) TESTE: === TESTE 2: IN3=1, IN4=0 (para trás) ===[0m
[0;32mI (3388) TESTE: Motor deve girar no sentido contrario![0m
[0;32mI (3388) TESTE: Aguardando 3 segundos...[0m
[0;32mI (6388) TESTE: === RESULTADO? ===[0m
[0;32mI (6388) TESTE: 1. Girou em ALGUM sentido?[0m
[0;32mI (6388) TESTE: 2. Verifique: JUMPER no ENB do L298N?[0m
[0;32mI (6388) TESTE: 3. Verifique: Cabos do motor bem conectados?[0m
 Jul 29 2019 12:21:46

rst:0x1 (POWERON_RESET),boot:0x13 (SPI_FAST_FLASH_BOOT)
configsip: 0, SPIWP:0xee
clk_drv:0x00,q_drv:0x00,d_drv:0x00,cs0_drv:0x00,hd_drv:0x00,wp_drv:0x00
mode:DIO, clock div:2
load:0x3fff0030,len:7172
load:0x40078000,len:15632
ho 0 tail 12 room 4
load:0x40080400,len:4
load:0x40080404,len:3904
entry 0x40080640
[0;32mI (61) boot: ESP-IDF v5.2.6-224-g72d06017df 2nd stage bootloader[0m
[0;32mI (61) boot: compile time Nov 28 2025 21:50:15[0m
[0;32mI (63) boot: Multicore bootloader[0m
[0;32mI (68) boot: chip revision: v3.1[0m
[0;32mI (71) boot.esp32: SPI Speed      : 40MHz[0m
[0;32mI (76) boot.esp32: SPI Mode       : DIO[0m
[0;32mI (80) boot.esp32: SPI Flash Size : 2MB[0m
[0;32mI (85) boot: Enabling RNG early entropy source...[0m
[0;32mI (90) boot: Partition Table:[0m
[0;32mI (94) boot: ## Label            Usage          Type ST Offset   Length[0m
[0;32mI (101) boot:  0 nvs              WiFi data        01 02 00009000 00006000[0m
[0;32mI (109) boot:  1 phy_init         RF data          01 01 0000f000 00001000[0m
[0;32mI (116) boot:  2 factory          factory app      00 00 00010000 00100000[0m
[0;32mI (124) boot: End of partition table[0m
[0;32mI (128) esp_image: segment 0: paddr=00010020 vaddr=3f400020 size=0a2ech ( 41708) map[0m
[0;32mI (151) esp_image: segment 1: paddr=0001a314 vaddr=3ffb0000 size=02320h (  8992) load[0m
[0;32mI (155) esp_image: segment 2: paddr=0001c63c vaddr=40080000 size=039dch ( 14812) load[0m
[0;32mI (163) esp_image: segment 3: paddr=00020020 vaddr=400d0020 size=10d30h ( 68912) map[0m
[0;32mI (189) esp_image: segment 4: paddr=00030d58 vaddr=400839dc size=08f90h ( 36752) load[0m
[0;32mI (210) boot: Loaded app from partition at offset 0x10000[0m
[0;32mI (210) boot: Disabling RNG early entropy source...[0m
[0;32mI (221) cpu_start: Multicore app[0m
�Jul 29 2019 12:21:46

rst:0x1 (POWERON_RESET),boot:0x13 (SPI_FAST_FLASH_BOOT)
configsip: 0, SPIWP:0xee
clk_drv:0x00,q_drv:0x00,d_drv:0x00,cs0_drv:0x00,hd_drv:0x00,wp_drv:0x00
mode:DIO, clock div:2
load:0x3fff0030,len:7172
load:0x40078000,len:15632
ho 0 tail 12 room 4
load:0x40080400,len:4
load:0x40080404,len:3904
entry 0x40080640
[0;32mI (61) boot: ESP-IDF v5.2.6-224-g72d06017df 2nd stage bootloader[0m
[0;32mI (61) boot: compile time Nov 28 2025 21:50:15[0m
[0;32mI (63) boot: Multicore bootloader[0m
[0;32mI (68) boot: chip revision: v3.1[0m
[0;32mI (71) boot.esp32: SPI Speed      : 40MHz[0m
[0;32mI (76) boot.esp32: SPI Mode       : DIO[0m
[0;32mI (80) boot.esp32: SPI Flash Size : 2MB[0m
[0;32mI (85) boot: Enabling RNG early entropy source...[0m
[0;32mI (90) boot: Partition Table:[0m
[0;32mI (94) boot: ## Label            Usage          Type ST Offset   Length[0m
[0;32mI (101) boot:  0 nvs              WiFi data        01 02 00009000 00006000[0m
[0;32mI (109) boot:  1 phy_init         RF data          01 01 0000f000 00001000[0m
[0;32mI (116) boot:  2 factory          factory app      00 00 00010000 00100000[0m
[0;32mI (124) boot: End of partition table[0m
[0;32mI (128) esp_image: segment 0: paddr=00010020 vaddr=3f400020 size=0a2ech ( 41708) map[0m
[0;32mI (151) esp_image: segment 1: paddr=0001a314 vaddr=3ffb0000 size=02320h (  8992) load[0m
[0;32mI (155) esp_image: segment 2: paddr=0001c63c vaddr=40080000 size=039dch ( 14812) load[0m
[0;32mI (163) esp_image: segment 3: paddr=00020020 vaddr=400d0020 size=10d30h ( 68912) map[0m
[0;32mI (189) esp_image: segment 4: paddr=00030d58 vaddr=400839dc size=08f90h ( 36752) load[0m
[0;32mI (210) boot: Loaded app from partition at offset 0x10000[0m
[0;32mI (210) boot: Disabling RNG early entropy source...[0m
[0;32mI (222) cpu_start: Multicore app[0m
[0;32mI (231) cpu_start: Pro cpu start user code[0m
[0;32mI (231) cpu_start: cpu freq: 160000000 Hz[0m
[0;32mI (231) cpu_start: Application information:[0m
[0;32mI (234) cpu_start: Project name:     esp32_robot_firmware[0m
[0;32mI (240) cpu_start: App version:      e18ea92[0m
[0;32mI (245) cpu_start: Compile time:     Jan  5 2026 14:24:57[0m
[0;32mI (251) cpu_start: ELF file SHA256:  93291649a...[0m
[0;32mI (256) cpu_start: ESP-IDF:          v5.2.6-224-g72d06017df[0m
[0;32mI (263) cpu_start: Min chip rev:     v0.0[0m
[0;32mI (267) cpu_start: Max chip rev:     v3.99 [0m
[0;32mI (272) cpu_start: Chip rev:         v3.1[0m
[0;32mI (277) heap_init: Initializing. RAM available for dynamic allocation:[0m
[0;32mI (284) heap_init: At 3FFAE6E0 len 00001920 (6 KiB): DRAM[0m
[0;32mI (290) heap_init: At 3FFB2C60 len 0002D3A0 (180 KiB): DRAM[0m
[0;32mI (296) heap_init: At 3FFE0440 len 00003AE0 (14 KiB): D/IRAM[0m
[0;32mI (303) heap_init: At 3FFE4350 len 0001BCB0 (111 KiB): D/IRAM[0m
[0;32mI (309) heap_init: At 4008C96C len 00013694 (77 KiB): IRAM[0m
[0;32mI (317) spi_flash: detected chip: generic[0m
[0;32mI (320) spi_flash: flash io: dio[0m
[0;33mW (324) spi_flash: Detected size(4096k) larger than the size in the binary image header(2048k). Using the size in the binary image header.[0m
[0;32mI (338) main_task: Started on CPU0[0m
[0;32mI (348) main_task: Calling app_main()[0m
[0;32mI (348) TESTE: === TESTE CANAL B (ESQUERDO) L298N ===[0m
[0;32mI (348) gpio: GPIO[26]| InputEn: 0| OutputEn: 1| OpenDrain: 0| Pullup: 0| Pulldown: 0| Intr:0 [0m
[0;32mI (358) gpio: GPIO[27]| InputEn: 0| OutputEn: 1| OpenDrain: 0| Pullup: 0| Pulldown: 0| Intr:0 [0m
[0;32mI (368) TESTE: === TESTE 1: IN3=0, IN4=1 (para frente) ===[0m
[0;32mI (388) TESTE: Motor deve girar AGORA![0m
[0;32mI (388) TESTE: Aguardando 3 segundos...[0m
[0;32mI (3388) TESTE: === TESTE 2: IN3=1, IN4=0 (para trás) ===[0m
[0;32mI (3388) TESTE: Motor deve girar no sentido contrario![0m
[0;32mI (3388) TESTE: Aguardando 3 segundos...[0m
[0;32mI (6388) TESTE: === RESULTADO? ===[0m
[0;32mI (6388) TESTE: 1. Girou em ALGUM sentido?[0m
[0;32mI (6388) TESTE: 2. Verifique: JUMPER no ENB do L298N?[0m
[0;32mI (6388) TESTE: 3. Verifique: Cabos do motor bem conectados?[0m
