��29 2019 12:21:46

rst:0x1 (POWERON_RESET)�ets Jul 29 2019 12:21:46

rst:0x1 (POWERON_RESET),boot:0x13 (SPI_FAST_FLASH_BOOT)
configsip: 0, SPIWP:0xee
clk_drv:0x00,q_drv:0x00,d_drv:0x00,cs0_drv:0x00,hd_drv:0x00,wp_drv:0x00
mode:DIO, clock div:2
load:0x3fff0030,len:7172
load:0x40078000,len:15632
ho 0 tail 12 room 4
load:0x40080400,len:4
load:0x40080404,len:3904
entry 0x40080640
[0;32mI (31) boot: ESP-IDF v5.2.6-224-g72d06017df 2nd stage bootloader[0m
[0;32mI (31) boot: compile time Nov 28 2025 21:50:15[0m
[0;32mI (33) boot: Multicore bootloader[0m
[0;32mI (37) boot: chip revision: v3.1[0m
[0;32mI (41) boot.esp32: SPI Speed      : 40MHz[0m
[0;32mI (45) boot.esp32: SPI Mode       : DIO[0m
[0;32mI (50) boot.esp32: SPI Flash Size : 2MB[0m
[0;32mI (54) boot: Enabling RNG early entropy source...[0m
[0;32mI (60) boot: Partition Table:[0m
[0;32mI (63) boot: ## Label            Usage          Type ST Offset   Length[0m
[0;32mI (71) boot:  0 nvs              WiFi data        01 02 00009000 00006000[0m
[0;32mI (78) boot:  1 phy_init         RF data          01 01 0000f000 00001000[0m
[0;32mI (86) boot:  2 factory          factory app      00 00 00010000 00100000[0m
[0;32mI (93) boot: End of partition table[0m
[0;32mI (97) esp_image: segment 0: paddr=00010020 vaddr=3f400020 size=0a514h ( 42260) map[0m
[0;32mI (120) esp_image: segment 1: paddr=0001a53c vaddr=3ffb0000 size=02320h (  8992) load[0m
[0;32mI (124) esp_image: segment 2: paddr=0001c864 vaddr=40080000 size=037b4h ( 14260) load[0m
[0;32mI (132) esp_image: segment 3: paddr=00020020 vaddr=400d0020 size=11378h ( 70520) map[0m
[0;32mI (159) esp_image: segment 4: paddr=000313a0 vaddr=400837b4 size=093b0h ( 37808) load[0m
[0;32mI (180) boot: Loaded app from partition at offset 0x10000[0m
[0;32mI (180) boot: Disabling RNG early entropy source...[0m
[0;32mI (192) cpu_start: Multicore app[0m
[0;32mI (201) cpu_start: Pro cpu start user code[0m
[0;32mI (201) cpu_start: cpu freq: 160000000 Hz[0m
[0;32mI (201) cpu_start: Application information:[0m
[0;32mI (204) cpu_start: Project name:     esp32_robot_firmware[0m
[0;32mI (210) cpu_start: App version:      e18ea92[0m
[0;32mI (215) cpu_start: Compile time:     Jan  5 2026 14:24:57[0m
[0;32mI (221) cpu_start: ELF file SHA256:  fe5e37d0e...[0m
[0;32mI (226) cpu_start: ESP-IDF:          v5.2.6-224-g72d06017df[0m
[0;32mI (233) cpu_start: Min chip rev:     v0.0[0m
[0;32mI (237) cpu_start: Max chip rev:     v3.99 [0m
[0;32mI (242) cpu_start: Chip rev:         v3.1[0m
[0;32mI (247) heap_init: Initializing. RAM available for dynamic allocation:[0m
[0;32mI (254) heap_init: At 3FFAE6E0 len 00001920 (6 KiB): DRAM[0m
[0;32mI (260) heap_init: At 3FFB2C68 len 0002D398 (180 KiB): DRAM[0m
[0;32mI (266) heap_init: At 3FFE0440 len 00003AE0 (14 KiB): D/IRAM[0m
[0;32mI (273) heap_init: At 3FFE4350 len 0001BCB0 (111 KiB): D/IRAM[0m
[0;32mI (279) heap_init: At 4008CB64 len 0001349C (77 KiB): IRAM[0m
[0;32mI (287) spi_flash: detected chip: generic[0m
[0;32mI (290) spi_flash: flash io: dio[0m
[0;33mW (294) spi_flash: Detected size(4096k) larger than the size in the binary image header(2048k). Using the size in the binary image header.[0m
[0;32mI (308) main_task: Started on CPU0[0m
[0;32mI (318) main_task: Calling app_main()[0m
[0;32mI (318) gpio: GPIO[12]| InputEn: 0| OutputEn: 1| OpenDrain: 0| Pullup: 0| Pulldown: 0| Intr:0 [0m
[0;32mI (318) gpio: GPIO[14]| InputEn: 0| OutputEn: 1| OpenDrain: 0| Pullup: 0| Pulldown: 0| Intr:0 [0m
[0;32mI (328) gpio: GPIO[26]| InputEn: 0| OutputEn: 1| OpenDrain: 0| Pullup: 0| Pulldown: 0| Intr:0 [0m
[0;32mI (338) gpio: GPIO[27]| InputEn: 0| OutputEn: 1| OpenDrain: 0| Pullup: 0| Pulldown: 0| Intr:0 [0m
[0;32mI (348) gpio: GPIO[32]| InputEn: 1| OutputEn: 0| OpenDrain: 0| Pullup: 1| Pulldown: 0| Intr:3 [0m
[0;32mI (358) gpio: GPIO[33]| InputEn: 1| OutputEn: 0| OpenDrain: 0| Pullup: 1| Pulldown: 0| Intr:3 [0m
[0;33mW (2368) DIAG: INICIANDO TESTE... SEGURE O ROBO NO AR![0m
[0;32mI (2368) DIAG: >>> Testando Motor ESQUERDO para FRENTE (PWM 40%) <<<[0m
[0;32mI (3368) RESULT: Motor ESQ moveu. Ticks ESQ: 267 (Esperado: >100) | Ticks DIR: 0 (Esperado: ~0)[0m
[0;32mI (4368) DIAG: >>> Testando Motor DIREITO para FRENTE (PWM 40%) <<<[0m
[0;32mI (5368) RESULT: Motor DIR moveu. Ticks DIR: 290 (Esperado: >100) | Ticks ESQ: 0 (Esperado: ~0)[0m
[0;33mW (5368) DIAG: Ciclo concluido. Repetindo em 3 segundos...[0m
[0;32mI (8368) DIAG: >>> Testando Motor ESQUERDO para FRENTE (PWM 40%) <<<[0m
[0;32mI (9368) RESULT: Motor ESQ moveu. Ticks ESQ: 242 (Esperado: >100) | Ticks DIR: 0 (Esperado: ~0)[0m
[0;32mI (10368) DIAG: >>> Testando Motor DIREITO para FRENTE (PWM 40%) <<<[0m
[0;32mI (11368) RESULT: Motor DIR moveu. Ticks DIR: 302 (Esperado: >100) | Ticks ESQ: 0 (Esperado: ~0)[0m
[0;33mW (11368) DIAG: Ciclo concluido. Repetindo em 3 segundos...[0m
[0;32mI (14368) DIAG: >>> Testando Motor ESQUERDO para FRENTE (PWM 40%) <<<[0m
[0;32mI (15368) RESULT: Motor ESQ moveu. Ticks ESQ: 247 (Esperado: >100) | Ticks DIR: 0 (Esperado: ~0)[0m
[0;32mI (16368) DIAG: >>> Testando Motor DIREITO para FRENTE (PWM 40%) <<<[0m
[0;32mI (17368) RESULT: Motor DIR moveu. Ticks DIR: 301 (Esperado: >100) | Ticks ESQ: 0 (Esperado: ~0)[0m
[0;33mW (17368) DIAG: Ciclo concluido. Repetindo em 3 segundos...[0m
[0;32mI (20368) DIAG: >>> Testando Motor ESQUERDO para FRENTE (PWM 40%) <<<[0m
[0;32mI (21368) RESULT: Motor ESQ moveu. Ticks ESQ: 261 (Esperado: >100) | Ticks DIR: 0 (Esperado: ~0)[0m
[0;32mI (22368) DIAG: >>> Testando Motor DIREITO para FRENTE (PWM 40%) <<<[0m
[0;32mI (23368) RESULT: Motor DIR moveu. Ticks DIR: 307 (Esperado: >100) | Ticks ESQ: 0 (Esperado: ~0)[0m
[0;33mW (23368) DIAG: Ciclo concluido. Repetindo em 3 segundos...[0m
[0;32mI (26368) DIAG: >>> Testando Motor ESQUERDO para FRENTE (PWM 40%) <<<[0m
[0;32mI (27368) RESULT: Motor ESQ moveu. Ticks ESQ: 254 (Esperado: >100) | Ticks DIR: 0 (Esperado: ~0)[0m
[0;32mI (28368) DIAG: >>> Testando Motor DIREITO para FRENTE (PWM 40%) <<<[0m
[0;32mI (29368) RESULT: Motor DIR moveu. Ticks DIR: 304 (Esperado: >100) | Ticks ESQ: 0 (Esperado: ~0)[0m
[0;33mW (29368) DIAG: Ciclo concluido. Repetindo em 3 segundos...[0m
[0;32mI (32368) DIAG: >>> Testando Motor ESQUERDO para FRENTE (PWM 40%) <<<[0m
[0;32mI (33368) RESULT: Motor ESQ moveu. Ticks ESQ: 254 (Esperado: >100) | Ticks DIR: 0 (Esperado: ~0)[0m
[0;32mI (34368) DIAG: >>> Testando Motor DIREITO para FRENTE (PWM 40%) <<<[0m
[0;32mI (35368) RESULT: Motor DIR moveu. Ticks DIR: 305 (Esperado: >100) | Ticks ESQ: 0 (Esperado: ~0)[0m
[0;33mW (35368) DIAG: Ciclo concluido. Repetindo em 3 segundos...[0m
[0;32mI (38368) DIAG: >>> Testando Motor ESQUERDO para FRENTE (PWM 40%) <<<[0m
[0;32mI (39368) RESULT: Motor ESQ moveu. Ticks ESQ: 255 (Esperado: >100) | Ticks DIR: 0 (Esperado: ~0)[0m
[0;32mI (40368) DIAG: >>> Testando Motor DIREITO para FRENTE (PWM 40%) <<<[0m
[0;32mI (41368) RESULT: Motor DIR moveu. Ticks DIR: 302 (Esperado: >100) | Ticks ESQ: 0 (Esperado: ~0)[0m
[0;33mW (41368) DIAG: Ciclo concluido. Repetindo em 3 segundos...[0m
[0;32mI (44368) DIAG: >>> Testando Motor ESQUERDO para FRENTE (PWM 40%) <<<[0m
[0;32mI (45368) RESULT: Motor ESQ moveu. Ticks ESQ: 255 (Esperado: >100) | Ticks DIR: 155 (Esperado: ~0)[0m
[0;31mE (45368) ERRO: Motor ESQ girou mas Encoder DIR contou! Fios cruzados?[0m
[0;32mI (46368) DIAG: >>> Testando Motor DIREITO para FRENTE (PWM 40%) <<<[0m
[0;32mI (47368) RESULT: Motor DIR moveu. Ticks DIR: 939 (Esperado: >100) | Ticks ESQ: 0 (Esperado: ~0)[0m
[0;33mW (47368) DIAG: Ciclo concluido. Repetindo em 3 segundos...[0m
[0;32mI (50368) DIAG: >>> Testando Motor ESQUERDO para FRENTE (PWM 40%) <<<[0m
[0;32mI (51368) RESULT: Motor ESQ moveu. Ticks ESQ: 267 (Esperado: >100) | Ticks DIR: 0 (Esperado: ~0)[0m
[0;32mI (52368) DIAG: >>> Testando Motor DIREITO para FRENTE (PWM 40%) <<<[0m
[0;32mI (53368) RESULT: Motor DIR moveu. Ticks DIR: 311 (Esperado: >100) | Ticks ESQ: 0 (Esperado: ~0)[0m
[0;33mW (53368) DIAG: Ciclo concluido. Repetindo em 3 segundos...[0m
[0;32mI (56368) DIAG: >>> Testando Motor ESQUERDO para FRENTE (PWM 40%) <<<[0m
[0;32mI (57368) RESULT: Motor ESQ moveu. Ticks ESQ: 257 (Esperado: >100) | Ticks DIR: 0 (Esperado: ~0)[0m
[0;32mI (58368) DIAG: >>> Testando Motor DIREITO para FRENTE (PWM 40%) <<<[0m
[0;32mI (59368) RESULT: Motor DIR moveu. Ticks DIR: 311 (Esperado: >100) | Ticks ESQ: 0 (Esperado: ~0)[0m
[0;33mW (59368) DIAG: Ciclo concluido. Repetindo em 3 segundos...[0m
[0;32mI (62368) DIAG: >>> Testando Motor ESQUERDO para FRENTE (PWM 40%) <<<[0m
[0;32mI (63368) RESULT: Motor ESQ moveu. Ticks ESQ: 246 (Esperado: >100) | Ticks DIR: 0 (Esperado: ~0)[0m
[0;32mI (64368) DIAG: >>> Testando Motor DIREITO para FRENTE (PWM 40%) <<<[0m
[0;32mI (65368) RESULT: Motor DIR moveu. Ticks DIR: 310 (Esperado: >100) | Ticks ESQ: 403 (Esperado: ~0)[0m
[0;31mE (65368) ERRO: Motor DIR girou mas Encoder ESQ contou! Fios cruzados?[0m
[0;33mW (65368) DIAG: Ciclo concluido. Repetindo em 3 segundos...[0m
[0;32mI (68378) DIAG: >>> Testando Motor ESQUERDO para FRENTE (PWM 40%) <<<[0m
[0;32mI (69378) RESULT: Motor ESQ moveu. Ticks ESQ: 273 (Esperado: >100) | Ticks DIR: 0 (Esperado: ~0)[0m
[0;32mI (70378) DIAG: >>> Testando Motor DIREITO para FRENTE (PWM 40%) <<<[0m
[0;32mI (71378) RESULT: Motor DIR moveu. Ticks DIR: 309 (Esperado: >100) | Ticks ESQ: 0 (Esperado: ~0)[0m
[0;33mW (71378) DIAG: Ciclo concluido. Repetindo em 3 segundos...[0m
[0;32mI (74378) DIAG: >>> Testando Motor ESQUERDO para FRENTE (PWM 40%) <<<[0m
[0;32mI (75378) RESULT: Motor ESQ moveu. Ticks ESQ: 250 (Esperado: >100) | Ticks DIR: 0 (Esperado: ~0)[0m
[0;32mI (76378) DIAG: >>> Testando Motor DIREITO para FRENTE (PWM 40%) <<<[0m
[0;32mI (77378) RESULT: Motor DIR moveu. Ticks DIR: 299 (Esperado: >100) | Ticks ESQ: 0 (Esperado: ~0)[0m
[0;33mW (77378) DIAG: Ciclo concluido. Repetindo em 3 segundos...[0m
