������Ғ�Ң�j

rst:0x1 (POWERON_RESET),bo�ets Jul 29 2019 12:21:46

rst:0x1 (POWERON_RESET),boot:0x13 (SPI_FAST_FLASH_BOOT)
configsip: 0, SPIWP:0xee
clk_drv:0x00,q_drv:0x00,d_drv:0x00,cs0_drv:0x00,hd_drv:0x00,wp_drv:0x00
mode:DIO, clock div:2
load:0x3fff0030,len:7172
load:0x40078000,len:15632
ho 0 tail 12 room 4
load:0x40080400,len:4
load:0x40080404,len:3904
entry 0x40080640
[0;32mI (31) boot: ESP-IDF v5.2.6-224-g72d06017df 2nd stage bootloader[0m
[0;32mI (31) boot: compile time Nov 28 2025 21:50:15[0m
[0;32mI (33) boot: Multicore bootloader[0m
[0;32mI (37) boot: chip revision: v3.1[0m
[0;32mI (41) boot.esp32: SPI Speed      : 40MHz[0m
[0;32mI (45) boot.esp32: SPI Mode       : DIO[0m
[0;32mI (50) boot.esp32: SPI Flash Size : 2MB[0m
[0;32mI (54) boot: Enabling RNG early entropy source...[0m
[0;32mI (60) boot: Partition Table:[0m
[0;32mI (63) boot: ## Label            Usage          Type ST Offset   Length[0m
[0;32mI (71) boot:  0 nvs              WiFi data        01 02 00009000 00006000[0m
[0;32mI (78) boot:  1 phy_init         RF data          01 01 0000f000 00001000[0m
[0;32mI (86) boot:  2 factory          factory app      00 00 00010000 00100000[0m
[0;32mI (93) boot: End of partition table[0m
[0;32mI (97) esp_image: segment 0: paddr=00010020 vaddr=3f400020 size=1af70h (110448) map[0m
[0;32mI (144) esp_image: segment 1: paddr=0002af98 vaddr=3ffb0000 size=0470ch ( 18188) load[0m
[0;32mI (151) esp_image: segment 2: paddr=0002f6ac vaddr=40080000 size=0096ch (  2412) load[0m
[0;32mI (152) esp_image: segment 3: paddr=00030020 vaddr=400d0020 size=941cch (606668) map[0m
[0;32mI (366) esp_image: segment 4: paddr=000c41f4 vaddr=4008096c size=16bd0h ( 93136) load[0m
[0;32mI (414) boot: Loaded app from partition at offset 0x10000[0m
[0;32mI (414) boot: Disabling RNG early entropy source...[0m
[0;32mI (426) cpu_start: Multicore app[0m
[0;32mI (435) cpu_start: Pro cpu start user code[0m
[0;32mI (435) cpu_start: cpu freq: 160000000 Hz[0m
[0;32mI (435) cpu_start: Application information:[0m
[0;32mI (438) cpu_start: Project name:     esp32_robot_firmware[0m
[0;32mI (444) cpu_start: App version:      e18ea92[0m
[0;32mI (449) cpu_start: Compile time:     Dec 12 2025 10:43:53[0m
[0;32mI (455) cpu_start: ELF file SHA256:  cc6d497d8...[0m
[0;32mI (461) cpu_start: ESP-IDF:          v5.2.6-224-g72d06017df[0m
[0;32mI (467) cpu_start: Min chip rev:     v0.0[0m
[0;32mI (472) cpu_start: Max chip rev:     v3.99 [0m
[0;32mI (476) cpu_start: Chip rev:         v3.1[0m
[0;32mI (481) heap_init: Initializing. RAM available for dynamic allocation:[0m
[0;32mI (489) heap_init: At 3FFAE6E0 len 00001920 (6 KiB): DRAM[0m
[0;32mI (494) heap_init: At 3FFBB478 len 00024B88 (146 KiB): DRAM[0m
[0;32mI (501) heap_init: At 3FFE0440 len 00003AE0 (14 KiB): D/IRAM[0m
[0;32mI (507) heap_init: At 3FFE4350 len 0001BCB0 (111 KiB): D/IRAM[0m
[0;32mI (513) heap_init: At 4009753C len 00008AC4 (34 KiB): IRAM[0m
[0;32mI (521) spi_flash: detected chip: generic[0m
[0;32mI (524) spi_flash: flash io: dio[0m
[0;33mW (528) spi_flash: Detected size(4096k) larger than the size in the binary image header(2048k). Using the size in the binary image header.[0m
[0;32mI (542) main_task: Started on CPU0[0m
[0;32mI (552) main_task: Calling app_main()[0m
[0;32mI (552) gpio: GPIO[12]| InputEn: 0| OutputEn: 1| OpenDrain: 0| Pullup: 0| Pulldown: 0| Intr:0 [0m
[0;32mI (552) gpio: GPIO[14]| InputEn: 0| OutputEn: 1| OpenDrain: 0| Pullup: 0| Pulldown: 0| Intr:0 [0m
[0;32mI (562) gpio: GPIO[26]| InputEn: 0| OutputEn: 1| OpenDrain: 0| Pullup: 0| Pulldown: 0| Intr:0 [0m
[0;32mI (572) gpio: GPIO[27]| InputEn: 0| OutputEn: 1| OpenDrain: 0| Pullup: 0| Pulldown: 0| Intr:0 [0m
[0;32mI (582) gpio: GPIO[32]| InputEn: 1| OutputEn: 0| OpenDrain: 0| Pullup: 1| Pulldown: 0| Intr:3 [0m
[0;32mI (592) gpio: GPIO[33]| InputEn: 1| OutputEn: 0| OpenDrain: 0| Pullup: 1| Pulldown: 0| Intr:3 [0m


=== SISTEMA COM KICK-START AUTOMÁTICO ===
Problema identificado: Motor esquerdo tem atrito estático alto
Solução: Kick-start automático ativado quando motor trava

Configuração:
  BASE_PWM_ESQ: 0.65 (alto para vencer atrito)
  BASE_PWM_DIR: 0.55
  KICKSTART_PWM_ESQ: 0.80 (pulso forte)
  KICKSTART_PWM_DIR: 0.65 (pulso moderado)
  Duração do kick-start: 200 ms

=== TESTE DE KICK-START ===
Enviando comando de 0.2 m/s...
Teste concluído.
[0;32mI (3662) wifi_station_netif: ESP_WIFI_MODE_STA[0m
[0;32mI (3672) wifi:wifi driver task: 3ffc3700, prio:23, stack:6656, core=0[0m
[0;32mI (3682) wifi:wifi firmware version: 82d80cd[0m
[0;32mI (3682) wifi:wifi certification version: v7.0[0m
[0;32mI (3682) wifi:config NVS flash: enabled[0m
[0;32mI (3682) wifi:config nano formating: disabled[0m
[0;32mI (3682) wifi:Init data frame dynamic rx buffer num: 32[0m
[0;32mI (3692) wifi:Init static rx mgmt buffer num: 5[0m
[0;32mI (3692) wifi:Init management short buffer num: 32[0m
[0;32mI (3702) wifi:Init dynamic tx buffer num: 32[0m
[0;32mI (3702) wifi:Init static rx buffer size: 1600[0m
[0;32mI (3712) wifi:Init static rx buffer num: 10[0m
[0;32mI (3712) wifi:Init dynamic rx buffer num: 32[0m
[0;32mI (3712) wifi_init: rx ba win: 6[0m
[0;32mI (3722) wifi_init: tcpip mbox: 32[0m
[0;32mI (3722) wifi_init: udp mbox: 6[0m
[0;32mI (3732) wifi_init: tcp mbox: 6[0m
[0;32mI (3732) wifi_init: tcp tx win: 5760[0m
[0;32mI (3732) wifi_init: tcp rx win: 5760[0m
[0;32mI (3742) wifi_init: tcp mss: 1440[0m
[0;32mI (3742) wifi_init: WiFi IRAM OP enabled[0m
[0;32mI (3752) wifi_init: WiFi RX IRAM OP enabled[0m
[0;33mW (3752) wifi:Password length matches WPA2 standards, authmode threshold changes from OPEN to WPA2[0m
[0;32mI (3762) phy_init: phy_version 4861,b71b5ad,Aug  5 2025,11:16:06[0m
[0;32mI (3852) wifi:mode : sta (ec:e3:34:48:40:44)[0m
[0;32mI (3852) wifi:enable tsf[0m
[0;32mI (3862) wifi_station_netif: wifi_init_sta finished.[0m
[0;32mI (3882) wifi:new:<11,0>, old:<1,0>, ap:<255,255>, sta:<11,0>, prof:1[0m
[0;32mI (3882) wifi:state: init -> auth (b0)[0m
[0;32mI (3882) wifi:state: auth -> init (1c0)[0m
[0;32mI (3902) wifi:new:<11,0>, old:<11,0>, ap:<255,255>, sta:<11,0>, prof:1[0m
[0;32mI (3902) wifi_station_netif: retry to connect to the AP[0m
[0;32mI (3902) wifi_station_netif: connect to the AP fail[0m
[0;32mI (6322) wifi_station_netif: retry to connect to the AP[0m
[0;32mI (6322) wifi_station_netif: connect to the AP fail[0m
[0;32mI (6322) wifi:new:<11,0>, old:<11,0>, ap:<255,255>, sta:<11,0>, prof:1[0m
[0;32mI (6322) wifi:state: init -> auth (b0)[0m
[0;32mI (6342) wifi:state: auth -> assoc (0)[0m
[0;32mI (6352) wifi:state: assoc -> run (10)[0m
[0;32mI (6382) wifi:connected with Calebe, aid = 6, channel 11, BW20, bssid = ce:8a:02:0f:1e:58[0m
[0;32mI (6382) wifi:security: WPA2-PSK, phy: bgn, rssi: -33[0m
[0;32mI (6392) wifi:pm start, type: 1[0m

[0;32mI (6392) wifi:dp: 1, bi: 102400, li: 3, scale listen interval from 307200 us to 307200 us[0m
[0;32mI (6432) wifi:dp: 2, bi: 102400, li: 4, scale listen interval from 307200 us to 409600 us[0m
[0;32mI (6432) wifi:AP's beacon interval = 102400 us, DTIM period = 2[0m
[0;32mI (7402) esp_netif_handlers: sta ip: 10.250.183.207, mask: 255.255.255.0, gw: 10.250.183.108[0m
[0;32mI (7402) wifi_station_netif: got ip:10.250.183.207[0m
[0;32mI (7402) wifi_station_netif: connected to ap SSID:Calebe password:88111447[0m
[0;32mI (7412) wifi:Set ps type: 0, coexist: 0[0m

[0;32mI (7412) wifi:<ba-add>idx:0 (ifx:0, ce:8a:02:0f:1e:58), tid:0, ssn:2, winSize:64[0m


=== SISTEMA PRONTO! ===
Agora o motor esquerdo deve iniciar automaticamente.
Se travar, o sistema aplica um pulso de 0.8 PWM por 200ms.

Testes sugeridos:
1. linear.x = 0.1 m/s
2. linear.x = 0.2 m/s
3. linear.x = 0.3 m/s
4. Parar e reiniciar várias vezes

=== SISTEMA COM KICK-START ===
ESQ: Tgt=0.00 Cur=0.00 Erro=0.00 PWM=0.00 KS=0 I=0.000
DIR: Tgt=0.00 Cur=0.00 Erro=0.00 PWM=0.00 KS=0 I=0.000
Ticks/50ms: ESQ=0 DIR=0
================================
SH�HH���0x1 (POWERON_RESET),boot:0x13 (SPI_FAST_FLASH_BOOT)
configsip: 0, SPIWP:0xee
clk_drv:0x00,q_drv:0x00,d_drv:0x00,cs0_drv:0x00,hd_drv:0x00,wp_drv:0x00
mode:DIO, clock div:2
load:0x3fff0030,len:7172
load:0x40078000,len:15632
ho 0 tail 12 room 4
load:0x40080400,len:4
load:0x40080404,len:3904
entry 0x40080640
[0;32mI (61) boot: ESP-IDF v5.2.6-224-g72d06017df 2nd stage bootloader[0m
[0;32mI (61) boot: compile time Nov 28 2025 21:50:15[0m
[0;32mI (63) boot: Multicore bootloader[0m
[0;32mI (68) boot: chip revision: v3.1[0m
[0;32mI (71) boot.esp32: SPI Speed      : 40MHz[0m
[0;32mI (76) boot.esp32: SPI Mode       : DIO[0m
[0;32mI (80) boot.esp32: SPI Flash Size : 2MB[0m
[0;32mI (85) boot: Enabling RNG early entropy source...[0m
[0;32mI (90) boot: Partition Table:[0m
[0;32mI (94) boot: ## Label            Usage          Type ST Offset   Length[0m
[0;32mI (101) boot:  0 nvs              WiFi data        01 02 00009000 00006000[0m
[0;32mI (109) boot:  1 phy_init         RF data          01 01 0000f000 00001000[0m
[0;32mI (116) boot:  2 factory          factory app      00 00 00010000 00100000[0m
[0;32mI (124) boot: End of partition table[0m
[0;32mI (128) esp_image: segment 0: paddr=00010020 vaddr=3f400020 size=1af70h (110448) map[0m
[0;32mI (175) esp_image: segment 1: paddr=0002af98 vaddr=3ffb0000 size=0470ch ( 18188) load[0m
[0;32mI (182) esp_image: segment 2: paddr=0002f6ac vaddr=40080000 size=0096ch (  2412) load[0m
[0;32mI (183) esp_image: segment 3: paddr=00030020 vaddr=400d0020 size=941cch (606668) map[0m
[0;32mI (397) esp_image: segment 4: paddr=000c41f4 vaddr=4008096c size=16bd0h ( 93136) load[0m
[0;32mI (445) boot: Loaded app from partition at offset 0x10000[0m
[0;32mI (445) boot: Disabling RNG early entropy source...[0m
[0;32mI (457) cpu_start: Multicore app[0m
ets Jul 29 2019 12:21:46

rst:0x10 (RTCWDT_RTC_RESET),boot:0x13 (SPI_FAST_FLASH_BOOT)
configsip: 0, SPIWP:0xee
clk_drv:0x00,q_drv:0x00,d_drv:0x00,cs0_drv:0x00,hd_drv:0x00,wp_drv:0x00
mode:DIO, clock div:2
load:0x3fff0030,len:7172
load:0x40078000,len:15632
ho 0 tail 12 room 4
load:0x40080400,len:4
load:0x40080404,len:3904
entry 0x40080640
[0;32mI (32) boot: ESP-IDF v5.2.6-224-g72d06017df 2nd stage bootloader[0m
[0;32mI (32) boot: compile time Nov 28 2025 21:50:15[0m
[0;32mI (33) boot: Multicore bootloader[0m
[0;32mI (37) boot: chip revision: v3.1[0m
[0;32mI (41) boot.esp32: SPI Speed      : 40MHz[0m
[0;32mI (46) boot.esp32: SPI Mode       : DIO[0m
[0;32mI (50) boot.esp32: SPI Flash Size : 2MB[0m
[0;32mI (55) boot: Enabling RNG early entropy source...[0m
[0;32mI (60) boot: Partition Table:[0m
[0;32mI (64) boot: ## Label            Usage          Type ST Offset   Length[0m
[0;32mI (71) boot:  0 nvs              WiFi data        01 02 00009000 00006000[0m
[0;32mI (78) boot:  1 phy_init         RF data          01 01 0000f000 00001000[0m
[0;32mI (86) boot:  2 factory          factory app      00 00 00010000 00100000[0m
[0;32mI (93) boot: End of partition table[0m
[0;32mI (98) esp_image: segment 0: paddr=00010020 vaddr=3f400020 size=1af70h (110448) map[0m
[0;32mI (144) esp_image: segment 1: paddr=0002af98 vaddr=3ffb0000 size=0470ch ( 18188) load[0m
[0;32mI (151) esp_image: segment 2: paddr=0002f6ac vaddr=40080000 size=0096ch (  2412) load[0m
[0;32mI (152) esp_image: segment 3: paddr=00030020 vaddr=400d0020 size=941cch (606668) map[0m
[0;32mI (366) esp_image: segment 4: paddr=000c41f4 vaddr=4008096c size=16bd0h ( 93136) load[0m
[0;32mI (414) boot: Loaded app from partition at offset 0x10000[0m
[0;32mI (415) boot: Disabling RNG early entropy source...[0m
[0;32mI (426) cpu_start: Multicore app[0m
[0;32mI (435) cpu_start: Pro cpu start user code[0m
[0;32mI (435) cpu_start: cpu freq: 160000000 Hz[0m
[0;32mI (436) cpu_start: Application information:[0m
[0;32mI (438) cpu_start: Project name:     esp32_robot_firmware[0m
[0;32mI (445) cpu_start: App version:      e18ea92[0m
[0;32mI (449) cpu_start: Compile time:     Dec 12 2025 10:43:53[0m
[0;32mI (456) cpu_start: ELF file SHA256:  cc6d497d8...[0m
[0;32mI (461) cpu_start: ESP-IDF:          v5.2.6-224-g72d06017df[0m
[0;32mI (467) cpu_start: Min chip rev:     v0.0[0m
[0;32mI (472) cpu_start: Max chip rev:     v3.99 [0m
[0;32mI (477) cpu_start: Chip rev:         v3.1[0m
[0;32mI (482) heap_init: Initializing. RAM available for dynamic allocation:[0m
[0;32mI (489) heap_init: At 3FFAE6E0 len 00001920 (6 KiB): DRAM[0m
[0;32mI (495) heap_init: At 3FFBB478 len 00024B88 (146 KiB): DRAM[0m
[0;32mI (501) heap_init: At 3FFE0440 len 00003AE0 (14 KiB): D/IRAM[0m
[0;32mI (507) heap_init: At 3FFE4350 len 0001BCB0 (111 KiB): D/IRAM[0m
[0;32mI (514) heap_init: At 4009753C len 00008AC4 (34 KiB): IRAM[0m
[0;32mI (522) spi_flash: detected chip: generic[0m
[0;32mI (525) spi_flash: flash io: dio[0m
[0;33mW (529) spi_flash: Detected size(4096k) larger than the size in the binary image header(2048k). Using the size in the binary image header.[0m
[0;32mI (543) main_task: Started on CPU0[0m
[0;32mI (553) main_task: Calling app_main()[0m
[0;32mI (553) gpio: GPIO[12]| InputEn: 0| OutputEn: 1| OpenDrain: 0| Pullup: 0| Pulldown: 0| Intr:0 [0m
[0;32mI (553) gpio: GPIO[14]| InputEn: 0| OutputEn: 1| OpenDrain: 0| Pullup: 0| Pulldown: 0| Intr:0 [0m
[0;32mI (563) gpio: GPIO[26]| InputEn: 0| OutputEn: 1| OpenDrain: 0| Pullup: 0| Pulldown: 0| Intr:0 [0m
[0;32mI (573) gpio: GPIO[27]| InputEn: 0| OutputEn: 1| OpenDrain: 0| Pullup: 0| Pulldown: 0| Intr:0 [0m
[0;32mI (583) gpio: GPIO[32]| InputEn: 1| OutputEn: 0| OpenDrain: 0| Pullup: 1| Pulldown: 0| Intr:3 [0m
[0;32mI (593) gpio: GPIO[33]| InputEn: 1| OutputEn: 0| OpenDrain: 0| Pullup: 1| Pulldown: 0| Intr:3 [0m


=== SISTEMA COM KICK-START AUTOMÁTICO ===
Problema identificado: Motor esquerdo tem atrito estático alto
Solução: Kick-start automático ativado quando motor trava

Configuração:
  BASE_PWM_ESQ: 0.65 (alto para vencer atrito)
  BASE_PWM_DIR: 0.55
  KICKSTART_PWM_ESQ: 0.80 (pulso forte)
  KICKSTART_PWM_DIR: 0.65 (pulso moderado)
  Duração do kick-start: 200 ms

=== TESTE DE KICK-START ===
Enviando comando de 0.2 m/s...
Teste concluído.
[0;32mI (3663) wifi_station_netif: ESP_WIFI_MODE_STA[0m
[0;32mI (3673) wifi:wifi driver task: 3ffc3700, prio:23, stack:6656, core=0[0m
[0;32mI (3683) wifi:wifi firmware version: 82d80cd[0m
[0;32mI (3683) wifi:wifi certification version: v7.0[0m
[0;32mI (3683) wifi:config NVS flash: enabled[0m
[0;32mI (3683) wifi:config nano formating: disabled[0m
[0;32mI (3683) wifi:Init data frame dynamic rx buffer num: 32[0m
[0;32mI (3693) wifi:Init static rx mgmt buffer num: 5[0m
[0;32mI (3693) wifi:Init management short buffer num: 32[0m
[0;32mI (3703) wifi:Init dynamic tx buffer num: 32[0m
[0;32mI (3703) wifi:Init static rx buffer size: 1600[0m
[0;32mI (3713) wifi:Init static rx buffer num: 10[0m
[0;32mI (3713) wifi:Init dynamic rx buffer num: 32[0m
[0;32mI (3713) wifi_init: rx ba win: 6[0m
[0;32mI (3723) wifi_init: tcpip mbox: 32[0m
[0;32mI (3723) wifi_init: udp mbox: 6[0m
[0;32mI (3733) wifi_init: tcp mbox: 6[0m
[0;32mI (3733) wifi_init: tcp tx win: 5760[0m
[0;32mI (3733) wifi_init: tcp rx win: 5760[0m
[0;32mI (3743) wifi_init: tcp mss: 1440[0m
[0;32mI (3743) wifi_init: WiFi IRAM OP enabled[0m
[0;32mI (3753) wifi_init: WiFi RX IRAM OP enabled[0m
[0;33mW (3753) wifi:Password length matches WPA2 standards, authmode threshold changes from OPEN to WPA2[0m
[0;32mI (3763) phy_init: phy_version 4861,b71b5ad,Aug  5 2025,11:16:06[0m
[0;32mI (3853) wifi:mode : sta (ec:e3:34:48:40:44)[0m
[0;32mI (3853) wifi:enable tsf[0m
[0;32mI (3863) wifi_station_netif: wifi_init_sta finished.[0m
[0;32mI (3873) wifi:new:<11,0>, old:<1,0>, ap:<255,255>, sta:<11,0>, prof:1[0m
[0;32mI (3873) wifi:state: init -> auth (b0)[0m
[0;32mI (3893) wifi:state: auth -> assoc (0)[0m
[0;32mI (3913) wifi:state: assoc -> run (10)[0m
[0;32mI (3933) wifi:connected with Calebe, aid = 8, channel 11, BW20, bssid = ce:8a:02:0f:1e:58[0m
[0;32mI (3933) wifi:security: WPA2-PSK, phy: bgn, rssi: -37[0m
[0;32mI (3933) wifi:pm start, type: 1[0m

[0;32mI (3933) wifi:dp: 1, bi: 102400, li: 3, scale listen interval from 307200 us to 307200 us[0m
[0;32mI (3983) wifi:dp: 2, bi: 102400, li: 4, scale listen interval from 307200 us to 409600 us[0m
[0;32mI (3983) wifi:AP's beacon interval = 102400 us, DTIM period = 2[0m
[0;32mI (4943) esp_netif_handlers: sta ip: 10.250.183.207, mask: 255.255.255.0, gw: 10.250.183.108[0m
[0;32mI (4943) wifi_station_netif: got ip:10.250.183.207[0m
[0;32mI (4943) wifi_station_netif: connected to ap SSID:Calebe password:88111447[0m
[0;32mI (4953) wifi:Set ps type: 0, coexist: 0[0m

[0;32mI (4993) wifi:<ba-add>idx:0 (ifx:0, ce:8a:02:0f:1e:58), tid:0, ssn:3, winSize:64[0m


=== SISTEMA PRONTO! ===
Agora o motor esquerdo deve iniciar automaticamente.
Se travar, o sistema aplica um pulso de 0.8 PWM por 200ms.

Testes sugeridos:
1. linear.x = 0.1 m/s
2. linear.x = 0.2 m/s
3. linear.x = 0.3 m/s
4. Parar e reiniciar várias vezes

=== SISTEMA COM KICK-START ===
ESQ: Tgt=0.00 Cur=0.00 Erro=0.00 PWM=0.00 KS=0 I=0.000
DIR: Tgt=0.00 Cur=0.00 Erro=0.00 PWM=0.00 KS=0 I=0.000
Ticks/50ms: ESQ=0 DIR=0
================================
KICK-START ativado para motor 0! PWM=0.80
KICK-START ativado para motor 1! PWM=0.65
KICK-START desativado para motor 0
KICK-START desativado para motor 1

=== SISTEMA COM KICK-START ===
ESQ: Tgt=0.20 Cur=0.69 Erro=-0.49 PWM=0.18 KS=0 I=-0.015
DIR: Tgt=0.20 Cur=0.76 Erro=-0.56 PWM=0.03 KS=0 I=-0.018
Ticks/50ms: ESQ=7 DIR=5
================================

=== SISTEMA COM KICK-START ===
ESQ: Tgt=0.20 Cur=0.85 Erro=-0.65 PWM=0.57 KS=0 I=-0.358
DIR: Tgt=0.20 Cur=0.78 Erro=-0.58 PWM=0.50 KS=0 I=-0.352
Ticks/50ms: ESQ=5 DIR=4
================================

=== SISTEMA COM KICK-START ===
ESQ: Tgt=0.20 Cur=0.86 Erro=-0.66 PWM=0.53 KS=0 I=-0.500
DIR: Tgt=0.20 Cur=1.06 Erro=-0.86 PWM=0.29 KS=0 I=-0.500
Ticks/50ms: ESQ=13 DIR=10
================================

=== SISTEMA COM KICK-START ===
ESQ: Tgt=0.20 Cur=1.15 Erro=-0.95 PWM=0.40 KS=0 I=-0.500
DIR: Tgt=0.20 Cur=1.07 Erro=-0.87 PWM=0.33 KS=0 I=-0.500
Ticks/50ms: ESQ=10 DIR=9
================================

=== SISTEMA COM KICK-START ===
ESQ: Tgt=0.20 Cur=1.06 Erro=-0.86 PWM=0.43 KS=0 I=-0.500
DIR: Tgt=0.20 Cur=0.88 Erro=-0.68 PWM=0.42 KS=0 I=-0.500
Ticks/50ms: ESQ=9 DIR=6
================================

=== SISTEMA COM KICK-START ===
ESQ: Tgt=0.00 Cur=0.20 Erro=-0.20 PWM=0.00 KS=0 I=0.000
DIR: Tgt=0.00 Cur=0.17 Erro=-0.17 PWM=0.00 KS=0 I=0.000
Ticks/50ms: ESQ=0 DIR=0
================================

=== SISTEMA COM KICK-START ===
ESQ: Tgt=0.00 Cur=0.01 Erro=-0.01 PWM=0.00 KS=0 I=0.000
DIR: Tgt=0.00 Cur=0.00 Erro=-0.00 PWM=0.00 KS=0 I=0.000
Ticks/50ms: ESQ=0 DIR=0
================================

=== SISTEMA COM KICK-START ===
ESQ: Tgt=0.00 Cur=0.00 Erro=-0.00 PWM=0.00 KS=0 I=0.000
DIR: Tgt=0.00 Cur=0.00 Erro=-0.00 PWM=0.00 KS=0 I=0.000
Ticks/50ms: ESQ=0 DIR=0
================================

=== SISTEMA COM KICK-START ===
ESQ: Tgt=0.00 Cur=0.00 Erro=-0.00 PWM=0.00 KS=0 I=0.000
DIR: Tgt=0.00 Cur=0.00 Erro=-0.00 PWM=0.00 KS=0 I=0.000
Ticks/50ms: ESQ=0 DIR=0
================================
KICK-START ativado para motor 0! PWM=0.80
KICK-START ativado para motor 1! PWM=0.65

=== SISTEMA COM KICK-START ===
ESQ: Tgt=0.20 Cur=0.32 Erro=-0.12 PWM=0.65 KS=0 I=-0.030
DIR: Tgt=0.20 Cur=0.53 Erro=-0.33 PWM=0.51 KS=0 I=-0.088
Ticks/50ms: ESQ=28 DIR=22
================================

=== SISTEMA COM KICK-START ===
ESQ: Tgt=0.20 Cur=0.89 Erro=-0.69 PWM=0.54 KS=0 I=-0.342
DIR: Tgt=0.20 Cur=0.96 Erro=-0.76 PWM=0.28 KS=0 I=-0.442
Ticks/50ms: ESQ=11 DIR=10
================================

=== SISTEMA COM KICK-START ===
ESQ: Tgt=0.20 Cur=0.93 Erro=-0.73 PWM=0.52 KS=0 I=-0.500
DIR: Tgt=0.20 Cur=0.79 Erro=-0.59 PWM=0.41 KS=0 I=-0.500
Ticks/50ms: ESQ=12 DIR=6
================================

=== SISTEMA COM KICK-START ===
ESQ: Tgt=0.20 Cur=0.92 Erro=-0.72 PWM=0.57 KS=0 I=-0.500
DIR: Tgt=0.20 Cur=0.74 Erro=-0.54 PWM=0.48 KS=0 I=-0.500
Ticks/50ms: ESQ=5 DIR=4
================================

=== SISTEMA COM KICK-START ===
ESQ: Tgt=0.20 Cur=1.15 Erro=-0.95 PWM=0.44 KS=0 I=-0.500
DIR: Tgt=0.20 Cur=0.88 Erro=-0.68 PWM=0.42 KS=0 I=-0.500
Ticks/50ms: ESQ=9 DIR=6
================================

=== SISTEMA COM KICK-START ===
ESQ: Tgt=0.20 Cur=0.98 Erro=-0.78 PWM=0.57 KS=0 I=-0.500
DIR: Tgt=0.20 Cur=1.00 Erro=-0.80 PWM=0.47 KS=0 I=-0.500
Ticks/50ms: ESQ=5 DIR=5
================================

=== SISTEMA COM KICK-START ===
ESQ: Tgt=0.20 Cur=0.99 Erro=-0.79 PWM=0.51 KS=0 I=-0.500
DIR: Tgt=0.20 Cur=1.08 Erro=-0.88 PWM=0.40 KS=0 I=-0.500
Ticks/50ms: ESQ=18 DIR=13
================================

=== SISTEMA COM KICK-START ===
ESQ: Tgt=0.20 Cur=0.93 Erro=-0.73 PWM=0.52 KS=0 I=-0.500
DIR: Tgt=0.20 Cur=0.94 Erro=-0.74 PWM=0.42 KS=0 I=-0.500
Ticks/50ms: ESQ=35 DIR=23
================================
