`9 2019 12:21:46

rst:0x1 (POWERON_RESET),bo�ets Jul 29 2019 12:21:46

rst:0x1 (POWERON_RESET),boot:0x13 (SPI_FAST_FLASH_BOOT)
configsip: 0, SPIWP:0xee
clk_drv:0x00,q_drv:0x00,d_drv:0x00,cs0_drv:0x00,hd_drv:0x00,wp_drv:0x00
mode:DIO, clock div:2
load:0x3fff0030,len:7172
load:0x40078000,len:15632
ho 0 tail 12 room 4
load:0x40080400,len:4
load:0x40080404,len:3904
entry 0x40080640
[0;32mI (31) boot: ESP-IDF v5.2.6-224-g72d06017df 2nd stage bootloader[0m
[0;32mI (31) boot: compile time Nov 28 2025 21:50:15[0m
[0;32mI (33) boot: Multicore bootloader[0m
[0;32mI (37) boot: chip revision: v3.1[0m
[0;32mI (41) boot.esp32: SPI Speed      : 40MHz[0m
[0;32mI (45) boot.esp32: SPI Mode       : DIO[0m
[0;32mI (50) boot.esp32: SPI Flash Size : 2MB[0m
[0;32mI (54) boot: Enabling RNG early entropy source...[0m
[0;32mI (60) boot: Partition Table:[0m
[0;32mI (63) boot: ## Label            Usage          Type ST Offset   Length[0m
[0;32mI (71) boot:  0 nvs              WiFi data        01 02 00009000 00006000[0m
[0;32mI (78) boot:  1 phy_init         RF data          01 01 0000f000 00001000[0m
[0;32mI (86) boot:  2 factory          factory app      00 00 00010000 00100000[0m
[0;32mI (93) boot: End of partition table[0m
[0;32mI (97) esp_image: segment 0: paddr=00010020 vaddr=3f400020 size=1abd0h (109520) map[0m
[0;32mI (143) esp_image: segment 1: paddr=0002abf8 vaddr=3ffb0000 size=0470ch ( 18188) load[0m
[0;32mI (150) esp_image: segment 2: paddr=0002f30c vaddr=40080000 size=00d0ch (  3340) load[0m
[0;32mI (152) esp_image: segment 3: paddr=00030020 vaddr=400d0020 size=93d74h (605556) map[0m
[0;32mI (365) esp_image: segment 4: paddr=000c3d9c vaddr=40080d0c size=16830h ( 92208) load[0m
[0;32mI (413) boot: Loaded app from partition at offset 0x10000[0m
[0;32mI (413) boot: Disabling RNG early entropy source...[0m
[0;32mI (425) cpu_start: Multicore app[0m
[0;32mI (434) cpu_start: Pro cpu start user code[0m
[0;32mI (434) cpu_start: cpu freq: 160000000 Hz[0m
[0;32mI (434) cpu_start: Application information:[0m
[0;32mI (437) cpu_start: Project name:     esp32_robot_firmware[0m
[0;32mI (443) cpu_start: App version:      e18ea92[0m
[0;32mI (448) cpu_start: Compile time:     Dec 12 2025 10:43:53[0m
[0;32mI (454) cpu_start: ELF file SHA256:  f081a8fcc...[0m
[0;32mI (460) cpu_start: ESP-IDF:          v5.2.6-224-g72d06017df[0m
[0;32mI (466) cpu_start: Min chip rev:     v0.0[0m
[0;32mI (471) cpu_start: Max chip rev:     v3.99 [0m
[0;32mI (475) cpu_start: Chip rev:         v3.1[0m
[0;32mI (480) heap_init: Initializing. RAM available for dynamic allocation:[0m
[0;32mI (487) heap_init: At 3FFAE6E0 len 00001920 (6 KiB): DRAM[0m
[0;32mI (493) heap_init: At 3FFBB478 len 00024B88 (146 KiB): DRAM[0m
[0;32mI (500) heap_init: At 3FFE0440 len 00003AE0 (14 KiB): D/IRAM[0m
[0;32mI (506) heap_init: At 3FFE4350 len 0001BCB0 (111 KiB): D/IRAM[0m
[0;32mI (512) heap_init: At 4009753C len 00008AC4 (34 KiB): IRAM[0m
[0;32mI (520) spi_flash: detected chip: generic[0m
[0;32mI (523) spi_flash: flash io: dio[0m
[0;33mW (527) spi_flash: Detected size(4096k) larger than the size in the binary image header(2048k). Using the size in the binary image header.[0m
[0;32mI (541) main_task: Started on CPU0[0m
[0;32mI (551) main_task: Calling app_main()[0m
[0;32mI (551) gpio: GPIO[12]| InputEn: 0| OutputEn: 1| OpenDrain: 0| Pullup: 0| Pulldown: 0| Intr:0 [0m
[0;32mI (551) gpio: GPIO[14]| InputEn: 0| OutputEn: 1| OpenDrain: 0| Pullup: 0| Pulldown: 0| Intr:0 [0m
[0;32mI (561) gpio: GPIO[26]| InputEn: 0| OutputEn: 1| OpenDrain: 0| Pullup: 0| Pulldown: 0| Intr:0 [0m
[0;32mI (571) gpio: GPIO[27]| InputEn: 0| OutputEn: 1| OpenDrain: 0| Pullup: 0| Pulldown: 0| Intr:0 [0m
[0;32mI (581) gpio: GPIO[32]| InputEn: 1| OutputEn: 0| OpenDrain: 0| Pullup: 1| Pulldown: 0| Intr:3 [0m
[0;32mI (591) gpio: GPIO[33]| InputEn: 1| OutputEn: 0| OpenDrain: 0| Pullup: 1| Pulldown: 0| Intr:3 [0m
[0;32mI (621) wifi_station_netif: ESP_WIFI_MODE_STA[0m
[0;32mI (631) wifi:wifi driver task: 3ffc3700, prio:23, stack:6656, core=0[0m
[0;32mI (641) wifi:wifi firmware version: 82d80cd[0m
[0;32mI (641) wifi:wifi certification version: v7.0[0m
[0;32mI (641) wifi:config NVS flash: enabled[0m
[0;32mI (641) wifi:config nano formating: disabled[0m
[0;32mI (641) wifi:Init data frame dynamic rx buffer num: 32[0m
[0;32mI (651) wifi:Init static rx mgmt buffer num: 5[0m
[0;32mI (651) wifi:Init management short buffer num: 32[0m
[0;32mI (661) wifi:Init dynamic tx buffer num: 32[0m
[0;32mI (661) wifi:Init static rx buffer size: 1600[0m
[0;32mI (661) wifi:Init static rx buffer num: 10[0m
[0;32mI (671) wifi:Init dynamic rx buffer num: 32[0m
[0;32mI (671) wifi_init: rx ba win: 6[0m
[0;32mI (681) wifi_init: tcpip mbox: 32[0m
[0;32mI (681) wifi_init: udp mbox: 6[0m
[0;32mI (681) wifi_init: tcp mbox: 6[0m
[0;32mI (691) wifi_init: tcp tx win: 5760[0m
[0;32mI (691) wifi_init: tcp rx win: 5760[0m
[0;32mI (701) wifi_init: tcp mss: 1440[0m
[0;32mI (701) wifi_init: WiFi IRAM OP enabled[0m
[0;32mI (701) wifi_init: WiFi RX IRAM OP enabled[0m
[0;33mW (711) wifi:Password length matches WPA2 standards, authmode threshold changes from OPEN to WPA2[0m
[0;32mI (721) phy_init: phy_version 4861,b71b5ad,Aug  5 2025,11:16:06[0m
[0;32mI (811) wifi:mode : sta (ec:e3:34:48:40:44)[0m
[0;32mI (811) wifi:enable tsf[0m
[0;32mI (811) wifi_station_netif: wifi_init_sta finished.[0m
[0;32mI (831) wifi:new:<11,0>, old:<1,0>, ap:<255,255>, sta:<11,0>, prof:1[0m
[0;32mI (831) wifi:state: init -> auth (b0)[0m
[0;32mI (841) wifi:state: auth -> assoc (0)[0m
[0;32mI (861) wifi:state: assoc -> run (10)[0m
[0;32mI (871) wifi:connected with Calebe, aid = 6, channel 11, BW20, bssid = ce:8a:02:0f:1e:58[0m
[0;32mI (881) wifi:security: WPA2-PSK, phy: bgn, rssi: -46[0m
[0;32mI (881) wifi:pm start, type: 1[0m

[0;32mI (881) wifi:dp: 1, bi: 102400, li: 3, scale listen interval from 307200 us to 307200 us[0m
[0;32mI (911) wifi:dp: 2, bi: 102400, li: 4, scale listen interval from 307200 us to 409600 us[0m
[0;32mI (911) wifi:AP's beacon interval = 102400 us, DTIM period = 2[0m
[0;32mI (2391) esp_netif_handlers: sta ip: 10.250.183.207, mask: 255.255.255.0, gw: 10.250.183.108[0m
[0;32mI (2391) wifi_station_netif: got ip:10.250.183.207[0m
[0;32mI (2391) wifi_station_netif: connected to ap SSID:Calebe password:88111447[0m
[0;32mI (2401) wifi:Set ps type: 0, coexist: 0[0m

[0;32mI (2461) wifi:<ba-add>idx:0 (ifx:0, ce:8a:02:0f:1e:58), tid:0, ssn:3, winSize:64[0m

=== SISTEMA FINAL: KICKSTART + PID EQUILIBRADO ===
E: Tgt=0.00 Cur=0.00 PWM=0.00 | D: Tgt=0.00 Cur=0.00 PWM=0.00
E: Tgt=0.18 Cur=0.29 PWM=0.35 | D: Tgt=0.22 Cur=0.37 PWM=0.35
E: Tgt=0.18 Cur=0.02 PWM=0.35 | D: Tgt=0.22 Cur=0.18 PWM=0.35
E: Tgt=0.18 Cur=0.56 PWM=0.35 | D: Tgt=0.22 Cur=0.47 PWM=0.35
E: Tgt=0.18 Cur=0.06 PWM=0.35 | D: Tgt=0.22 Cur=0.38 PWM=0.35
E: Tgt=0.18 Cur=0.74 PWM=-0.35 | D: Tgt=0.22 Cur=0.44 PWM=0.35
E: Tgt=0.18 Cur=-8.40 PWM=1.00 | D: Tgt=0.22 Cur=-9.10 PWM=1.00
E: Tgt=0.18 Cur=0.20 PWM=0.35 | D: Tgt=0.22 Cur=0.18 PWM=0.35
E: Tgt=0.18 Cur=0.25 PWM=0.35 | D: Tgt=0.22 Cur=0.26 PWM=0.35
E: Tgt=0.18 Cur=0.52 PWM=0.35 | D: Tgt=0.22 Cur=0.34 PWM=0.35
E: Tgt=0.18 Cur=-0.36 PWM=0.49 | D: Tgt=0.22 Cur=0.28 PWM=0.35
E: Tgt=0.18 Cur=0.77 PWM=-0.35 | D: Tgt=0.22 Cur=-2.98 PWM=1.00
E: Tgt=0.18 Cur=4.65 PWM=-1.00 | D: Tgt=0.22 Cur=4.38 PWM=-1.00
E: Tgt=0.18 Cur=0.62 PWM=-0.35 | D: Tgt=0.22 Cur=0.29 PWM=0.35
E: Tgt=0.18 Cur=0.13 PWM=0.35 | D: Tgt=0.22 Cur=0.56 PWM=0.35
E: Tgt=0.18 Cur=-0.04 PWM=0.35 | D: Tgt=0.22 Cur=0.19 PWM=0.35
E: Tgt=0.18 Cur=0.28 PWM=0.35 | D: Tgt=0.22 Cur=0.23 PWM=0.35
E: Tgt=0.18 Cur=0.20 PWM=0.35 | D: Tgt=0.22 Cur=0.38 PWM=0.35
E: Tgt=0.18 Cur=0.27 PWM=0.35 | D: Tgt=0.22 Cur=0.32 PWM=0.35
E: Tgt=0.18 Cur=0.02 PWM=0.35 | D: Tgt=0.22 Cur=0.28 PWM=0.35
E: Tgt=0.18 Cur=0.42 PWM=0.35 | D: Tgt=0.22 Cur=0.23 PWM=0.35
E: Tgt=0.18 Cur=0.24 PWM=0.35 | D: Tgt=0.22 Cur=0.45 PWM=0.35
E: Tgt=0.18 Cur=0.11 PWM=0.35 | D: Tgt=0.22 Cur=0.45 PWM=0.35
E: Tgt=0.18 Cur=0.63 PWM=-0.35 | D: Tgt=0.22 Cur=0.36 PWM=0.35
E: Tgt=0.18 Cur=0.23 PWM=0.35 | D: Tgt=0.22 Cur=0.91 PWM=-0.35
E: Tgt=0.18 Cur=1.38 PWM=-0.40 | D: Tgt=0.22 Cur=0.01 PWM=0.35
E: Tgt=0.18 Cur=0.21 PWM=0.35 | D: Tgt=0.22 Cur=0.08 PWM=0.35
E: Tgt=0.18 Cur=0.28 PWM=0.35 | D: Tgt=0.22 Cur=0.45 PWM=0.35
E: Tgt=0.18 Cur=0.14 PWM=0.35 | D: Tgt=0.22 Cur=0.34 PWM=0.35
E: Tgt=0.18 Cur=0.12 PWM=0.39 | D: Tgt=0.22 Cur=0.00 PWM=0.35
E: Tgt=0.18 Cur=0.93 PWM=0.35 | D: Tgt=0.22 Cur=0.00 PWM=0.35
E: Tgt=0.18 Cur=0.30 PWM=0.35 | D: Tgt=0.22 Cur=0.00 PWM=0.37
E: Tgt=0.18 Cur=0.72 PWM=0.35 | D: Tgt=0.22 Cur=0.00 PWM=0.39
E: Tgt=0.18 Cur=1.35 PWM=-0.35 | D: Tgt=0.22 Cur=1.10 PWM=-0.35
E: Tgt=0.18 Cur=1.90 PWM=-0.61 | D: Tgt=0.22 Cur=1.49 PWM=-0.39
E: Tgt=0.18 Cur=0.23 PWM=0.35 | D: Tgt=0.22 Cur=0.25 PWM=0.35
E: Tgt=0.18 Cur=0.62 PWM=-0.35 | D: Tgt=0.22 Cur=0.01 PWM=0.35
E: Tgt=0.18 Cur=0.52 PWM=0.35 | D: Tgt=0.22 Cur=0.00 PWM=0.36
E: Tgt=0.18 Cur=0.44 PWM=0.35 | D: Tgt=0.22 Cur=0.00 PWM=0.38
E: Tgt=0.18 Cur=0.06 PWM=0.35 | D: Tgt=0.22 Cur=0.00 PWM=0.40
E: Tgt=0.18 Cur=0.39 PWM=0.35 | D: Tgt=0.22 Cur=0.00 PWM=0.42
E: Tgt=0.18 Cur=0.01 PWM=0.35 | D: Tgt=0.22 Cur=0.00 PWM=0.44
E: Tgt=0.18 Cur=0.28 PWM=0.35 | D: Tgt=0.22 Cur=0.00 PWM=0.47
E: Tgt=0.18 Cur=0.42 PWM=0.35 | D: Tgt=0.22 Cur=0.00 PWM=0.49
E: Tgt=0.18 Cur=0.15 PWM=0.35 | D: Tgt=0.22 Cur=0.00 PWM=0.51
E: Tgt=0.18 Cur=5.13 PWM=-1.00 | D: Tgt=0.22 Cur=2.35 PWM=-0.67
E: Tgt=0.18 Cur=0.21 PWM=0.35 | D: Tgt=0.22 Cur=0.30 PWM=0.35
E: Tgt=0.18 Cur=0.93 PWM=-0.35 | D: Tgt=0.22 Cur=0.33 PWM=0.35
E: Tgt=0.18 Cur=0.49 PWM=0.35 | D: Tgt=0.22 Cur=0.45 PWM=0.35
E: Tgt=0.18 Cur=0.60 PWM=-0.35 | D: Tgt=0.22 Cur=0.29 PWM=0.35
E: Tgt=0.18 Cur=0.09 PWM=0.35 | D: Tgt=0.22 Cur=0.00 PWM=0.40
E: Tgt=0.18 Cur=0.08 PWM=0.35 | D: Tgt=0.22 Cur=0.00 PWM=0.43
E: Tgt=0.18 Cur=1.16 PWM=-0.35 | D: Tgt=0.22 Cur=0.00 PWM=0.45
E: Tgt=0.18 Cur=0.37 PWM=0.35 | D: Tgt=0.22 Cur=0.00 PWM=0.47
E: Tgt=0.18 Cur=0.37 PWM=0.35 | D: Tgt=0.22 Cur=0.00 PWM=0.49
E: Tgt=0.18 Cur=0.24 PWM=0.35 | D: Tgt=0.22 Cur=0.00 PWM=0.51
E: Tgt=0.50 Cur=14.20 PWM=-1.00 | D: Tgt=0.50 Cur=0.00 PWM=0.68
E: Tgt=0.50 Cur=1.23 PWM=-0.35 | D: Tgt=0.50 Cur=0.90 PWM=0.35
E: Tgt=0.50 Cur=0.65 PWM=0.35 | D: Tgt=0.50 Cur=-0.40 PWM=0.82
E: Tgt=0.50 Cur=1.02 PWM=0.35 | D: Tgt=0.50 Cur=0.77 PWM=0.35
E: Tgt=0.50 Cur=2.60 PWM=-0.79 | D: Tgt=0.50 Cur=2.51 PWM=-0.72
E: Tgt=0.50 Cur=0.45 PWM=0.35 | D: Tgt=0.50 Cur=0.42 PWM=0.35
E: Tgt=0.50 Cur=0.64 PWM=0.35 | D: Tgt=0.50 Cur=0.33 PWM=0.35
E: Tgt=0.50 Cur=0.49 PWM=0.35 | D: Tgt=0.50 Cur=0.00 PWM=0.55
E: Tgt=0.50 Cur=0.28 PWM=0.37 | D: Tgt=0.50 Cur=0.28 PWM=0.43
E: Tgt=0.50 Cur=0.06 PWM=0.49 | D: Tgt=0.50 Cur=0.02 PWM=0.57
E: Tgt=0.50 Cur=0.39 PWM=0.35 | D: Tgt=0.50 Cur=0.50 PWM=0.35
